Component: ARM Compiler 5.06 update 6 (build 750) Tool: armlink [4d35ed]

==============================================================================

Section Cross References

    boot_handlers.o(SYS_BOOT) refers to main.o(.text) for main
    boot_vectors.o(SYS_BOOT) refers to boot_handlers.o(SYS_BOOT) for sys_Reset
    boot_vectors.o(SYS_BOOT) refers to intc.o(sys_irq_entry) for SYSirq_IRQ_Handler
    boot_vectors.o(SYS_BOOT) refers to intc.o(sys_fiq_entry) for SYSirq_FIQ_Handler
    main.o(.text) refers to uart.o(.text) for uart0_printf
    main.o(.text) refers to flash.o(.text) for flash_read_data
    main.o(.text) refers to icu.o(.text) for icu_init
    main.o(.text) refers to wdt.o(.text) for wdt_disable
    main.o(.text) refers to intc.o(.text) for intc_init
    main.o(.text) refers to uart2.o(.text) for uart2_init
    main.o(.text) refers to gpio.o(.text) for gpio_init
    main.o(.text) refers to nvds.o(.text) for nvds_init
    main.o(.text) refers to rwip.o(.text) for rwip_init
    main.o(.text) refers to aon_rtc.o(.text) for aon_rtc_init
    main.o(.text) refers to spi.o(.text) for spi_init
    main.o(.text) refers to lcd360.o(.text) for lcd_gpio_init
    main.o(.text) refers to w25x40c.o(.text) for flash_device_spi_init
    main.o(.text) refers to oads.o(.text) for oad_updating_user_section_pro
    main.o(.text) refers to main.o(.bss) for .bss
    main.o(.text) refers to main.o(.constdata) for .constdata
    main.o(.text) refers to boot_handlers.o(SYS_BOOT) for boot_stack_base_UNUSED
    main.o(.text) refers to prf.o(.text) for prf_get_id_from_task
    main.o(.text) refers to rwble.o(.text) for rwble_sleep_wakeup_end
    main.o(.constdata) refers to uart.o(.text) for uart_read
    app.o(.text) refers to flash.o(.text) for flash_read_data
    app.o(.text) refers to app_sec.o(.text) for app_sec_init
    app.o(.text) refers to app_dis.o(.text) for app_dis_init
    app.o(.text) refers to app_batt.o(.text) for app_batt_init
    app.o(.text) refers to app_oads.o(.text) for app_oads_init
    app.o(.text) refers to uart.o(.text) for uart0_printf
    app.o(.text) refers to app.o(.bss) for .bss
    app.o(.text) refers to app_task.o(.constdata) for TASK_DESC_APP
    app.o(.text) refers to app.o(.constdata) for .constdata
    app.o(.constdata) refers to app_f000.o(.text) for app_f000_add_f000s
    app.o(.constdata) refers to app_dis.o(.text) for app_dis_add_dis
    app.o(.constdata) refers to app_batt.o(.text) for app_batt_add_bas
    app.o(.constdata) refers to app_oads.o(.text) for app_oad_add_oads
    app_batt.o(.text) refers to prf.o(.text) for prf_get_task_from_id
    app_batt.o(.text) refers to app_batt.o(.data) for .data
    app_batt.o(.constdata) refers to app_batt.o(.text) for app_batt_msg_dflt_handler
    app_batt.o(.constdata) refers to app_batt.o(.constdata) for app_batt_msg_handler_list
    app_dis.o(.constdata) refers to app_dis.o(.text) for diss_value_req_ind_handler
    app_dis.o(.constdata) refers to app_dis.o(.constdata) for app_dis_msg_handler_list
    app_oads.o(.text) refers to uart.o(.text) for uart0_printf
    app_oads.o(.text) refers to prf.o(.text) for prf_get_task_from_id
    app_oads.o(.text) refers to oads.o(.text) for oadImgIdentifyWrite
    app_oads.o(.text) refers to app_oads.o(.data) for .data
    app_oads.o(.text) refers to app_oads.o(.constdata) for .constdata
    app_oads.o(.constdata) refers to app_oads.o(.text) for app_oads_msg_dflt_handler
    app_oads.o(.constdata) refers to app_oads.o(.constdata) for app_oads_msg_handler_list
    app_sec.o(.text) refers to nvds.o(.text) for nvds_get
    app_sec.o(.text) refers to uart.o(.text) for uart0_printf
    app_sec.o(.text) refers to app.o(.text) for appm_disconnect
    app_sec.o(.text) refers to app_sec.o(.data) for .data
    app_sec.o(.text) refers to app_sec.o(.constdata) for .constdata
    app_sec.o(.text) refers to app.o(.bss) for app_env
    app_sec.o(.constdata) refers to app_sec.o(.conststring) for .conststring
    app_sec.o(.constdata) refers to app_sec.o(.text) for app_sec_msg_dflt_handler
    app_sec.o(.constdata) refers to app_sec.o(.constdata) for app_sec_msg_handler_list
    app_task.o(.text) refers to app.o(.text) for appm_adv_fsm_next
    app_task.o(.text) refers to uart.o(.text) for uart0_printf
    app_task.o(.text) refers to nvds.o(.text) for nvds_get
    app_task.o(.text) refers to app_sec.o(.text) for app_sec_get_bond_status
    app_task.o(.text) refers to dflt_clz.o(x$fpl$dfltu) for __aeabi_ui2d
    app_task.o(.text) refers to dmul.o(x$fpl$dmul) for __aeabi_dmul
    app_task.o(.text) refers to app_batt.o(.text) for app_batt_enable_prf
    app_task.o(.text) refers to app.o(.bss) for app_env
    app_task.o(.text) refers to app_task.o(.constdata) for .constdata
    app_task.o(.text) refers to app_sec.o(.data) for app_sec_env
    app_task.o(.text) refers to app_ancsc.o(.text) for app_ancsc_enable_prf
[...]
    LLM_AA_CT2                               0x00022e60   Data           0  peripheral_stack_symbol.txt ABSOLUTE
    LLM_AA_CT1                               0x00022e62   Data           0  peripheral_stack_symbol.txt ABSOLUTE
    hci_cmd_desc_tab_lk_ctrl                 0x00023148   Data           0  peripheral_stack_symbol.txt ABSOLUTE
    hci_cmd_desc_tab_ctrl_bb                 0x00023160   Data           0  peripheral_stack_symbol.txt ABSOLUTE
    hci_cmd_desc_tab_info_par                0x000231cc   Data           0  peripheral_stack_symbol.txt ABSOLUTE
    hci_cmd_desc_tab_stat_par                0x000231fc   Data           0  peripheral_stack_symbol.txt ABSOLUTE
    hci_cmd_desc_tab_le                      0x00023208   Data           0  peripheral_stack_symbol.txt ABSOLUTE
    hci_cmd_desc_tab_vs                      0x00023610   Data           0  peripheral_stack_symbol.txt ABSOLUTE
    hci_cmd_desc_root_tab                    0x00023640   Data           0  peripheral_stack_symbol.txt ABSOLUTE
    hci_evt_desc_tab                         0x00023670   Data           0  peripheral_stack_symbol.txt ABSOLUTE
    hci_evt_le_desc_tab                      0x000236b8   Data           0  peripheral_stack_symbol.txt ABSOLUTE
    one_bits                                 0x000237dd   Data           0  peripheral_stack_symbol.txt ABSOLUTE
    co_sca2ppm                               0x000237ee   Data           0  peripheral_stack_symbol.txt ABSOLUTE
    co_null_bdaddr                           0x000237fe   Data           0  peripheral_stack_symbol.txt ABSOLUTE
    rwip_priority                            0x0002382f   Data           0  peripheral_stack_symbol.txt ABSOLUTE
    gapc_sig_handlers                        0x0002392c   Data           0  peripheral_stack_symbol.txt ABSOLUTE
    attc_handlers                            0x00023da4   Data           0  peripheral_stack_symbol.txt ABSOLUTE
    atts_handlers                            0x00023e48   Data           0  peripheral_stack_symbol.txt ABSOLUTE
    l2cc_sig_handlers                        0x00024134   Data           0  peripheral_stack_symbol.txt ABSOLUTE
    boot_stack_base_UNUSED                   0x00025b64   Data           4  boot_handlers.o(SYS_BOOT)
    boot_stack_len_UNUSED                    0x00025b68   Data           4  boot_handlers.o(SYS_BOOT)
    boot_stack_base_IRQ                      0x00025b6c   Data           4  boot_handlers.o(SYS_BOOT)
    boot_stack_len_IRQ                       0x00025b70   Data           4  boot_handlers.o(SYS_BOOT)
    boot_stack_base_SVC                      0x00025b74   Data           4  boot_handlers.o(SYS_BOOT)
    boot_stack_len_SVC                       0x00025b78   Data           4  boot_handlers.o(SYS_BOOT)
    boot_stack_base_FIQ                      0x00025b7c   Data           4  boot_handlers.o(SYS_BOOT)
    boot_stack_len_FIQ                       0x00025b80   Data           4  boot_handlers.o(SYS_BOOT)
    sys_Reset                                0x00025b84   ARM Code       0  boot_handlers.o(SYS_BOOT)
    Long ARM to Thumb Veneer to Undefined_Exception 0x00025d50   ARM Code       8  anon$$obj.o(Veneer$$Code)
    Long ARM to Thumb Veneer to SoftwareInterrupt_Exception 0x00025d58   ARM Code       8  anon$$obj.o(Veneer$$Code)
    Long ARM to Thumb Veneer to PrefetchAbort_Exception 0x00025d60   ARM Code       8  anon$$obj.o(Veneer$$Code)
    Long ARM to Thumb Veneer to DataAbort_Exception 0x00025d68   ARM Code       8  anon$$obj.o(Veneer$$Code)
    Long ARM to Thumb Veneer to Reserved_Exception 0x00025d70   ARM Code       8  anon$$obj.o(Veneer$$Code)
    SYSirq_FIQ_Handler                       0x00025e00   ARM Code      16  intc.o(sys_fiq_entry)
    SYSirq_IRQ_Handler                       0x00025e20   ARM Code      16  intc.o(sys_irq_entry)
    __main                                   0x00025e30   ARM Code       8  __main.o(!!!main)
    __scatterload                            0x00025e38   ARM Code       0  __scatter.o(!!!scatter)
    __scatterload_rt2                        0x00025e38   ARM Code      52  __scatter.o(!!!scatter)
    __scatterload_null                       0x00025e4c   ARM Code       0  __scatter.o(!!!scatter)
    __scatterload_copy                       0x00025e74   ARM Code      40  __scatter_copy.o(!!handler_copy)
    __scatterload_zeroinit                   0x00025e9c   ARM Code      44  __scatter_zi.o(!!handler_zi)
    _printf_n                                0x00025ec8   ARM Code       0  _printf_n.o(.ARM.Collect$$_printf_percent$$00000001)
    _printf_percent                          0x00025ec8   ARM Code       0  _printf_percent.o(.ARM.Collect$$_printf_percent$$00000000)
    _printf_p                                0x00025ed0   ARM Code       0  _printf_p.o(.ARM.Collect$$_printf_percent$$00000002)
    _printf_f                                0x00025ed8   ARM Code       0  _printf_f.o(.ARM.Collect$$_printf_percent$$00000003)
    _printf_e                                0x00025ee0   ARM Code       0  _printf_e.o(.ARM.Collect$$_printf_percent$$00000004)
    _printf_g                                0x00025ee8   ARM Code       0  _printf_g.o(.ARM.Collect$$_printf_percent$$00000005)
    _printf_a                                0x00025ef0   ARM Code       0  _printf_a.o(.ARM.Collect$$_printf_percent$$00000006)
    _printf_ll                               0x00025ef8   ARM Code       0  _printf_ll.o(.ARM.Collect$$_printf_percent$$00000007)
    _printf_i                                0x00025f04   ARM Code       0  _printf_i.o(.ARM.Collect$$_printf_percent$$00000008)
    _printf_d                                0x00025f0c   ARM Code       0  _printf_d.o(.ARM.Collect$$_printf_percent$$00000009)
    _printf_u                                0x00025f14   ARM Code       0  _printf_u.o(.ARM.Collect$$_printf_percent$$0000000A)
    _printf_o                                0x00025f1c   ARM Code       0  _printf_o.o(.ARM.Collect$$_printf_percent$$0000000B)
    _printf_x                                0x00025f24   ARM Code       0  _printf_x.o(.ARM.Collect$$_printf_percent$$0000000C)
    _printf_lli                              0x00025f2c   ARM Code       0  _printf_lli.o(.ARM.Collect$$_printf_percent$$0000000D)
    _printf_lld                              0x00025f34   ARM Code       0  _printf_lld.o(.ARM.Collect$$_printf_percent$$0000000E)
    _printf_llu                              0x00025f3c   ARM Code       0  _printf_llu.o(.ARM.Collect$$_printf_percent$$0000000F)
    _printf_llo                              0x00025f44   ARM Code       0  _printf_llo.o(.ARM.Collect$$_printf_percent$$00000010)
    _printf_llx                              0x00025f4c   ARM Code       0  _printf_llx.o(.ARM.Collect$$_printf_percent$$00000011)
    _printf_l                                0x00025f54   ARM Code       0  _printf_l.o(.ARM.Collect$$_printf_percent$$00000012)
    _printf_c                                0x00025f60   ARM Code       0  _printf_c.o(.ARM.Collect$$_printf_percent$$00000013)
    _printf_s                                0x00025f68   ARM Code       0  _printf_s.o(.ARM.Collect$$_printf_percent$$00000014)
    _printf_lc                               0x00025f70   ARM Code       0  _printf_lc.o(.ARM.Collect$$_printf_percent$$00000015)
    _printf_ls                               0x00025f78   ARM Code       0  _printf_ls.o(.ARM.Collect$$_printf_percent$$00000016)
    _printf_percent_end                      0x00025f80   ARM Code       0  _printf_percent_end.o(.ARM.Collect$$_printf_percent$$00000017)
    __rt_lib_init                            0x00025f89   Thumb Code     0  libinit.o(.ARM.Collect$$libinit$$00000000)
    __rt_lib_init_fp_1                       0x00025f8b   Thumb Code     0  libinit2.o(.ARM.Collect$$libinit$$00000002)
    __rt_lib_init_heap_1                     0x00025f8b   Thumb Code     0  libinit2.o(.ARM.Collect$$libinit$$0000000A)
    __rt_lib_init_lc_common                  0x00025f8b   Thumb Code     0  libinit2.o(.ARM.Collect$$libinit$$0000000F)
    __rt_lib_init_preinit_1                  0x00025f8b   Thumb Code     0  libinit2.o(.ARM.Collect$$libinit$$00000004)
    __rt_lib_init_rand_1                     0x00025f8b   Thumb Code     0  libinit2.o(.ARM.Collect$$libinit$$0000000E)
    __rt_lib_init_user_alloc_1               0x00025f8b   Thumb Code     0  libinit2.o(.ARM.Collect$$libinit$$0000000C)
    __rt_lib_init_lc_collate_1               0x00025f91   Thumb Code     0  libinit2.o(.ARM.Collect$$libinit$$00000011)
    __rt_lib_init_lc_ctype_2                 0x00025f91   Thumb Code     0  libinit2.o(.ARM.Collect$$libinit$$00000012)
    __rt_lib_init_lc_ctype_1                 0x00025f9d   Thumb Code     0  libinit2.o(.ARM.Collect$$libinit$$00000013)
    __rt_lib_init_lc_monetary_1              0x00025f9d   Thumb Code     0  libinit2.o(.ARM.Collect$$libinit$$00000015)
    __rt_lib_init_lc_numeric_2               0x00025f9d   Thumb Code     0  libinit2.o(.ARM.Collect$$libinit$$00000016)
    __rt_lib_init_alloca_1                   0x00025fa7   Thumb Code     0  libinit2.o(.ARM.Collect$$libinit$$0000002E)
    __rt_lib_init_argv_1                     0x00025fa7   Thumb Code     0  libinit2.o(.ARM.Collect$$libinit$$0000002C)
    __rt_lib_init_atexit_1                   0x00025fa7   Thumb Code     0  libinit2.o(.ARM.Collect$$libinit$$0000001B)
    __rt_lib_init_clock_1                    0x00025fa7   Thumb Code     0  libinit2.o(.ARM.Collect$$libinit$$00000021)
    __rt_lib_init_cpp_1                      0x00025fa7   Thumb Code     0  libinit2.o(.ARM.Collect$$libinit$$00000032)
    __rt_lib_init_exceptions_1               0x00025fa7   Thumb Code     0  libinit2.o(.ARM.Collect$$libinit$$00000030)
    __rt_lib_init_fp_trap_1                  0x00025fa7   Thumb Code     0  libinit2.o(.ARM.Collect$$libinit$$0000001F)
    __rt_lib_init_getenv_1                   0x00025fa7   Thumb Code     0  libinit2.o(.ARM.Collect$$libinit$$00000023)
    __rt_lib_init_lc_numeric_1               0x00025fa7   Thumb Code     0  libinit2.o(.ARM.Collect$$libinit$$00000017)
    __rt_lib_init_lc_time_1                  0x00025fa7   Thumb Code     0  libinit2.o(.ARM.Collect$$libinit$$00000019)
    __rt_lib_init_return                     0x00025fa7   Thumb Code     0  libinit2.o(.ARM.Collect$$libinit$$00000033)
    __rt_lib_init_signal_1                   0x00025fa7   Thumb Code     0  libinit2.o(.ARM.Collect$$libinit$$0000001D)
    __rt_lib_init_stdio_1                    0x00025fa7   Thumb Code     0  libinit2.o(.ARM.Collect$$libinit$$00000025)
    __rt_lib_shutdown                        0x00025fa9   Thumb Code     0  libshutdown.o(.ARM.Collect$$libshutdown$$00000000)
    __rt_lib_shutdown_cpp_1                  0x00025fab   Thumb Code     0  libshutdown2.o(.ARM.Collect$$libshutdown$$00000002)
    __rt_lib_shutdown_fp_trap_1              0x00025fab   Thumb Code     0  libshutdown2.o(.ARM.Collect$$libshutdown$$00000007)
    __rt_lib_shutdown_heap_1                 0x00025fab   Thumb Code     0  libshutdown2.o(.ARM.Collect$$libshutdown$$0000000F)
    __rt_lib_shutdown_return                 0x00025fab   Thumb Code     0  libshutdown2.o(.ARM.Collect$$libshutdown$$00000010)
    __rt_lib_shutdown_signal_1               0x00025fab   Thumb Code     0  libshutdown2.o(.ARM.Collect$$libshutdown$$0000000A)
    __rt_lib_shutdown_stdio_1                0x00025fab   Thumb Code     0  libshutdown2.o(.ARM.Collect$$libshutdown$$00000004)
    __rt_lib_shutdown_user_alloc_1           0x00025fab   Thumb Code     0  libshutdown2.o(.ARM.Collect$$libshutdown$$0000000C)
    __rt_entry                               0x00025fac   ARM Code       0  __rtentry.o(.ARM.Collect$$rtentry$$00000000)
    __rt_entry_presh_1                       0x00025fac   ARM Code       0  __rtentry2.o(.ARM.Collect$$rtentry$$00000002)
    __rt_entry_sh                            0x00025fac   ARM Code       0  __rtentry5.o(.ARM.Collect$$rtentry$$00000005)
    __rt_entry_li                            0x00025fb0   ARM Code       0  __rtentry2.o(.ARM.Collect$$rtentry$$0000000A)
    __rt_entry_postsh_1                      0x00025fb0   ARM Code       0  __rtentry2.o(.ARM.Collect$$rtentry$$00000009)
    __rt_entry_main                          0x00025fb4   ARM Code       0  __rtentry2.o(.ARM.Collect$$rtentry$$0000000D)
    __rt_entry_postli_1                      0x00025fb4   ARM Code       0  __rtentry2.o(.ARM.Collect$$rtentry$$0000000C)
    __rt_exit                                0x00025fe0   ARM Code       0  rtexit.o(.ARM.Collect$$rtexit$$00000000)
    __rt_exit_ls                             0x00025fe4   ARM Code       0  rtexit2.o(.ARM.Collect$$rtexit$$00000003)
    __rt_exit_prels_1                        0x00025fe4   ARM Code       0  rtexit2.o(.ARM.Collect$$rtexit$$00000002)
    __rt_exit_exit                           0x00025fe8   ARM Code       0  rtexit2.o(.ARM.Collect$$rtexit$$00000004)
    Inline ARM to Thumb Veneer to main       0x00025ff0   ARM Code       8  main.o(.text)
    platform_reset                           0x00025ff9   Thumb Code    24  main.o(.text)
    bdaddr_env_init                          0x00026011   Thumb Code    74  main.o(.text)
    main                                     0x0002605b   Thumb Code   248  main.o(.text)
    rwip_eif_get                             0x00026153   Thumb Code    12  main.o(.text)
    appm_init                                0x00026331   Thumb Code   136  app.o(.text)
    appm_add_svc                             0x000263b9   Thumb Code    44  app.o(.text)
    appm_disconnect                          0x000263e5   Thumb Code    34  app.o(.text)
    appm_delete_advertising                  0x00026407   Thumb Code    30  app.o(.text)
    appm_adv_fsm_next                        0x00026425   Thumb Code   224  app.o(.text)
    appm_update_param                        0x00026505   Thumb Code    56  app.o(.text)
    appm_get_dev_name                        0x0002653d   Thumb Code    18  app.o(.text)
    appm_update_adv_state                    0x0002654f   Thumb Code     2  app.o(.text)
    app_batt_init                            0x00026611   Thumb Code    12  app_batt.o(.text)
    app_batt_add_bas                         0x0002661d   Thumb Code    44  app_batt.o(.text)
    app_batt_enable_prf                      0x00026649   Thumb Code    44  app_batt.o(.text)
    app_batt_send_lvl                        0x00026675   Thumb Code    34  app_batt.o(.text)
    app_dis_init                             0x00026731   Thumb Code     2  app_dis.o(.text)
    app_dis_add_dis                          0x00026733   Thumb Code    42  app_dis.o(.text)
    app_oads_init                            0x000267c9   Thumb Code     8  app_oads.o(.text)
    app_oad_add_oads                         0x000267d1   Thumb Code    62  app_oads.o(.text)
    app_oads_enable_prf                      0x0002680f   Thumb Code    42  app_oads.o(.text)
    app_ffc1_ntf_req                         0x00026889   Thumb Code    44  app_oads.o(.text)
    app_ffc2_ntf_req                         0x000268b5   Thumb Code    46  app_oads.o(.text)
    app_sec_init                             0x00026981   Thumb Code    46  app_sec.o(.text)
    app_sec_get_bond_status                  0x000269af   Thumb Code     6  app_sec.o(.text)
    app_sec_remove_bond                      0x000269b5   Thumb Code    32  app_sec.o(.text)
    app_sec_send_security_req                0x000269d5   Thumb Code    66  app_sec.o(.text)
    app_ancsc_init                           0x00027601   Thumb Code    18  app_ancsc.o(.text)
    app_ancs_add_ancsc                       0x00027613   Thumb Code    50  app_ancsc.o(.text)
    app_ancsc_enable_prf                     0x00027645   Thumb Code    50  app_ancsc.o(.text)
    app_ancsc_delete_call                    0x000277a1   Thumb Code    74  app_ancsc.o(.text)
    rwble_init                               0x00027ab1   Thumb Code    96  rwble.o(.text)
    rwble_isr                                0x00027b11   Thumb Code    46  rwble.o(.text)
    rwble_sleep_enter                        0x00027b3f   Thumb Code    18  rwble.o(.text)
    rwble_sleep_wakeup_end                   0x00027b51   Thumb Code    10  rwble.o(.text)
    rwip_init                                0x00027be5   Thumb Code   216  rwip.o(.text)
    rwip_reset                               0x00027cbd   Thumb Code   108  rwip.o(.text)
    rwip_schedule                            0x00027d29   Thumb Code    16  rwip.o(.text)
    rwip_isr                                 0x00027d39   Thumb Code   124  rwip.o(.text)
    rwip_sleep                               0x00027db5   Thumb Code   262  rwip.o(.text)
    nvds_init                                0x00027ff3   Thumb Code    60  nvds.o(.text)
    nvds_get                                 0x0002802f   Thumb Code    62  nvds.o(.text)
    nvds_del                                 0x0002806d   Thumb Code    52  nvds.o(.text)
    nvds_lock                                0x000280a1   Thumb Code    44  nvds.o(.text)
    nvds_put                                 0x000280cd   Thumb Code   214  nvds.o(.text)
    prf_pack_char_pres_fmt                   0x00028271   Thumb Code    30  prf_utils.o(.text)
    prf_read_char_send                       0x0002828f   Thumb Code    46  prf_utils.o(.text)
    prf_register_atthdl2gatt                 0x000282bd   Thumb Code    52  prf_utils.o(.text)
    prf_unregister_atthdl2gatt               0x000282f1   Thumb Code    52  prf_utils.o(.text)
    prf_disc_svc_send                        0x00028325   Thumb Code    58  prf_utils.o(.text)
    prf_disc_svc_send_uuid128                0x0002835f   Thumb Code    64  prf_utils.o(.text)
    prf_gatt_write                           0x0002839f   Thumb Code    82  prf_utils.o(.text)
    prf_gatt_write_ntf_ind                   0x000283f1   Thumb Code    26  prf_utils.o(.text)
    prf_check_svc_char_validity              0x0002840b   Thumb Code    66  prf_utils.o(.text)
    prf_check_svc_char_desc_validity         0x0002844d   Thumb Code    58  prf_utils.o(.text)
    prf_extract_svc_info                     0x00028487   Thumb Code   296  prf_utils.o(.text)
    prf_client_att_info_rsp                  0x000285af   Thumb Code    86  prf_utils.o(.text)
    prf_pack_date_time                       0x00028605   Thumb Code    32  prf_utils.o(.text)
    prf_unpack_date_time                     0x00028625   Thumb Code    34  prf_utils.o(.text)
    prf_init                                 0x0002868b   Thumb Code   116  prf.o(.text)
    prf_add_profile                          0x000286ff   Thumb Code   130  prf.o(.text)
    prf_create                               0x00028781   Thumb Code    44  prf.o(.text)
    prf_cleanup                              0x000287ad   Thumb Code    48  prf.o(.text)
    prf_env_get                              0x000287dd   Thumb Code    44  prf.o(.text)
    prf_src_task_get                         0x00028809   Thumb Code    16  prf.o(.text)
    prf_dst_task_get                         0x00028819   Thumb Code    16  prf.o(.text)
    prf_get_id_from_task                     0x00028829   Thumb Code    52  prf.o(.text)
    prf_get_task_from_id                     0x0002885d   Thumb Code    52  prf.o(.text)
    set_flash_clk                            0x000288a9   Thumb Code    40  flash.o(.text)
    get_flash_ID                             0x000288d1   Thumb Code    34  flash.o(.text)
    flash_read_sr                            0x000288f3   Thumb Code    26  flash.o(.text)
    flash_write_sr                           0x0002890d   Thumb Code   168  flash.o(.text)
    flash_wp_256k                            0x000289b5   Thumb Code    70  flash.o(.text)
    flash_wp_ALL                             0x000289fb   Thumb Code    70  flash.o(.text)
    flash_advance_init                       0x00028a41   Thumb Code   110  flash.o(.text)
    clr_flash_qwfr                           0x00028aaf   Thumb Code    76  flash.o(.text)
    flash_set_dual_mode                      0x00028afb   Thumb Code    32  flash.o(.text)
    flash_init                               0x00028b1b   Thumb Code    18  flash.o(.text)
    flash_set_line_mode                      0x00028b2d   Thumb Code     2  flash.o(.text)
    flash_erase_sector                       0x00028b2f   Thumb Code    78  flash.o(.text)
    flash_read_data                          0x00028b7d   Thumb Code   166  flash.o(.text)
    flash_write_data                         0x00028c23   Thumb Code   346  flash.o(.text)
    flash_set_qe                             0x00028d7d   Thumb Code    68  flash.o(.text)
    flash_read                               0x00028dc1   Thumb Code    46  flash.o(.text)
    flash_write                              0x00028def   Thumb Code   102  flash.o(.text)
    flash_erase                              0x00028e55   Thumb Code    66  flash.o(.text)
    flash_test                               0x00028e97   Thumb Code   196  flash.o(.text)
    Delay_ms                                 0x00029019   Thumb Code    26  rf_xvr.o(.text)
    CLK32K_AutoCali_init                     0x00029033   Thumb Code    70  rf_xvr.o(.text)
    kmod_calibration                         0x00029079   Thumb Code   318  rf_xvr.o(.text)
    xvr_reg_initial                          0x000291b7   Thumb Code   382  rf_xvr.o(.text)
    rf_init                                  0x00029335   Thumb Code   758  rf_xvr.o(.text)
    Delay_us                                 0x0002962b   Thumb Code    20  rf_xvr.o(.text)
    Delay                                    0x0002963f   Thumb Code    20  rf_xvr.o(.text)
    bk3435_singleWaveCfg                     0x00029653   Thumb Code    36  rf_xvr.o(.text)
    bk3435_set_power                         0x00029677   Thumb Code    48  rf_xvr.o(.text)
    gpio_config                              0x000298b1   Thumb Code    84  gpio.o(.text)
    gpio_get_input                           0x00029905   Thumb Code    24  gpio.o(.text)
    gpio_set                                 0x0002991d   Thumb Code    34  gpio.o(.text)
    gpio_set_neg                             0x0002993f   Thumb Code    26  gpio.o(.text)
    gpio_set_int_mode                        0x00029959   Thumb Code    72  gpio.o(.text)
    gpio_init                                0x000299a1   Thumb Code    44  gpio.o(.text)
    gpio_triger                              0x000299cd   Thumb Code    20  gpio.o(.text)
    gpio_cb_register                         0x000299e1   Thumb Code    10  gpio.o(.text)
    gpio_isr                                 0x000299eb   Thumb Code    22  gpio.o(.text)
    gpio_sleep                               0x00029a01   Thumb Code     2  gpio.o(.text)
    gpio_wakeup                              0x00029a03   Thumb Code     2  gpio.o(.text)
    DEBUG_MSG                                0x00029a05   Thumb Code     2  gpio.o(.text)
    spi_init                                 0x00029a15   Thumb Code   110  spi.o(.text)
    spi_waitbusying                          0x00029a83   Thumb Code    24  spi.o(.text)
    spi_write_read                           0x00029a9b   Thumb Code   124  spi.o(.text)
    spi_write                                0x00029b17   Thumb Code    72  spi.o(.text)
    spi_read                                 0x00029b5f   Thumb Code   116  spi.o(.text)
    spi_send                                 0x00029bd3   Thumb Code    40  spi.o(.text)
    spi_receiv                               0x00029bfb   Thumb Code    40  spi.o(.text)
    spi_isr                                  0x00029c23   Thumb Code   102  spi.o(.text)
    spi_send_state_get                       0x00029c89   Thumb Code     6  spi.o(.text)
    spi_dma_write                            0x00029c8f   Thumb Code    48  spi.o(.text)
    spi_dma_read                             0x00029cbf   Thumb Code    48  spi.o(.text)
    spi_result_callback                      0x00029cef   Thumb Code    10  spi.o(.text)
    spi_master_test                          0x00029cf9   Thumb Code    48  spi.o(.text)
    icu_init                                 0x00029da5   Thumb Code    48  icu.o(.text)
    system_sleep_init                        0x00029dd5   Thumb Code    18  icu.o(.text)
    icu_get_sleep_mode                       0x00029de7   Thumb Code     6  icu.o(.text)
    icu_set_sleep_mode                       0x00029ded   Thumb Code     6  icu.o(.text)
    cpu_reduce_voltage_sleep                 0x00029df3   Thumb Code   130  icu.o(.text)
    cpu_wakeup                               0x00029e75   Thumb Code    94  icu.o(.text)
    cpu_idle_sleep                           0x00029ed3   Thumb Code    28  icu.o(.text)
    mcu_clk_switch                           0x00029eef   Thumb Code   248  icu.o(.text)
    deep_sleep                               0x00029fe7   Thumb Code    24  icu.o(.text)
    cpu_reset                                0x00029fff   Thumb Code    34  icu.o(.text)
    wdt_disable                              0x0002a041   Thumb Code    16  wdt.o(.text)
    wdt_enable                               0x0002a051   Thumb Code    18  wdt.o(.text)
    wdt_feed                                 0x0002a063   Thumb Code    12  wdt.o(.text)
    uart2_init                               0x0002a075   Thumb Code    84  uart2.o(.text)
    uart2_send                               0x0002a0c9   Thumb Code    24  uart2.o(.text)
    clear_uart2_buffer                       0x0002a0e1   Thumb Code    30  uart2.o(.text)
    uart2_printf                             0x0002a0ff   Thumb Code    38  uart2.o(.text)
    uart2_isr                                0x0002a125   Thumb Code    60  uart2.o(.text)
    uart_init                                0x0002a179   Thumb Code   104  uart.o(.text)
    uart_send                                0x0002a1e1   Thumb Code    32  uart.o(.text)
    uart0_printf                             0x0002a201   Thumb Code    40  uart.o(.text)
    uart_flow_on                             0x0002a229   Thumb Code     2  uart.o(.text)
    uart_flow_off                            0x0002a22b   Thumb Code     4  uart.o(.text)
    uart_read                                0x0002a22f   Thumb Code    22  uart.o(.text)
    uart_write                               0x0002a245   Thumb Code    22  uart.o(.text)
    uart_rx_cmd_handler                      0x0002a25b   Thumb Code    90  uart.o(.text)
    uart_rx_handler                          0x0002a2b5   Thumb Code    96  uart.o(.text)
    uart_isr                                 0x0002a315   Thumb Code    76  uart.o(.text)
    uart_rx_cmd_respone                      0x0002a361   Thumb Code    58  uart.o(.text)
    uart_download_check                      0x0002a39b   Thumb Code     8  uart.o(.text)
    aon_rtc_init                             0x0002a3c1   Thumb Code    60  aon_rtc.o(.text)
    aon_rtc_isr                              0x0002a3fd   Thumb Code    28  aon_rtc.o(.text)
    intc_spurious                            0x0002a435   Thumb Code     2  intc.o(.text)
    intc_init                                0x0002a437   Thumb Code    62  intc.o(.text)
    intc_irq                                 0x0002a475   Thumb Code    74  intc.o(.text)
    intc_fiq                                 0x0002a4bf   Thumb Code    50  intc.o(.text)
    dma_config_write                         0x0002a4f5   Thumb Code    48  dma.o(.text)
    dma_config_read                          0x0002a525   Thumb Code    48  dma.o(.text)
    dma_isr_stat_get                         0x0002a555   Thumb Code     6  dma.o(.text)
    dma_isr_stat_set                         0x0002a55b   Thumb Code     6  dma.o(.text)
    dma_isr                                  0x0002a561   Thumb Code     2  dma.o(.text)
    diss_compute_cfg_flag                    0x0002a571   Thumb Code    40  diss.o(.text)
    diss_prf_itf_get                         0x0002a63f   Thumb Code     6  diss.o(.text)
    diss_handle_to_value                     0x0002a645   Thumb Code    54  diss.o(.text)
    diss_value_to_handle                     0x0002a67b   Thumb Code    60  diss.o(.text)
    diss_check_val_len                       0x0002a6b7   Thumb Code    42  diss.o(.text)
    diss_task_init                           0x0002a8af   Thumb Code    28  diss_task.o(.text)
    bass_get_att_handle                      0x0002aa55   Thumb Code   122  bass.o(.text)
    bass_prf_itf_get                         0x0002ab0f   Thumb Code     6  bass.o(.text)
    bass_get_att_idx                         0x0002ab15   Thumb Code   112  bass.o(.text)
    bass_exe_operation                       0x0002ab85   Thumb Code   238  bass.o(.text)
    bass_task_init                           0x0002af1f   Thumb Code    28  bass_task.o(.text)
    ancsc_prf_itf_get                        0x0002b00b   Thumb Code     4  ancsc.o(.text)
    ancsc_enable_rsp_send                    0x0002b00f   Thumb Code    78  ancsc.o(.text)
    ancsc_task_init                          0x0002b519   Thumb Code    28  ancsc_task.o(.text)
    oad_save_reciveData                      0x0002b639   Thumb Code    32  oads.o(.text)
    oad_updating_user_section_begin          0x0002b659   Thumb Code    38  oads.o(.text)
    oad_updating_user_section_pro            0x0002b67f   Thumb Code   134  oads.o(.text)
    oad_updating_user_section_end            0x0002b705   Thumb Code    18  oads.o(.text)
    oadImgIdentifyWrite                      0x0002b7f9   Thumb Code   786  oads.o(.text)
    oadImgBlockWrite                         0x0002bb0b   Thumb Code   364  oads.o(.text)
    oads_prf_itf_get                         0x0002bc77   Thumb Code     4  oads.o(.text)
    oads_task_init                           0x0002bfb1   Thumb Code    30  oads_task.o(.text)
    spi_device_wr_byte                       0x0002c069   Thumb Code     4  w25x40c.o(.text)
    spi_device_w_byte                        0x0002c06d   Thumb Code    16  w25x40c.o(.text)
    spi_device_r_byte                        0x0002c07d   Thumb Code    20  w25x40c.o(.text)
    spi_device_w_bytes                       0x0002c091   Thumb Code    50  w25x40c.o(.text)
    spi_device_r_bytes                       0x0002c0c3   Thumb Code    64  w25x40c.o(.text)
    flash_device_power_down_set              0x0002c103   Thumb Code    36  w25x40c.o(.text)
    flash_device_chipID_get                  0x0002c127   Thumb Code    76  w25x40c.o(.text)
    flash_device_spi_init                    0x0002c173   Thumb Code    64  w25x40c.o(.text)
    flash_device_spi_status_get              0x0002c1b3   Thumb Code    34  w25x40c.o(.text)
    flash_device_busy_wait                   0x0002c1d5   Thumb Code    36  w25x40c.o(.text)
    flash_device_spi_status_set              0x0002c1f9   Thumb Code    34  w25x40c.o(.text)
    flash_device_write_enable                0x0002c21b   Thumb Code    26  w25x40c.o(.text)
    flash_device_write_disable               0x0002c235   Thumb Code    26  w25x40c.o(.text)
    flash_device_deviceID_get                0x0002c24f   Thumb Code    50  w25x40c.o(.text)
    flash_read_complete_cb                   0x0002c281   Thumb Code    10  w25x40c.o(.text)
    flash_device_read_data                   0x0002c28b   Thumb Code    74  w25x40c.o(.text)
    flash_device_erase_sector                0x0002c2d5   Thumb Code    74  w25x40c.o(.text)
    flash_device_write_page                  0x0002c31f   Thumb Code    86  w25x40c.o(.text)
    flash_device_write_data                  0x0002c375   Thumb Code    68  w25x40c.o(.text)
    flash_device_erase_chip                  0x0002c3b9   Thumb Code    54  w25x40c.o(.text)
    app_flash_read                           0x0002c3ef   Thumb Code    60  w25x40c.o(.text)
    app_flash_write                          0x0002c42b   Thumb Code    32  w25x40c.o(.text)
    key_press_detect                         0x0002c4c1   Thumb Code    76  lcd360.o(.text)
    lcd_gpio_init                            0x0002c50d   Thumb Code    44  lcd360.o(.text)
    WriteComm                                0x0002c539   Thumb Code    20  lcd360.o(.text)
    WriteData                                0x0002c54d   Thumb Code    20  lcd360.o(.text)
    WriteDispData                            0x0002c561   Thumb Code    16  lcd360.o(.text)
    LCD_Init                                 0x0002c571   Thumb Code  2988  lcd360.o(.text)
    BlockWrite                               0x0002d11d   Thumb Code    94  lcd360.o(.text)
    display_image                            0x0002d17b   Thumb Code    88  lcd360.o(.text)
    display_color                            0x0002d1d3   Thumb Code    50  lcd360.o(.text)
    DispFrame                                0x0002d205   Thumb Code   162  lcd360.o(.text)
    app_f000_init                            0x0002d2c9   Thumb Code    12  app_f000.o(.text)
    app_f000_add_f000s                       0x0002d2d5   Thumb Code    60  app_f000.o(.text)
    app_f004_send_ntf                        0x0002d311   Thumb Code    52  app_f000.o(.text)
    app_f005_send_ind                        0x0002d345   Thumb Code    54  app_f000.o(.text)
    f000s_get_att_handle                     0x0002d65b   Thumb Code    28  f000s.o(.text)
    f000s_notify_f004_val                    0x0002d677   Thumb Code    76  f000s.o(.text)
    f000s_indicate_f005_val                  0x0002d6c3   Thumb Code    76  f000s.o(.text)
    f000s_prf_itf_get                        0x0002d70f   Thumb Code     6  f000s.o(.text)
    f000s_get_att_idx                        0x0002d715   Thumb Code    32  f000s.o(.text)
    f000s_task_init                          0x0002db29   Thumb Code   180  f000s_task.o(.text)
    vsprintf                                 0x0002dbdd   Thumb Code    32  vsprintf.o(.text)
    _printf_pre_padding                      0x0002dc01   Thumb Code    44  _printf_pad.o(.text)
    _printf_post_padding                     0x0002dc2d   Thumb Code    34  _printf_pad.o(.text)
    _printf_truncate_signed                  0x0002dc4f   Thumb Code    22  _printf_truncate.o(.text)
    _printf_truncate_unsigned                0x0002dc65   Thumb Code    22  _printf_truncate.o(.text)
    _printf_str                              0x0002dc7b   Thumb Code    82  _printf_str.o(.text)
    Inline ARM to Thumb Veneer to _printf_int_dec 0x0002dccc   ARM Code       8  _printf_dec.o(.text)
    _printf_int_dec                          0x0002dcd5   Thumb Code    90  _printf_dec.o(.text)
    Inline ARM to Thumb Veneer to _printf_charcount 0x0002dd40   ARM Code       8  _printf_charcount.o(.text)
    _printf_charcount                        0x0002dd49   Thumb Code    38  _printf_charcount.o(.text)
    _printf_char_common                      0x0002dd7b   Thumb Code    32  _printf_char_common.o(.text)
    _sputc                                   0x0002dda1   Thumb Code    10  _sputc.o(.text)
    _printf_wctomb                           0x0002ddad   Thumb Code   182  _printf_wctomb.o(.text)
    Inline ARM to Thumb Veneer to _printf_longlong_dec 0x0002de68   ARM Code       8  _printf_longlong_dec.o(.text)
    _printf_longlong_dec                     0x0002de71   Thumb Code    94  _printf_longlong_dec.o(.text)
    Inline ARM to Thumb Veneer to _printf_int_oct 0x0002dee0   ARM Code       8  _printf_oct_int_ll.o(.text)
    _printf_longlong_oct                     0x0002dee9   Thumb Code    68  _printf_oct_int_ll.o(.text)
    _printf_int_oct                          0x0002df2d   Thumb Code    24  _printf_oct_int_ll.o(.text)
    _printf_ll_oct                           0x0002df45   Thumb Code    10  _printf_oct_int_ll.o(.text)
    Inline ARM to Thumb Veneer to _printf_hex_ptr 0x0002df58   ARM Code       8  _printf_hex_int_ll_ptr.o(.text)
    _printf_longlong_hex                     0x0002df61   Thumb Code    88  _printf_hex_int_ll_ptr.o(.text)
    _printf_int_hex                          0x0002dfb9   Thumb Code    28  _printf_hex_int_ll_ptr.o(.text)
    _printf_ll_hex                           0x0002dfd5   Thumb Code    10  _printf_hex_int_ll_ptr.o(.text)
    _printf_hex_ptr                          0x0002dfdf   Thumb Code    22  _printf_hex_int_ll_ptr.o(.text)
    __printf                                 0x0002dff9   Thumb Code   386  __printf_flags_ss_wp.o(.text)
    _ll_udiv10                               0x0002e180   ARM Code     152  lludiv10.o(.text)
    _printf_int_common                       0x0002e219   Thumb Code   176  _printf_intcommon.o(.text)
    __lib_sel_fp_printf                      0x0002e2c9   Thumb Code     2  _printf_fp_dec.o(.text)
    _printf_fp_dec_real                      0x0002e465   Thumb Code   620  _printf_fp_dec.o(.text)
    Inline ARM to Thumb Veneer to _printf_fp_hex_real 0x0002e6dc   ARM Code       8  _printf_fp_hex.o(.text)
    _printf_fp_hex_real                      0x0002e6e5   Thumb Code   718  _printf_fp_hex.o(.text)
    Inline ARM to Thumb Veneer to _printf_char 0x0002e9bc   ARM Code       8  _printf_char.o(.text)
    _printf_cs_common                        0x0002e9c5   Thumb Code    22  _printf_char.o(.text)
    _printf_char                             0x0002e9db   Thumb Code    16  _printf_char.o(.text)
    _printf_string                           0x0002e9eb   Thumb Code     8  _printf_char.o(.text)
    Inline ARM to Thumb Veneer to _printf_wchar 0x0002e9f4   ARM Code       8  _printf_wchar.o(.text)
    _printf_lcs_common                       0x0002e9fd   Thumb Code    22  _printf_wchar.o(.text)
    _printf_wchar                            0x0002ea13   Thumb Code    16  _printf_wchar.o(.text)
    _printf_wstring                          0x0002ea23   Thumb Code     8  _printf_wchar.o(.text)
    _wcrtomb                                 0x0002ea2b   Thumb Code    64  _wcrtomb.o(.text)
    __rt_udiv10                              0x0002ea6c   ARM Code      44  rtudiv10.o(.text)
    __rt_ctype_table                         0x0002ea98   ARM Code      20  rt_ctype_table.o(.text)
    __rt_locale                              0x0002eaac   ARM Code      12  rt_locale_intlibspace.o(.text)
    _printf_fp_infnan                        0x0002eab9   Thumb Code   120  _printf_fp_infnan.o(.text)
    _btod_etento                             0x0002eb41   Thumb Code   210  bigflt0.o(.text)
    exit                                     0x0002ec19   Thumb Code    16  exit.o(.text)
    strcmp                                   0x0002ec28   ARM Code     240  strcmp.o(.text)
    __I$use$semihosting                      0x0002ed1c   ARM Code       0  use_no_semi.o(.text)
    __use_no_semihosting_swi                 0x0002ed1c   ARM Code       4  use_no_semi.o(.text)
    __semihosting_library_function           0x0002ed20   ARM Code       0  indicate_semi.o(.text)
    _sys_exit                                0x0002ed21   Thumb Code     8  sys_exit.o(.text)
    _btod_d2e                                0x0002ed2c   ARM Code      56  btod.o(CL$$btod_d2e)
    _d2e_denorm_low                          0x0002ed64   ARM Code      84  btod.o(CL$$btod_d2e_denorm_low)
    _d2e_norm_op1                            0x0002edb8   ARM Code     104  btod.o(CL$$btod_d2e_norm_op1)
    __btod_div_common                        0x0002ee20   ARM Code     712  btod.o(CL$$btod_div_common)
    _e2e                                     0x0002f168   ARM Code     244  btod.o(CL$$btod_e2e)
    _btod_ediv                               0x0002f25c   ARM Code      52  btod.o(CL$$btod_ediv)
    _btod_emul                               0x0002f290   ARM Code      52  btod.o(CL$$btod_emul)
    __btod_mult_common                       0x0002f2c4   ARM Code     612  btod.o(CL$$btod_mult_common)
    Long ARM to Thumb Veneer to _printf_int_hex 0x0002f528   ARM Code       8  anon$$obj.o(Veneer$$Code)
    Long ARM to Thumb Veneer to _printf_ll_oct 0x0002f530   ARM Code       8  anon$$obj.o(Veneer$$Code)
    Long ARM to Thumb Veneer to _printf_ll_hex 0x0002f538   ARM Code       8  anon$$obj.o(Veneer$$Code)
    Long ARM to Thumb Veneer to _printf_string 0x0002f540   ARM Code       8  anon$$obj.o(Veneer$$Code)
    Long ARM to Thumb Veneer to _printf_wstring 0x0002f548   ARM Code       8  anon$$obj.o(Veneer$$Code)
    Long ARM to Thumb Veneer to _printf_fp_dec_real 0x0002f550   ARM Code       8  anon$$obj.o(Veneer$$Code)
    __ARM_fpclassify                         0x0002f558   ARM Code      44  fpclassify.o(i.__ARM_fpclassify)
    _is_digit                                0x0002f589   Thumb Code    14  __printf_wp.o(i._is_digit)
    _get_lc_numeric                          0x0002f598   ARM Code      72  lc_numeric_c.o(locale$$code)
    _get_lc_ctype                            0x0002f5e0   ARM Code      72  lc_ctype_c.o(locale$$code)
    __aeabi_ui2d                             0x0002f628   ARM Code       0  dflt_clz.o(x$fpl$dfltu)
    _dfltu                                   0x0002f628   ARM Code      44  dflt_clz.o(x$fpl$dfltu)
    __aeabi_dmul                             0x0002f654   ARM Code       0  dmul.o(x$fpl$dmul)
    _dmul                                    0x0002f654   ARM Code     364  dmul.o(x$fpl$dmul)
    __fpl_dnaninf                            0x0002f7cc   ARM Code     184  dnaninf.o(x$fpl$dnaninf)
    __fpl_dretinf                            0x0002f884   ARM Code      16  dretinf.o(x$fpl$dretinf)
    __ieee_status                            0x0002f894   ARM Code       8  istatus.o(x$fpl$ieeestatus)
    _printf_fp_dec                           0x0002f89c   ARM Code       4  printf1.o(x$fpl$printf1)
    _printf_fp_hex                           0x0002f8a0   ARM Code       4  printf2.o(x$fpl$printf2)
    __I$use$fp                               0x0002f8a4   Number         0  usenofp.o(x$fpl$usenofp)
    uart_api                                 0x0002f8a4   Data          16  main.o(.constdata)
    app_batt_msg_handler_list                0x0002f8e4   Data          32  app_batt.o(.constdata)
    app_batt_handlers                        0x0002f904   Data           8  app_batt.o(.constdata)
    app_dis_msg_handler_list                 0x0002f90c   Data           8  app_dis.o(.constdata)
    app_dis_handlers                         0x0002f914   Data           8  app_dis.o(.constdata)
    app_oads_msg_handler_list                0x0002f91c   Data          48  app_oads.o(.constdata)
    app_oads_handler                         0x0002f94c   Data           8  app_oads.o(.constdata)
    app_sec_msg_handler_list                 0x0002fa44   Data          40  app_sec.o(.constdata)
    app_sec_handlers                         0x0002fa6c   Data           8  app_sec.o(.constdata)
    TASK_DESC_APP                            0x0002fb0c   Data          12  app_task.o(.constdata)
    diss_att_db                              0x0002fd04   Data         152  diss.o(.constdata)
    diss_itf                                 0x0002fd9c   Data          16  diss.o(.constdata)
    bas_att_db                               0x0002fdc4   Data          40  bass.o(.constdata)
    bass_itf                                 0x0002fdec   Data          16  bass.o(.constdata)
    ancsc_itf                                0x0002fe2c   Data          16  ancsc.o(.constdata)
    ancsc_ancs_char_desc                     0x0002fe3c   Data           8  ancsc_task.o(.constdata)
    ancsc_ancs_char                          0x0002fe44   Data          12  ancsc_task.o(.constdata)
    oads_att_db                              0x0002fec4   Data          72  oads.o(.constdata)
    oads_itf                                 0x0002ff0c   Data          16  oads.o(.constdata)
    app_f000_msg_handler_list                0x0002ffc8   Data          56  app_f000.o(.constdata)
    app_f000_handler                         0x00030000   Data           8  app_f000.o(.constdata)
    f000_att_db                              0x00030054   Data         112  f000s.o(.constdata)
    f000s_itf                                0x000300c4   Data          16  f000s.o(.constdata)
    Region$$Table$$Base                      0x00030460   Number         0  anon$$obj.o(Region$$Table)
    Region$$Table$$Limit                     0x00030490   Number         0  anon$$obj.o(Region$$Table)
    __ctype                                  0x000304b9   Data           0  lc_ctype_c.o(locale$$data)
    Load$$RAM_DATA$$Base                     0x000305bc   Number         0  anon$$obj.o ABSOLUTE
    llc_env                                  0x0040002c   Data           0  peripheral_stack_symbol.txt ABSOLUTE
    co_default_bdaddr                        0x00400090   Data           0  peripheral_stack_symbol.txt ABSOLUTE
    gapc_env                                 0x00400098   Data           0  peripheral_stack_symbol.txt ABSOLUTE
    gapc_state                               0x0040009c   Data           0  peripheral_stack_symbol.txt ABSOLUTE
    gapm_state                               0x0040009d   Data           0  peripheral_stack_symbol.txt ABSOLUTE
    gattc_env                                0x004000a0   Data           0  peripheral_stack_symbol.txt ABSOLUTE
    gattc_state                              0x004000a4   Data           0  peripheral_stack_symbol.txt ABSOLUTE
    gattm_state                              0x004000a5   Data           0  peripheral_stack_symbol.txt ABSOLUTE
    l2cc_env                                 0x004000a8   Data           0  peripheral_stack_symbol.txt ABSOLUTE
    l2cc_state                               0x004000ac   Data           0  peripheral_stack_symbol.txt ABSOLUTE
    ke_env                                   0x004000d4   Data           0  peripheral_stack_symbol.txt ABSOLUTE
    hci_env                                  0x004004e4   Data           0  peripheral_stack_symbol.txt ABSOLUTE
    rwip_rf                                  0x0040069c   Data           0  peripheral_stack_symbol.txt ABSOLUTE
    rwip_param                               0x004006d0   Data           0  peripheral_stack_symbol.txt ABSOLUTE
    rom_env                                  0x004006dc   Data           0  peripheral_stack_symbol.txt ABSOLUTE
    rwip_env                                 0x00400704   Data           0  peripheral_stack_symbol.txt ABSOLUTE
    gapm_env                                 0x00400720   Data           0  peripheral_stack_symbol.txt ABSOLUTE
    gattm_env                                0x00400770   Data           0  peripheral_stack_symbol.txt ABSOLUTE
    l2cm_env                                 0x004007a8   Data           0  peripheral_stack_symbol.txt ABSOLUTE
    Image$$RAM_DATA$$Base                    0x00400800   Number         0  anon$$obj.o ABSOLUTE
    app_batt_env                             0x00400800   Data           2  app_batt.o(.data)
    app_oads_env                             0x00400802   Data           1  app_oads.o(.data)
    app_sec_env                              0x00400803   Data           5  app_sec.o(.data)
    appm_state                               0x00400808   Data           1  app_task.o(.data)
    app_ancsc_env                            0x0040080c   Data           2  app_ancsc.o(.data)
    NotificationUID_copy_incall              0x00400810   Data           4  app_ancsc.o(.data)
    rwip_rst_state                           0x00400818   Data           1  rwip.o(.data)
    flash_enable_write_flag1                 0x0040081c   Data           1  flash.o(.data)
    flash_enable_write_flag2                 0x0040081d   Data           1  flash.o(.data)
    flash_enable_write_flag3                 0x0040081e   Data           1  flash.o(.data)
    flash_enable_write_flag4                 0x0040081f   Data           1  flash.o(.data)
    flash_enable_erase_flag1                 0x00400820   Data           1  flash.o(.data)
    flash_enable_erase_flag2                 0x00400821   Data           1  flash.o(.data)
    flash_mid                                0x00400824   Data           4  flash.o(.data)
    system_sleep_status                      0x0040082e   Data           1  icu.o(.data)
    system_sleep_flag                        0x00400830   Data           1  icu.o(.data)
    system_mode                              0x00400831   Data           1  icu.o(.data)
    uart2_rx_done                            0x00400834   Data           1  uart2.o(.data)
    uart2_rx_index                           0x00400838   Data           4  uart2.o(.data)
    oad_firmware_type                        0x0040084d   Data           1  oads.o(.data)
    latency_disable_state                    0x0040084e   Data           1  oads.o(.data)
    oad_uuid                                 0x00400858   Data           4  oads.o(.data)
    app_f000_env                             0x00400864   Data           3  app_f000.o(.data)
    Image$$RAM_BSS$$Base                     0x00400868   Number         0  anon$$obj.o ABSOLUTE
    testflashbuffer                          0x00400868   Data        4096  main.o(.bss)
    app_env                                  0x00401868   Data          46  app.o(.bss)
    rwip_heap_msg                            0x00401898   Data        9732  rwip.o(.bss)
    prf_env                                  0x00403eb4   Data         200  prf.o(.bss)
    XVR_ANALOG_REG_BAK                       0x00403f7c   Data         128  rf_xvr.o(.bss)
    spi_param                                0x00403ffc   Data          12  spi.o(.bss)
    uart2_rx_buf                             0x00404008   Data         128  uart2.o(.bss)
    uart2_tx_buf                             0x00404088   Data         128  uart2.o(.bss)
    uart_rx_buf                              0x00404150   Data         128  uart.o(.bss)
    bsec                                     0x004041d0   Data         192  oads.o(.bss)
    __libspace_start                         0x00404290   Data          96  libspace.o(.bss)
    __temporary_stack_top$libspace           0x004042f0   Data           0  libspace.o(.bss)
    Image$$RAM_STACK_UNUSED$$Base            0x0040f2cc   Number         0  anon$$obj.o ABSOLUTE
    Image$$RAM_STACK_SVC$$Base               0x0040f32c   Number         0  anon$$obj.o ABSOLUTE
    Image$$RAM_STACK_IRQ$$Base               0x0040fa1c   Number         0  anon$$obj.o ABSOLUTE
    Image$$RAM_STACK_FIQ$$Base               0x0040fe0c   Number         0  anon$$obj.o ABSOLUTE
    __initial_sp                             0x0040fffc   Number         0  boot_handlers.o ABSOLUTE
    rwip_heap_env                            0x00812800   Data         788  rwip.o(ke_heap)
    rwip_heap_db                             0x00812b14   Data        3084  rwip.o(ke_heap)
    rwip_heap_non_ret                        0x00813720   Data         668  rwip.o(ke_heap)



==============================================================================

Memory Map of the image

  Image Entry point : 0x00025b84

  Load Region SECTIONS (Base: 0x00025b00, Size: 0x0000ab24, Max: 0xffffffff, ABSOLUTE)

    Execution Region ROM_SYS (Exec base: 0x00025b00, Load base: 0x00025b00, Size: 0x00000278, Max: 0xffffffff, ABSOLUTE)

    Exec Addr    Load Addr    Size         Type   Attr      Idx    E Section Name        Object

    0x00025b00   0x00025b00   0x0000005c   Code   RO            6  * SYS_BOOT            boot_vectors.o
    0x00025b5c   0x00025b5c   0x000001f4   Code   RO            5  * SYS_BOOT            boot_handlers.o
    0x00025d50   0x00025d50   0x00000008   Ven    RO          378    Veneer$$Code        anon$$obj.o
    0x00025d58   0x00025d58   0x00000008   Ven    RO          379    Veneer$$Code        anon$$obj.o
    0x00025d60   0x00025d60   0x00000008   Ven    RO          380    Veneer$$Code        anon$$obj.o
    0x00025d68   0x00025d68   0x00000008   Ven    RO          381    Veneer$$Code        anon$$obj.o
    0x00025d70   0x00025d70   0x00000008   Ven    RO          382    Veneer$$Code        anon$$obj.o


    Execution Region FAST_CALL_SEG (Exec base: 0x00025e00, Load base: 0x00025e00, Size: 0x00000030, Max: 0xffffffff, ABSOLUTE, FIXED)

    Exec Addr    Load Addr    Size         Type   Attr      Idx    E Section Name        Object

    0x00025e00   0x00025e00   0x00000010   Code   RO           87    sys_fiq_entry       intc.o
    0x00025e10   0x00025e10   0x00000010   PAD
    0x00025e20   0x00025e20   0x00000010   Code   RO           88    sys_irq_entry       intc.o


    Execution Region ROM (Exec base: 0x00025e30, Load base: 0x00025e30, Size: 0x0000a78c, Max: 0xffffffff, ABSOLUTE)

    Exec Addr    Load Addr    Size         Type   Attr      Idx    E Section Name        Object

    0x00025e30   0x00025e30   0x00000008   Code   RO          126  * !!!main             c_5.l(__main.o)
    0x00025e38   0x00025e38   0x0000003c   Code   RO          366    !!!scatter          c_5.l(__scatter.o)
    0x00025e74   0x00025e74   0x00000028   Code   RO          367    !!handler_copy      c_5.l(__scatter_copy.o)
    0x00025e9c   0x00025e9c   0x0000002c   Code   RO          368    !!handler_zi        c_5.l(__scatter_zi.o)
    0x00025ec8   0x00025ec8   0x00000000   Code   RO          185    .ARM.Collect$$_printf_percent$$00000000  c_5.l(_printf_percent.o)
    0x00025ec8   0x00025ec8   0x00000008   Code   RO          174    .ARM.Collect$$_printf_percent$$00000001  c_5.l(_printf_n.o)
    0x00025ed0   0x00025ed0   0x00000008   Code   RO          176    .ARM.Collect$$_printf_percent$$00000002  c_5.l(_printf_p.o)
    0x00025ed8   0x00025ed8   0x00000008   Code   RO          181    .ARM.Collect$$_printf_percent$$00000003  c_5.l(_printf_f.o)
    0x00025ee0   0x00025ee0   0x00000008   Code   RO          182    .ARM.Collect$$_printf_percent$$00000004  c_5.l(_printf_e.o)
    0x00025ee8   0x00025ee8   0x00000008   Code   RO          183    .ARM.Collect$$_printf_percent$$00000005  c_5.l(_printf_g.o)
    0x00025ef0   0x00025ef0   0x00000008   Code   RO          184    .ARM.Collect$$_printf_percent$$00000006  c_5.l(_printf_a.o)
    0x00025ef8   0x00025ef8   0x0000000c   Code   RO          189    .ARM.Collect$$_printf_percent$$00000007  c_5.l(_printf_ll.o)
    0x00025f04   0x00025f04   0x00000008   Code   RO          178    .ARM.Collect$$_printf_percent$$00000008  c_5.l(_printf_i.o)
    0x00025f0c   0x00025f0c   0x00000008   Code   RO          179    .ARM.Collect$$_printf_percent$$00000009  c_5.l(_printf_d.o)
    0x00025f14   0x00025f14   0x00000008   Code   RO          180    .ARM.Collect$$_printf_percent$$0000000A  c_5.l(_printf_u.o)
    0x00025f1c   0x00025f1c   0x00000008   Code   RO          177    .ARM.Collect$$_printf_percent$$0000000B  c_5.l(_printf_o.o)
    0x00025f24   0x00025f24   0x00000008   Code   RO          175    .ARM.Collect$$_printf_percent$$0000000C  c_5.l(_printf_x.o)
    0x00025f2c   0x00025f2c   0x00000008   Code   RO          186    .ARM.Collect$$_printf_percent$$0000000D  c_5.l(_printf_lli.o)
    0x00025f34   0x00025f34   0x00000008   Code   RO          187    .ARM.Collect$$_printf_percent$$0000000E  c_5.l(_printf_lld.o)
    0x00025f3c   0x00025f3c   0x00000008   Code   RO          188    .ARM.Collect$$_printf_percent$$0000000F  c_5.l(_printf_llu.o)
    0x00025f44   0x00025f44   0x00000008   Code   RO          193    .ARM.Collect$$_printf_percent$$00000010  c_5.l(_printf_llo.o)
    0x00025f4c   0x00025f4c   0x00000008   Code   RO          194    .ARM.Collect$$_printf_percent$$00000011  c_5.l(_printf_llx.o)
    0x00025f54   0x00025f54   0x0000000c   Code   RO          190    .ARM.Collect$$_printf_percent$$00000012  c_5.l(_printf_l.o)
    0x00025f60   0x00025f60   0x00000008   Code   RO          172    .ARM.Collect$$_printf_percent$$00000013  c_5.l(_printf_c.o)
    0x00025f68   0x00025f68   0x00000008   Code   RO          173    .ARM.Collect$$_printf_percent$$00000014  c_5.l(_printf_s.o)
    0x00025f70   0x00025f70   0x00000008   Code   RO          191    .ARM.Collect$$_printf_percent$$00000015  c_5.l(_printf_lc.o)
    0x00025f78   0x00025f78   0x00000008   Code   RO          192    .ARM.Collect$$_printf_percent$$00000016  c_5.l(_printf_ls.o)
    0x00025f80   0x00025f80   0x00000008   Code   RO          229    .ARM.Collect$$_printf_percent$$00000017  c_5.l(_printf_percent_end.o)
    0x00025f88   0x00025f88   0x00000002   Code   RO          257    .ARM.Collect$$libinit$$00000000  c_5.l(libinit.o)
    0x00025f8a   0x00025f8a   0x00000000   Code   RO          269    .ARM.Collect$$libinit$$00000002  c_5.l(libinit2.o)
    0x00025f8a   0x00025f8a   0x00000000   Code   RO          271    .ARM.Collect$$libinit$$00000004  c_5.l(libinit2.o)
    0x00025f8a   0x00025f8a   0x00000000   Code   RO          274    .ARM.Collect$$libinit$$0000000A  c_5.l(libinit2.o)
    0x00025f8a   0x00025f8a   0x00000000   Code   RO          276    .ARM.Collect$$libinit$$0000000C  c_5.l(libinit2.o)
    0x00025f8a   0x00025f8a   0x00000000   Code   RO          278    .ARM.Collect$$libinit$$0000000E  c_5.l(libinit2.o)
    0x00025f8a   0x00025f8a   0x00000006   Code   RO          279    .ARM.Collect$$libinit$$0000000F  c_5.l(libinit2.o)
    0x00025f90   0x00025f90   0x00000000   Code   RO          281    .ARM.Collect$$libinit$$00000011  c_5.l(libinit2.o)
    0x00025f90   0x00025f90   0x0000000c   Code   RO          282    .ARM.Collect$$libinit$$00000012  c_5.l(libinit2.o)
    0x00025f9c   0x00025f9c   0x00000000   Code   RO          283    .ARM.Collect$$libinit$$00000013  c_5.l(libinit2.o)
    0x00025f9c   0x00025f9c   0x00000000   Code   RO          285    .ARM.Collect$$libinit$$00000015  c_5.l(libinit2.o)
    0x00025f9c   0x00025f9c   0x0000000a   Code   RO          286    .ARM.Collect$$libinit$$00000016  c_5.l(libinit2.o)
    0x00025fa6   0x00025fa6   0x00000000   Code   RO          287    .ARM.Collect$$libinit$$00000017  c_5.l(libinit2.o)
    0x00025fa6   0x00025fa6   0x00000000   Code   RO          289    .ARM.Collect$$libinit$$00000019  c_5.l(libinit2.o)
    0x00025fa6   0x00025fa6   0x00000000   Code   RO          291    .ARM.Collect$$libinit$$0000001B  c_5.l(libinit2.o)
    0x00025fa6   0x00025fa6   0x00000000   Code   RO          293    .ARM.Collect$$libinit$$0000001D  c_5.l(libinit2.o)
    0x00025fa6   0x00025fa6   0x00000000   Code   RO          295    .ARM.Collect$$libinit$$0000001F  c_5.l(libinit2.o)
    0x00025fa6   0x00025fa6   0x00000000   Code   RO          297    .ARM.Collect$$libinit$$00000021  c_5.l(libinit2.o)
    0x00025fa6   0x00025fa6   0x00000000   Code   RO          299    .ARM.Collect$$libinit$$00000023  c_5.l(libinit2.o)
    0x00025fa6   0x00025fa6   0x00000000   Code   RO          301    .ARM.Collect$$libinit$$00000025  c_5.l(libinit2.o)
    0x00025fa6   0x00025fa6   0x00000000   Code   RO          305    .ARM.Collect$$libinit$$0000002C  c_5.l(libinit2.o)
    0x00025fa6   0x00025fa6   0x00000000   Code   RO          307    .ARM.Collect$$libinit$$0000002E  c_5.l(libinit2.o)
    0x00025fa6   0x00025fa6   0x00000000   Code   RO          309    .ARM.Collect$$libinit$$00000030  c_5.l(libinit2.o)
    0x00025fa6   0x00025fa6   0x00000000   Code   RO          311    .ARM.Collect$$libinit$$00000032  c_5.l(libinit2.o)
    0x00025fa6   0x00025fa6   0x00000002   Code   RO          312    .ARM.Collect$$libinit$$00000033  c_5.l(libinit2.o)
    0x00025fa8   0x00025fa8   0x00000002   Code   RO          328    .ARM.Collect$$libshutdown$$00000000  c_5.l(libshutdown.o)
    0x00025faa   0x00025faa   0x00000000   Code   RO          334    .ARM.Collect$$libshutdown$$00000002  c_5.l(libshutdown2.o)
    0x00025faa   0x00025faa   0x00000000   Code   RO          336    .ARM.Collect$$libshutdown$$00000004  c_5.l(libshutdown2.o)
    0x00025faa   0x00025faa   0x00000000   Code   RO          339    .ARM.Collect$$libshutdown$$00000007  c_5.l(libshutdown2.o)
    0x00025faa   0x00025faa   0x00000000   Code   RO          342    .ARM.Collect$$libshutdown$$0000000A  c_5.l(libshutdown2.o)
    0x00025faa   0x00025faa   0x00000000   Code   RO          344    .ARM.Collect$$libshutdown$$0000000C  c_5.l(libshutdown2.o)
    0x00025faa   0x00025faa   0x00000000   Code   RO          347    .ARM.Collect$$libshutdown$$0000000F  c_5.l(libshutdown2.o)
    0x00025faa   0x00025faa   0x00000002   Code   RO          348    .ARM.Collect$$libshutdown$$00000010  c_5.l(libshutdown2.o)
    0x00025fac   0x00025fac   0x00000000   Code   RO          131    .ARM.Collect$$rtentry$$00000000  c_5.l(__rtentry.o)
    0x00025fac   0x00025fac   0x00000000   Code   RO          203    .ARM.Collect$$rtentry$$00000002  c_5.l(__rtentry2.o)
    0x00025fac   0x00025fac   0x00000004   Code   RO          217    .ARM.Collect$$rtentry$$00000005  c_5.l(__rtentry5.o)
    0x00025fb0   0x00025fb0   0x00000000   Code   RO          205    .ARM.Collect$$rtentry$$00000009  c_5.l(__rtentry2.o)
    0x00025fb0   0x00025fb0   0x00000004   Code   RO          206    .ARM.Collect$$rtentry$$0000000A  c_5.l(__rtentry2.o)
    0x00025fb4   0x00025fb4   0x00000000   Code   RO          208    .ARM.Collect$$rtentry$$0000000C  c_5.l(__rtentry2.o)
    0x00025fb4   0x00025fb4   0x00000028   Code   RO          209    .ARM.Collect$$rtentry$$0000000D  c_5.l(__rtentry2.o)
    0x00025fdc   0x00025fdc   0x00000004   Code   RO          218    .ARM.Collect$$rtentry$$00002716  c_5.l(__rtentry5.o)
    0x00025fe0   0x00025fe0   0x00000004   Code   RO          263    .ARM.Collect$$rtexit$$00000000  c_5.l(rtexit.o)
    0x00025fe4   0x00025fe4   0x00000000   Code   RO          316    .ARM.Collect$$rtexit$$00000002  c_5.l(rtexit2.o)
    0x00025fe4   0x00025fe4   0x00000004   Code   RO          317    .ARM.Collect$$rtexit$$00000003  c_5.l(rtexit2.o)
    0x00025fe8   0x00025fe8   0x00000008   Code   RO          318    .ARM.Collect$$rtexit$$00000004  c_5.l(rtexit2.o)
    0x00025ff0   0x00025ff0   0x00000008   Ven    RO            7    .text               main.o
    0x00025ff8   0x00025ff8   0x00000338   Code   RO            7    .text               main.o
    0x00026330   0x00026330   0x000002e0   Code   RO           15    .text               app.o
    0x00026610   0x00026610   0x000000a4   Code   RO           19    .text               app_batt.o
    0x000266b4   0x000266b4   0x00000114   Code   RO           23    .text               app_dis.o
    0x000267c8   0x000267c8   0x000001b8   Code   RO           26    .text               app_oads.o
    0x00026980   0x00026980   0x00000394   Code   RO           31    .text               app_sec.o
    0x00026d14   0x00026d14   0x000008ec   Code   RO           37    .text               app_task.o
    0x00027600   0x00027600   0x000004b0   Code   RO           42    .text               app_ancsc.o
    0x00027ab0   0x00027ab0   0x00000134   Code   RO           47    .text               rwble.o
    0x00027be4   0x00027be4   0x00000390   Code   RO           50    .text               rwip.o
    0x00027f74   0x00027f74   0x000002fc   Code   RO           54    .text               nvds.o
    0x00028270   0x00028270   0x000003dc   Code   RO           57    .text               prf_utils.o
    0x0002864c   0x0002864c   0x0000025c   Code   RO           58    .text               prf.o
    0x000288a8   0x000288a8   0x00000700   Code   RO           60    .text               flash.o
    0x00028fa8   0x00028fa8   0x00000908   Code   RO           63    .text               rf_xvr.o
    0x000298b0   0x000298b0   0x00000164   Code   RO           66    .text               gpio.o
    0x00029a14   0x00029a14   0x00000390   Code   RO           68    .text               spi.o
    0x00029da4   0x00029da4   0x0000029c   Code   RO           71    .text               icu.o
    0x0002a040   0x0002a040   0x00000034   Code   RO           73    .text               wdt.o
    0x0002a074   0x0002a074   0x00000104   Code   RO           76    .text               uart2.o
    0x0002a178   0x0002a178   0x00000248   Code   RO           79    .text               uart.o
    0x0002a3c0   0x0002a3c0   0x00000074   Code   RO           84    .text               aon_rtc.o
    0x0002a434   0x0002a434   0x000000c0   Code   RO           86    .text               intc.o
    0x0002a4f4   0x0002a4f4   0x0000007c   Code   RO           91    .text               dma.o
    0x0002a570   0x0002a570   0x00000178   Code   RO           92    .text               diss.o
    0x0002a6e8   0x0002a6e8   0x000001f0   Code   RO           94    .text               diss_task.o
    0x0002a8d8   0x0002a8d8   0x000003a8   Code   RO           96    .text               bass.o
    0x0002ac80   0x0002ac80   0x000002cc   Code   RO           98    .text               bass_task.o
    0x0002af4c   0x0002af4c   0x0000011c   Code   RO          100    .text               ancsc.o
    0x0002b068   0x0002b068   0x000004d0   Code   RO          102    .text               ancsc_task.o
    0x0002b538   0x0002b538   0x000007f4   Code   RO          105    .text               oads.o
    0x0002bd2c   0x0002bd2c   0x0000033c   Code   RO          109    .text               oads_task.o
    0x0002c068   0x0002c068   0x00000458   Code   RO          111    .text               w25x40c.o
    0x0002c4c0   0x0002c4c0   0x00000e08   Code   RO          112    .text               lcd360.o
    0x0002d2c8   0x0002d2c8   0x00000268   Code   RO          114    .text               app_f000.o
    0x0002d530   0x0002d530   0x00000214   Code   RO          119    .text               f000s.o
    0x0002d744   0x0002d744   0x00000498   Code   RO          121    .text               f000s_task.o
    0x0002dbdc   0x0002dbdc   0x00000024   Code   RO          125    .text               c_5.l(vsprintf.o)
    0x0002dc00   0x0002dc00   0x0000004e   Code   RO          133    .text               c_5.l(_printf_pad.o)
    0x0002dc4e   0x0002dc4e   0x0000002c   Code   RO          134    .text               c_5.l(_printf_truncate.o)
    0x0002dc7a   0x0002dc7a   0x00000052   Code   RO          135    .text               c_5.l(_printf_str.o)
    0x0002dccc   0x0002dccc   0x00000008   Ven    RO          136    .text               c_5.l(_printf_dec.o)
    0x0002dcd4   0x0002dcd4   0x0000006c   Code   RO          136    .text               c_5.l(_printf_dec.o)
    0x0002dd40   0x0002dd40   0x00000008   Ven    RO          137    .text               c_5.l(_printf_charcount.o)
    0x0002dd48   0x0002dd48   0x00000026   Code   RO          137    .text               c_5.l(_printf_charcount.o)
    0x0002dd6e   0x0002dd6e   0x00000002   PAD
    0x0002dd70   0x0002dd70   0x00000030   Code   RO          138    .text               c_5.l(_printf_char_common.o)
    0x0002dda0   0x0002dda0   0x0000000a   Code   RO          139    .text               c_5.l(_sputc.o)
    0x0002ddaa   0x0002ddaa   0x00000002   PAD
    0x0002ddac   0x0002ddac   0x000000bc   Code   RO          140    .text               c_5.l(_printf_wctomb.o)
    0x0002de68   0x0002de68   0x00000008   Ven    RO          142    .text               c_5.l(_printf_longlong_dec.o)
    0x0002de70   0x0002de70   0x00000070   Code   RO          142    .text               c_5.l(_printf_longlong_dec.o)
    0x0002dee0   0x0002dee0   0x00000008   Ven    RO          145    .text               c_5.l(_printf_oct_int_ll.o)
    0x0002dee8   0x0002dee8   0x00000070   Code   RO          145    .text               c_5.l(_printf_oct_int_ll.o)
    0x0002df58   0x0002df58   0x00000008   Ven    RO          158    .text               c_5.l(_printf_hex_int_ll_ptr.o)
    0x0002df60   0x0002df60   0x00000098   Code   RO          158    .text               c_5.l(_printf_hex_int_ll_ptr.o)
    0x0002dff8   0x0002dff8   0x00000188   Code   RO          170    .text               c_5.l(__printf_flags_ss_wp.o)
    0x0002e180   0x0002e180   0x00000098   Code   RO          221    .text               c_5.l(lludiv10.o)
    0x0002e218   0x0002e218   0x000000b0   Code   RO          222    .text               c_5.l(_printf_intcommon.o)
    0x0002e2c8   0x0002e2c8   0x00000414   Code   RO          223    .text               c_5.l(_printf_fp_dec.o)
    0x0002e6dc   0x0002e6dc   0x00000008   Ven    RO          224    .text               c_5.l(_printf_fp_hex.o)
    0x0002e6e4   0x0002e6e4   0x000002d8   Code   RO          224    .text               c_5.l(_printf_fp_hex.o)
    0x0002e9bc   0x0002e9bc   0x00000008   Ven    RO          227    .text               c_5.l(_printf_char.o)
    0x0002e9c4   0x0002e9c4   0x0000002e   Code   RO          227    .text               c_5.l(_printf_char.o)
    0x0002e9f2   0x0002e9f2   0x00000002   PAD
    0x0002e9f4   0x0002e9f4   0x00000008   Ven    RO          228    .text               c_5.l(_printf_wchar.o)
    0x0002e9fc   0x0002e9fc   0x0000002e   Code   RO          228    .text               c_5.l(_printf_wchar.o)
    0x0002ea2a   0x0002ea2a   0x00000040   Code   RO          230    .text               c_5.l(_wcrtomb.o)
    0x0002ea6a   0x0002ea6a   0x00000002   PAD
    0x0002ea6c   0x0002ea6c   0x0000002c   Code   RO          231    .text               c_5.l(rtudiv10.o)
    0x0002ea98   0x0002ea98   0x00000014   Code   RO          233    .text               c_5.l(rt_ctype_table.o)
    0x0002eaac   0x0002eaac   0x0000000c   Code   RO          236    .text               c_5.l(rt_locale_intlibspace.o)
    0x0002eab8   0x0002eab8   0x00000088   Code   RO          237    .text               c_5.l(_printf_fp_infnan.o)
    0x0002eb40   0x0002eb40   0x000000d8   Code   RO          238    .text               c_5.l(bigflt0.o)
    0x0002ec18   0x0002ec18   0x00000010   Code   RO          253    .text               c_5.l(exit.o)
    0x0002ec28   0x0002ec28   0x000000f4   Code   RO          267    .text               c_5.l(strcmp.o)
    0x0002ed1c   0x0002ed1c   0x00000004   Code   RO          313    .text               c_5.l(use_no_semi.o)
    0x0002ed20   0x0002ed20   0x00000000   Code   RO          314    .text               c_5.l(indicate_semi.o)
    0x0002ed20   0x0002ed20   0x0000000c   Code   RO          324    .text               c_5.l(sys_exit.o)
    0x0002ed2c   0x0002ed2c   0x00000038   Code   RO          240    CL$$btod_d2e        c_5.l(btod.o)
    0x0002ed64   0x0002ed64   0x00000054   Code   RO          242    CL$$btod_d2e_denorm_low  c_5.l(btod.o)
    0x0002edb8   0x0002edb8   0x00000068   Code   RO          241    CL$$btod_d2e_norm_op1  c_5.l(btod.o)
    0x0002ee20   0x0002ee20   0x00000348   Code   RO          250    CL$$btod_div_common  c_5.l(btod.o)
    0x0002f168   0x0002f168   0x000000f4   Code   RO          247    CL$$btod_e2e        c_5.l(btod.o)
    0x0002f25c   0x0002f25c   0x00000034   Code   RO          244    CL$$btod_ediv       c_5.l(btod.o)
    0x0002f290   0x0002f290   0x00000034   Code   RO          243    CL$$btod_emul       c_5.l(btod.o)
    0x0002f2c4   0x0002f2c4   0x00000264   Code   RO          249    CL$$btod_mult_common  c_5.l(btod.o)
    0x0002f528   0x0002f528   0x00000008   Ven    RO          383    Veneer$$Code        anon$$obj.o
    0x0002f530   0x0002f530   0x00000008   Ven    RO          384    Veneer$$Code        anon$$obj.o
    0x0002f538   0x0002f538   0x00000008   Ven    RO          385    Veneer$$Code        anon$$obj.o
    0x0002f540   0x0002f540   0x00000008   Ven    RO          386    Veneer$$Code        anon$$obj.o
    0x0002f548   0x0002f548   0x00000008   Ven    RO          387    Veneer$$Code        anon$$obj.o
    0x0002f550   0x0002f550   0x00000008   Ven    RO          388    Veneer$$Code        anon$$obj.o
    0x0002f558   0x0002f558   0x00000030   Code   RO          259    i.__ARM_fpclassify  m_5s.l(fpclassify.o)
    0x0002f588   0x0002f588   0x0000000e   Code   RO          166    i._is_digit         c_5.l(__printf_wp.o)
    0x0002f596   0x0002f596   0x00000002   PAD
    0x0002f598   0x0002f598   0x00000048   Code   RO          252    locale$$code        c_5.l(lc_numeric_c.o)
    0x0002f5e0   0x0002f5e0   0x00000048   Code   RO          266    locale$$code        c_5.l(lc_ctype_c.o)
    0x0002f628   0x0002f628   0x0000002c   Code   RO          127    x$fpl$dfltu         fz_5s.l(dflt_clz.o)
    0x0002f654   0x0002f654   0x00000178   Code   RO          130    x$fpl$dmul          fz_5s.l(dmul.o)
    0x0002f7cc   0x0002f7cc   0x000000b8   Code   RO          195    x$fpl$dnaninf       fz_5s.l(dnaninf.o)
    0x0002f884   0x0002f884   0x00000010   Code   RO          196    x$fpl$dretinf       fz_5s.l(dretinf.o)
    0x0002f894   0x0002f894   0x00000008   Code   RO          258    x$fpl$ieeestatus    fz_5s.l(istatus.o)
    0x0002f89c   0x0002f89c   0x00000004   Code   RO          197    x$fpl$printf1       fz_5s.l(printf1.o)
    0x0002f8a0   0x0002f8a0   0x00000004   Code   RO          198    x$fpl$printf2       fz_5s.l(printf2.o)
    0x0002f8a4   0x0002f8a4   0x00000000   Code   RO          201    x$fpl$usenofp       fz_5s.l(usenofp.o)
    0x0002f8a4   0x0002f8a4   0x00000010   Data   RO            9    .constdata          main.o
    0x0002f8b4   0x0002f8b4   0x0000002f   Data   RO           17    .constdata          app.o
    0x0002f8e3   0x0002f8e3   0x00000001   PAD
    0x0002f8e4   0x0002f8e4   0x00000020   Data   RO           20    .constdata          app_batt.o
    0x0002f904   0x0002f904   0x00000008   Data   RO           21    .constdata          app_batt.o
    0x0002f90c   0x0002f90c   0x00000008   Data   RO           24    .constdata          app_dis.o
    0x0002f914   0x0002f914   0x00000008   Data   RO           25    .constdata          app_dis.o
    0x0002f91c   0x0002f91c   0x00000030   Data   RO           27    .constdata          app_oads.o
    0x0002f94c   0x0002f94c   0x00000008   Data   RO           28    .constdata          app_oads.o
    0x0002f954   0x0002f954   0x000000a8   Data   RO           29    .constdata          app_oads.o
    0x0002f9fc   0x0002f9fc   0x00000046   Data   RO           32    .constdata          app_sec.o
    0x0002fa42   0x0002fa42   0x00000002   PAD
    0x0002fa44   0x0002fa44   0x00000028   Data   RO           33    .constdata          app_sec.o
    0x0002fa6c   0x0002fa6c   0x00000008   Data   RO           34    .constdata          app_sec.o
    0x0002fa74   0x0002fa74   0x00000098   Data   RO           38    .constdata          app_task.o
    0x0002fb0c   0x0002fb0c   0x0000000c   Data   RO           39    .constdata          app_task.o
    0x0002fb18   0x0002fb18   0x000000ae   Data   RO           40    .constdata          app_task.o
    0x0002fbc6   0x0002fbc6   0x00000121   Data   RO           45    .constdata          app_ancsc.o
    0x0002fce7   0x0002fce7   0x0000000a   Data   RO           48    .constdata          rwble.o
    0x0002fcf1   0x0002fcf1   0x00000004   Data   RO           56    .constdata          nvds.o
    0x0002fcf5   0x0002fcf5   0x0000000f   Data   RO           65    .constdata          rf_xvr.o
    0x0002fd04   0x0002fd04   0x000000a8   Data   RO           93    .constdata          diss.o
    0x0002fdac   0x0002fdac   0x00000018   Data   RO           95    .constdata          diss_task.o
    0x0002fdc4   0x0002fdc4   0x00000038   Data   RO           97    .constdata          bass.o
    0x0002fdfc   0x0002fdfc   0x00000030   Data   RO           99    .constdata          bass_task.o
    0x0002fe2c   0x0002fe2c   0x00000010   Data   RO          101    .constdata          ancsc.o
    0x0002fe3c   0x0002fe3c   0x00000088   Data   RO          103    .constdata          ancsc_task.o
    0x0002fec4   0x0002fec4   0x0000009e   Data   RO          107    .constdata          oads.o
    0x0002ff62   0x0002ff62   0x00000002   PAD
    0x0002ff64   0x0002ff64   0x00000062   Data   RO          110    .constdata          oads_task.o
    0x0002ffc6   0x0002ffc6   0x00000002   PAD
    0x0002ffc8   0x0002ffc8   0x00000038   Data   RO          115    .constdata          app_f000.o
    0x00030000   0x00030000   0x00000008   Data   RO          116    .constdata          app_f000.o
    0x00030008   0x00030008   0x0000004c   Data   RO          117    .constdata          app_f000.o
    0x00030054   0x00030054   0x00000080   Data   RO          120    .constdata          f000s.o
    0x000300d4   0x000300d4   0x000000da   Data   RO          122    .constdata          f000s_task.o
    0x000301ae   0x000301ae   0x00000002   PAD
    0x000301b0   0x000301b0   0x00000008   Data   RO          141    .constdata          c_5.l(_printf_wctomb.o)
    0x000301b8   0x000301b8   0x00000028   Data   RO          159    .constdata          c_5.l(_printf_hex_int_ll_ptr.o)
    0x000301e0   0x000301e0   0x00000011   Data   RO          171    .constdata          c_5.l(__printf_flags_ss_wp.o)
    0x000301f1   0x000301f1   0x00000026   Data   RO          225    .constdata          c_5.l(_printf_fp_hex.o)
    0x00030217   0x00030217   0x00000001   PAD
    0x00030218   0x00030218   0x00000094   Data   RO          239    .constdata          c_5.l(bigflt0.o)
    0x000302ac   0x000302ac   0x000000ca   Data   RO           35    .conststring        app_sec.o
    0x00030376   0x00030376   0x00000002   PAD
    0x00030378   0x00030378   0x000000e8   Data   RO          104    .conststring        ancsc_task.o
    0x00030460   0x00030460   0x00000030   Data   RO          364    Region$$Table       anon$$obj.o
    0x00030490   0x00030490   0x0000001c   Data   RO          251    locale$$data        c_5.l(lc_numeric_c.o)
    0x000304ac   0x000304ac   0x00000110   Data   RO          265    locale$$data        c_5.l(lc_ctype_c.o)


    Execution Region RAM_DATA (Exec base: 0x00400800, Load base: 0x000305bc, Size: 0x00000068, Max: 0xffffffff, ABSOLUTE)

    Exec Addr    Load Addr    Size         Type   Attr      Idx    E Section Name        Object

    0x00400800   0x000305bc   0x00000002   Data   RW           22    .data               app_batt.o
    0x00400802   0x000305be   0x00000001   Data   RW           30    .data               app_oads.o
    0x00400803   0x000305bf   0x00000005   Data   RW           36    .data               app_sec.o
    0x00400808   0x000305c4   0x00000001   Data   RW           41    .data               app_task.o
    0x00400809   0x000305c5   0x00000003   PAD
    0x0040080c   0x000305c8   0x00000008   Data   RW           46    .data               app_ancsc.o
    0x00400814   0x000305d0   0x00000004   Data   RW           49    .data               rwble.o
    0x00400818   0x000305d4   0x00000001   Data   RW           52    .data               rwip.o
    0x00400819   0x000305d5   0x00000003   PAD
    0x0040081c   0x000305d8   0x0000000c   Data   RW           62    .data               flash.o
    0x00400828   0x000305e4   0x00000004   Data   RW           67    .data               gpio.o
    0x0040082c   0x000305e8   0x00000001   Data   RW           70    .data               spi.o
    0x0040082d   0x000305e9   0x00000005   Data   RW           72    .data               icu.o
    0x00400832   0x000305ee   0x00000002   PAD
    0x00400834   0x000305f0   0x00000008   Data   RW           78    .data               uart2.o
    0x0040083c   0x000305f8   0x0000000c   Data   RW           83    .data               uart.o
    0x00400848   0x00030604   0x00000004   Data   RW           85    .data               aon_rtc.o
    0x0040084c   0x00030608   0x00000010   Data   RW          108    .data               oads.o
    0x0040085c   0x00030618   0x00000008   Data   RW          113    .data               lcd360.o
    0x00400864   0x00030620   0x00000003   Data   RW          118    .data               app_f000.o


    Execution Region RAM_BSS (Exec base: 0x00400868, Load base: 0x00030624, Size: 0x00003a88, Max: 0xffffffff, ABSOLUTE)

    Exec Addr    Load Addr    Size         Type   Attr      Idx    E Section Name        Object

    0x00400868        -       0x00001000   Zero   RW            8    .bss                main.o
    0x00401868        -       0x0000002e   Zero   RW           16    .bss                app.o
    0x00401896   0x00030624   0x00000002   PAD
    0x00401898        -       0x00002604   Zero   RW           51    .bss                rwip.o
    0x00403e9c        -       0x00000018   Zero   RW           55    .bss                nvds.o
    0x00403eb4        -       0x000000c8   Zero   RW           59    .bss                prf.o
    0x00403f7c        -       0x00000080   Zero   RW           64    .bss                rf_xvr.o
    0x00403ffc        -       0x0000000c   Zero   RW           69    .bss                spi.o
    0x00404008        -       0x00000100   Zero   RW           77    .bss                uart2.o
    0x00404108        -       0x000000c8   Zero   RW           80    .bss                uart.o
    0x004041d0        -       0x000000c0   Zero   RW          106    .bss                oads.o
    0x00404290        -       0x00000060   Zero   RW          261    .bss                c_5.l(libspace.o)


    Execution Region RAM_STACK_UNUSED (Exec base: 0x0040f2cc, Load base: 0x00030624, Size: 0x00000060, Max: 0x00000060, ABSOLUTE)

    Exec Addr    Load Addr    Size         Type   Attr      Idx    E Section Name        Object

    0x0040f2cc        -       0x00000060   Zero   RW            1    RAM_STACK_UNUSED.bss  anon$$obj.o


    Execution Region RAM_STACK_SVC (Exec base: 0x0040f32c, Load base: 0x00030624, Size: 0x000006f0, Max: 0x000006f0, ABSOLUTE)

    Exec Addr    Load Addr    Size         Type   Attr      Idx    E Section Name        Object

    0x0040f32c        -       0x000006f0   Zero   RW            2    RAM_STACK_SVC.bss   anon$$obj.o


    Execution Region RAM_STACK_IRQ (Exec base: 0x0040fa1c, Load base: 0x00030624, Size: 0x000003f0, Max: 0x000003f0, ABSOLUTE)

    Exec Addr    Load Addr    Size         Type   Attr      Idx    E Section Name        Object

    0x0040fa1c        -       0x000003f0   Zero   RW            3    RAM_STACK_IRQ.bss   anon$$obj.o


    Execution Region RAM_STACK_FIQ (Exec base: 0x0040fe0c, Load base: 0x00030624, Size: 0x000001f0, Max: 0x000001f0, ABSOLUTE)

    Exec Addr    Load Addr    Size         Type   Attr      Idx    E Section Name        Object

    0x0040fe0c        -       0x000001f0   Zero   RW            4    RAM_STACK_FIQ.bss   anon$$obj.o


    Execution Region RAM_BSS_1 (Exec base: 0x00812800, Load base: 0x00030624, Size: 0x000011bc, Max: 0xffffffff, ABSOLUTE)

    Exec Addr    Load Addr    Size         Type   Attr      Idx    E Section Name        Object

    0x00812800        -       0x000011bc   Zero   RW           53    ke_heap             rwip.o


==============================================================================

Image component sizes


      Code (inc. data)   RO Data    RW Data    ZI Data      Debug   Object Name

       284         12         16          0          0          0   ancsc.o
      1232        180        368          0          0          0   ancsc_task.o
       116         28          0          4          0          0   aon_rtc.o
       736        104         47          0         46          0   app.o
      1200        526        289          8          0          0   app_ancsc.o
       164         14         40          2          0          0   app_batt.o
       276        120         16          0          0          0   app_dis.o
       616        208        140          3          0          0   app_f000.o
       440        126        224          1          0          0   app_oads.o
       916        238        320          5          0          0   app_sec.o
      2284        814        338          1          0          0   app_task.o
       936         14         56          0          0          0   bass.o
       716         18         48          0          0          0   bass_task.o
       500         76          0          0          0          0   boot_handlers.o
        92         32          0          0          0          0   boot_vectors.o
       376          8        168          0          0          0   diss.o
       496         14         24          0          0          0   diss_task.o
       124         14          0          0          0          0   dma.o
       532         16        128          0          0          0   f000s.o
      1176        148        218          0          0          0   f000s_task.o
      1792        166          0         12          0          0   flash.o
       356         14          0          4          0          0   gpio.o
       668         48          0          5          0          0   icu.o
       224          4          0          0          0          0   intc.o
      3592         70          0          8          0          0   lcd360.o
       824        328         16          0       4096          0   main.o
       764         30          4          0         24          0   nvds.o
      2036        540        158         16        192          0   oads.o
       828        154         98          0          0          0   oads_task.o
       604         24          0          0        200          0   prf.o
       988          6          0          0          0          0   prf_utils.o
      2312        874         15          0        128          0   rf_xvr.o
       308        138         10          4          0          0   rwble.o
       912        186          0          1      14272          0   rwip.o
       912        124          0          1         12          0   spi.o
       584         38          0         12        200          0   uart.o
       260         24          0          8        256          0   uart2.o
      1112         92          0          0          0          0   w25x40c.o
        52          6          0          0          0          0   wdt.o

    ----------------------------------------------------------------------
     32452       5620       2800        104      22804          0   Object Totals
        96         44         48          0       3376          0   (incl. Generated)
        16          0         11          9          2          0   (incl. Padding)

    ----------------------------------------------------------------------

      Code (inc. data)   RO Data    RW Data    ZI Data      Debug   Library Member Name

         8          0          0          0          0          0   __main.o
       392          6         17          0          0          0   __printf_flags_ss_wp.o
        14          0          0          0          0          0   __printf_wp.o
         0          0          0          0          0          0   __rtentry.o
        44          4          0          0          0          0   __rtentry2.o
         8          4          0          0          0          0   __rtentry5.o
        60          8          0          0          0          0   __scatter.o
        40          0          0          0          0          0   __scatter_copy.o
        44          0          0          0          0          0   __scatter_zi.o
         8          0          0          0          0          0   _printf_a.o
         8          0          0          0          0          0   _printf_c.o
        54          0          0          0          0          0   _printf_char.o
        48          6          0          0          0          0   _printf_char_common.o
        46          0          0          0          0          0   _printf_charcount.o
         8          0          0          0          0          0   _printf_d.o
       116         18          0          0          0          0   _printf_dec.o
         8          0          0          0          0          0   _printf_e.o
         8          0          0          0          0          0   _printf_f.o
      1044         12          0          0          0          0   _printf_fp_dec.o
       736         10         38          0          0          0   _printf_fp_hex.o
       136         16          0          0          0          0   _printf_fp_infnan.o
         8          0          0          0          0          0   _printf_g.o
       160          4         40          0          0          0   _printf_hex_int_ll_ptr.o
         8          0          0          0          0          0   _printf_i.o
       176          0          0          0          0          0   _printf_intcommon.o
        12          0          0          0          0          0   _printf_l.o
         8          0          0          0          0          0   _printf_lc.o
        12          0          0          0          0          0   _printf_ll.o
         8          0          0          0          0          0   _printf_lld.o
         8          0          0          0          0          0   _printf_lli.o
         8          0          0          0          0          0   _printf_llo.o
         8          0          0          0          0          0   _printf_llu.o
         8          0          0          0          0          0   _printf_llx.o
       120         18          0          0          0          0   _printf_longlong_dec.o
         8          0          0          0          0          0   _printf_ls.o
         8          0          0          0          0          0   _printf_n.o
         8          0          0          0          0          0   _printf_o.o
       120         10          0          0          0          0   _printf_oct_int_ll.o
         8          0          0          0          0          0   _printf_p.o
        78          0          0          0          0          0   _printf_pad.o
         0          0          0          0          0          0   _printf_percent.o
         8          0          0          0          0          0   _printf_percent_end.o
         8          0          0          0          0          0   _printf_s.o
        82          0          0          0          0          0   _printf_str.o
        44          0          0          0          0          0   _printf_truncate.o
         8          0          0          0          0          0   _printf_u.o
        54          0          0          0          0          0   _printf_wchar.o
       188          6          8          0          0          0   _printf_wctomb.o
         8          0          0          0          0          0   _printf_x.o
        10          0          0          0          0          0   _sputc.o
        64          0          0          0          0          0   _wcrtomb.o
       216          6        148          0          0          0   bigflt0.o
      2044        128          0          0          0          0   btod.o
        16          0          0          0          0          0   exit.o
         0          0          0          0          0          0   indicate_semi.o
        72          8        272          0          0          0   lc_ctype_c.o
        72          8         28          0          0          0   lc_numeric_c.o
         2          0          0          0          0          0   libinit.o
        30          0          0          0          0          0   libinit2.o
         2          0          0          0          0          0   libshutdown.o
         2          0          0          0          0          0   libshutdown2.o
         0          0          0          0         96          0   libspace.o
       152          0          0          0          0          0   lludiv10.o
        20          4          0          0          0          0   rt_ctype_table.o
        12          4          0          0          0          0   rt_locale_intlibspace.o
         4          0          0          0          0          0   rtexit.o
        12          0          0          0          0          0   rtexit2.o
        44          0          0          0          0          0   rtudiv10.o
       244          4          0          0          0          0   strcmp.o
        12          4          0          0          0          0   sys_exit.o
         4          0          0          0          0          0   use_no_semi.o
        36          4          0          0          0          0   vsprintf.o
        44          0          0          0          0          0   dflt_clz.o
       376         16          0          0          0          0   dmul.o
       184          0          0          0          0          0   dnaninf.o
        16          0          0          0          0          0   dretinf.o
         8          0          0          0          0          0   istatus.o
         4          0          0          0          0          0   printf1.o
         4          0          0          0          0          0   printf2.o
         0          0          0          0          0          0   usenofp.o
        48          4          0          0          0          0   fpclassify.o

    ----------------------------------------------------------------------
      7768        312        552          0         96          0   Library Totals
        10          0          1          0          0          0   (incl. Padding)

    ----------------------------------------------------------------------

      Code (inc. data)   RO Data    RW Data    ZI Data      Debug   Library Name

      7074        292        551          0         96          0   c_5.l
       636         16          0          0          0          0   fz_5s.l
        48          4          0          0          0          0   m_5s.l

    ----------------------------------------------------------------------
      7768        312        552          0         96          0   Library Totals

    ----------------------------------------------------------------------

==============================================================================


      Code (inc. data)   RO Data    RW Data    ZI Data      Debug   

     40220       5932       3352        104      22900          0   Grand Totals
     40220       5932       3352        104      22900          0   ELF Image Totals
     40220       5932       3352        104          0          0   ROM Totals

==============================================================================

    Total RO  Size (Code + RO Data)                43572 (  42.55kB)
    Total RW  Size (RW Data + ZI Data)             23004 (  22.46kB)
    Total ROM Size (Code + RO Data + RW Data)      43676 (  42.65kB)

==============================================================================

