Component: ARM Compiler 5.06 update 6 (build 750) Tool: armlink [4d35ed]

==============================================================================

Section Cross References

    boot_handlers.o(SYS_BOOT) refers to main.o(.text) for main
    boot_vectors.o(SYS_BOOT) refers to boot_handlers.o(SYS_BOOT) for sys_Reset
    boot_vectors.o(SYS_BOOT) refers to intc.o(sys_irq_entry) for SYSirq_IRQ_Handler
    boot_vectors.o(SYS_BOOT) refers to intc.o(sys_fiq_entry) for SYSirq_FIQ_Handler
    main.o(.text) refers to uart2.o(.text) for uart2_printf
    main.o(.text) refers to icu.o(.text) for cpu_reset
    main.o(.text) refers to flash.o(.text) for flash_read_data
    main.o(.text) refers to rwip.o(.text) for rwip_schedule
    main.o(.text) refers to uart.o(.text) for uart_h4tl_data_switch
    main.o(.text) refers to oads.o(.text) for oad_updating_user_section_pro
    main.o(.text) refers to wdt.o(.text) for wdt_disable
    main.o(.text) refers to intc.o(.text) for intc_init
    main.o(.text) refers to gpio.o(.text) for gpio_config
    main.o(.text) refers to rf_xvr.o(.text) for Delay_ms
    main.o(.text) refers to nvds.o(.text) for nvds_init
    main.o(.text) refers to main.o(.data) for .data
    main.o(.text) refers to main.o(.constdata) for .constdata
    main.o(.text) refers to boot_handlers.o(SYS_BOOT) for boot_stack_base_UNUSED
    main.o(.text) refers to prf.o(.text) for prf_get_id_from_task
    main.o(.text) refers to rwble.o(.text) for rwble_sleep_wakeup_end
    main.o(.constdata) refers to uart.o(.text) for uart_read
    app.o(.text) refers to uart2.o(.text) for uart2_printf
    app.o(.text) refers to flash.o(.text) for flash_read_data
    app.o(.text) refers to app_sec.o(.text) for app_sec_init
    app.o(.text) refers to app_dis.o(.text) for app_dis_init
    app.o(.text) refers to app_batt.o(.text) for app_batt_init
    app.o(.text) refers to app_oads.o(.text) for app_oads_init
    app.o(.text) refers to work.o(.text) for init_work
    app.o(.text) refers to app.o(.bss) for .bss
    app.o(.text) refers to app.o(.constdata) for .constdata
    app.o(.text) refers to app_task.o(.constdata) for TASK_DESC_APP
    app.o(.constdata) refers to app_f000.o(.text) for app_f000_add_f000s
    app.o(.constdata) refers to app_f010.o(.text) for app_f010_add_f010s
    app.o(.constdata) refers to app_f020.o(.text) for app_f020_add_f020s
    app.o(.constdata) refers to app_f030.o(.text) for app_f030_add_f030s
    app.o(.constdata) refers to app_f040.o(.text) for app_f040_add_f040s
    app.o(.constdata) refers to app_dis.o(.text) for app_dis_add_dis
    app.o(.constdata) refers to app_batt.o(.text) for app_batt_add_bas
    app.o(.constdata) refers to app_oads.o(.text) for app_oad_add_oads
    app_batt.o(.text) refers to prf.o(.text) for prf_get_task_from_id
    app_batt.o(.text) refers to app_batt.o(.data) for .data
    app_batt.o(.constdata) refers to app_batt.o(.text) for app_batt_msg_dflt_handler
    app_batt.o(.constdata) refers to app_batt.o(.constdata) for app_batt_msg_handler_list
    app_dis.o(.constdata) refers to app_dis.o(.text) for diss_value_req_ind_handler
    app_dis.o(.constdata) refers to app_dis.o(.constdata) for app_dis_msg_handler_list
    app_oads.o(.text) refers to uart2.o(.text) for uart2_printf
    app_oads.o(.text) refers to prf.o(.text) for prf_get_task_from_id
    app_oads.o(.text) refers to oads.o(.text) for oadImgIdentifyWrite
    app_oads.o(.text) refers to app_oads.o(.data) for .data
    app_oads.o(.text) refers to app_oads.o(.constdata) for .constdata
    app_oads.o(.constdata) refers to app_oads.o(.text) for app_oads_msg_dflt_handler
    app_oads.o(.constdata) refers to app_oads.o(.constdata) for app_oads_msg_handler_list
    app_sec.o(.text) refers to nvds.o(.text) for nvds_get
    app_sec.o(.text) refers to uart2.o(.text) for uart2_printf
    app_sec.o(.text) refers to app.o(.text) for appm_disconnect
    app_sec.o(.text) refers to app_sec.o(.data) for .data
    app_sec.o(.text) refers to app_sec.o(.constdata) for .constdata
    app_sec.o(.text) refers to app.o(.bss) for app_env
    app_sec.o(.constdata) refers to app_sec.o(.conststring) for .conststring
    app_sec.o(.constdata) refers to app_sec.o(.text) for app_sec_msg_dflt_handler
    app_sec.o(.constdata) refers to app_sec.o(.constdata) for app_sec_msg_handler_list
    app_task.o(.text) refers to uart2.o(.text) for uart2_printf
    app_task.o(.text) refers to nvds.o(.text) for nvds_get
    app_task.o(.text) refers to app_sec.o(.text) for app_sec_get_bond_status
    app_task.o(.text) refers to app.o(.text) for appm_add_svc
    app_task.o(.text) refers to work.o(.text) for set_ble_state
    app_task.o(.text) refers to app_batt.o(.text) for app_batt_enable_prf
    app_task.o(.text) refers to app.o(.bss) for app_env
    app_task.o(.text) refers to app_task.o(.constdata) for .constdata
    app_task.o(.text) refers to app_sec.o(.data) for app_sec_env
[...]
    gapc_get_requester                       0x00015299   Thumb Code     0  peripheral_stack_symbol.txt ABSOLUTE
    gapc_send_complete_evt                   0x000152b5   Thumb Code     0  peripheral_stack_symbol.txt ABSOLUTE
    gapc_init                                0x0001537f   Thumb Code     0  peripheral_stack_symbol.txt ABSOLUTE
    gapc_con_create                          0x000153c5   Thumb Code     0  peripheral_stack_symbol.txt ABSOLUTE
    gapc_con_cleanup                         0x000154f9   Thumb Code     0  peripheral_stack_symbol.txt ABSOLUTE
    gapc_send_disconect_ind                  0x00015509   Thumb Code     0  peripheral_stack_symbol.txt ABSOLUTE
    gapc_get_conidx                          0x0001552b   Thumb Code     0  peripheral_stack_symbol.txt ABSOLUTE
    gapc_get_conhdl                          0x00015551   Thumb Code     0  peripheral_stack_symbol.txt ABSOLUTE
    gapc_get_role                            0x00015565   Thumb Code     0  peripheral_stack_symbol.txt ABSOLUTE
    gapc_get_bdaddr                          0x0001559b   Thumb Code     0  peripheral_stack_symbol.txt ABSOLUTE
    gapc_send_error_evt                      0x000155cf   Thumb Code     0  peripheral_stack_symbol.txt ABSOLUTE
    gapc_get_operation                       0x000155f1   Thumb Code     0  peripheral_stack_symbol.txt ABSOLUTE
    gapc_get_operation_ptr                   0x00015607   Thumb Code     0  peripheral_stack_symbol.txt ABSOLUTE
    gapc_set_operation_ptr                   0x00015613   Thumb Code     0  peripheral_stack_symbol.txt ABSOLUTE
    gapc_reschedule_operation                0x0001561f   Thumb Code     0  peripheral_stack_symbol.txt ABSOLUTE
    gapc_is_sec_set                          0x0001566b   Thumb Code     0  peripheral_stack_symbol.txt ABSOLUTE
    gapc_lk_sec_lvl_get                      0x0001569f   Thumb Code     0  peripheral_stack_symbol.txt ABSOLUTE
    gapc_enc_keysize_get                     0x000156b9   Thumb Code     0  peripheral_stack_symbol.txt ABSOLUTE
    gapc_auth_set                            0x000156d1   Thumb Code     0  peripheral_stack_symbol.txt ABSOLUTE
    gapc_auth_get                            0x0001571d   Thumb Code     0  peripheral_stack_symbol.txt ABSOLUTE
    gapc_param_update_sanity                 0x0001574d   Thumb Code     0  peripheral_stack_symbol.txt ABSOLUTE
    gapc_hci_handler                         0x00015dfb   Thumb Code     0  peripheral_stack_symbol.txt ABSOLUTE
    gapc_sig_pdu_recv_handler                0x00015fed   Thumb Code     0  peripheral_stack_symbol.txt ABSOLUTE
    gapc_process_op                          0x0001822d   Thumb Code     0  peripheral_stack_symbol.txt ABSOLUTE
    gapm_update_state                        0x00018d35   Thumb Code     0  peripheral_stack_symbol.txt ABSOLUTE
    gapm_le_psm_cleanup                      0x00018d8d   Thumb Code     0  peripheral_stack_symbol.txt ABSOLUTE
    gapm_init                                0x00018da7   Thumb Code     0  peripheral_stack_symbol.txt ABSOLUTE
    gapm_init_attr                           0x00018e1d   Thumb Code     0  peripheral_stack_symbol.txt ABSOLUTE
    gapm_send_error_evt                      0x00018e47   Thumb Code     0  peripheral_stack_symbol.txt ABSOLUTE
    gapm_get_operation                       0x00018ed3   Thumb Code     0  peripheral_stack_symbol.txt ABSOLUTE
    gapm_get_requester                       0x00018ee5   Thumb Code     0  peripheral_stack_symbol.txt ABSOLUTE
    gapm_send_complete_evt                   0x00018efd   Thumb Code     0  peripheral_stack_symbol.txt ABSOLUTE
    gapm_get_address_type                    0x00018f3f   Thumb Code     0  peripheral_stack_symbol.txt ABSOLUTE
    gapm_con_create                          0x00018f4b   Thumb Code     0  peripheral_stack_symbol.txt ABSOLUTE
    gapm_con_cleanup                         0x00018f93   Thumb Code     0  peripheral_stack_symbol.txt ABSOLUTE
    gapm_get_id_from_task                    0x00018fc9   Thumb Code     0  peripheral_stack_symbol.txt ABSOLUTE
    gapm_get_task_from_id                    0x00019009   Thumb Code     0  peripheral_stack_symbol.txt ABSOLUTE
    gapm_get_max_mtu                         0x0001904f   Thumb Code     0  peripheral_stack_symbol.txt ABSOLUTE
    gapm_get_max_mps                         0x00019057   Thumb Code     0  peripheral_stack_symbol.txt ABSOLUTE
    gapm_dle_val_check                       0x0001905f   Thumb Code     0  peripheral_stack_symbol.txt ABSOLUTE
    gapm_is_legacy_pairing_supp              0x0001907b   Thumb Code     0  peripheral_stack_symbol.txt ABSOLUTE
    gapm_is_sec_con_pairing_supp             0x00019087   Thumb Code     0  peripheral_stack_symbol.txt ABSOLUTE
    gapm_le_psm_find                         0x00019093   Thumb Code     0  peripheral_stack_symbol.txt ABSOLUTE
    gapm_le_psm_get_info                     0x000190a9   Thumb Code     0  peripheral_stack_symbol.txt ABSOLUTE
    gapm_lecb_register                       0x000190d9   Thumb Code     0  peripheral_stack_symbol.txt ABSOLUTE
    gapm_lecb_unregister                     0x00019109   Thumb Code     0  peripheral_stack_symbol.txt ABSOLUTE
    gapm_is_pref_con_param_pres              0x0001912b   Thumb Code     0  peripheral_stack_symbol.txt ABSOLUTE
    gapm_get_att_handle                      0x00019137   Thumb Code     0  peripheral_stack_symbol.txt ABSOLUTE
    gapm_get_irk                             0x00019175   Thumb Code     0  peripheral_stack_symbol.txt ABSOLUTE
    gapm_get_bdaddr                          0x00019179   Thumb Code     0  peripheral_stack_symbol.txt ABSOLUTE
    attc_send_att_req                        0x0001b409   Thumb Code     0  peripheral_stack_symbol.txt ABSOLUTE
    attc_send_hdl_cfm                        0x0001b433   Thumb Code     0  peripheral_stack_symbol.txt ABSOLUTE
    attc_send_execute                        0x0001b453   Thumb Code     0  peripheral_stack_symbol.txt ABSOLUTE
    attc_send_read_ind                       0x0001b477   Thumb Code     0  peripheral_stack_symbol.txt ABSOLUTE
    attc_l2cc_pdu_recv_handler               0x0001be79   Thumb Code     0  peripheral_stack_symbol.txt ABSOLUTE
    attm_convert_to128                       0x0001bed1   Thumb Code     0  peripheral_stack_symbol.txt ABSOLUTE
    attm_uuid_comp                           0x0001bf01   Thumb Code     0  peripheral_stack_symbol.txt ABSOLUTE
    attm_uuid16_comp                         0x0001bf59   Thumb Code     0  peripheral_stack_symbol.txt ABSOLUTE
    attm_is_bt16_uuid                        0x0001bf65   Thumb Code     0  peripheral_stack_symbol.txt ABSOLUTE
    attm_is_bt32_uuid                        0x0001bf8b   Thumb Code     0  peripheral_stack_symbol.txt ABSOLUTE
    attm_convert_to128_ti                    0x0001bfc7   Thumb Code     0  peripheral_stack_symbol.txt ABSOLUTE
    attm_svc_create_db                       0x0001bff7   Thumb Code     0  peripheral_stack_symbol.txt ABSOLUTE
    attm_svc_create_db_128                   0x0001c0f7   Thumb Code     0  peripheral_stack_symbol.txt ABSOLUTE
    attm_svc_create_db128                    0x0001c223   Thumb Code     0  peripheral_stack_symbol.txt ABSOLUTE
    attm_reserve_handle_range                0x0001c361   Thumb Code     0  peripheral_stack_symbol.txt ABSOLUTE
    attm_att_set_value                       0x0001c383   Thumb Code     0  peripheral_stack_symbol.txt ABSOLUTE
    attm_get_value                           0x0001c435   Thumb Code     0  peripheral_stack_symbol.txt ABSOLUTE
    attm_att_set_permission                  0x0001c5a9   Thumb Code     0  peripheral_stack_symbol.txt ABSOLUTE
    attm_att_update_perm                     0x0001c655   Thumb Code     0  peripheral_stack_symbol.txt ABSOLUTE
    attm_svc_set_permission                  0x0001c6c3   Thumb Code     0  peripheral_stack_symbol.txt ABSOLUTE
    attm_svc_get_permission                  0x0001c6e7   Thumb Code     0  peripheral_stack_symbol.txt ABSOLUTE
    attm_init                                0x0001c705   Thumb Code     0  peripheral_stack_symbol.txt ABSOLUTE
    attmdb_svc_check_hdl                     0x0001caf9   Thumb Code     0  peripheral_stack_symbol.txt ABSOLUTE
    attmdb_add_service                       0x0001cb4b   Thumb Code     0  peripheral_stack_symbol.txt ABSOLUTE
    attmdb_get_service                       0x0001cbc7   Thumb Code     0  peripheral_stack_symbol.txt ABSOLUTE
    attmdb_destroy                           0x0001cee3   Thumb Code     0  peripheral_stack_symbol.txt ABSOLUTE
    attmdb_get_attribute                     0x0001cf49   Thumb Code     0  peripheral_stack_symbol.txt ABSOLUTE
    attmdb_get_next_att                      0x0001cf7d   Thumb Code     0  peripheral_stack_symbol.txt ABSOLUTE
    attmdb_uuid16_comp                       0x0001cfef   Thumb Code     0  peripheral_stack_symbol.txt ABSOLUTE
    attmdb_get_max_len                       0x0001d041   Thumb Code     0  peripheral_stack_symbol.txt ABSOLUTE
    attmdb_get_uuid                          0x0001d0ab   Thumb Code     0  peripheral_stack_symbol.txt ABSOLUTE
    attmdb_att_get_permission                0x0001d181   Thumb Code     0  peripheral_stack_symbol.txt ABSOLUTE
    atts_clear_read_cache                    0x0001d339   Thumb Code     0  peripheral_stack_symbol.txt ABSOLUTE
    atts_send_error                          0x0001d4a1   Thumb Code     0  peripheral_stack_symbol.txt ABSOLUTE
    atts_write_signed_cfm                    0x0001d4c5   Thumb Code     0  peripheral_stack_symbol.txt ABSOLUTE
    atts_send_event                          0x0001d507   Thumb Code     0  peripheral_stack_symbol.txt ABSOLUTE
    atts_clear_prep_data                     0x0001d5a9   Thumb Code     0  peripheral_stack_symbol.txt ABSOLUTE
    atts_clear_rsp_data                      0x0001d5c5   Thumb Code     0  peripheral_stack_symbol.txt ABSOLUTE
    atts_write_rsp_send                      0x0001d5e1   Thumb Code     0  peripheral_stack_symbol.txt ABSOLUTE
    atts_process_pdu                         0x0001e32d   Thumb Code     0  peripheral_stack_symbol.txt ABSOLUTE
    atts_l2cc_pdu_recv_handler               0x0001e393   Thumb Code     0  peripheral_stack_symbol.txt ABSOLUTE
    gattc_update_state                       0x0001e5cf   Thumb Code     0  peripheral_stack_symbol.txt ABSOLUTE
    gattc_get_requester                      0x0001e5f5   Thumb Code     0  peripheral_stack_symbol.txt ABSOLUTE
    gattc_send_complete_evt                  0x0001e611   Thumb Code     0  peripheral_stack_symbol.txt ABSOLUTE
    gattc_cleanup                            0x0001e66f   Thumb Code     0  peripheral_stack_symbol.txt ABSOLUTE
    gattc_init                               0x0001e707   Thumb Code     0  peripheral_stack_symbol.txt ABSOLUTE
    gattc_create                             0x0001e74f   Thumb Code     0  peripheral_stack_symbol.txt ABSOLUTE
    gattc_con_enable                         0x0001e7cb   Thumb Code     0  peripheral_stack_symbol.txt ABSOLUTE
    gattc_get_mtu                            0x0001e86d   Thumb Code     0  peripheral_stack_symbol.txt ABSOLUTE
    gattc_get_operation_ptr                  0x0001e879   Thumb Code     0  peripheral_stack_symbol.txt ABSOLUTE
    gattc_get_operation                      0x0001e885   Thumb Code     0  peripheral_stack_symbol.txt ABSOLUTE
    gattc_set_mtu                            0x0001e89b   Thumb Code     0  peripheral_stack_symbol.txt ABSOLUTE
    gattc_send_error_evt                     0x0001e909   Thumb Code     0  peripheral_stack_symbol.txt ABSOLUTE
    gattc_get_op_seq_num                     0x0001e92f   Thumb Code     0  peripheral_stack_symbol.txt ABSOLUTE
    gattc_set_operation_ptr                  0x0001e945   Thumb Code     0  peripheral_stack_symbol.txt ABSOLUTE
    gattc_reschedule_operation               0x0001e961   Thumb Code     0  peripheral_stack_symbol.txt ABSOLUTE
    gattm_init                               0x0001ff2f   Thumb Code     0  peripheral_stack_symbol.txt ABSOLUTE
    gattm_init_attr                          0x0001ff57   Thumb Code     0  peripheral_stack_symbol.txt ABSOLUTE
    gattm_create                             0x0001ff83   Thumb Code     0  peripheral_stack_symbol.txt ABSOLUTE
    gattm_cleanup                            0x0001ff8b   Thumb Code     0  peripheral_stack_symbol.txt ABSOLUTE
    l2cc_update_state                        0x00020069   Thumb Code     0  peripheral_stack_symbol.txt ABSOLUTE
    l2cc_cleanup                             0x000200d5   Thumb Code     0  peripheral_stack_symbol.txt ABSOLUTE
    l2cc_init                                0x000201a1   Thumb Code     0  peripheral_stack_symbol.txt ABSOLUTE
    l2cc_create                              0x000201e9   Thumb Code     0  peripheral_stack_symbol.txt ABSOLUTE
    l2cc_get_operation                       0x00020233   Thumb Code     0  peripheral_stack_symbol.txt ABSOLUTE
    l2cc_get_operation_ptr                   0x00020247   Thumb Code     0  peripheral_stack_symbol.txt ABSOLUTE
    l2cc_set_operation_ptr                   0x00020253   Thumb Code     0  peripheral_stack_symbol.txt ABSOLUTE
    l2cc_data_send                           0x0002025f   Thumb Code     0  peripheral_stack_symbol.txt ABSOLUTE
    l2cc_lecb_h2l_err                        0x000204cd   Thumb Code     0  peripheral_stack_symbol.txt ABSOLUTE
    l2cc_lecb_find                           0x00020507   Thumb Code     0  peripheral_stack_symbol.txt ABSOLUTE
    l2cc_lecb_free                           0x00020543   Thumb Code     0  peripheral_stack_symbol.txt ABSOLUTE
    l2cc_lecb_init_disconnect                0x000205e7   Thumb Code     0  peripheral_stack_symbol.txt ABSOLUTE
    l2cc_lecb_send_con_req                   0x00020617   Thumb Code     0  peripheral_stack_symbol.txt ABSOLUTE
    l2cc_lecb_send_con_rsp                   0x00020653   Thumb Code     0  peripheral_stack_symbol.txt ABSOLUTE
    l2cc_lecb_send_disc_req                  0x00020683   Thumb Code     0  peripheral_stack_symbol.txt ABSOLUTE
    l2cc_lecb_send_disc_rsp                  0x000206b3   Thumb Code     0  peripheral_stack_symbol.txt ABSOLUTE
    l2cc_lecb_send_credit_add                0x000206d7   Thumb Code     0  peripheral_stack_symbol.txt ABSOLUTE
    l2cc_lecb_pdu_pack                       0x00020709   Thumb Code     0  peripheral_stack_symbol.txt ABSOLUTE
    l2cc_lecb_pdu_unpack                     0x0002076d   Thumb Code     0  peripheral_stack_symbol.txt ABSOLUTE
    l2cc_pdu_pack                            0x000207e9   Thumb Code     0  peripheral_stack_symbol.txt ABSOLUTE
    l2cc_pdu_unpack                          0x00020a81   Thumb Code     0  peripheral_stack_symbol.txt ABSOLUTE
    l2cc_pdu_header_check                    0x00020ddf   Thumb Code     0  peripheral_stack_symbol.txt ABSOLUTE
    l2cc_sig_send_cmd_reject                 0x00021081   Thumb Code     0  peripheral_stack_symbol.txt ABSOLUTE
    l2cc_sig_pdu_recv_handler                0x00021561   Thumb Code     0  peripheral_stack_symbol.txt ABSOLUTE
    l2cc_process_op                          0x000215b1   Thumb Code     0  peripheral_stack_symbol.txt ABSOLUTE
    l2cc_pdu_alloc                           0x00021d03   Thumb Code     0  peripheral_stack_symbol.txt ABSOLUTE
    l2cc_pdu_send                            0x00021d2d   Thumb Code     0  peripheral_stack_symbol.txt ABSOLUTE
    l2cm_init                                0x00021d93   Thumb Code     0  peripheral_stack_symbol.txt ABSOLUTE
    l2cm_create                              0x00021dc5   Thumb Code     0  peripheral_stack_symbol.txt ABSOLUTE
    l2cm_tx_status                           0x00021dcd   Thumb Code     0  peripheral_stack_symbol.txt ABSOLUTE
    l2cm_cleanup                             0x00021df7   Thumb Code     0  peripheral_stack_symbol.txt ABSOLUTE
    l2cm_set_link_layer_buff_size            0x00021e0b   Thumb Code     0  peripheral_stack_symbol.txt ABSOLUTE
    l2cm_get_nb_buffer_available             0x00021e15   Thumb Code     0  peripheral_stack_symbol.txt ABSOLUTE
    rwble_hl_init                            0x00021e25   Thumb Code     0  peripheral_stack_symbol.txt ABSOLUTE
    __aeabi_uidiv                            0x00021e41   Thumb Code     0  peripheral_stack_symbol.txt ABSOLUTE
    __aeabi_uidivmod                         0x00021e41   Thumb Code     0  peripheral_stack_symbol.txt ABSOLUTE
    __aeabi_idiv                             0x00021e6d   Thumb Code     0  peripheral_stack_symbol.txt ABSOLUTE
    __aeabi_idivmod                          0x00021e6d   Thumb Code     0  peripheral_stack_symbol.txt ABSOLUTE
    rand                                     0x00021e95   Thumb Code     0  peripheral_stack_symbol.txt ABSOLUTE
    srand                                    0x00021ea7   Thumb Code     0  peripheral_stack_symbol.txt ABSOLUTE
    __aeabi_memcpy                           0x00021eb9   Thumb Code     0  peripheral_stack_symbol.txt ABSOLUTE
    __aeabi_memcpy4                          0x00021eb9   Thumb Code     0  peripheral_stack_symbol.txt ABSOLUTE
    __aeabi_memset                           0x00021ef9   Thumb Code     0  peripheral_stack_symbol.txt ABSOLUTE
    __aeabi_memclr                           0x00021f09   Thumb Code     0  peripheral_stack_symbol.txt ABSOLUTE
    __aeabi_memclr4                          0x00021f09   Thumb Code     0  peripheral_stack_symbol.txt ABSOLUTE
    __aeabi_memclr8                          0x00021f09   Thumb Code     0  peripheral_stack_symbol.txt ABSOLUTE
    memcmp                                   0x00021f1f   Thumb Code     0  peripheral_stack_symbol.txt ABSOLUTE
    __ARM_clz                                0x00021f38   ARM Code       0  peripheral_stack_symbol.txt ABSOLUTE
    __ARM_common_disable_fiq                 0x00021f40   ARM Code       0  peripheral_stack_symbol.txt ABSOLUTE
    __ARM_common_disable_irq                 0x00021f54   ARM Code       0  peripheral_stack_symbol.txt ABSOLUTE
    __ARM_common_enable_fiq                  0x00021f68   ARM Code       0  peripheral_stack_symbol.txt ABSOLUTE
    __ARM_common_enable_irq                  0x00021f78   ARM Code       0  peripheral_stack_symbol.txt ABSOLUTE
    __ARM_common_switch8                     0x00021f94   ARM Code       0  peripheral_stack_symbol.txt ABSOLUTE
    LLM_AA_CT2                               0x00022c94   Data           0  peripheral_stack_symbol.txt ABSOLUTE
    LLM_AA_CT1                               0x00022c96   Data           0  peripheral_stack_symbol.txt ABSOLUTE
    hci_cmd_desc_tab_lk_ctrl                 0x0002300c   Data           0  peripheral_stack_symbol.txt ABSOLUTE
    hci_cmd_desc_tab_ctrl_bb                 0x00023024   Data           0  peripheral_stack_symbol.txt ABSOLUTE
    hci_cmd_desc_tab_info_par                0x00023090   Data           0  peripheral_stack_symbol.txt ABSOLUTE
    hci_cmd_desc_tab_stat_par                0x000230c0   Data           0  peripheral_stack_symbol.txt ABSOLUTE
    hci_cmd_desc_tab_le                      0x000230cc   Data           0  peripheral_stack_symbol.txt ABSOLUTE
    hci_cmd_desc_tab_vs                      0x00023528   Data           0  peripheral_stack_symbol.txt ABSOLUTE
    hci_cmd_desc_root_tab                    0x00023558   Data           0  peripheral_stack_symbol.txt ABSOLUTE
    hci_evt_desc_tab                         0x00023588   Data           0  peripheral_stack_symbol.txt ABSOLUTE
    hci_evt_le_desc_tab                      0x000235d0   Data           0  peripheral_stack_symbol.txt ABSOLUTE
    one_bits                                 0x000236f5   Data           0  peripheral_stack_symbol.txt ABSOLUTE
    co_sca2ppm                               0x00023706   Data           0  peripheral_stack_symbol.txt ABSOLUTE
    co_null_bdaddr                           0x00023716   Data           0  peripheral_stack_symbol.txt ABSOLUTE
    rwip_priority                            0x00023747   Data           0  peripheral_stack_symbol.txt ABSOLUTE
    gapc_sig_handlers                        0x00023844   Data           0  peripheral_stack_symbol.txt ABSOLUTE
    attc_handlers                            0x00023cbc   Data           0  peripheral_stack_symbol.txt ABSOLUTE
    atts_handlers                            0x00023d60   Data           0  peripheral_stack_symbol.txt ABSOLUTE
    l2cc_sig_handlers                        0x0002404c   Data           0  peripheral_stack_symbol.txt ABSOLUTE
    vectors                                  0x00025b00   ARM Code       0  boot_vectors.o(SYS_BOOT)
    boot_stack_base_UNUSED                   0x00025b64   Data           4  boot_handlers.o(SYS_BOOT)
    boot_stack_len_UNUSED                    0x00025b68   Data           4  boot_handlers.o(SYS_BOOT)
    boot_stack_base_IRQ                      0x00025b6c   Data           4  boot_handlers.o(SYS_BOOT)
    boot_stack_len_IRQ                       0x00025b70   Data           4  boot_handlers.o(SYS_BOOT)
    boot_stack_base_SVC                      0x00025b74   Data           4  boot_handlers.o(SYS_BOOT)
    boot_stack_len_SVC                       0x00025b78   Data           4  boot_handlers.o(SYS_BOOT)
    boot_stack_base_FIQ                      0x00025b7c   Data           4  boot_handlers.o(SYS_BOOT)
    boot_stack_len_FIQ                       0x00025b80   Data           4  boot_handlers.o(SYS_BOOT)
    sys_Reset                                0x00025b84   ARM Code       0  boot_handlers.o(SYS_BOOT)
    Long ARM to Thumb Veneer to Undefined_Exception 0x00025d50   ARM Code       8  anon$$obj.o(Veneer$$Code)
    Long ARM to Thumb Veneer to SoftwareInterrupt_Exception 0x00025d58   ARM Code       8  anon$$obj.o(Veneer$$Code)
    Long ARM to Thumb Veneer to PrefetchAbort_Exception 0x00025d60   ARM Code       8  anon$$obj.o(Veneer$$Code)
    Long ARM to Thumb Veneer to DataAbort_Exception 0x00025d68   ARM Code       8  anon$$obj.o(Veneer$$Code)
    Long ARM to Thumb Veneer to Reserved_Exception 0x00025d70   ARM Code       8  anon$$obj.o(Veneer$$Code)
    SYSirq_FIQ_Handler                       0x00025e00   ARM Code      16  intc.o(sys_fiq_entry)
    SYSirq_IRQ_Handler                       0x00025e20   ARM Code      16  intc.o(sys_irq_entry)
    __main                                   0x00025e30   ARM Code       0  entry.o(.ARM.Collect$$$$00000000)
    _main_stk                                0x00025e30   ARM Code       0  entry2.o(.ARM.Collect$$$$00000001)
    _main_scatterload                        0x00025e34   ARM Code       0  entry5.o(.ARM.Collect$$$$00000004)
    __main_after_scatterload                 0x00025e38   ARM Code       0  entry5.o(.ARM.Collect$$$$00000004)
    _main_clock                              0x00025e38   ARM Code       0  entry7b.o(.ARM.Collect$$$$00000008)
    _main_cpp_init                           0x00025e38   ARM Code       0  entry8b.o(.ARM.Collect$$$$0000000A)
    _main_init                               0x00025e38   ARM Code       0  entry9a.o(.ARM.Collect$$$$0000000B)
    __rt_final_cpp                           0x00025e44   ARM Code       0  entry10a.o(.ARM.Collect$$$$0000000D)
    __rt_final_exit                          0x00025e44   ARM Code       0  entry11a.o(.ARM.Collect$$$$0000000F)
    Inline ARM to Thumb Veneer to main       0x00025e48   ARM Code       8  main.o(.text)
    platform_reset                           0x00025e51   Thumb Code    24  main.o(.text)
    bdaddr_env_init                          0x00025e69   Thumb Code    74  main.o(.text)
    sys_mode_init                            0x00025eb3   Thumb Code     6  main.o(.text)
    get_sys_mode                             0x00025eb9   Thumb Code     6  main.o(.text)
    enable_phy_2mbps                         0x00025ebf   Thumb Code     8  main.o(.text)
    enter_dut_fcc_mode                       0x00025ec7   Thumb Code    10  main.o(.text)
    enter_normal_app_mode                    0x00025ed1   Thumb Code   108  main.o(.text)
    main                                     0x00025f3d   Thumb Code   188  main.o(.text)
    rwip_eif_get                             0x00025ff9   Thumb Code    12  main.o(.text)
    appm_start_advertising                   0x0002620d   Thumb Code    52  app.o(.text)
    appm_stop_advertising                    0x00026241   Thumb Code    38  app.o(.text)
    appm_set_adv_data                        0x00026267   Thumb Code    56  app.o(.text)
    appm_set_scan_rsp_data                   0x0002629f   Thumb Code    56  app.o(.text)
    appm_init                                0x000262d7   Thumb Code   142  app.o(.text)
    appm_add_svc                             0x00026365   Thumb Code    46  app.o(.text)
    appm_disconnect                          0x00026393   Thumb Code    36  app.o(.text)
    appm_create_advertising                  0x000263b7   Thumb Code    76  app.o(.text)
    appm_create_ext_advertising              0x00026403   Thumb Code    82  app.o(.text)
    appm_delete_advertising                  0x00026455   Thumb Code    30  app.o(.text)
    appm_update_param                        0x00026473   Thumb Code    68  app.o(.text)
    appm_update_phy_param                    0x000264b7   Thumb Code     2  app.o(.text)
    appm_get_dev_name                        0x000264b9   Thumb Code    18  app.o(.text)
    app_batt_init                            0x0002657d   Thumb Code    12  app_batt.o(.text)
    app_batt_add_bas                         0x00026589   Thumb Code    44  app_batt.o(.text)
    app_batt_enable_prf                      0x000265b5   Thumb Code    44  app_batt.o(.text)
    app_batt_send_lvl                        0x000265e1   Thumb Code    34  app_batt.o(.text)
    app_dis_init                             0x00026697   Thumb Code     2  app_dis.o(.text)
    app_dis_add_dis                          0x00026699   Thumb Code    42  app_dis.o(.text)
    app_oads_init                            0x0002670d   Thumb Code     8  app_oads.o(.text)
    app_oad_add_oads                         0x00026715   Thumb Code    62  app_oads.o(.text)
    app_oads_enable_prf                      0x00026753   Thumb Code    42  app_oads.o(.text)
    app_ffc1_ntf_req                         0x000267cd   Thumb Code    44  app_oads.o(.text)
    app_ffc2_ntf_req                         0x000267f9   Thumb Code    46  app_oads.o(.text)
    app_sec_init                             0x000268c5   Thumb Code    46  app_sec.o(.text)
    app_sec_get_bond_status                  0x000268f3   Thumb Code     6  app_sec.o(.text)
    app_sec_remove_bond                      0x000268f9   Thumb Code    32  app_sec.o(.text)
    app_sec_send_security_req                0x00026919   Thumb Code    66  app_sec.o(.text)
    rwble_init                               0x00027609   Thumb Code    66  rwble.o(.text)
    rwble_isr                                0x0002764b   Thumb Code    46  rwble.o(.text)
    rwble_sleep_enter                        0x00027679   Thumb Code    18  rwble.o(.text)
    rwble_sleep_wakeup_end                   0x0002768b   Thumb Code    10  rwble.o(.text)
    rwip_slot_2_lpcycles                     0x000276c1   Thumb Code     8  rwip.o(.text)
    rwip_timer_hs_handler                    0x000276c9   Thumb Code    28  rwip.o(.text)
    rwip_timer_10ms_handler                  0x000276e5   Thumb Code    30  rwip.o(.text)
    rwip_timer_hus_handler                   0x00027703   Thumb Code    28  rwip.o(.text)
    rwip_crypt_isr_handler                   0x0002773b   Thumb Code    28  rwip.o(.text)
    rwip_driver_init                         0x00027757   Thumb Code   354  rwip.o(.text)
    rwip_init                                0x000278b9   Thumb Code   224  rwip.o(.text)
    rwip_reset                               0x00027999   Thumb Code   108  rwip.o(.text)
    rwip_schedule                            0x00027a05   Thumb Code    16  rwip.o(.text)
    rwip_wakeup                              0x00027a15   Thumb Code   110  rwip.o(.text)
    rwip_wakeup_end                          0x00027a83   Thumb Code   306  rwip.o(.text)
    rwip_isr                                 0x00027bb5   Thumb Code   124  rwip.o(.text)
    rwip_sleep                               0x00027c31   Thumb Code   260  rwip.o(.text)
    nvds_init                                0x00027dd7   Thumb Code    60  nvds.o(.text)
    nvds_get                                 0x00027e13   Thumb Code    62  nvds.o(.text)
    nvds_del                                 0x00027e51   Thumb Code    52  nvds.o(.text)
    nvds_lock                                0x00027e85   Thumb Code    44  nvds.o(.text)
    nvds_put                                 0x00027eb1   Thumb Code   214  nvds.o(.text)
    prf_pack_char_pres_fmt                   0x00028055   Thumb Code    30  prf_utils.o(.text)
    prf_pack_date_time                       0x00028073   Thumb Code    32  prf_utils.o(.text)
    prf_unpack_date_time                     0x00028093   Thumb Code    34  prf_utils.o(.text)
    prf_init                                 0x00028111   Thumb Code   116  prf.o(.text)
    prf_add_profile                          0x00028185   Thumb Code   180  prf.o(.text)
    prf_create                               0x00028239   Thumb Code    44  prf.o(.text)
    prf_cleanup                              0x00028265   Thumb Code    48  prf.o(.text)
    prf_env_get                              0x00028295   Thumb Code    44  prf.o(.text)
    prf_src_task_get                         0x000282c1   Thumb Code    16  prf.o(.text)
    prf_dst_task_get                         0x000282d1   Thumb Code    16  prf.o(.text)
    prf_get_id_from_task                     0x000282e1   Thumb Code    52  prf.o(.text)
    prf_get_task_from_id                     0x00028315   Thumb Code    52  prf.o(.text)
    set_flash_clk                            0x000283c5   Thumb Code    40  flash.o(.text)
    get_flash_ID                             0x000283ed   Thumb Code    34  flash.o(.text)
    flash_read_sr                            0x0002840f   Thumb Code    26  flash.o(.text)
    flash_write_sr                           0x00028429   Thumb Code   168  flash.o(.text)
    flash_wp_256k                            0x000284d1   Thumb Code    70  flash.o(.text)
    flash_wp_ALL                             0x00028517   Thumb Code    70  flash.o(.text)
    flash_advance_init                       0x0002855d   Thumb Code   110  flash.o(.text)
    clr_flash_qwfr                           0x000285cb   Thumb Code    76  flash.o(.text)
    flash_set_dual_mode                      0x00028617   Thumb Code    32  flash.o(.text)
    flash_init                               0x00028637   Thumb Code    18  flash.o(.text)
    flash_set_line_mode                      0x00028649   Thumb Code     2  flash.o(.text)
    flash_erase_sector                       0x0002864b   Thumb Code    78  flash.o(.text)
    flash_read_data                          0x00028699   Thumb Code   166  flash.o(.text)
    flash_write_data                         0x0002873f   Thumb Code   346  flash.o(.text)
    flash_set_qe                             0x00028899   Thumb Code    68  flash.o(.text)
    flash_read                               0x000288dd   Thumb Code    46  flash.o(.text)
    flash_write                              0x0002890b   Thumb Code   102  flash.o(.text)
    flash_erase                              0x00028971   Thumb Code    90  flash.o(.text)
    flash_write_some_data                    0x000289cb   Thumb Code    96  flash.o(.text)
    flash_test                               0x00028a2b   Thumb Code   196  flash.o(.text)
    xvr_reg_initial_24                       0x00028bad   Thumb Code    12  rf_xvr.o(.text)
    xtal_cal_set                             0x00028bb9   Thumb Code    26  rf_xvr.o(.text)
    Delay_ms                                 0x00028bd3   Thumb Code    26  rf_xvr.o(.text)
    CLK32K_AutoCali_init                     0x00028bed   Thumb Code    72  rf_xvr.o(.text)
    pll_clk_calibration                      0x00028c35   Thumb Code    40  rf_xvr.o(.text)
    kmod_calibration                         0x00028c5d   Thumb Code   350  rf_xvr.o(.text)
    xvr_reg_initial                          0x00028dbb   Thumb Code   656  rf_xvr.o(.text)
    rf_debug_gpio_init                       0x0002904b   Thumb Code   316  rf_xvr.o(.text)
    rf_init                                  0x00029187   Thumb Code   224  rf_xvr.o(.text)
    Delay_us                                 0x00029267   Thumb Code    20  rf_xvr.o(.text)
    Delay                                    0x0002927b   Thumb Code    20  rf_xvr.o(.text)
    singleWaveCfg                            0x0002928f   Thumb Code    36  rf_xvr.o(.text)
    set_power                                0x000292b3   Thumb Code    48  rf_xvr.o(.text)
    gpio_config                              0x0002934d   Thumb Code    84  gpio.o(.text)
    gpio_get_input                           0x000293a1   Thumb Code    24  gpio.o(.text)
    gpio_set                                 0x000293b9   Thumb Code    34  gpio.o(.text)
    gpio_set_neg                             0x000293db   Thumb Code    26  gpio.o(.text)
    gpio_set_int_mode                        0x000293f5   Thumb Code    86  gpio.o(.text)
    gpio_init                                0x0002944b   Thumb Code    44  gpio.o(.text)
    gpio_triger                              0x00029477   Thumb Code    20  gpio.o(.text)
    gpio_cb_register                         0x0002948b   Thumb Code    10  gpio.o(.text)
    gpio_isr                                 0x00029495   Thumb Code    22  gpio.o(.text)
    gpio_wakeup_config                       0x000294ab   Thumb Code     4  gpio.o(.text)
    gpio_wakeup                              0x000294af   Thumb Code    32  gpio.o(.text)
    DEBUG_MSG                                0x000294cf   Thumb Code     2  gpio.o(.text)
    icu_init                                 0x000294e1   Thumb Code    62  icu.o(.text)
    icu_get_sleep_mode                       0x0002951f   Thumb Code     6  icu.o(.text)
    icu_set_sleep_mode                       0x00029525   Thumb Code     6  icu.o(.text)
    cpu_reduce_voltage_sleep                 0x0002952b   Thumb Code   162  icu.o(.text)
    cpu_wakeup                               0x000295cd   Thumb Code    82  icu.o(.text)
    cpu_idle_sleep                           0x0002961f   Thumb Code    24  icu.o(.text)
    mcu_clk_switch                           0x00029637   Thumb Code   278  icu.o(.text)
    deep_sleep_wakeup_set                    0x0002974d   Thumb Code   102  icu.o(.text)
    deep_sleep                               0x000297b3   Thumb Code    18  icu.o(.text)
    cpu_reset                                0x000297c5   Thumb Code    34  icu.o(.text)
    system_reset_reson                       0x000297e7   Thumb Code   140  icu.o(.text)
    system_set_reset_reson                   0x00029873   Thumb Code    26  icu.o(.text)
    test_reset_reason                        0x0002988d   Thumb Code    28  icu.o(.text)
    rw_sleep                                 0x000298a9   Thumb Code    54  icu.o(.text)
    cpu_24_reduce_voltage_sleep              0x000298df   Thumb Code   382  icu.o(.text)
    cpu_24_wakeup                            0x00029a5d   Thumb Code   106  icu.o(.text)
    wdt_disable                              0x00029ad9   Thumb Code    16  wdt.o(.text)
    wdt_enable                               0x00029ae9   Thumb Code    18  wdt.o(.text)
    wdt_feed                                 0x00029afb   Thumb Code    12  wdt.o(.text)
    uart2_init                               0x00029b0d   Thumb Code    84  uart2.o(.text)
    uart2_send                               0x00029b61   Thumb Code    24  uart2.o(.text)
    clear_uart2_buffer                       0x00029b79   Thumb Code    30  uart2.o(.text)
    uart2_printf                             0x00029b97   Thumb Code    38  uart2.o(.text)
    uart2_isr                                0x00029bbd   Thumb Code    60  uart2.o(.text)
    uart_send                                0x00029c11   Thumb Code    32  uart.o(.text)
    host_get_event_cbReg                     0x00029c31   Thumb Code     6  uart.o(.text)
    hci_data_init                            0x00029c37   Thumb Code    46  uart.o(.text)
    uart_init                                0x00029c65   Thumb Code   126  uart.o(.text)
    uart0_printf                             0x00029ce3   Thumb Code    40  uart.o(.text)
    uart_flow_on                             0x00029d0b   Thumb Code     2  uart.o(.text)
    uart_flow_off                            0x00029d0d   Thumb Code     4  uart.o(.text)
    uart_read                                0x00029d11   Thumb Code    24  uart.o(.text)
    uart_write                               0x00029d29   Thumb Code    24  uart.o(.text)
    host_send_cmd                            0x00029d41   Thumb Code    26  uart.o(.text)
    uart_rx_cmd_handler                      0x00029d5b   Thumb Code    78  uart.o(.text)
    uart_rx_handler                          0x00029da9   Thumb Code    94  uart.o(.text)
    uart_isr                                 0x00029e07   Thumb Code   132  uart.o(.text)
    uart_rx_cmd_respone                      0x00029e8b   Thumb Code    58  uart.o(.text)
    host_get_event                           0x00029ec5   Thumb Code    28  uart.o(.text)
    uart_h4tl_data_switch                    0x00029ee1   Thumb Code   180  uart.o(.text)
    intc_spurious                            0x00029fbd   Thumb Code     2  intc.o(.text)
    intc_init                                0x00029fbf   Thumb Code    70  intc.o(.text)
    IRQ_Exception                            0x0002a005   Thumb Code    50  intc.o(.text)
    FIQ_Exception                            0x0002a037   Thumb Code    50  intc.o(.text)
    dma_config_write                         0x0002a06d   Thumb Code    48  dma.o(.text)
    dma_config_read                          0x0002a09d   Thumb Code    48  dma.o(.text)
    dma_isr_stat_get                         0x0002a0cd   Thumb Code     6  dma.o(.text)
    dma_isr_stat_set                         0x0002a0d3   Thumb Code     6  dma.o(.text)
    dma_isr                                  0x0002a0d9   Thumb Code    20  dma.o(.text)
    diss_compute_cfg_flag                    0x0002a0fd   Thumb Code    40  diss.o(.text)
    diss_prf_itf_get                         0x0002a1cb   Thumb Code     6  diss.o(.text)
    diss_handle_to_value                     0x0002a1d1   Thumb Code    54  diss.o(.text)
    diss_value_to_handle                     0x0002a207   Thumb Code    60  diss.o(.text)
    diss_check_val_len                       0x0002a243   Thumb Code    42  diss.o(.text)
    diss_task_init                           0x0002a43b   Thumb Code    28  diss_task.o(.text)
    bass_get_att_handle                      0x0002a5e1   Thumb Code   122  bass.o(.text)
    bass_prf_itf_get                         0x0002a69b   Thumb Code     6  bass.o(.text)
    bass_get_att_idx                         0x0002a6a1   Thumb Code   112  bass.o(.text)
    bass_exe_operation                       0x0002a711   Thumb Code   238  bass.o(.text)
    bass_task_init                           0x0002aaaf   Thumb Code    30  bass_task.o(.text)
    oad_save_reciveData                      0x0002abe5   Thumb Code    32  oads.o(.text)
    oad_updating_user_section_begin          0x0002ac05   Thumb Code    38  oads.o(.text)
    oad_updating_user_section_pro            0x0002ac2b   Thumb Code   134  oads.o(.text)
    oad_updating_user_section_end            0x0002acb1   Thumb Code    18  oads.o(.text)
    oadImgIdentifyWrite                      0x0002ada5   Thumb Code   786  oads.o(.text)
    oadImgBlockWrite                         0x0002b0b7   Thumb Code   364  oads.o(.text)
    oads_prf_itf_get                         0x0002b223   Thumb Code     4  oads.o(.text)
    oads_task_init                           0x0002b569   Thumb Code    30  oads_task.o(.text)
    app_f000_init                            0x0002b629   Thumb Code    12  app_f000.o(.text)
    app_f000_add_f000s                       0x0002b635   Thumb Code    58  app_f000.o(.text)
    app_f004_send_ntf                        0x0002b66f   Thumb Code    50  app_f000.o(.text)
    app_f002_send_ind                        0x0002b6a1   Thumb Code    52  app_f000.o(.text)
    f000s_notify_f004_val                    0x0002b97f   Thumb Code    68  f000s.o(.text)
    f000s_get_att_handle                     0x0002b9c3   Thumb Code    28  f000s.o(.text)
    f000s_indicate_f002_val                  0x0002b9df   Thumb Code    76  f000s.o(.text)
    f000s_prf_itf_get                        0x0002ba2b   Thumb Code     6  f000s.o(.text)
    f000s_get_att_idx                        0x0002ba31   Thumb Code    30  f000s.o(.text)
    f000s_task_init                          0x0002bd29   Thumb Code    30  f000s_task.o(.text)
    app_f010_init                            0x0002bdb1   Thumb Code    12  app_f010.o(.text)
    app_f010_add_f010s                       0x0002bdbd   Thumb Code    58  app_f010.o(.text)
    app_f014_send_ntf                        0x0002bdf7   Thumb Code    50  app_f010.o(.text)
    app_f012_send_ind                        0x0002be29   Thumb Code    52  app_f010.o(.text)
    f010s_notify_f014_val                    0x0002c107   Thumb Code    68  f010s.o(.text)
    f010s_get_att_handle                     0x0002c14b   Thumb Code    28  f010s.o(.text)
    f010s_indicate_f012_val                  0x0002c167   Thumb Code    76  f010s.o(.text)
    f010s_prf_itf_get                        0x0002c1b3   Thumb Code     6  f010s.o(.text)
    f010s_get_att_idx                        0x0002c1b9   Thumb Code    30  f010s.o(.text)
    f010s_task_init                          0x0002c4b1   Thumb Code    30  f010s_task.o(.text)
    app_f020_init                            0x0002c539   Thumb Code    12  app_f020.o(.text)
    app_f020_add_f020s                       0x0002c545   Thumb Code    58  app_f020.o(.text)
    app_f024_send_ntf                        0x0002c57f   Thumb Code    50  app_f020.o(.text)
    app_f026_send_ind                        0x0002c5b1   Thumb Code    52  app_f020.o(.text)
    f020s_get_att_handle                     0x0002c88f   Thumb Code    28  f020s.o(.text)
    f020s_notify_f024_val                    0x0002c8ab   Thumb Code    76  f020s.o(.text)
    f020s_indicate_f026_val                  0x0002c8f7   Thumb Code    76  f020s.o(.text)
    f020s_prf_itf_get                        0x0002c943   Thumb Code     6  f020s.o(.text)
    f020s_get_att_idx                        0x0002c949   Thumb Code    32  f020s.o(.text)
    f020s_task_init                          0x0002cd35   Thumb Code    30  f020s_task.o(.text)
    app_f030_init                            0x0002cdbd   Thumb Code    12  app_f030.o(.text)
    app_f030_add_f030s                       0x0002cdc9   Thumb Code    58  app_f030.o(.text)
    app_f032_send_ntf                        0x0002ce03   Thumb Code    50  app_f030.o(.text)
    app_f034_send_ntf                        0x0002ce35   Thumb Code    52  app_f030.o(.text)
    f030s_get_att_handle                     0x0002d113   Thumb Code    28  f030s.o(.text)
    f030s_notify_f032_val                    0x0002d12f   Thumb Code    76  f030s.o(.text)
    f030s_notify_f034_val                    0x0002d17b   Thumb Code    76  f030s.o(.text)
    f030s_prf_itf_get                        0x0002d1c7   Thumb Code     6  f030s.o(.text)
    f030s_get_att_idx                        0x0002d1cd   Thumb Code    32  f030s.o(.text)
    f030s_task_init                          0x0002d5af   Thumb Code    30  f030s_task.o(.text)
    app_f040_init                            0x0002d635   Thumb Code    12  app_f040.o(.text)
    app_f040_add_f040s                       0x0002d641   Thumb Code    58  app_f040.o(.text)
    app_f044_send_ntf                        0x0002d67b   Thumb Code    50  app_f040.o(.text)
    app_f041_send_ntf                        0x0002d6ad   Thumb Code    52  app_f040.o(.text)
    f040s_notify_f044_val                    0x0002d98f   Thumb Code    68  f040s.o(.text)
    f040s_get_att_handle                     0x0002d9d3   Thumb Code    28  f040s.o(.text)
    f040s_indicate_f041_val                  0x0002d9ef   Thumb Code    76  f040s.o(.text)
    f040s_prf_itf_get                        0x0002da3b   Thumb Code     6  f040s.o(.text)
    f040s_get_att_idx                        0x0002da41   Thumb Code    30  f040s.o(.text)
    f040s_task_init                          0x0002dd4f   Thumb Code    30  f040s_task.o(.text)
    printf_hex                               0x0002ddd5   Thumb Code    30  work.o(.text)
    xs_uart_send_data                        0x0002ddf3   Thumb Code    66  work.o(.text)
    delay_1s_to_loop_regist                  0x0002de35   Thumb Code    62  work.o(.text)
    delay_1s_regist_user_birthday            0x0002de73   Thumb Code    64  work.o(.text)
    delay_1s_update_user_info                0x0002deb3   Thumb Code   100  work.o(.text)
    delay_1s_get_user_info                   0x0002df17   Thumb Code    66  work.o(.text)
    delay_1s_updata_db                       0x0002df59   Thumb Code    74  work.o(.text)
    delay_1s_send_take_measure               0x0002dfa3   Thumb Code    90  work.o(.text)
    set_f026_0x2a9f_ntf                      0x0002dffd   Thumb Code    40  work.o(.text)
    delay_1s_send_resgist_ok                 0x0002e025   Thumb Code    56  work.o(.text)
    ji_huo_scale_and_send                    0x0002e05d   Thumb Code    38  work.o(.text)
    delay_1s_modify_user_birthday            0x0002e083   Thumb Code    74  work.o(.text)
    delay_1s_send_time                       0x0002e0cd   Thumb Code    32  work.o(.text)
    set_f041_0x2a2b_rd_ntf                   0x0002e0ed   Thumb Code    22  work.o(.text)
    update_time                              0x0002e103   Thumb Code    58  work.o(.text)
    xs_user_task                             0x0002e13d   Thumb Code    92  work.o(.text)
    set_time                                 0x0002e199   Thumb Code   184  work.o(.text)
    init_work                                0x0002e251   Thumb Code    48  work.o(.text)
    set_f001_0x2a9e_rd                       0x0002e281   Thumb Code    28  work.o(.text)
    set_f011_0x2a9b_rd                       0x0002e29d   Thumb Code    22  work.o(.text)
    set_f035_0xfff5_rd                       0x0002e2b3   Thumb Code    22  work.o(.text)
    set_f033_0xfff3_rd                       0x0002e2c9   Thumb Code    16  work.o(.text)
    set_f024_0x2a99_rd                       0x0002e2d9   Thumb Code    22  work.o(.text)
    set_f025_0x2a9a_rd                       0x0002e2ef   Thumb Code    22  work.o(.text)
    set_f023_0x2a8e_rd                       0x0002e305   Thumb Code    20  work.o(.text)
    set_f022_0x2a8c_rd                       0x0002e319   Thumb Code    20  work.o(.text)
    set_f021_0x2a85_rd                       0x0002e32d   Thumb Code    22  work.o(.text)
    set_select_user_info_to_ble_chara        0x0002e343   Thumb Code   138  work.o(.text)
    init_select_user_info                    0x0002e3cd   Thumb Code    26  work.o(.text)
    set_ble_state                            0x0002e3e7   Thumb Code    42  work.o(.text)
    xs_uart2_send_data                       0x0002e411   Thumb Code    22  work.o(.text)
    xs_uart2_received_isr                    0x0002e427   Thumb Code    28  work.o(.text)
    ignore_repetition                        0x0002e443   Thumb Code   114  work.o(.text)
    clear_uart_received_buf                  0x0002e4b5   Thumb Code    16  work.o(.text)
    set_f034_0xfff4_ntf                      0x0002e4c5   Thumb Code    18  work.o(.text)
    set_f012_0x2a9c_ind                      0x0002e4d7   Thumb Code    20  work.o(.text)
    set_f002_0x2a9d_ind                      0x0002e4eb   Thumb Code    20  work.o(.text)
    update_weight_body_measurement           0x0002e4ff   Thumb Code   296  work.o(.text)
    set_f032_0xfff2_ntf                      0x0002e627   Thumb Code    18  work.o(.text)
    set_f031_0xfff1_rd                       0x0002e639   Thumb Code   212  work.o(.text)
    xs_uart_received_isr                     0x0002e70d   Thumb Code   698  work.o(.text)
    f021_0x2a85_cb                           0x0002e9c7   Thumb Code    32  work.o(.text)
    f022_0x2a8c_cb                           0x0002e9e7   Thumb Code    20  work.o(.text)
    f023_0x2a8e_cb                           0x0002e9fb   Thumb Code    20  work.o(.text)
    f024_0x2a99_cb                           0x0002ea0f   Thumb Code    34  work.o(.text)
    set_f024_0x2a99_ntf                      0x0002ea31   Thumb Code    38  work.o(.text)
    f025_0x2a9a_cb                           0x0002ea57   Thumb Code    10  work.o(.text)
    set_f026_0x2a9f_rd                       0x0002ea61   Thumb Code    22  work.o(.text)
    f026_0x2a9f_cb                           0x0002ea77   Thumb Code   462  work.o(.text)
    f031_0xfff1_cb                           0x0002ec45   Thumb Code    60  work.o(.text)
    set_f032_0xfff2_rd                       0x0002ec81   Thumb Code    22  work.o(.text)
    get_scale_user                           0x0002ec97   Thumb Code    40  work.o(.text)
    f032_0xfff2_cb                           0x0002ecbf   Thumb Code    78  work.o(.text)
    f033_0xfff3_cb                           0x0002ed0d   Thumb Code    20  work.o(.text)
    set_f034_0xfff4_rd                       0x0002ed21   Thumb Code    18  work.o(.text)
    f034_0xfff4_cb                           0x0002ed33   Thumb Code    28  work.o(.text)
    f035_0xfff5_cb                           0x0002ed4f   Thumb Code    10  work.o(.text)
    f041_0x2a2b_cb                           0x0002ed59   Thumb Code   142  work.o(.text)
    set_bass_batt_0x2a19_rd                  0x0002ede7   Thumb Code    14  work.o(.text)
    work_test                                0x0002edf5   Thumb Code    30  work.o(.text)
    mktime                                   0x0002ee99   Thumb Code   124  mktime.o(.text)
    __aeabi_uldivmod                         0x0002ef25   Thumb Code    96  uldiv.o(.text)
    localtime                                0x0002ef85   Thumb Code    10  localtime_w.o(.text)
    _localtime                               0x0002ef95   Thumb Code   104  localtime_i.o(.text)
    __I$use$fp                               0x0002f008   ARM Code       0  iusefp.o(.text)
    __aeabi_dadd                             0x0002f009   Thumb Code   328  dadd.o(.text)
    __aeabi_dsub                             0x0002f151   Thumb Code    12  dadd.o(.text)
    __aeabi_drsub                            0x0002f15d   Thumb Code    12  dadd.o(.text)
    __aeabi_dmul                             0x0002f16d   Thumb Code   202  dmul.o(.text)
    __aeabi_ddiv                             0x0002f23d   Thumb Code   234  ddiv.o(.text)
    __aeabi_d2ulz                            0x0002f32d   Thumb Code    54  dfixul.o(.text)
    __aeabi_cdrcmple                         0x0002f36d   Thumb Code    38  cdrcmple.o(.text)
    __scatterload                            0x0002f395   Thumb Code    22  init.o(.text)
    __scatterload_rt2                        0x0002f395   Thumb Code     0  init.o(.text)
    __aeabi_llsl                             0x0002f3b5   Thumb Code    32  llshl.o(.text)
    _ll_shift_l                              0x0002f3b5   Thumb Code     0  llshl.o(.text)
    __aeabi_llsr                             0x0002f3d5   Thumb Code    34  llushr.o(.text)
    _ll_ushift_r                             0x0002f3d5   Thumb Code     0  llushr.o(.text)
    __aeabi_lasr                             0x0002f3f7   Thumb Code    38  llsshr.o(.text)
    _ll_sshift_r                             0x0002f3f7   Thumb Code     0  llsshr.o(.text)
    _double_round                            0x0002f41d   Thumb Code    26  depilogue.o(.text)
    _double_epilogue                         0x0002f437   Thumb Code   164  depilogue.o(.text)
    __0vsprintf                              0x0002f4dd   Thumb Code    30  printfa.o(i.__0vsprintf)
    __1vsprintf                              0x0002f4dd   Thumb Code     0  printfa.o(i.__0vsprintf)
    __2vsprintf                              0x0002f4dd   Thumb Code     0  printfa.o(i.__0vsprintf)
    __c89vsprintf                            0x0002f4dd   Thumb Code     0  printfa.o(i.__0vsprintf)
    vsprintf                                 0x0002f4dd   Thumb Code     0  printfa.o(i.__0vsprintf)
    __scatterload_copy                       0x0002f500   ARM Code      28  handlers.o(i.__scatterload_copy)
    __scatterload_null                       0x0002f51c   ARM Code       4  handlers.o(i.__scatterload_null)
    __scatterload_zeroinit                   0x0002f520   ARM Code      24  handlers.o(i.__scatterload_zeroinit)
    uart_api                                 0x0002fdf8   Data          16  main.o(.constdata)
    app_batt_msg_handler_list                0x0002fe94   Data          32  app_batt.o(.constdata)
    app_batt_handlers                        0x0002feb4   Data           8  app_batt.o(.constdata)
    app_dis_msg_handler_list                 0x0002febc   Data           8  app_dis.o(.constdata)
    app_dis_handlers                         0x0002fec4   Data           8  app_dis.o(.constdata)
    app_oads_msg_handler_list                0x0002fecc   Data          48  app_oads.o(.constdata)
    app_oads_handler                         0x0002fefc   Data           8  app_oads.o(.constdata)
    app_sec_msg_handler_list                 0x0002fff4   Data          40  app_sec.o(.constdata)
    app_sec_handlers                         0x0003001c   Data           8  app_sec.o(.constdata)
    TASK_DESC_APP                            0x000300cc   Data          12  app_task.o(.constdata)
    diss_att_db                              0x000301bc   Data         152  diss.o(.constdata)
    diss_itf                                 0x00030254   Data          16  diss.o(.constdata)
    bas_att_db                               0x0003027c   Data          40  bass.o(.constdata)
    bass_itf                                 0x000302a4   Data          16  bass.o(.constdata)
    oads_att_db                              0x000302fc   Data          72  oads.o(.constdata)
    oads_itf                                 0x00030344   Data          16  oads.o(.constdata)
    app_f000_msg_handler_list                0x00030414   Data          56  app_f000.o(.constdata)
    app_f000_handler                         0x0003044c   Data           8  app_f000.o(.constdata)
    f000_att_db                              0x000304a0   Data          48  f000s.o(.constdata)
    f000s_itf                                0x000304d0   Data          16  f000s.o(.constdata)
    app_f010_msg_handler_list                0x000305bc   Data          56  app_f010.o(.constdata)
    app_f010_handler                         0x000305f4   Data           8  app_f010.o(.constdata)
    f010_att_db                              0x00030648   Data          48  f010s.o(.constdata)
    f010s_itf                                0x00030678   Data          16  f010s.o(.constdata)
    app_f020_msg_handler_list                0x00030764   Data          56  app_f020.o(.constdata)
    app_f020_handler                         0x0003079c   Data           8  app_f020.o(.constdata)
    f020_att_db                              0x000307f0   Data         120  f020s.o(.constdata)
    f020s_itf                                0x00030868   Data          16  f020s.o(.constdata)
    app_f030_msg_handler_list                0x00030954   Data          56  app_f030.o(.constdata)
    app_f030_handler                         0x0003098c   Data           8  app_f030.o(.constdata)
    f030_att_db                              0x000309e0   Data         104  f030s.o(.constdata)
    f030s_itf                                0x00030a48   Data          16  f030s.o(.constdata)
    app_f040_msg_handler_list                0x00030b34   Data          56  app_f040.o(.constdata)
    app_f040_handler                         0x00030b6c   Data           8  app_f040.o(.constdata)
    f040_att_db                              0x00030bc0   Data          32  f040s.o(.constdata)
    f040s_itf                                0x00030be0   Data          16  f040s.o(.constdata)
    Region$$Table$$Base                      0x00030dc0   Number         0  anon$$obj.o(Region$$Table)
    Load$$RAM_DATA$$Base                     0x00030df0   Number         0  anon$$obj.o ABSOLUTE
    Region$$Table$$Limit                     0x00030df0   Number         0  anon$$obj.o(Region$$Table)
    llc_env                                  0x0040002c   Data           0  peripheral_stack_symbol.txt ABSOLUTE
    latency_disable                          0x00400050   Data           0  peripheral_stack_symbol.txt ABSOLUTE
    enable_phy_2m                            0x00400068   Data           0  peripheral_stack_symbol.txt ABSOLUTE
    uart_rx_en                               0x0040006c   Data           0  peripheral_stack_symbol.txt ABSOLUTE
    co_default_bdaddr                        0x00400098   Data           0  peripheral_stack_symbol.txt ABSOLUTE
    gapc_env                                 0x004000a0   Data           0  peripheral_stack_symbol.txt ABSOLUTE
    gapc_state                               0x004000a4   Data           0  peripheral_stack_symbol.txt ABSOLUTE
    gapm_state                               0x004000a5   Data           0  peripheral_stack_symbol.txt ABSOLUTE
    gattc_env                                0x004000a8   Data           0  peripheral_stack_symbol.txt ABSOLUTE
    gattc_state                              0x004000ac   Data           0  peripheral_stack_symbol.txt ABSOLUTE
    gattm_state                              0x004000ad   Data           0  peripheral_stack_symbol.txt ABSOLUTE
    l2cc_env                                 0x004000b0   Data           0  peripheral_stack_symbol.txt ABSOLUTE
    l2cc_state                               0x004000b4   Data           0  peripheral_stack_symbol.txt ABSOLUTE
    ke_env                                   0x004000dc   Data           0  peripheral_stack_symbol.txt ABSOLUTE
    hci_env                                  0x004004dc   Data           0  peripheral_stack_symbol.txt ABSOLUTE
    rwip_rf                                  0x00400694   Data           0  peripheral_stack_symbol.txt ABSOLUTE
    rwip_param                               0x004006c8   Data           0  peripheral_stack_symbol.txt ABSOLUTE
    rom_env                                  0x004006d4   Data           0  peripheral_stack_symbol.txt ABSOLUTE
    rwip_env                                 0x004006fc   Data           0  peripheral_stack_symbol.txt ABSOLUTE
    gapm_env                                 0x00400718   Data           0  peripheral_stack_symbol.txt ABSOLUTE
    gattm_env                                0x00400768   Data           0  peripheral_stack_symbol.txt ABSOLUTE
    l2cm_env                                 0x004007a0   Data           0  peripheral_stack_symbol.txt ABSOLUTE
    Image$$RAM_DATA$$Base                    0x00400800   Number         0  anon$$obj.o ABSOLUTE
    system_mode                              0x00400800   Data           1  main.o(.data)
    app_batt_env                             0x00400801   Data           2  app_batt.o(.data)
    app_oads_env                             0x00400803   Data           1  app_oads.o(.data)
    app_sec_env                              0x00400804   Data           5  app_sec.o(.data)
    appm_state                               0x0040080a   Data           1  app_task.o(.data)
    rwip_rst_state                           0x00400810   Data           1  rwip.o(.data)
    flash_enable_write_flag1                 0x00400814   Data           1  flash.o(.data)
    flash_enable_write_flag2                 0x00400815   Data           1  flash.o(.data)
    flash_enable_write_flag3                 0x00400816   Data           1  flash.o(.data)
    flash_enable_write_flag4                 0x00400817   Data           1  flash.o(.data)
    flash_enable_erase_flag1                 0x00400818   Data           1  flash.o(.data)
    flash_enable_erase_flag2                 0x00400819   Data           1  flash.o(.data)
    flash_mid                                0x0040081c   Data           4  flash.o(.data)
    system_sleep_status                      0x00400826   Data           1  icu.o(.data)
    uart2_rx_done                            0x00400828   Data           1  uart2.o(.data)
    uart2_rx_index                           0x0040082c   Data           4  uart2.o(.data)
    oad_firmware_type                        0x0040083d   Data           1  oads.o(.data)
    latency_disable_state                    0x0040083e   Data           1  oads.o(.data)
    oad_uuid                                 0x00400848   Data           4  oads.o(.data)
    app_f000_env                             0x0040084c   Data           3  app_f000.o(.data)
    app_f010_env                             0x0040084f   Data           3  app_f010.o(.data)
    app_f020_env                             0x00400852   Data           3  app_f020.o(.data)
    app_f030_env                             0x00400855   Data           3  app_f030.o(.data)
    app_f040_env                             0x00400858   Data           3  app_f040.o(.data)
    g_user_num                               0x0040085c   Data           1  work.o(.data)
    g_get_user_list                          0x0040085d   Data           1  work.o(.data)
    g_measure_data_len                       0x0040085e   Data           1  work.o(.data)
    g_ble_state                              0x0040085f   Data           1  work.o(.data)
    g_scale_state                            0x00400860   Data           1  work.o(.data)
    g_last_msg_set                           0x00400861   Data           1  work.o(.data)
    g_user_registing                         0x00400862   Data           1  work.o(.data)
    g_take_measure_rf_ok                     0x00400863   Data           1  work.o(.data)
    g_user_regist_rf_ok                      0x00400864   Data           1  work.o(.data)
    g_user_select                            0x00400865   Data           3  work.o(.data)
    g_time_stamp                             0x0040086c   Data           4  work.o(.data)
    g_last_msg                               0x004008a4   Data           8  work.o(.data)
    g_regist_10_buff                         0x004008ac   Data           8  work.o(.data)
    g_curr_time                              0x004008bc   Data           8  work.o(.data)
    g_user_list                              0x004008c4   Data          18  work.o(.data)
    Image$$RAM_BSS$$Base                     0x004008d8   Number         0  anon$$obj.o ABSOLUTE
    app_env                                  0x004008d8   Data          46  app.o(.bss)
    rwip_heap_env                            0x00400908   Data         748  rwip.o(.bss)
    rwip_heap_msg                            0x00400bf4   Data        9732  rwip.o(.bss)
    prf_env                                  0x00403210   Data         240  prf.o(.bss)
    XVR_ANALOG_REG_BAK                       0x00403300   Data         128  rf_xvr.o(.bss)
    spi_param                                0x00403380   Data          12  spi.o(.bss)
    uart2_rx_buf                             0x0040338c   Data         128  uart2.o(.bss)
    uart2_tx_buf                             0x0040340c   Data         128  uart2.o(.bss)
    uart_rx_buf                              0x004034d4   Data         128  uart.o(.bss)
    host_cmd_data                            0x00403554   Data          72  uart.o(.bss)
    host_event_data                          0x0040359c   Data          72  uart.o(.bss)
    bsec                                     0x004035e4   Data         192  oads.o(.bss)
    g_measure_data                           0x004036a4   Data          47  work.o(.bss)
    g_time                                   0x004036d3   Data          10  work.o(.bss)
    Image$$RAM_STACK_UNUSED$$Base            0x0040f0cc   Number         0  anon$$obj.o ABSOLUTE
    Image$$RAM_STACK_SVC$$Base               0x0040f12c   Number         0  anon$$obj.o ABSOLUTE
    Image$$RAM_STACK_IRQ$$Base               0x0040f81c   Number         0  anon$$obj.o ABSOLUTE
    Image$$RAM_STACK_FIQ$$Base               0x0040fc0c   Number         0  anon$$obj.o ABSOLUTE
    __initial_sp                             0x0040fffc   Number         0  boot_handlers.o ABSOLUTE
    rwip_heap_db                             0x00812800   Data        3084  rwip.o(ke_heap)
    rwip_heap_non_ret                        0x0081340c   Data         668  rwip.o(ke_heap)



==============================================================================

Memory Map of the image

  Image Entry point : 0x00025b84

  Load Region SECTIONS (Base: 0x00025b00, Size: 0x0000b3c8, Max: 0xffffffff, ABSOLUTE)

    Execution Region ROM_SYS (Exec base: 0x00025b00, Load base: 0x00025b00, Size: 0x00000278, Max: 0xffffffff, ABSOLUTE)

    Exec Addr    Load Addr    Size         Type   Attr      Idx    E Section Name        Object

    0x00025b00   0x00025b00   0x0000005c   Code   RO            6  * SYS_BOOT            boot_vectors.o
    0x00025b5c   0x00025b5c   0x000001f4   Code   RO            5  * SYS_BOOT            boot_handlers.o
    0x00025d50   0x00025d50   0x00000008   Ven    RO          221    Veneer$$Code        anon$$obj.o
    0x00025d58   0x00025d58   0x00000008   Ven    RO          222    Veneer$$Code        anon$$obj.o
    0x00025d60   0x00025d60   0x00000008   Ven    RO          223    Veneer$$Code        anon$$obj.o
    0x00025d68   0x00025d68   0x00000008   Ven    RO          224    Veneer$$Code        anon$$obj.o
    0x00025d70   0x00025d70   0x00000008   Ven    RO          225    Veneer$$Code        anon$$obj.o


    Execution Region FAST_CALL_SEG (Exec base: 0x00025e00, Load base: 0x00025e00, Size: 0x00000030, Max: 0xffffffff, ABSOLUTE, FIXED)

    Exec Addr    Load Addr    Size         Type   Attr      Idx    E Section Name        Object

    0x00025e00   0x00025e00   0x00000010   Code   RO           80    sys_fiq_entry       intc.o
    0x00025e10   0x00025e10   0x00000010   PAD
    0x00025e20   0x00025e20   0x00000010   Code   RO           81    sys_irq_entry       intc.o


    Execution Region ROM (Exec base: 0x00025e30, Load base: 0x00025e30, Size: 0x0000afc0, Max: 0xffffffff, ABSOLUTE)

    Exec Addr    Load Addr    Size         Type   Attr      Idx    E Section Name        Object

    0x00025e30   0x00025e30   0x00000000   Code   RO          159  * .ARM.Collect$$$$00000000  mc_5.l(entry.o)
    0x00025e30   0x00025e30   0x00000004   Code   RO          181    .ARM.Collect$$$$00000001  mc_5.l(entry2.o)
    0x00025e34   0x00025e34   0x00000004   Code   RO          183    .ARM.Collect$$$$00000004  mc_5.l(entry5.o)
    0x00025e38   0x00025e38   0x00000000   Code   RO          185    .ARM.Collect$$$$00000008  mc_5.l(entry7b.o)
    0x00025e38   0x00025e38   0x00000000   Code   RO          187    .ARM.Collect$$$$0000000A  mc_5.l(entry8b.o)
    0x00025e38   0x00025e38   0x0000000c   Code   RO          188    .ARM.Collect$$$$0000000B  mc_5.l(entry9a.o)
    0x00025e44   0x00025e44   0x00000000   Code   RO          190    .ARM.Collect$$$$0000000D  mc_5.l(entry10a.o)
    0x00025e44   0x00025e44   0x00000000   Code   RO          192    .ARM.Collect$$$$0000000F  mc_5.l(entry11a.o)
    0x00025e44   0x00025e44   0x00000004   Code   RO          182    .ARM.Collect$$$$00002712  mc_5.l(entry2.o)
    0x00025e48   0x00025e48   0x00000008   Ven    RO            7    .text               main.o
    0x00025e50   0x00025e50   0x000003bc   Code   RO            7    .text               main.o
    0x0002620c   0x0002620c   0x00000370   Code   RO           15    .text               app.o
    0x0002657c   0x0002657c   0x000000a4   Code   RO           18    .text               app_batt.o
    0x00026620   0x00026620   0x000000ec   Code   RO           22    .text               app_dis.o
    0x0002670c   0x0002670c   0x000001b8   Code   RO           26    .text               app_oads.o
    0x000268c4   0x000268c4   0x00000394   Code   RO           31    .text               app_sec.o
    0x00026c58   0x00026c58   0x000009b0   Code   RO           37    .text               app_task.o
    0x00027608   0x00027608   0x000000b8   Code   RO           43    .text               rwble.o
    0x000276c0   0x000276c0   0x00000698   Code   RO           46    .text               rwip.o
    0x00027d58   0x00027d58   0x000002fc   Code   RO           50    .text               nvds.o
    0x00028054   0x00028054   0x00000060   Code   RO           53    .text               prf_utils.o
    0x000280b4   0x000280b4   0x00000310   Code   RO           54    .text               prf.o
    0x000283c4   0x000283c4   0x00000778   Code   RO           56    .text               flash.o
    0x00028b3c   0x00028b3c   0x00000810   Code   RO           59    .text               rf_xvr.o
    0x0002934c   0x0002934c   0x00000194   Code   RO           62    .text               gpio.o
    0x000294e0   0x000294e0   0x000005f8   Code   RO           65    .text               icu.o
    0x00029ad8   0x00029ad8   0x00000034   Code   RO           67    .text               wdt.o
    0x00029b0c   0x00029b0c   0x00000104   Code   RO           71    .text               uart2.o
    0x00029c10   0x00029c10   0x000003ac   Code   RO           74    .text               uart.o
    0x00029fbc   0x00029fbc   0x000000b0   Code   RO           79    .text               intc.o
    0x0002a06c   0x0002a06c   0x00000090   Code   RO           85    .text               dma.o
    0x0002a0fc   0x0002a0fc   0x00000178   Code   RO           90    .text               diss.o
    0x0002a274   0x0002a274   0x000001f0   Code   RO           92    .text               diss_task.o
    0x0002a464   0x0002a464   0x000003a8   Code   RO           94    .text               bass.o
    0x0002a80c   0x0002a80c   0x000002d8   Code   RO           96    .text               bass_task.o
    0x0002aae4   0x0002aae4   0x000007f4   Code   RO           98    .text               oads.o
    0x0002b2d8   0x0002b2d8   0x00000350   Code   RO          102    .text               oads_task.o
    0x0002b628   0x0002b628   0x00000264   Code   RO          104    .text               app_f000.o
    0x0002b88c   0x0002b88c   0x000001cc   Code   RO          109    .text               f000s.o
    0x0002ba58   0x0002ba58   0x00000358   Code   RO          111    .text               f000s_task.o
    0x0002bdb0   0x0002bdb0   0x00000264   Code   RO          113    .text               app_f010.o
    0x0002c014   0x0002c014   0x000001cc   Code   RO          118    .text               f010s.o
    0x0002c1e0   0x0002c1e0   0x00000358   Code   RO          120    .text               f010s_task.o
    0x0002c538   0x0002c538   0x00000264   Code   RO          122    .text               app_f020.o
    0x0002c79c   0x0002c79c   0x000001d8   Code   RO          127    .text               f020s.o
    0x0002c974   0x0002c974   0x00000448   Code   RO          129    .text               f020s_task.o
    0x0002cdbc   0x0002cdbc   0x00000264   Code   RO          131    .text               app_f030.o
    0x0002d020   0x0002d020   0x000001d8   Code   RO          136    .text               f030s.o
    0x0002d1f8   0x0002d1f8   0x0000043c   Code   RO          138    .text               f030s_task.o
    0x0002d634   0x0002d634   0x00000264   Code   RO          140    .text               app_f040.o
    0x0002d898   0x0002d898   0x000001d0   Code   RO          145    .text               f040s.o
    0x0002da68   0x0002da68   0x0000036c   Code   RO          147    .text               f040s_task.o
    0x0002ddd4   0x0002ddd4   0x000010c4   Code   RO          149    .text               work.o
    0x0002ee98   0x0002ee98   0x0000008c   Code   RO          165    .text               mc_5.l(mktime.o)
    0x0002ef24   0x0002ef24   0x00000060   Code   RO          196    .text               mc_5.l(uldiv.o)
    0x0002ef84   0x0002ef84   0x00000010   Code   RO          197    .text               mc_5.l(localtime_w.o)
    0x0002ef94   0x0002ef94   0x00000074   Code   RO          199    .text               mc_5.l(localtime_i.o)
    0x0002f008   0x0002f008   0x00000000   Code   RO          201    .text               mc_5.l(iusefp.o)
    0x0002f008   0x0002f008   0x00000164   Code   RO          202    .text               mf_5.l(dadd.o)
    0x0002f16c   0x0002f16c   0x000000d0   Code   RO          203    .text               mf_5.l(dmul.o)
    0x0002f23c   0x0002f23c   0x000000f0   Code   RO          204    .text               mf_5.l(ddiv.o)
    0x0002f32c   0x0002f32c   0x00000040   Code   RO          205    .text               mf_5.l(dfixul.o)
    0x0002f36c   0x0002f36c   0x00000028   Code   RO          206    .text               mf_5.l(cdrcmple.o)
    0x0002f394   0x0002f394   0x00000020   Code   RO          207    .text               mc_5.l(init.o)
    0x0002f3b4   0x0002f3b4   0x00000020   Code   RO          209    .text               mc_5.l(llshl.o)
    0x0002f3d4   0x0002f3d4   0x00000022   Code   RO          210    .text               mc_5.l(llushr.o)
    0x0002f3f6   0x0002f3f6   0x00000026   Code   RO          211    .text               mc_5.l(llsshr.o)
    0x0002f41c   0x0002f41c   0x000000be   Code   RO          213    .text               mf_5.l(depilogue.o)
    0x0002f4da   0x0002f4da   0x00000002   PAD
    0x0002f4dc   0x0002f4dc   0x00000024   Code   RO          174    i.__0vsprintf       mc_5.l(printfa.o)
    0x0002f500   0x0002f500   0x0000001c   Code   RO          217    i.__scatterload_copy  mc_5.l(handlers.o)
    0x0002f51c   0x0002f51c   0x00000004   Code   RO          218    i.__scatterload_null  mc_5.l(handlers.o)
    0x0002f520   0x0002f520   0x00000018   Code   RO          219    i.__scatterload_zeroinit  mc_5.l(handlers.o)
    0x0002f538   0x0002f538   0x00000174   Code   RO          175    i._fp_digits        mc_5.l(printfa.o)
    0x0002f6ac   0x0002f6ac   0x000006f4   Code   RO          176    i._printf_core      mc_5.l(printfa.o)
    0x0002fda0   0x0002fda0   0x00000020   Code   RO          177    i._printf_post_padding  mc_5.l(printfa.o)
    0x0002fdc0   0x0002fdc0   0x0000002c   Code   RO          178    i._printf_pre_padding  mc_5.l(printfa.o)
    0x0002fdec   0x0002fdec   0x0000000a   Code   RO          180    i._sputc            mc_5.l(printfa.o)
    0x0002fdf6   0x0002fdf6   0x00000002   PAD
    0x0002fdf8   0x0002fdf8   0x00000010   Data   RO            8    .constdata          main.o
    0x0002fe08   0x0002fe08   0x0000008a   Data   RO           17    .constdata          app.o
    0x0002fe92   0x0002fe92   0x00000002   PAD
    0x0002fe94   0x0002fe94   0x00000020   Data   RO           19    .constdata          app_batt.o
    0x0002feb4   0x0002feb4   0x00000008   Data   RO           20    .constdata          app_batt.o
    0x0002febc   0x0002febc   0x00000008   Data   RO           23    .constdata          app_dis.o
    0x0002fec4   0x0002fec4   0x00000008   Data   RO           24    .constdata          app_dis.o
    0x0002fecc   0x0002fecc   0x00000030   Data   RO           27    .constdata          app_oads.o
    0x0002fefc   0x0002fefc   0x00000008   Data   RO           28    .constdata          app_oads.o
    0x0002ff04   0x0002ff04   0x000000a8   Data   RO           29    .constdata          app_oads.o
    0x0002ffac   0x0002ffac   0x00000046   Data   RO           32    .constdata          app_sec.o
    0x0002fff2   0x0002fff2   0x00000002   PAD
    0x0002fff4   0x0002fff4   0x00000028   Data   RO           33    .constdata          app_sec.o
    0x0003001c   0x0003001c   0x00000008   Data   RO           34    .constdata          app_sec.o
    0x00030024   0x00030024   0x000000a8   Data   RO           38    .constdata          app_task.o
    0x000300cc   0x000300cc   0x0000000c   Data   RO           39    .constdata          app_task.o
    0x000300d8   0x000300d8   0x000000c6   Data   RO           40    .constdata          app_task.o
    0x0003019e   0x0003019e   0x0000000a   Data   RO           44    .constdata          rwble.o
    0x000301a8   0x000301a8   0x00000004   Data   RO           52    .constdata          nvds.o
    0x000301ac   0x000301ac   0x0000000f   Data   RO           61    .constdata          rf_xvr.o
    0x000301bb   0x000301bb   0x00000001   PAD
    0x000301bc   0x000301bc   0x000000a8   Data   RO           91    .constdata          diss.o
    0x00030264   0x00030264   0x00000018   Data   RO           93    .constdata          diss_task.o
    0x0003027c   0x0003027c   0x00000038   Data   RO           95    .constdata          bass.o
    0x000302b4   0x000302b4   0x00000046   Data   RO           97    .constdata          bass_task.o
    0x000302fa   0x000302fa   0x00000002   PAD
    0x000302fc   0x000302fc   0x0000009e   Data   RO          100    .constdata          oads.o
    0x0003039a   0x0003039a   0x00000002   PAD
    0x0003039c   0x0003039c   0x00000078   Data   RO          103    .constdata          oads_task.o
    0x00030414   0x00030414   0x00000038   Data   RO          105    .constdata          app_f000.o
    0x0003044c   0x0003044c   0x00000008   Data   RO          106    .constdata          app_f000.o
    0x00030454   0x00030454   0x0000004c   Data   RO          107    .constdata          app_f000.o
    0x000304a0   0x000304a0   0x00000040   Data   RO          110    .constdata          f000s.o
    0x000304e0   0x000304e0   0x000000da   Data   RO          112    .constdata          f000s_task.o
    0x000305ba   0x000305ba   0x00000002   PAD
    0x000305bc   0x000305bc   0x00000038   Data   RO          114    .constdata          app_f010.o
    0x000305f4   0x000305f4   0x00000008   Data   RO          115    .constdata          app_f010.o
    0x000305fc   0x000305fc   0x0000004c   Data   RO          116    .constdata          app_f010.o
    0x00030648   0x00030648   0x00000040   Data   RO          119    .constdata          f010s.o
    0x00030688   0x00030688   0x000000da   Data   RO          121    .constdata          f010s_task.o
    0x00030762   0x00030762   0x00000002   PAD
    0x00030764   0x00030764   0x00000038   Data   RO          123    .constdata          app_f020.o
    0x0003079c   0x0003079c   0x00000008   Data   RO          124    .constdata          app_f020.o
    0x000307a4   0x000307a4   0x0000004c   Data   RO          125    .constdata          app_f020.o
    0x000307f0   0x000307f0   0x00000088   Data   RO          128    .constdata          f020s.o
    0x00030878   0x00030878   0x000000da   Data   RO          130    .constdata          f020s_task.o
    0x00030952   0x00030952   0x00000002   PAD
    0x00030954   0x00030954   0x00000038   Data   RO          132    .constdata          app_f030.o
    0x0003098c   0x0003098c   0x00000008   Data   RO          133    .constdata          app_f030.o
    0x00030994   0x00030994   0x0000004c   Data   RO          134    .constdata          app_f030.o
    0x000309e0   0x000309e0   0x00000078   Data   RO          137    .constdata          f030s.o
    0x00030a58   0x00030a58   0x000000da   Data   RO          139    .constdata          f030s_task.o
    0x00030b32   0x00030b32   0x00000002   PAD
    0x00030b34   0x00030b34   0x00000038   Data   RO          141    .constdata          app_f040.o
    0x00030b6c   0x00030b6c   0x00000008   Data   RO          142    .constdata          app_f040.o
    0x00030b74   0x00030b74   0x0000004c   Data   RO          143    .constdata          app_f040.o
    0x00030bc0   0x00030bc0   0x00000030   Data   RO          146    .constdata          f040s.o
    0x00030bf0   0x00030bf0   0x000000da   Data   RO          148    .constdata          f040s_task.o
    0x00030cca   0x00030cca   0x00000002   PAD
    0x00030ccc   0x00030ccc   0x0000000f   Data   RO          151    .constdata          work.o
    0x00030cdb   0x00030cdb   0x0000000c   Data   RO          166    .constdata          mc_5.l(mktime.o)
    0x00030ce7   0x00030ce7   0x0000000c   Data   RO          200    .constdata          mc_5.l(localtime_i.o)
    0x00030cf3   0x00030cf3   0x00000001   PAD
    0x00030cf4   0x00030cf4   0x000000ca   Data   RO           35    .conststring        app_sec.o
    0x00030dbe   0x00030dbe   0x00000002   PAD
    0x00030dc0   0x00030dc0   0x00000030   Data   RO          215    Region$$Table       anon$$obj.o


    Execution Region RAM_DATA (Exec base: 0x00400800, Load base: 0x00030df0, Size: 0x000000d8, Max: 0xffffffff, ABSOLUTE)

    Exec Addr    Load Addr    Size         Type   Attr      Idx    E Section Name        Object

    0x00400800   0x00030df0   0x00000001   Data   RW            9    .data               main.o
    0x00400801   0x00030df1   0x00000002   Data   RW           21    .data               app_batt.o
    0x00400803   0x00030df3   0x00000001   Data   RW           30    .data               app_oads.o
    0x00400804   0x00030df4   0x00000005   Data   RW           36    .data               app_sec.o
    0x00400809   0x00030df9   0x00000001   Data   RW           41    .data               app_task.o
    0x0040080a   0x00030dfa   0x00000001   Data   RW           42    .data               app_task.o
    0x0040080b   0x00030dfb   0x00000001   PAD
    0x0040080c   0x00030dfc   0x00000004   Data   RW           45    .data               rwble.o
    0x00400810   0x00030e00   0x00000001   Data   RW           48    .data               rwip.o
    0x00400811   0x00030e01   0x00000003   PAD
    0x00400814   0x00030e04   0x0000000c   Data   RW           58    .data               flash.o
    0x00400820   0x00030e10   0x00000004   Data   RW           63    .data               gpio.o
    0x00400824   0x00030e14   0x00000003   Data   RW           66    .data               icu.o
    0x00400827   0x00030e17   0x00000001   PAD
    0x00400828   0x00030e18   0x00000008   Data   RW           73    .data               uart2.o
    0x00400830   0x00030e20   0x0000000c   Data   RW           78    .data               uart.o
    0x0040083c   0x00030e2c   0x00000010   Data   RW          101    .data               oads.o
    0x0040084c   0x00030e3c   0x00000003   Data   RW          108    .data               app_f000.o
    0x0040084f   0x00030e3f   0x00000003   Data   RW          117    .data               app_f010.o
    0x00400852   0x00030e42   0x00000003   Data   RW          126    .data               app_f020.o
    0x00400855   0x00030e45   0x00000003   Data   RW          135    .data               app_f030.o
    0x00400858   0x00030e48   0x00000003   Data   RW          144    .data               app_f040.o
    0x0040085b   0x00030e4b   0x00000001   PAD
    0x0040085c   0x00030e4c   0x0000007a   Data   RW          152    .data               work.o


    Execution Region RAM_BSS (Exec base: 0x004008d8, Load base: 0x00030ec8, Size: 0x00002e34, Max: 0xffffffff, ABSOLUTE)

    Exec Addr    Load Addr    Size         Type   Attr      Idx    E Section Name        Object

    0x004008d8        -       0x0000002e   Zero   RW           16    .bss                app.o
    0x00400906   0x00030ec8   0x00000002   PAD
    0x00400908        -       0x000028f0   Zero   RW           47    .bss                rwip.o
    0x004031f8        -       0x00000018   Zero   RW           51    .bss                nvds.o
    0x00403210        -       0x000000f0   Zero   RW           55    .bss                prf.o
    0x00403300        -       0x00000080   Zero   RW           60    .bss                rf_xvr.o
    0x00403380        -       0x0000000c   Zero   RW           64    .bss                spi.o
    0x0040338c        -       0x00000100   Zero   RW           72    .bss                uart2.o
    0x0040348c        -       0x00000158   Zero   RW           75    .bss                uart.o
    0x004035e4        -       0x000000c0   Zero   RW           99    .bss                oads.o
    0x004036a4        -       0x00000039   Zero   RW          150    .bss                work.o
    0x004036dd   0x00030ec8   0x00000003   PAD
    0x004036e0        -       0x0000002c   Zero   RW          198    .bss                mc_5.l(localtime_w.o)


    Execution Region RAM_STACK_UNUSED (Exec base: 0x0040f0cc, Load base: 0x00030ec8, Size: 0x00000060, Max: 0x00000060, ABSOLUTE)

    Exec Addr    Load Addr    Size         Type   Attr      Idx    E Section Name        Object

    0x0040f0cc        -       0x00000060   Zero   RW            1    RAM_STACK_UNUSED.bss  anon$$obj.o


    Execution Region RAM_STACK_SVC (Exec base: 0x0040f12c, Load base: 0x00030ec8, Size: 0x000006f0, Max: 0x000006f0, ABSOLUTE)

    Exec Addr    Load Addr    Size         Type   Attr      Idx    E Section Name        Object

    0x0040f12c        -       0x000006f0   Zero   RW            2    RAM_STACK_SVC.bss   anon$$obj.o


    Execution Region RAM_STACK_IRQ (Exec base: 0x0040f81c, Load base: 0x00030ec8, Size: 0x000003f0, Max: 0x000003f0, ABSOLUTE)

    Exec Addr    Load Addr    Size         Type   Attr      Idx    E Section Name        Object

    0x0040f81c        -       0x000003f0   Zero   RW            3    RAM_STACK_IRQ.bss   anon$$obj.o


    Execution Region RAM_STACK_FIQ (Exec base: 0x0040fc0c, Load base: 0x00030ec8, Size: 0x000003f0, Max: 0x000003f0, ABSOLUTE)

    Exec Addr    Load Addr    Size         Type   Attr      Idx    E Section Name        Object

    0x0040fc0c        -       0x000003f0   Zero   RW            4    RAM_STACK_FIQ.bss   anon$$obj.o


    Execution Region RAM_BSS_1 (Exec base: 0x00812800, Load base: 0x00030ec8, Size: 0x00000ea8, Max: 0xffffffff, ABSOLUTE)

    Exec Addr    Load Addr    Size         Type   Attr      Idx    E Section Name        Object

    0x00812800        -       0x00000ea8   Zero   RW           49    ke_heap             rwip.o


==============================================================================

Image component sizes


      Code (inc. data)   RO Data    RW Data    ZI Data      Debug   Object Name

       880         86        138          0         46          0   app.o
       164         14         40          2          0          0   app_batt.o
       236         86         16          0          0          0   app_dis.o
       612        210        140          3          0          0   app_f000.o
       612        210        140          3          0          0   app_f010.o
       612        210        140          3          0          0   app_f020.o
       612        210        140          3          0          0   app_f030.o
       612        210        140          3          0          0   app_f040.o
       440        126        224          1          0          0   app_oads.o
       916        238        320          5          0          0   app_sec.o
      2480        868        378          2          0          0   app_task.o
       936         14         56          0          0          0   bass.o
       728         24         70          0          0          0   bass_task.o
       500         76          0          0          0          0   boot_handlers.o
        92         32          0          0          0          0   boot_vectors.o
       376          8        168          0          0          0   diss.o
       496         14         24          0          0          0   diss_task.o
       144         16          0          0          0          0   dma.o
       460         10         64          0          0          0   f000s.o
       856        106        218          0          0          0   f000s_task.o
       460         10         64          0          0          0   f010s.o
       856        106        218          0          0          0   f010s_task.o
       472         12        136          0          0          0   f020s.o
      1096        106        218          0          0          0   f020s_task.o
       472         12        120          0          0          0   f030s.o
      1084        104        218          0          0          0   f030s_task.o
       464         10         48          0          0          0   f040s.o
       876        104        218          0          0          0   f040s_task.o
      1912        166          0         12          0          0   flash.o
       404         16          0          4          0          0   gpio.o
      1528        286          0          3          0          0   icu.o
       208          4          0          0          0          0   intc.o
       956        382         16          1          0          0   main.o
       764         30          4          0         24          0   nvds.o
      2036        540        158         16        192          0   oads.o
       848        162        120          0          0          0   oads_task.o
       784        124          0          0        240          0   prf.o
        96          0          0          0          0          0   prf_utils.o
      2064        366         15          0        128          0   rf_xvr.o
       184         44         10          4          0          0   rwble.o
      1688        228          0          1      14232          0   rwip.o
         0          0          0          0         12          0   spi.o
       940         48          0         12        344          0   uart.o
       260         24          0          8        256          0   uart2.o
        52          6          0          0          0          0   wdt.o
      4292        708         15        122         57          0   work.o

    ----------------------------------------------------------------------
     37624       6386       4063        216      19424          0   Object Totals
        48         20         48          0       3888          0   (incl. Generated)
        16          0         21          8          5          0   (incl. Padding)

    ----------------------------------------------------------------------

      Code (inc. data)   RO Data    RW Data    ZI Data      Debug   Library Member Name

         0          0          0          0          0          0   entry.o
         0          0          0          0          0          0   entry10a.o
         0          0          0          0          0          0   entry11a.o
         8          4          0          0          0          0   entry2.o
         4          0          0          0          0          0   entry5.o
         0          0          0          0          0          0   entry7b.o
         0          0          0          0          0          0   entry8b.o
        12          4          0          0          0          0   entry9a.o
        56          0          0          0          0          0   handlers.o
        32         10          0          0          0          0   init.o
         0          0          0          0          0          0   iusefp.o
        32          0          0          0          0          0   llshl.o
        38          0          0          0          0          0   llsshr.o
        34          0          0          0          0          0   llushr.o
       116         12         12          0          0          0   localtime_i.o
        16          6          0          0         44          0   localtime_w.o
       140         16         12          0          0          0   mktime.o
      2274         94          0          0          0          0   printfa.o
        96          0          0          0          0          0   uldiv.o
        40          2          0          0          0          0   cdrcmple.o
       356          4          0          0          0          0   dadd.o
       240          6          0          0          0          0   ddiv.o
       190          0          0          0          0          0   depilogue.o
        64         10          0          0          0          0   dfixul.o
       208          6          0          0          0          0   dmul.o

    ----------------------------------------------------------------------
      3960        174         25          0         44          0   Library Totals
         4          0          1          0          0          0   (incl. Padding)

    ----------------------------------------------------------------------

      Code (inc. data)   RO Data    RW Data    ZI Data      Debug   Library Name

      2858        146         24          0         44          0   mc_5.l
      1098         28          0          0          0          0   mf_5.l

    ----------------------------------------------------------------------
      3960        174         25          0         44          0   Library Totals

    ----------------------------------------------------------------------

==============================================================================


      Code (inc. data)   RO Data    RW Data    ZI Data      Debug   

     41584       6560       4088        216      19468          0   Grand Totals
     41584       6560       4088        216      19468          0   ELF Image Totals
     41584       6560       4088        216          0          0   ROM Totals

==============================================================================

    Total RO  Size (Code + RO Data)                45672 (  44.60kB)
    Total RW  Size (RW Data + ZI Data)             19684 (  19.22kB)
    Total ROM Size (Code + RO Data + RW Data)      45888 (  44.81kB)

==============================================================================

