Component: ARM Compiler 5.06 update 6 (build 750) Tool: armlink [4d35ed]

==============================================================================

Section Cross References

    boot_handlers.o(SYS_BOOT) refers to main.o(.text) for main
    boot_vectors.o(SYS_BOOT) refers to boot_handlers.o(SYS_BOOT) for sys_Reset
    boot_vectors.o(SYS_BOOT) refers to intc.o(sys_irq_entry) for SYSirq_IRQ_Handler
    boot_vectors.o(SYS_BOOT) refers to intc.o(sys_fiq_entry) for SYSirq_FIQ_Handler
    main.o(.text) refers to uart2.o(.text) for uart2_printf
    main.o(.text) refers to flash.o(.text) for flash_read_data
    main.o(.text) refers to icu.o(.text) for icu_init
    main.o(.text) refers to wdt.o(.text) for wdt_disable
    main.o(.text) refers to intc.o(.text) for intc_init
    main.o(.text) refers to uart.o(.text) for uart_init
    main.o(.text) refers to gpio.o(.text) for gpio_init
    main.o(.text) refers to nvds.o(.text) for nvds_init
    main.o(.text) refers to rwip.o(.text) for rwip_init
    main.o(.text) refers to aon_rtc.o(.text) for aon_rtc_init
    main.o(.text) refers to spi.o(.text) for spi_init
    main.o(.text) refers to lcd360.o(.text) for lcd_gpio_init
    main.o(.text) refers to w25x40c.o(.text) for flash_device_spi_init
    main.o(.text) refers to oads.o(.text) for oad_updating_user_section_pro
    main.o(.text) refers to main.o(.bss) for .bss
    main.o(.text) refers to main.o(.constdata) for .constdata
    main.o(.text) refers to boot_handlers.o(SYS_BOOT) for boot_stack_base_UNUSED
    main.o(.text) refers to prf.o(.text) for prf_get_id_from_task
    main.o(.text) refers to rwble.o(.text) for rwble_sleep_wakeup_end
    main.o(.constdata) refers to uart.o(.text) for uart_read
    app.o(.text) refers to flash.o(.text) for flash_read_data
    app.o(.text) refers to app_sec.o(.text) for app_sec_init
    app.o(.text) refers to app_dis.o(.text) for app_dis_init
    app.o(.text) refers to app_batt.o(.text) for app_batt_init
    app.o(.text) refers to app_ancsc.o(.text) for app_ancsc_init
    app.o(.text) refers to app_oads.o(.text) for app_oads_init
    app.o(.text) refers to uart2.o(.text) for uart2_printf
    app.o(.text) refers to app.o(.bss) for .bss
    app.o(.text) refers to app_task.o(.constdata) for TASK_DESC_APP
    app.o(.text) refers to app.o(.constdata) for .constdata
    app.o(.constdata) refers to app_fee0.o(.text) for app_fee0_add_fee0s
    app.o(.constdata) refers to app_fcc0.o(.text) for app_fcc0_add_fcc0s
    app.o(.constdata) refers to app_dis.o(.text) for app_dis_add_dis
    app.o(.constdata) refers to app_batt.o(.text) for app_batt_add_bas
    app.o(.constdata) refers to app_ancsc.o(.text) for app_ancs_add_ancsc
    app.o(.constdata) refers to app_oads.o(.text) for app_oad_add_oads
    app_ancsc.o(.text) refers to uart2.o(.text) for uart2_printf
    app_ancsc.o(.text) refers to prf.o(.text) for prf_get_task_from_id
    app_ancsc.o(.text) refers to app_ancsc.o(.constdata) for .constdata
    app_ancsc.o(.text) refers to app_ancsc.o(.data) for .data
    app_ancsc.o(.constdata) refers to app_ancsc.o(.text) for app_ancsc_msg_dflt_handler
    app_ancsc.o(.constdata) refers to app_ancsc.o(.constdata) for app_ancsc_msg_handler_list
    app_batt.o(.text) refers to prf.o(.text) for prf_get_task_from_id
    app_batt.o(.text) refers to app_batt.o(.data) for .data
    app_batt.o(.constdata) refers to app_batt.o(.text) for app_batt_msg_dflt_handler
    app_batt.o(.constdata) refers to app_batt.o(.constdata) for app_batt_msg_handler_list
    app_dis.o(.constdata) refers to app_dis.o(.text) for diss_value_req_ind_handler
    app_dis.o(.constdata) refers to app_dis.o(.constdata) for app_dis_msg_handler_list
    app_fcc0.o(.text) refers to prf.o(.text) for prf_get_task_from_id
    app_fcc0.o(.text) refers to uart2.o(.text) for uart2_printf
    app_fcc0.o(.text) refers to app_fcc0.o(.data) for .data
    app_fcc0.o(.text) refers to app_fcc0.o(.constdata) for .constdata
    app_fcc0.o(.constdata) refers to app_fcc0.o(.text) for app_fcc0_msg_dflt_handler
    app_fcc0.o(.constdata) refers to app_fcc0.o(.constdata) for app_fcc0_msg_handler_list
    app_fee0.o(.text) refers to prf.o(.text) for prf_get_task_from_id
    app_fee0.o(.text) refers to uart2.o(.text) for uart2_printf
    app_fee0.o(.text) refers to app_fee0.o(.data) for .data
    app_fee0.o(.text) refers to app_fee0.o(.constdata) for .constdata
    app_fee0.o(.constdata) refers to app_fee0.o(.text) for app_fee0_msg_dflt_handler
    app_fee0.o(.constdata) refers to app_fee0.o(.constdata) for app_fee0_msg_handler_list
    app_oads.o(.text) refers to uart2.o(.text) for uart2_printf
    app_oads.o(.text) refers to prf.o(.text) for prf_get_task_from_id
    app_oads.o(.text) refers to oads.o(.text) for oadImgIdentifyWrite
    app_oads.o(.text) refers to app_oads.o(.data) for .data
    app_oads.o(.text) refers to app_oads.o(.constdata) for .constdata
[...]
    Long ARM to Thumb Veneer to Undefined_Exception 0x00025d50   ARM Code       8  anon$$obj.o(Veneer$$Code)
    Long ARM to Thumb Veneer to SoftwareInterrupt_Exception 0x00025d58   ARM Code       8  anon$$obj.o(Veneer$$Code)
    Long ARM to Thumb Veneer to PrefetchAbort_Exception 0x00025d60   ARM Code       8  anon$$obj.o(Veneer$$Code)
    Long ARM to Thumb Veneer to DataAbort_Exception 0x00025d68   ARM Code       8  anon$$obj.o(Veneer$$Code)
    Long ARM to Thumb Veneer to Reserved_Exception 0x00025d70   ARM Code       8  anon$$obj.o(Veneer$$Code)
    SYSirq_FIQ_Handler                       0x00025e00   ARM Code      16  intc.o(sys_fiq_entry)
    SYSirq_IRQ_Handler                       0x00025e20   ARM Code      16  intc.o(sys_irq_entry)
    __main                                   0x00025e30   ARM Code       8  __main.o(!!!main)
    __scatterload                            0x00025e38   ARM Code       0  __scatter.o(!!!scatter)
    __scatterload_rt2                        0x00025e38   ARM Code      52  __scatter.o(!!!scatter)
    __scatterload_null                       0x00025e4c   ARM Code       0  __scatter.o(!!!scatter)
    __scatterload_copy                       0x00025e74   ARM Code      40  __scatter_copy.o(!!handler_copy)
    __scatterload_zeroinit                   0x00025e9c   ARM Code      44  __scatter_zi.o(!!handler_zi)
    _printf_n                                0x00025ec8   ARM Code       0  _printf_n.o(.ARM.Collect$$_printf_percent$$00000001)
    _printf_percent                          0x00025ec8   ARM Code       0  _printf_percent.o(.ARM.Collect$$_printf_percent$$00000000)
    _printf_p                                0x00025ed0   ARM Code       0  _printf_p.o(.ARM.Collect$$_printf_percent$$00000002)
    _printf_f                                0x00025ed8   ARM Code       0  _printf_f.o(.ARM.Collect$$_printf_percent$$00000003)
    _printf_e                                0x00025ee0   ARM Code       0  _printf_e.o(.ARM.Collect$$_printf_percent$$00000004)
    _printf_g                                0x00025ee8   ARM Code       0  _printf_g.o(.ARM.Collect$$_printf_percent$$00000005)
    _printf_a                                0x00025ef0   ARM Code       0  _printf_a.o(.ARM.Collect$$_printf_percent$$00000006)
    _printf_ll                               0x00025ef8   ARM Code       0  _printf_ll.o(.ARM.Collect$$_printf_percent$$00000007)
    _printf_i                                0x00025f04   ARM Code       0  _printf_i.o(.ARM.Collect$$_printf_percent$$00000008)
    _printf_d                                0x00025f0c   ARM Code       0  _printf_d.o(.ARM.Collect$$_printf_percent$$00000009)
    _printf_u                                0x00025f14   ARM Code       0  _printf_u.o(.ARM.Collect$$_printf_percent$$0000000A)
    _printf_o                                0x00025f1c   ARM Code       0  _printf_o.o(.ARM.Collect$$_printf_percent$$0000000B)
    _printf_x                                0x00025f24   ARM Code       0  _printf_x.o(.ARM.Collect$$_printf_percent$$0000000C)
    _printf_lli                              0x00025f2c   ARM Code       0  _printf_lli.o(.ARM.Collect$$_printf_percent$$0000000D)
    _printf_lld                              0x00025f34   ARM Code       0  _printf_lld.o(.ARM.Collect$$_printf_percent$$0000000E)
    _printf_llu                              0x00025f3c   ARM Code       0  _printf_llu.o(.ARM.Collect$$_printf_percent$$0000000F)
    _printf_llo                              0x00025f44   ARM Code       0  _printf_llo.o(.ARM.Collect$$_printf_percent$$00000010)
    _printf_llx                              0x00025f4c   ARM Code       0  _printf_llx.o(.ARM.Collect$$_printf_percent$$00000011)
    _printf_l                                0x00025f54   ARM Code       0  _printf_l.o(.ARM.Collect$$_printf_percent$$00000012)
    _printf_c                                0x00025f60   ARM Code       0  _printf_c.o(.ARM.Collect$$_printf_percent$$00000013)
    _printf_s                                0x00025f68   ARM Code       0  _printf_s.o(.ARM.Collect$$_printf_percent$$00000014)
    _printf_lc                               0x00025f70   ARM Code       0  _printf_lc.o(.ARM.Collect$$_printf_percent$$00000015)
    _printf_ls                               0x00025f78   ARM Code       0  _printf_ls.o(.ARM.Collect$$_printf_percent$$00000016)
    _printf_percent_end                      0x00025f80   ARM Code       0  _printf_percent_end.o(.ARM.Collect$$_printf_percent$$00000017)
    __rt_lib_init                            0x00025f89   Thumb Code     0  libinit.o(.ARM.Collect$$libinit$$00000000)
    __rt_lib_init_fp_1                       0x00025f8b   Thumb Code     0  libinit2.o(.ARM.Collect$$libinit$$00000002)
    __rt_lib_init_heap_1                     0x00025f8b   Thumb Code     0  libinit2.o(.ARM.Collect$$libinit$$0000000A)
    __rt_lib_init_lc_common                  0x00025f8b   Thumb Code     0  libinit2.o(.ARM.Collect$$libinit$$0000000F)
    __rt_lib_init_preinit_1                  0x00025f8b   Thumb Code     0  libinit2.o(.ARM.Collect$$libinit$$00000004)
    __rt_lib_init_rand_1                     0x00025f8b   Thumb Code     0  libinit2.o(.ARM.Collect$$libinit$$0000000E)
    __rt_lib_init_user_alloc_1               0x00025f8b   Thumb Code     0  libinit2.o(.ARM.Collect$$libinit$$0000000C)
    __rt_lib_init_lc_collate_1               0x00025f91   Thumb Code     0  libinit2.o(.ARM.Collect$$libinit$$00000011)
    __rt_lib_init_lc_ctype_2                 0x00025f91   Thumb Code     0  libinit2.o(.ARM.Collect$$libinit$$00000012)
    __rt_lib_init_lc_ctype_1                 0x00025f9d   Thumb Code     0  libinit2.o(.ARM.Collect$$libinit$$00000013)
    __rt_lib_init_lc_monetary_1              0x00025f9d   Thumb Code     0  libinit2.o(.ARM.Collect$$libinit$$00000015)
    __rt_lib_init_lc_numeric_2               0x00025f9d   Thumb Code     0  libinit2.o(.ARM.Collect$$libinit$$00000016)
    __rt_lib_init_alloca_1                   0x00025fa7   Thumb Code     0  libinit2.o(.ARM.Collect$$libinit$$0000002E)
    __rt_lib_init_argv_1                     0x00025fa7   Thumb Code     0  libinit2.o(.ARM.Collect$$libinit$$0000002C)
    __rt_lib_init_atexit_1                   0x00025fa7   Thumb Code     0  libinit2.o(.ARM.Collect$$libinit$$0000001B)
    __rt_lib_init_clock_1                    0x00025fa7   Thumb Code     0  libinit2.o(.ARM.Collect$$libinit$$00000021)
    __rt_lib_init_cpp_1                      0x00025fa7   Thumb Code     0  libinit2.o(.ARM.Collect$$libinit$$00000032)
    __rt_lib_init_exceptions_1               0x00025fa7   Thumb Code     0  libinit2.o(.ARM.Collect$$libinit$$00000030)
    __rt_lib_init_fp_trap_1                  0x00025fa7   Thumb Code     0  libinit2.o(.ARM.Collect$$libinit$$0000001F)
    __rt_lib_init_getenv_1                   0x00025fa7   Thumb Code     0  libinit2.o(.ARM.Collect$$libinit$$00000023)
    __rt_lib_init_lc_numeric_1               0x00025fa7   Thumb Code     0  libinit2.o(.ARM.Collect$$libinit$$00000017)
    __rt_lib_init_lc_time_1                  0x00025fa7   Thumb Code     0  libinit2.o(.ARM.Collect$$libinit$$00000019)
    __rt_lib_init_return                     0x00025fa7   Thumb Code     0  libinit2.o(.ARM.Collect$$libinit$$00000033)
    __rt_lib_init_signal_1                   0x00025fa7   Thumb Code     0  libinit2.o(.ARM.Collect$$libinit$$0000001D)
    __rt_lib_init_stdio_1                    0x00025fa7   Thumb Code     0  libinit2.o(.ARM.Collect$$libinit$$00000025)
    __rt_lib_shutdown                        0x00025fa9   Thumb Code     0  libshutdown.o(.ARM.Collect$$libshutdown$$00000000)
    __rt_lib_shutdown_cpp_1                  0x00025fab   Thumb Code     0  libshutdown2.o(.ARM.Collect$$libshutdown$$00000002)
    __rt_lib_shutdown_fp_trap_1              0x00025fab   Thumb Code     0  libshutdown2.o(.ARM.Collect$$libshutdown$$00000007)
    __rt_lib_shutdown_heap_1                 0x00025fab   Thumb Code     0  libshutdown2.o(.ARM.Collect$$libshutdown$$0000000F)
    __rt_lib_shutdown_return                 0x00025fab   Thumb Code     0  libshutdown2.o(.ARM.Collect$$libshutdown$$00000010)
    __rt_lib_shutdown_signal_1               0x00025fab   Thumb Code     0  libshutdown2.o(.ARM.Collect$$libshutdown$$0000000A)
    __rt_lib_shutdown_stdio_1                0x00025fab   Thumb Code     0  libshutdown2.o(.ARM.Collect$$libshutdown$$00000004)
    __rt_lib_shutdown_user_alloc_1           0x00025fab   Thumb Code     0  libshutdown2.o(.ARM.Collect$$libshutdown$$0000000C)
    __rt_entry                               0x00025fac   ARM Code       0  __rtentry.o(.ARM.Collect$$rtentry$$00000000)
    __rt_entry_presh_1                       0x00025fac   ARM Code       0  __rtentry2.o(.ARM.Collect$$rtentry$$00000002)
    __rt_entry_sh                            0x00025fac   ARM Code       0  __rtentry5.o(.ARM.Collect$$rtentry$$00000005)
    __rt_entry_li                            0x00025fb0   ARM Code       0  __rtentry2.o(.ARM.Collect$$rtentry$$0000000A)
    __rt_entry_postsh_1                      0x00025fb0   ARM Code       0  __rtentry2.o(.ARM.Collect$$rtentry$$00000009)
    __rt_entry_main                          0x00025fb4   ARM Code       0  __rtentry2.o(.ARM.Collect$$rtentry$$0000000D)
    __rt_entry_postli_1                      0x00025fb4   ARM Code       0  __rtentry2.o(.ARM.Collect$$rtentry$$0000000C)
    __rt_exit                                0x00025fe0   ARM Code       0  rtexit.o(.ARM.Collect$$rtexit$$00000000)
    __rt_exit_ls                             0x00025fe4   ARM Code       0  rtexit2.o(.ARM.Collect$$rtexit$$00000003)
    __rt_exit_prels_1                        0x00025fe4   ARM Code       0  rtexit2.o(.ARM.Collect$$rtexit$$00000002)
    __rt_exit_exit                           0x00025fe8   ARM Code       0  rtexit2.o(.ARM.Collect$$rtexit$$00000004)
    Inline ARM to Thumb Veneer to main       0x00025ff0   ARM Code       8  main.o(.text)
    platform_reset                           0x00025ff9   Thumb Code    24  main.o(.text)
    bdaddr_env_init                          0x00026011   Thumb Code    74  main.o(.text)
    main                                     0x0002605b   Thumb Code   246  main.o(.text)
    rwip_eif_get                             0x00026151   Thumb Code    12  main.o(.text)
    appm_init                                0x00026335   Thumb Code   140  app.o(.text)
    appm_add_svc                             0x000263c1   Thumb Code    44  app.o(.text)
    appm_disconnect                          0x000263ed   Thumb Code    34  app.o(.text)
    appm_delete_advertising                  0x0002640f   Thumb Code    30  app.o(.text)
    appm_adv_fsm_next                        0x0002642d   Thumb Code   224  app.o(.text)
    appm_update_param                        0x0002650d   Thumb Code    56  app.o(.text)
    appm_get_dev_name                        0x00026545   Thumb Code    18  app.o(.text)
    appm_update_adv_state                    0x00026557   Thumb Code     2  app.o(.text)
    app_ancsc_init                           0x00026619   Thumb Code    18  app_ancsc.o(.text)
    app_ancs_add_ancsc                       0x0002662b   Thumb Code    50  app_ancsc.o(.text)
    app_ancsc_enable_prf                     0x0002665d   Thumb Code    50  app_ancsc.o(.text)
    app_ancsc_delete_call                    0x000267b9   Thumb Code    74  app_ancsc.o(.text)
    app_batt_init                            0x00026ac9   Thumb Code    12  app_batt.o(.text)
    app_batt_add_bas                         0x00026ad5   Thumb Code    44  app_batt.o(.text)
    app_batt_enable_prf                      0x00026b01   Thumb Code    44  app_batt.o(.text)
    app_batt_send_lvl                        0x00026b2d   Thumb Code    34  app_batt.o(.text)
    app_dis_init                             0x00026be9   Thumb Code     2  app_dis.o(.text)
    app_dis_add_dis                          0x00026beb   Thumb Code    42  app_dis.o(.text)
    app_fcc0_init                            0x00026c81   Thumb Code     8  app_fcc0.o(.text)
    app_fcc0_add_fcc0s                       0x00026c89   Thumb Code    42  app_fcc0.o(.text)
    app_fcc2_send_ntf                        0x00026cb3   Thumb Code    50  app_fcc0.o(.text)
    app_fee0_init                            0x00026dd9   Thumb Code    12  app_fee0.o(.text)
    app_fee0_add_fee0s                       0x00026de5   Thumb Code    60  app_fee0.o(.text)
    app_fee4_send_ntf                        0x00026e21   Thumb Code    52  app_fee0.o(.text)
    app_fee5_send_ind                        0x00026e55   Thumb Code    54  app_fee0.o(.text)
    app_oads_init                            0x00027041   Thumb Code     8  app_oads.o(.text)
    app_oad_add_oads                         0x00027049   Thumb Code    62  app_oads.o(.text)
    app_oads_enable_prf                      0x00027087   Thumb Code    42  app_oads.o(.text)
    app_ffc1_ntf_req                         0x00027101   Thumb Code    44  app_oads.o(.text)
    app_ffc2_ntf_req                         0x0002712d   Thumb Code    46  app_oads.o(.text)
    app_sec_init                             0x000271f9   Thumb Code    46  app_sec.o(.text)
    app_sec_get_bond_status                  0x00027227   Thumb Code     6  app_sec.o(.text)
    app_sec_remove_bond                      0x0002722d   Thumb Code    32  app_sec.o(.text)
    app_sec_send_security_req                0x0002724d   Thumb Code    66  app_sec.o(.text)
    rwble_init                               0x00027ea9   Thumb Code    96  rwble.o(.text)
    rwble_isr                                0x00027f09   Thumb Code    46  rwble.o(.text)
    rwble_sleep_enter                        0x00027f37   Thumb Code    18  rwble.o(.text)
    rwble_sleep_wakeup_end                   0x00027f49   Thumb Code    10  rwble.o(.text)
    rwip_init                                0x00027fdd   Thumb Code   216  rwip.o(.text)
    rwip_reset                               0x000280b5   Thumb Code   108  rwip.o(.text)
    rwip_schedule                            0x00028121   Thumb Code    16  rwip.o(.text)
    rwip_isr                                 0x00028131   Thumb Code   124  rwip.o(.text)
    rwip_sleep                               0x000281ad   Thumb Code   262  rwip.o(.text)
    nvds_init                                0x000283eb   Thumb Code    60  nvds.o(.text)
    nvds_get                                 0x00028427   Thumb Code    62  nvds.o(.text)
    nvds_del                                 0x00028465   Thumb Code    52  nvds.o(.text)
    nvds_lock                                0x00028499   Thumb Code    44  nvds.o(.text)
    nvds_put                                 0x000284c5   Thumb Code   214  nvds.o(.text)
    prf_pack_char_pres_fmt                   0x00028669   Thumb Code    30  prf_utils.o(.text)
    prf_read_char_send                       0x00028687   Thumb Code    46  prf_utils.o(.text)
    prf_register_atthdl2gatt                 0x000286b5   Thumb Code    52  prf_utils.o(.text)
    prf_unregister_atthdl2gatt               0x000286e9   Thumb Code    52  prf_utils.o(.text)
    prf_disc_svc_send                        0x0002871d   Thumb Code    58  prf_utils.o(.text)
    prf_disc_svc_send_uuid128                0x00028757   Thumb Code    64  prf_utils.o(.text)
    prf_gatt_write                           0x00028797   Thumb Code    82  prf_utils.o(.text)
    prf_gatt_write_ntf_ind                   0x000287e9   Thumb Code    26  prf_utils.o(.text)
    prf_check_svc_char_validity              0x00028803   Thumb Code    66  prf_utils.o(.text)
    prf_check_svc_char_desc_validity         0x00028845   Thumb Code    58  prf_utils.o(.text)
    prf_extract_svc_info                     0x0002887f   Thumb Code   296  prf_utils.o(.text)
    prf_client_att_info_rsp                  0x000289a7   Thumb Code    86  prf_utils.o(.text)
    prf_pack_date_time                       0x000289fd   Thumb Code    32  prf_utils.o(.text)
    prf_unpack_date_time                     0x00028a1d   Thumb Code    34  prf_utils.o(.text)
    prf_init                                 0x00028a8d   Thumb Code   116  prf.o(.text)
    prf_add_profile                          0x00028b01   Thumb Code   130  prf.o(.text)
    prf_create                               0x00028b83   Thumb Code    44  prf.o(.text)
    prf_cleanup                              0x00028baf   Thumb Code    48  prf.o(.text)
    prf_env_get                              0x00028bdf   Thumb Code    44  prf.o(.text)
    prf_src_task_get                         0x00028c0b   Thumb Code    16  prf.o(.text)
    prf_dst_task_get                         0x00028c1b   Thumb Code    16  prf.o(.text)
    prf_get_id_from_task                     0x00028c2b   Thumb Code    52  prf.o(.text)
    prf_get_task_from_id                     0x00028c5f   Thumb Code    52  prf.o(.text)
    set_flash_clk                            0x00028cad   Thumb Code    40  flash.o(.text)
    get_flash_ID                             0x00028cd5   Thumb Code    34  flash.o(.text)
    flash_read_sr                            0x00028cf7   Thumb Code    26  flash.o(.text)
    flash_write_sr                           0x00028d11   Thumb Code   168  flash.o(.text)
    flash_wp_256k                            0x00028db9   Thumb Code    70  flash.o(.text)
    flash_wp_ALL                             0x00028dff   Thumb Code    70  flash.o(.text)
    flash_advance_init                       0x00028e45   Thumb Code   110  flash.o(.text)
    clr_flash_qwfr                           0x00028eb3   Thumb Code    76  flash.o(.text)
    flash_set_dual_mode                      0x00028eff   Thumb Code    32  flash.o(.text)
    flash_init                               0x00028f1f   Thumb Code    18  flash.o(.text)
    flash_set_line_mode                      0x00028f31   Thumb Code     2  flash.o(.text)
    flash_erase_sector                       0x00028f33   Thumb Code    78  flash.o(.text)
    flash_read_data                          0x00028f81   Thumb Code   166  flash.o(.text)
    flash_write_data                         0x00029027   Thumb Code   346  flash.o(.text)
    flash_set_qe                             0x00029181   Thumb Code    68  flash.o(.text)
    flash_read                               0x000291c5   Thumb Code    46  flash.o(.text)
    flash_write                              0x000291f3   Thumb Code   102  flash.o(.text)
    flash_erase                              0x00029259   Thumb Code    66  flash.o(.text)
    flash_test                               0x0002929b   Thumb Code   196  flash.o(.text)
    Delay_ms                                 0x0002941d   Thumb Code    26  rf_xvr.o(.text)
    CLK32K_AutoCali_init                     0x00029437   Thumb Code    70  rf_xvr.o(.text)
    kmod_calibration                         0x0002947d   Thumb Code   318  rf_xvr.o(.text)
    xvr_reg_initial                          0x000295bb   Thumb Code   382  rf_xvr.o(.text)
    rf_init                                  0x00029739   Thumb Code   758  rf_xvr.o(.text)
    Delay_us                                 0x00029a2f   Thumb Code    20  rf_xvr.o(.text)
    Delay                                    0x00029a43   Thumb Code    20  rf_xvr.o(.text)
    bk3435_singleWaveCfg                     0x00029a57   Thumb Code    36  rf_xvr.o(.text)
    bk3435_set_power                         0x00029a7b   Thumb Code    48  rf_xvr.o(.text)
    gpio_config                              0x00029cb5   Thumb Code    84  gpio.o(.text)
    gpio_get_input                           0x00029d09   Thumb Code    24  gpio.o(.text)
    gpio_set                                 0x00029d21   Thumb Code    34  gpio.o(.text)
    gpio_set_neg                             0x00029d43   Thumb Code    26  gpio.o(.text)
    gpio_set_int_mode                        0x00029d5d   Thumb Code    72  gpio.o(.text)
    gpio_init                                0x00029da5   Thumb Code    44  gpio.o(.text)
    gpio_triger                              0x00029dd1   Thumb Code    20  gpio.o(.text)
    gpio_cb_register                         0x00029de5   Thumb Code    10  gpio.o(.text)
    gpio_isr                                 0x00029def   Thumb Code    22  gpio.o(.text)
    gpio_sleep                               0x00029e05   Thumb Code     2  gpio.o(.text)
    gpio_wakeup                              0x00029e07   Thumb Code     2  gpio.o(.text)
    DEBUG_MSG                                0x00029e09   Thumb Code     2  gpio.o(.text)
    spi_init                                 0x00029e19   Thumb Code   110  spi.o(.text)
    spi_waitbusying                          0x00029e87   Thumb Code    24  spi.o(.text)
    spi_write_read                           0x00029e9f   Thumb Code   124  spi.o(.text)
    spi_write                                0x00029f1b   Thumb Code    72  spi.o(.text)
    spi_read                                 0x00029f63   Thumb Code   116  spi.o(.text)
    spi_send                                 0x00029fd7   Thumb Code    40  spi.o(.text)
    spi_receiv                               0x00029fff   Thumb Code    40  spi.o(.text)
    spi_isr                                  0x0002a027   Thumb Code   102  spi.o(.text)
    spi_send_state_get                       0x0002a08d   Thumb Code     6  spi.o(.text)
    spi_dma_write                            0x0002a093   Thumb Code    48  spi.o(.text)
    spi_dma_read                             0x0002a0c3   Thumb Code    48  spi.o(.text)
    spi_result_callback                      0x0002a0f3   Thumb Code    10  spi.o(.text)
    spi_master_test                          0x0002a0fd   Thumb Code    48  spi.o(.text)
    icu_init                                 0x0002a1a9   Thumb Code    48  icu.o(.text)
    system_sleep_init                        0x0002a1d9   Thumb Code    18  icu.o(.text)
    icu_get_sleep_mode                       0x0002a1eb   Thumb Code     6  icu.o(.text)
    icu_set_sleep_mode                       0x0002a1f1   Thumb Code     6  icu.o(.text)
    cpu_reduce_voltage_sleep                 0x0002a1f7   Thumb Code   130  icu.o(.text)
    cpu_wakeup                               0x0002a279   Thumb Code    94  icu.o(.text)
    cpu_idle_sleep                           0x0002a2d7   Thumb Code    28  icu.o(.text)
    mcu_clk_switch                           0x0002a2f3   Thumb Code   248  icu.o(.text)
    deep_sleep                               0x0002a3eb   Thumb Code    24  icu.o(.text)
    cpu_reset                                0x0002a403   Thumb Code    34  icu.o(.text)
    wdt_disable                              0x0002a445   Thumb Code    16  wdt.o(.text)
    wdt_enable                               0x0002a455   Thumb Code    18  wdt.o(.text)
    wdt_feed                                 0x0002a467   Thumb Code    12  wdt.o(.text)
    uart2_init                               0x0002a479   Thumb Code    84  uart2.o(.text)
    uart2_send                               0x0002a4cd   Thumb Code    24  uart2.o(.text)
    clear_uart2_buffer                       0x0002a4e5   Thumb Code    30  uart2.o(.text)
    uart2_printf                             0x0002a503   Thumb Code    38  uart2.o(.text)
    uart2_isr                                0x0002a529   Thumb Code    60  uart2.o(.text)
    uart_init                                0x0002a57d   Thumb Code   104  uart.o(.text)
    uart_send                                0x0002a5e5   Thumb Code    32  uart.o(.text)
    uart0_printf                             0x0002a605   Thumb Code    40  uart.o(.text)
    uart_flow_on                             0x0002a62d   Thumb Code     2  uart.o(.text)
    uart_flow_off                            0x0002a62f   Thumb Code     4  uart.o(.text)
    uart_read                                0x0002a633   Thumb Code    22  uart.o(.text)
    uart_write                               0x0002a649   Thumb Code    22  uart.o(.text)
    uart_rx_cmd_handler                      0x0002a65f   Thumb Code    90  uart.o(.text)
    uart_rx_handler                          0x0002a6b9   Thumb Code    96  uart.o(.text)
    uart_isr                                 0x0002a719   Thumb Code    76  uart.o(.text)
    uart_rx_cmd_respone                      0x0002a765   Thumb Code    58  uart.o(.text)
    uart_download_check                      0x0002a79f   Thumb Code     8  uart.o(.text)
    aon_rtc_init                             0x0002a7c5   Thumb Code    60  aon_rtc.o(.text)
    aon_rtc_isr                              0x0002a801   Thumb Code    28  aon_rtc.o(.text)
    intc_spurious                            0x0002a839   Thumb Code     2  intc.o(.text)
    intc_init                                0x0002a83b   Thumb Code    62  intc.o(.text)
    intc_irq                                 0x0002a879   Thumb Code    60  intc.o(.text)
    intc_fiq                                 0x0002a8b5   Thumb Code    50  intc.o(.text)
    dma_config_write                         0x0002a8ed   Thumb Code    48  dma.o(.text)
    dma_config_read                          0x0002a91d   Thumb Code    48  dma.o(.text)
    dma_isr_stat_get                         0x0002a94d   Thumb Code     6  dma.o(.text)
    dma_isr_stat_set                         0x0002a953   Thumb Code     6  dma.o(.text)
    dma_isr                                  0x0002a959   Thumb Code     2  dma.o(.text)
    diss_compute_cfg_flag                    0x0002a969   Thumb Code    40  diss.o(.text)
    diss_prf_itf_get                         0x0002aa37   Thumb Code     6  diss.o(.text)
    diss_handle_to_value                     0x0002aa3d   Thumb Code    54  diss.o(.text)
    diss_value_to_handle                     0x0002aa73   Thumb Code    60  diss.o(.text)
    diss_check_val_len                       0x0002aaaf   Thumb Code    42  diss.o(.text)
    diss_task_init                           0x0002aca7   Thumb Code    28  diss_task.o(.text)
    fee0s_get_att_handle                     0x0002adf9   Thumb Code    28  fee0s.o(.text)
    fee0s_notify_fee4_val                    0x0002ae15   Thumb Code    76  fee0s.o(.text)
    fee0s_indicate_fee5_val                  0x0002ae61   Thumb Code    76  fee0s.o(.text)
    fee0s_prf_itf_get                        0x0002aead   Thumb Code     6  fee0s.o(.text)
    fee0s_get_att_idx                        0x0002aeb3   Thumb Code    32  fee0s.o(.text)
    fee0s_task_init                          0x0002b2cd   Thumb Code   180  fee0s_task.o(.text)
    bass_get_att_handle                      0x0002b4fd   Thumb Code   122  bass.o(.text)
    bass_prf_itf_get                         0x0002b5b7   Thumb Code     6  bass.o(.text)
    bass_get_att_idx                         0x0002b5bd   Thumb Code   112  bass.o(.text)
    bass_exe_operation                       0x0002b62d   Thumb Code   238  bass.o(.text)
    bass_task_init                           0x0002b9c7   Thumb Code    28  bass_task.o(.text)
    fcc0s_get_att_handle                     0x0002bafb   Thumb Code    28  fcc0s.o(.text)
    fcc0s_notify_fcc2_val                    0x0002bb17   Thumb Code    76  fcc0s.o(.text)
    fcc0s_prf_itf_get                        0x0002bb63   Thumb Code     6  fcc0s.o(.text)
    fcc0s_get_att_idx                        0x0002bb69   Thumb Code    30  fcc0s.o(.text)
    fcc0s_task_init                          0x0002be3d   Thumb Code    32  fcc0s_task.o(.text)
    ancsc_prf_itf_get                        0x0002bf63   Thumb Code     4  ancsc.o(.text)
    ancsc_enable_rsp_send                    0x0002bf67   Thumb Code    78  ancsc.o(.text)
    ancsc_task_init                          0x0002c471   Thumb Code    28  ancsc_task.o(.text)
    oad_save_reciveData                      0x0002c591   Thumb Code    32  oads.o(.text)
    oad_updating_user_section_begin          0x0002c5b1   Thumb Code    38  oads.o(.text)
    oad_updating_user_section_pro            0x0002c5d7   Thumb Code   134  oads.o(.text)
    oad_updating_user_section_end            0x0002c65d   Thumb Code    18  oads.o(.text)
    oadImgIdentifyWrite                      0x0002c751   Thumb Code   786  oads.o(.text)
    oadImgBlockWrite                         0x0002ca63   Thumb Code   364  oads.o(.text)
    oads_prf_itf_get                         0x0002cbcf   Thumb Code     4  oads.o(.text)
    oads_task_init                           0x0002cf09   Thumb Code    30  oads_task.o(.text)
    spi_device_wr_byte                       0x0002cfc1   Thumb Code     4  w25x40c.o(.text)
    spi_device_w_byte                        0x0002cfc5   Thumb Code    16  w25x40c.o(.text)
    spi_device_r_byte                        0x0002cfd5   Thumb Code    20  w25x40c.o(.text)
    spi_device_w_bytes                       0x0002cfe9   Thumb Code    50  w25x40c.o(.text)
    spi_device_r_bytes                       0x0002d01b   Thumb Code    64  w25x40c.o(.text)
    flash_device_power_down_set              0x0002d05b   Thumb Code    36  w25x40c.o(.text)
    flash_device_chipID_get                  0x0002d07f   Thumb Code    76  w25x40c.o(.text)
    flash_device_spi_init                    0x0002d0cb   Thumb Code    64  w25x40c.o(.text)
    flash_device_spi_status_get              0x0002d10b   Thumb Code    34  w25x40c.o(.text)
    flash_device_busy_wait                   0x0002d12d   Thumb Code    36  w25x40c.o(.text)
    flash_device_spi_status_set              0x0002d151   Thumb Code    34  w25x40c.o(.text)
    flash_device_write_enable                0x0002d173   Thumb Code    26  w25x40c.o(.text)
    flash_device_write_disable               0x0002d18d   Thumb Code    26  w25x40c.o(.text)
    flash_device_deviceID_get                0x0002d1a7   Thumb Code    50  w25x40c.o(.text)
    flash_read_complete_cb                   0x0002d1d9   Thumb Code    10  w25x40c.o(.text)
    flash_device_read_data                   0x0002d1e3   Thumb Code    74  w25x40c.o(.text)
    flash_device_erase_sector                0x0002d22d   Thumb Code    74  w25x40c.o(.text)
    flash_device_write_page                  0x0002d277   Thumb Code    86  w25x40c.o(.text)
    flash_device_write_data                  0x0002d2cd   Thumb Code    68  w25x40c.o(.text)
    flash_device_erase_chip                  0x0002d311   Thumb Code    54  w25x40c.o(.text)
    app_flash_read                           0x0002d347   Thumb Code    60  w25x40c.o(.text)
    app_flash_write                          0x0002d383   Thumb Code    32  w25x40c.o(.text)
    key_press_detect                         0x0002d419   Thumb Code    76  lcd360.o(.text)
    lcd_gpio_init                            0x0002d465   Thumb Code    44  lcd360.o(.text)
    WriteComm                                0x0002d491   Thumb Code    20  lcd360.o(.text)
    WriteData                                0x0002d4a5   Thumb Code    20  lcd360.o(.text)
    WriteDispData                            0x0002d4b9   Thumb Code    16  lcd360.o(.text)
    LCD_Init                                 0x0002d4c9   Thumb Code  2988  lcd360.o(.text)
    BlockWrite                               0x0002e075   Thumb Code    94  lcd360.o(.text)
    display_image                            0x0002e0d3   Thumb Code    88  lcd360.o(.text)
    display_color                            0x0002e12b   Thumb Code    50  lcd360.o(.text)
    DispFrame                                0x0002e15d   Thumb Code   162  lcd360.o(.text)
    vsprintf                                 0x0002e221   Thumb Code    32  vsprintf.o(.text)
    _printf_pre_padding                      0x0002e245   Thumb Code    44  _printf_pad.o(.text)
    _printf_post_padding                     0x0002e271   Thumb Code    34  _printf_pad.o(.text)
    _printf_truncate_signed                  0x0002e293   Thumb Code    22  _printf_truncate.o(.text)
    _printf_truncate_unsigned                0x0002e2a9   Thumb Code    22  _printf_truncate.o(.text)
    _printf_str                              0x0002e2bf   Thumb Code    82  _printf_str.o(.text)
    Inline ARM to Thumb Veneer to _printf_int_dec 0x0002e310   ARM Code       8  _printf_dec.o(.text)
    _printf_int_dec                          0x0002e319   Thumb Code    90  _printf_dec.o(.text)
    Inline ARM to Thumb Veneer to _printf_charcount 0x0002e384   ARM Code       8  _printf_charcount.o(.text)
    _printf_charcount                        0x0002e38d   Thumb Code    38  _printf_charcount.o(.text)
    _printf_char_common                      0x0002e3bf   Thumb Code    32  _printf_char_common.o(.text)
    _sputc                                   0x0002e3e5   Thumb Code    10  _sputc.o(.text)
    _printf_wctomb                           0x0002e3f1   Thumb Code   182  _printf_wctomb.o(.text)
    Inline ARM to Thumb Veneer to _printf_longlong_dec 0x0002e4ac   ARM Code       8  _printf_longlong_dec.o(.text)
    _printf_longlong_dec                     0x0002e4b5   Thumb Code    94  _printf_longlong_dec.o(.text)
    Inline ARM to Thumb Veneer to _printf_int_oct 0x0002e524   ARM Code       8  _printf_oct_int_ll.o(.text)
    _printf_longlong_oct                     0x0002e52d   Thumb Code    68  _printf_oct_int_ll.o(.text)
    _printf_int_oct                          0x0002e571   Thumb Code    24  _printf_oct_int_ll.o(.text)
    _printf_ll_oct                           0x0002e589   Thumb Code    10  _printf_oct_int_ll.o(.text)
    Inline ARM to Thumb Veneer to _printf_hex_ptr 0x0002e59c   ARM Code       8  _printf_hex_int_ll_ptr.o(.text)
    _printf_longlong_hex                     0x0002e5a5   Thumb Code    88  _printf_hex_int_ll_ptr.o(.text)
    _printf_int_hex                          0x0002e5fd   Thumb Code    28  _printf_hex_int_ll_ptr.o(.text)
    _printf_ll_hex                           0x0002e619   Thumb Code    10  _printf_hex_int_ll_ptr.o(.text)
    _printf_hex_ptr                          0x0002e623   Thumb Code    22  _printf_hex_int_ll_ptr.o(.text)
    __printf                                 0x0002e63d   Thumb Code   386  __printf_flags_ss_wp.o(.text)
    _ll_udiv10                               0x0002e7c4   ARM Code     152  lludiv10.o(.text)
    _printf_int_common                       0x0002e85d   Thumb Code   176  _printf_intcommon.o(.text)
    __lib_sel_fp_printf                      0x0002e90d   Thumb Code     2  _printf_fp_dec.o(.text)
    _printf_fp_dec_real                      0x0002eaa9   Thumb Code   620  _printf_fp_dec.o(.text)
    Inline ARM to Thumb Veneer to _printf_fp_hex_real 0x0002ed20   ARM Code       8  _printf_fp_hex.o(.text)
    _printf_fp_hex_real                      0x0002ed29   Thumb Code   718  _printf_fp_hex.o(.text)
    Inline ARM to Thumb Veneer to _printf_char 0x0002f000   ARM Code       8  _printf_char.o(.text)
    _printf_cs_common                        0x0002f009   Thumb Code    22  _printf_char.o(.text)
    _printf_char                             0x0002f01f   Thumb Code    16  _printf_char.o(.text)
    _printf_string                           0x0002f02f   Thumb Code     8  _printf_char.o(.text)
    Inline ARM to Thumb Veneer to _printf_wchar 0x0002f038   ARM Code       8  _printf_wchar.o(.text)
    _printf_lcs_common                       0x0002f041   Thumb Code    22  _printf_wchar.o(.text)
    _printf_wchar                            0x0002f057   Thumb Code    16  _printf_wchar.o(.text)
    _printf_wstring                          0x0002f067   Thumb Code     8  _printf_wchar.o(.text)
    _wcrtomb                                 0x0002f06f   Thumb Code    64  _wcrtomb.o(.text)
    __rt_udiv10                              0x0002f0b0   ARM Code      44  rtudiv10.o(.text)
    __rt_ctype_table                         0x0002f0dc   ARM Code      20  rt_ctype_table.o(.text)
    __rt_locale                              0x0002f0f0   ARM Code      12  rt_locale_intlibspace.o(.text)
    _printf_fp_infnan                        0x0002f0fd   Thumb Code   120  _printf_fp_infnan.o(.text)
    _btod_etento                             0x0002f185   Thumb Code   210  bigflt0.o(.text)
    exit                                     0x0002f25d   Thumb Code    16  exit.o(.text)
    strcmp                                   0x0002f26c   ARM Code     240  strcmp.o(.text)
    __I$use$semihosting                      0x0002f360   ARM Code       0  use_no_semi.o(.text)
    __use_no_semihosting_swi                 0x0002f360   ARM Code       4  use_no_semi.o(.text)
    __semihosting_library_function           0x0002f364   ARM Code       0  indicate_semi.o(.text)
    _sys_exit                                0x0002f365   Thumb Code     8  sys_exit.o(.text)
    _btod_d2e                                0x0002f370   ARM Code      56  btod.o(CL$$btod_d2e)
    _d2e_denorm_low                          0x0002f3a8   ARM Code      84  btod.o(CL$$btod_d2e_denorm_low)
    _d2e_norm_op1                            0x0002f3fc   ARM Code     104  btod.o(CL$$btod_d2e_norm_op1)
    __btod_div_common                        0x0002f464   ARM Code     712  btod.o(CL$$btod_div_common)
    _e2e                                     0x0002f7ac   ARM Code     244  btod.o(CL$$btod_e2e)
    _btod_ediv                               0x0002f8a0   ARM Code      52  btod.o(CL$$btod_ediv)
    _btod_emul                               0x0002f8d4   ARM Code      52  btod.o(CL$$btod_emul)
    __btod_mult_common                       0x0002f908   ARM Code     612  btod.o(CL$$btod_mult_common)
    Long ARM to Thumb Veneer to _printf_int_hex 0x0002fb6c   ARM Code       8  anon$$obj.o(Veneer$$Code)
    Long ARM to Thumb Veneer to _printf_ll_oct 0x0002fb74   ARM Code       8  anon$$obj.o(Veneer$$Code)
    Long ARM to Thumb Veneer to _printf_ll_hex 0x0002fb7c   ARM Code       8  anon$$obj.o(Veneer$$Code)
    Long ARM to Thumb Veneer to _printf_string 0x0002fb84   ARM Code       8  anon$$obj.o(Veneer$$Code)
    Long ARM to Thumb Veneer to _printf_wstring 0x0002fb8c   ARM Code       8  anon$$obj.o(Veneer$$Code)
    Long ARM to Thumb Veneer to _printf_fp_dec_real 0x0002fb94   ARM Code       8  anon$$obj.o(Veneer$$Code)
    __ARM_fpclassify                         0x0002fb9c   ARM Code      44  fpclassify.o(i.__ARM_fpclassify)
    _is_digit                                0x0002fbcd   Thumb Code    14  __printf_wp.o(i._is_digit)
    _get_lc_numeric                          0x0002fbdc   ARM Code      72  lc_numeric_c.o(locale$$code)
    _get_lc_ctype                            0x0002fc24   ARM Code      72  lc_ctype_c.o(locale$$code)
    __aeabi_ui2d                             0x0002fc6c   ARM Code       0  dflt_clz.o(x$fpl$dfltu)
    _dfltu                                   0x0002fc6c   ARM Code      44  dflt_clz.o(x$fpl$dfltu)
    __aeabi_dmul                             0x0002fc98   ARM Code       0  dmul.o(x$fpl$dmul)
    _dmul                                    0x0002fc98   ARM Code     364  dmul.o(x$fpl$dmul)
    __fpl_dnaninf                            0x0002fe10   ARM Code     184  dnaninf.o(x$fpl$dnaninf)
    __fpl_dretinf                            0x0002fec8   ARM Code      16  dretinf.o(x$fpl$dretinf)
    __ieee_status                            0x0002fed8   ARM Code       8  istatus.o(x$fpl$ieeestatus)
    _printf_fp_dec                           0x0002fee0   ARM Code       4  printf1.o(x$fpl$printf1)
    _printf_fp_hex                           0x0002fee4   ARM Code       4  printf2.o(x$fpl$printf2)
    __I$use$fp                               0x0002fee8   Number         0  usenofp.o(x$fpl$usenofp)
    uart_api                                 0x0002fee8   Data          16  main.o(.constdata)
    app_ancsc_msg_handler_list               0x0002ff30   Data          48  app_ancsc.o(.constdata)
    app_ancsc_handler                        0x0002ff60   Data           8  app_ancsc.o(.constdata)
    app_batt_msg_handler_list                0x0003008c   Data          32  app_batt.o(.constdata)
    app_batt_handlers                        0x000300ac   Data           8  app_batt.o(.constdata)
    app_dis_msg_handler_list                 0x000300b4   Data           8  app_dis.o(.constdata)
    app_dis_handlers                         0x000300bc   Data           8  app_dis.o(.constdata)
    app_fcc0_msg_handler_list                0x000300c4   Data          32  app_fcc0.o(.constdata)
    app_fcc0_handler                         0x000300e4   Data           8  app_fcc0.o(.constdata)
    app_fee0_msg_handler_list                0x00030120   Data          56  app_fee0.o(.constdata)
    app_fee0_handler                         0x00030158   Data           8  app_fee0.o(.constdata)
    app_oads_msg_handler_list                0x000301ac   Data          48  app_oads.o(.constdata)
    app_oads_handler                         0x000301dc   Data           8  app_oads.o(.constdata)
    app_sec_msg_handler_list                 0x000302d4   Data          40  app_sec.o(.constdata)
    app_sec_handlers                         0x000302fc   Data           8  app_sec.o(.constdata)
    TASK_DESC_APP                            0x0003039c   Data          12  app_task.o(.constdata)
    diss_att_db                              0x00030474   Data         152  diss.o(.constdata)
    diss_itf                                 0x0003050c   Data          16  diss.o(.constdata)
    fee0_att_db                              0x00030534   Data         112  fee0s.o(.constdata)
    fee0s_itf                                0x000305a4   Data          16  fee0s.o(.constdata)
    bas_att_db                               0x00030690   Data          40  bass.o(.constdata)
    bass_itf                                 0x000306b8   Data          16  bass.o(.constdata)
    USER_FCC0_SERV_UUID_128                  0x000306f8   Data          16  fcc0s.o(.constdata)
    fcc0_att_db                              0x00030708   Data         132  fcc0s.o(.constdata)
    fcc0s_itf                                0x0003078c   Data          16  fcc0s.o(.constdata)
    ancsc_itf                                0x00030850   Data          16  ancsc.o(.constdata)
    ancsc_ancs_char_desc                     0x00030860   Data           8  ancsc_task.o(.constdata)
    ancsc_ancs_char                          0x00030868   Data          12  ancsc_task.o(.constdata)
    oads_att_db                              0x000308e8   Data          72  oads.o(.constdata)
    oads_itf                                 0x00030930   Data          16  oads.o(.constdata)
    Region$$Table$$Base                      0x00030c9c   Number         0  anon$$obj.o(Region$$Table)
    Region$$Table$$Limit                     0x00030ccc   Number         0  anon$$obj.o(Region$$Table)
    __ctype                                  0x00030cf5   Data           0  lc_ctype_c.o(locale$$data)
    Load$$RAM_DATA$$Base                     0x00030df8   Number         0  anon$$obj.o ABSOLUTE
    llc_env                                  0x0040002c   Data           0  peripheral_stack_symbol.txt ABSOLUTE
    co_default_bdaddr                        0x00400090   Data           0  peripheral_stack_symbol.txt ABSOLUTE
    gapc_env                                 0x00400098   Data           0  peripheral_stack_symbol.txt ABSOLUTE
    gapc_state                               0x0040009c   Data           0  peripheral_stack_symbol.txt ABSOLUTE
    gapm_state                               0x0040009d   Data           0  peripheral_stack_symbol.txt ABSOLUTE
    gattc_env                                0x004000a0   Data           0  peripheral_stack_symbol.txt ABSOLUTE
    gattc_state                              0x004000a4   Data           0  peripheral_stack_symbol.txt ABSOLUTE
    gattm_state                              0x004000a5   Data           0  peripheral_stack_symbol.txt ABSOLUTE
    l2cc_env                                 0x004000a8   Data           0  peripheral_stack_symbol.txt ABSOLUTE
    l2cc_state                               0x004000ac   Data           0  peripheral_stack_symbol.txt ABSOLUTE
    ke_env                                   0x004000d4   Data           0  peripheral_stack_symbol.txt ABSOLUTE
    hci_env                                  0x004004e4   Data           0  peripheral_stack_symbol.txt ABSOLUTE
    rwip_rf                                  0x0040069c   Data           0  peripheral_stack_symbol.txt ABSOLUTE
    rwip_param                               0x004006d0   Data           0  peripheral_stack_symbol.txt ABSOLUTE
    rom_env                                  0x004006dc   Data           0  peripheral_stack_symbol.txt ABSOLUTE
    rwip_env                                 0x00400704   Data           0  peripheral_stack_symbol.txt ABSOLUTE
    gapm_env                                 0x00400720   Data           0  peripheral_stack_symbol.txt ABSOLUTE
    gattm_env                                0x00400770   Data           0  peripheral_stack_symbol.txt ABSOLUTE
    l2cm_env                                 0x004007a8   Data           0  peripheral_stack_symbol.txt ABSOLUTE
    Image$$RAM_DATA$$Base                    0x00400800   Number         0  anon$$obj.o ABSOLUTE
    app_ancsc_env                            0x00400800   Data           2  app_ancsc.o(.data)
    NotificationUID_copy_incall              0x00400804   Data           4  app_ancsc.o(.data)
    app_batt_env                             0x00400808   Data           2  app_batt.o(.data)
    app_fcc0_env                             0x0040080a   Data           1  app_fcc0.o(.data)
    app_fee0_env                             0x0040080b   Data           3  app_fee0.o(.data)
    app_oads_env                             0x0040080e   Data           1  app_oads.o(.data)
    app_sec_env                              0x0040080f   Data           5  app_sec.o(.data)
    appm_state                               0x00400814   Data           1  app_task.o(.data)
    rwip_rst_state                           0x0040081c   Data           1  rwip.o(.data)
    flash_enable_write_flag1                 0x00400820   Data           1  flash.o(.data)
    flash_enable_write_flag2                 0x00400821   Data           1  flash.o(.data)
    flash_enable_write_flag3                 0x00400822   Data           1  flash.o(.data)
    flash_enable_write_flag4                 0x00400823   Data           1  flash.o(.data)
    flash_enable_erase_flag1                 0x00400824   Data           1  flash.o(.data)
    flash_enable_erase_flag2                 0x00400825   Data           1  flash.o(.data)
    flash_mid                                0x00400828   Data           4  flash.o(.data)
    system_sleep_status                      0x00400832   Data           1  icu.o(.data)
    system_sleep_flag                        0x00400834   Data           1  icu.o(.data)
    system_mode                              0x00400835   Data           1  icu.o(.data)
    uart2_rx_done                            0x00400838   Data           1  uart2.o(.data)
    uart2_rx_index                           0x0040083c   Data           4  uart2.o(.data)
    oad_firmware_type                        0x00400851   Data           1  oads.o(.data)
    latency_disable_state                    0x00400852   Data           1  oads.o(.data)
    oad_uuid                                 0x0040085c   Data           4  oads.o(.data)
    Image$$RAM_BSS$$Base                     0x00400868   Number         0  anon$$obj.o ABSOLUTE
    testflashbuffer                          0x00400868   Data        4096  main.o(.bss)
    app_env                                  0x00401868   Data          46  app.o(.bss)
    rwip_heap_msg                            0x00401898   Data        9732  rwip.o(.bss)
    prf_env                                  0x00403eb4   Data         200  prf.o(.bss)
    XVR_ANALOG_REG_BAK                       0x00403f7c   Data         128  rf_xvr.o(.bss)
    spi_param                                0x00403ffc   Data          12  spi.o(.bss)
    uart2_rx_buf                             0x00404008   Data         128  uart2.o(.bss)
    uart2_tx_buf                             0x00404088   Data         128  uart2.o(.bss)
    uart_rx_buf                              0x00404150   Data         128  uart.o(.bss)
    bsec                                     0x004041d0   Data         192  oads.o(.bss)
    __libspace_start                         0x00404290   Data          96  libspace.o(.bss)
    __temporary_stack_top$libspace           0x004042f0   Data           0  libspace.o(.bss)
    Image$$RAM_STACK_UNUSED$$Base            0x0040f2cc   Number         0  anon$$obj.o ABSOLUTE
    Image$$RAM_STACK_SVC$$Base               0x0040f32c   Number         0  anon$$obj.o ABSOLUTE
    Image$$RAM_STACK_IRQ$$Base               0x0040fa1c   Number         0  anon$$obj.o ABSOLUTE
    Image$$RAM_STACK_FIQ$$Base               0x0040fe0c   Number         0  anon$$obj.o ABSOLUTE
    __initial_sp                             0x0040fffc   Number         0  boot_handlers.o ABSOLUTE
    rwip_heap_env                            0x00812800   Data         788  rwip.o(ke_heap)
    rwip_heap_db                             0x00812b14   Data        3084  rwip.o(ke_heap)
    rwip_heap_non_ret                        0x00813720   Data         668  rwip.o(ke_heap)



==============================================================================

Memory Map of the image

  Image Entry point : 0x00025b84

  Load Region SECTIONS (Base: 0x00025b00, Size: 0x0000b360, Max: 0xffffffff, ABSOLUTE)

    Execution Region ROM_SYS (Exec base: 0x00025b00, Load base: 0x00025b00, Size: 0x00000278, Max: 0xffffffff, ABSOLUTE)

    Exec Addr    Load Addr    Size         Type   Attr      Idx    E Section Name        Object

    0x00025b00   0x00025b00   0x0000005c   Code   RO            6  * SYS_BOOT            boot_vectors.o
    0x00025b5c   0x00025b5c   0x000001f4   Code   RO            5  * SYS_BOOT            boot_handlers.o
    0x00025d50   0x00025d50   0x00000008   Ven    RO          387    Veneer$$Code        anon$$obj.o
    0x00025d58   0x00025d58   0x00000008   Ven    RO          388    Veneer$$Code        anon$$obj.o
    0x00025d60   0x00025d60   0x00000008   Ven    RO          389    Veneer$$Code        anon$$obj.o
    0x00025d68   0x00025d68   0x00000008   Ven    RO          390    Veneer$$Code        anon$$obj.o
    0x00025d70   0x00025d70   0x00000008   Ven    RO          391    Veneer$$Code        anon$$obj.o


    Execution Region FAST_CALL_SEG (Exec base: 0x00025e00, Load base: 0x00025e00, Size: 0x00000030, Max: 0xffffffff, ABSOLUTE, FIXED)

    Exec Addr    Load Addr    Size         Type   Attr      Idx    E Section Name        Object

    0x00025e00   0x00025e00   0x00000010   Code   RO           97    sys_fiq_entry       intc.o
    0x00025e10   0x00025e10   0x00000010   PAD
    0x00025e20   0x00025e20   0x00000010   Code   RO           98    sys_irq_entry       intc.o


    Execution Region ROM (Exec base: 0x00025e30, Load base: 0x00025e30, Size: 0x0000afc8, Max: 0xffffffff, ABSOLUTE)

    Exec Addr    Load Addr    Size         Type   Attr      Idx    E Section Name        Object

    0x00025e30   0x00025e30   0x00000008   Code   RO          135  * !!!main             c_5.l(__main.o)
    0x00025e38   0x00025e38   0x0000003c   Code   RO          375    !!!scatter          c_5.l(__scatter.o)
    0x00025e74   0x00025e74   0x00000028   Code   RO          376    !!handler_copy      c_5.l(__scatter_copy.o)
    0x00025e9c   0x00025e9c   0x0000002c   Code   RO          377    !!handler_zi        c_5.l(__scatter_zi.o)
    0x00025ec8   0x00025ec8   0x00000000   Code   RO          194    .ARM.Collect$$_printf_percent$$00000000  c_5.l(_printf_percent.o)
    0x00025ec8   0x00025ec8   0x00000008   Code   RO          183    .ARM.Collect$$_printf_percent$$00000001  c_5.l(_printf_n.o)
    0x00025ed0   0x00025ed0   0x00000008   Code   RO          185    .ARM.Collect$$_printf_percent$$00000002  c_5.l(_printf_p.o)
    0x00025ed8   0x00025ed8   0x00000008   Code   RO          190    .ARM.Collect$$_printf_percent$$00000003  c_5.l(_printf_f.o)
    0x00025ee0   0x00025ee0   0x00000008   Code   RO          191    .ARM.Collect$$_printf_percent$$00000004  c_5.l(_printf_e.o)
    0x00025ee8   0x00025ee8   0x00000008   Code   RO          192    .ARM.Collect$$_printf_percent$$00000005  c_5.l(_printf_g.o)
    0x00025ef0   0x00025ef0   0x00000008   Code   RO          193    .ARM.Collect$$_printf_percent$$00000006  c_5.l(_printf_a.o)
    0x00025ef8   0x00025ef8   0x0000000c   Code   RO          198    .ARM.Collect$$_printf_percent$$00000007  c_5.l(_printf_ll.o)
    0x00025f04   0x00025f04   0x00000008   Code   RO          187    .ARM.Collect$$_printf_percent$$00000008  c_5.l(_printf_i.o)
    0x00025f0c   0x00025f0c   0x00000008   Code   RO          188    .ARM.Collect$$_printf_percent$$00000009  c_5.l(_printf_d.o)
    0x00025f14   0x00025f14   0x00000008   Code   RO          189    .ARM.Collect$$_printf_percent$$0000000A  c_5.l(_printf_u.o)
    0x00025f1c   0x00025f1c   0x00000008   Code   RO          186    .ARM.Collect$$_printf_percent$$0000000B  c_5.l(_printf_o.o)
    0x00025f24   0x00025f24   0x00000008   Code   RO          184    .ARM.Collect$$_printf_percent$$0000000C  c_5.l(_printf_x.o)
    0x00025f2c   0x00025f2c   0x00000008   Code   RO          195    .ARM.Collect$$_printf_percent$$0000000D  c_5.l(_printf_lli.o)
    0x00025f34   0x00025f34   0x00000008   Code   RO          196    .ARM.Collect$$_printf_percent$$0000000E  c_5.l(_printf_lld.o)
    0x00025f3c   0x00025f3c   0x00000008   Code   RO          197    .ARM.Collect$$_printf_percent$$0000000F  c_5.l(_printf_llu.o)
    0x00025f44   0x00025f44   0x00000008   Code   RO          202    .ARM.Collect$$_printf_percent$$00000010  c_5.l(_printf_llo.o)
    0x00025f4c   0x00025f4c   0x00000008   Code   RO          203    .ARM.Collect$$_printf_percent$$00000011  c_5.l(_printf_llx.o)
    0x00025f54   0x00025f54   0x0000000c   Code   RO          199    .ARM.Collect$$_printf_percent$$00000012  c_5.l(_printf_l.o)
    0x00025f60   0x00025f60   0x00000008   Code   RO          181    .ARM.Collect$$_printf_percent$$00000013  c_5.l(_printf_c.o)
    0x00025f68   0x00025f68   0x00000008   Code   RO          182    .ARM.Collect$$_printf_percent$$00000014  c_5.l(_printf_s.o)
    0x00025f70   0x00025f70   0x00000008   Code   RO          200    .ARM.Collect$$_printf_percent$$00000015  c_5.l(_printf_lc.o)
    0x00025f78   0x00025f78   0x00000008   Code   RO          201    .ARM.Collect$$_printf_percent$$00000016  c_5.l(_printf_ls.o)
    0x00025f80   0x00025f80   0x00000008   Code   RO          238    .ARM.Collect$$_printf_percent$$00000017  c_5.l(_printf_percent_end.o)
    0x00025f88   0x00025f88   0x00000002   Code   RO          266    .ARM.Collect$$libinit$$00000000  c_5.l(libinit.o)
    0x00025f8a   0x00025f8a   0x00000000   Code   RO          278    .ARM.Collect$$libinit$$00000002  c_5.l(libinit2.o)
    0x00025f8a   0x00025f8a   0x00000000   Code   RO          280    .ARM.Collect$$libinit$$00000004  c_5.l(libinit2.o)
    0x00025f8a   0x00025f8a   0x00000000   Code   RO          283    .ARM.Collect$$libinit$$0000000A  c_5.l(libinit2.o)
    0x00025f8a   0x00025f8a   0x00000000   Code   RO          285    .ARM.Collect$$libinit$$0000000C  c_5.l(libinit2.o)
    0x00025f8a   0x00025f8a   0x00000000   Code   RO          287    .ARM.Collect$$libinit$$0000000E  c_5.l(libinit2.o)
    0x00025f8a   0x00025f8a   0x00000006   Code   RO          288    .ARM.Collect$$libinit$$0000000F  c_5.l(libinit2.o)
    0x00025f90   0x00025f90   0x00000000   Code   RO          290    .ARM.Collect$$libinit$$00000011  c_5.l(libinit2.o)
    0x00025f90   0x00025f90   0x0000000c   Code   RO          291    .ARM.Collect$$libinit$$00000012  c_5.l(libinit2.o)
    0x00025f9c   0x00025f9c   0x00000000   Code   RO          292    .ARM.Collect$$libinit$$00000013  c_5.l(libinit2.o)
    0x00025f9c   0x00025f9c   0x00000000   Code   RO          294    .ARM.Collect$$libinit$$00000015  c_5.l(libinit2.o)
    0x00025f9c   0x00025f9c   0x0000000a   Code   RO          295    .ARM.Collect$$libinit$$00000016  c_5.l(libinit2.o)
    0x00025fa6   0x00025fa6   0x00000000   Code   RO          296    .ARM.Collect$$libinit$$00000017  c_5.l(libinit2.o)
    0x00025fa6   0x00025fa6   0x00000000   Code   RO          298    .ARM.Collect$$libinit$$00000019  c_5.l(libinit2.o)
    0x00025fa6   0x00025fa6   0x00000000   Code   RO          300    .ARM.Collect$$libinit$$0000001B  c_5.l(libinit2.o)
    0x00025fa6   0x00025fa6   0x00000000   Code   RO          302    .ARM.Collect$$libinit$$0000001D  c_5.l(libinit2.o)
    0x00025fa6   0x00025fa6   0x00000000   Code   RO          304    .ARM.Collect$$libinit$$0000001F  c_5.l(libinit2.o)
    0x00025fa6   0x00025fa6   0x00000000   Code   RO          306    .ARM.Collect$$libinit$$00000021  c_5.l(libinit2.o)
    0x00025fa6   0x00025fa6   0x00000000   Code   RO          308    .ARM.Collect$$libinit$$00000023  c_5.l(libinit2.o)
    0x00025fa6   0x00025fa6   0x00000000   Code   RO          310    .ARM.Collect$$libinit$$00000025  c_5.l(libinit2.o)
    0x00025fa6   0x00025fa6   0x00000000   Code   RO          314    .ARM.Collect$$libinit$$0000002C  c_5.l(libinit2.o)
    0x00025fa6   0x00025fa6   0x00000000   Code   RO          316    .ARM.Collect$$libinit$$0000002E  c_5.l(libinit2.o)
    0x00025fa6   0x00025fa6   0x00000000   Code   RO          318    .ARM.Collect$$libinit$$00000030  c_5.l(libinit2.o)
    0x00025fa6   0x00025fa6   0x00000000   Code   RO          320    .ARM.Collect$$libinit$$00000032  c_5.l(libinit2.o)
    0x00025fa6   0x00025fa6   0x00000002   Code   RO          321    .ARM.Collect$$libinit$$00000033  c_5.l(libinit2.o)
    0x00025fa8   0x00025fa8   0x00000002   Code   RO          337    .ARM.Collect$$libshutdown$$00000000  c_5.l(libshutdown.o)
    0x00025faa   0x00025faa   0x00000000   Code   RO          343    .ARM.Collect$$libshutdown$$00000002  c_5.l(libshutdown2.o)
    0x00025faa   0x00025faa   0x00000000   Code   RO          345    .ARM.Collect$$libshutdown$$00000004  c_5.l(libshutdown2.o)
    0x00025faa   0x00025faa   0x00000000   Code   RO          348    .ARM.Collect$$libshutdown$$00000007  c_5.l(libshutdown2.o)
    0x00025faa   0x00025faa   0x00000000   Code   RO          351    .ARM.Collect$$libshutdown$$0000000A  c_5.l(libshutdown2.o)
    0x00025faa   0x00025faa   0x00000000   Code   RO          353    .ARM.Collect$$libshutdown$$0000000C  c_5.l(libshutdown2.o)
    0x00025faa   0x00025faa   0x00000000   Code   RO          356    .ARM.Collect$$libshutdown$$0000000F  c_5.l(libshutdown2.o)
    0x00025faa   0x00025faa   0x00000002   Code   RO          357    .ARM.Collect$$libshutdown$$00000010  c_5.l(libshutdown2.o)
    0x00025fac   0x00025fac   0x00000000   Code   RO          140    .ARM.Collect$$rtentry$$00000000  c_5.l(__rtentry.o)
    0x00025fac   0x00025fac   0x00000000   Code   RO          212    .ARM.Collect$$rtentry$$00000002  c_5.l(__rtentry2.o)
    0x00025fac   0x00025fac   0x00000004   Code   RO          226    .ARM.Collect$$rtentry$$00000005  c_5.l(__rtentry5.o)
    0x00025fb0   0x00025fb0   0x00000000   Code   RO          214    .ARM.Collect$$rtentry$$00000009  c_5.l(__rtentry2.o)
    0x00025fb0   0x00025fb0   0x00000004   Code   RO          215    .ARM.Collect$$rtentry$$0000000A  c_5.l(__rtentry2.o)
    0x00025fb4   0x00025fb4   0x00000000   Code   RO          217    .ARM.Collect$$rtentry$$0000000C  c_5.l(__rtentry2.o)
    0x00025fb4   0x00025fb4   0x00000028   Code   RO          218    .ARM.Collect$$rtentry$$0000000D  c_5.l(__rtentry2.o)
    0x00025fdc   0x00025fdc   0x00000004   Code   RO          227    .ARM.Collect$$rtentry$$00002716  c_5.l(__rtentry5.o)
    0x00025fe0   0x00025fe0   0x00000004   Code   RO          272    .ARM.Collect$$rtexit$$00000000  c_5.l(rtexit.o)
    0x00025fe4   0x00025fe4   0x00000000   Code   RO          325    .ARM.Collect$$rtexit$$00000002  c_5.l(rtexit2.o)
    0x00025fe4   0x00025fe4   0x00000004   Code   RO          326    .ARM.Collect$$rtexit$$00000003  c_5.l(rtexit2.o)
    0x00025fe8   0x00025fe8   0x00000008   Code   RO          327    .ARM.Collect$$rtexit$$00000004  c_5.l(rtexit2.o)
    0x00025ff0   0x00025ff0   0x00000008   Ven    RO            7    .text               main.o
    0x00025ff8   0x00025ff8   0x0000033c   Code   RO            7    .text               main.o
    0x00026334   0x00026334   0x000002e4   Code   RO           15    .text               app.o
    0x00026618   0x00026618   0x000004b0   Code   RO           19    .text               app_ancsc.o
    0x00026ac8   0x00026ac8   0x000000a4   Code   RO           24    .text               app_batt.o
    0x00026b6c   0x00026b6c   0x00000114   Code   RO           28    .text               app_dis.o
    0x00026c80   0x00026c80   0x00000158   Code   RO           31    .text               app_fcc0.o
    0x00026dd8   0x00026dd8   0x00000268   Code   RO           36    .text               app_fee0.o
    0x00027040   0x00027040   0x000001b8   Code   RO           41    .text               app_oads.o
    0x000271f8   0x000271f8   0x000003a0   Code   RO           46    .text               app_sec.o
    0x00027598   0x00027598   0x00000910   Code   RO           52    .text               app_task.o
    0x00027ea8   0x00027ea8   0x00000134   Code   RO           57    .text               rwble.o
    0x00027fdc   0x00027fdc   0x00000390   Code   RO           60    .text               rwip.o
    0x0002836c   0x0002836c   0x000002fc   Code   RO           64    .text               nvds.o
    0x00028668   0x00028668   0x000003dc   Code   RO           67    .text               prf_utils.o
    0x00028a44   0x00028a44   0x00000268   Code   RO           68    .text               prf.o
    0x00028cac   0x00028cac   0x00000700   Code   RO           70    .text               flash.o
    0x000293ac   0x000293ac   0x00000908   Code   RO           73    .text               rf_xvr.o
    0x00029cb4   0x00029cb4   0x00000164   Code   RO           76    .text               gpio.o
    0x00029e18   0x00029e18   0x00000390   Code   RO           78    .text               spi.o
    0x0002a1a8   0x0002a1a8   0x0000029c   Code   RO           81    .text               icu.o
    0x0002a444   0x0002a444   0x00000034   Code   RO           83    .text               wdt.o
    0x0002a478   0x0002a478   0x00000104   Code   RO           86    .text               uart2.o
    0x0002a57c   0x0002a57c   0x00000248   Code   RO           89    .text               uart.o
    0x0002a7c4   0x0002a7c4   0x00000074   Code   RO           94    .text               aon_rtc.o
    0x0002a838   0x0002a838   0x000000b4   Code   RO           96    .text               intc.o
    0x0002a8ec   0x0002a8ec   0x0000007c   Code   RO          101    .text               dma.o
    0x0002a968   0x0002a968   0x00000178   Code   RO          102    .text               diss.o
    0x0002aae0   0x0002aae0   0x000001f0   Code   RO          104    .text               diss_task.o
    0x0002acd0   0x0002acd0   0x00000218   Code   RO          106    .text               fee0s.o
    0x0002aee8   0x0002aee8   0x00000498   Code   RO          108    .text               fee0s_task.o
    0x0002b380   0x0002b380   0x000003a8   Code   RO          110    .text               bass.o
    0x0002b728   0x0002b728   0x000002cc   Code   RO          112    .text               bass_task.o
    0x0002b9f4   0x0002b9f4   0x00000198   Code   RO          114    .text               fcc0s.o
    0x0002bb8c   0x0002bb8c   0x00000318   Code   RO          116    .text               fcc0s_task.o
    0x0002bea4   0x0002bea4   0x0000011c   Code   RO          118    .text               ancsc.o
    0x0002bfc0   0x0002bfc0   0x000004d0   Code   RO          120    .text               ancsc_task.o
    0x0002c490   0x0002c490   0x000007f4   Code   RO          123    .text               oads.o
    0x0002cc84   0x0002cc84   0x0000033c   Code   RO          127    .text               oads_task.o
    0x0002cfc0   0x0002cfc0   0x00000458   Code   RO          129    .text               w25x40c.o
    0x0002d418   0x0002d418   0x00000e08   Code   RO          130    .text               lcd360.o
    0x0002e220   0x0002e220   0x00000024   Code   RO          134    .text               c_5.l(vsprintf.o)
    0x0002e244   0x0002e244   0x0000004e   Code   RO          142    .text               c_5.l(_printf_pad.o)
    0x0002e292   0x0002e292   0x0000002c   Code   RO          143    .text               c_5.l(_printf_truncate.o)
    0x0002e2be   0x0002e2be   0x00000052   Code   RO          144    .text               c_5.l(_printf_str.o)
    0x0002e310   0x0002e310   0x00000008   Ven    RO          145    .text               c_5.l(_printf_dec.o)
    0x0002e318   0x0002e318   0x0000006c   Code   RO          145    .text               c_5.l(_printf_dec.o)
    0x0002e384   0x0002e384   0x00000008   Ven    RO          146    .text               c_5.l(_printf_charcount.o)
    0x0002e38c   0x0002e38c   0x00000026   Code   RO          146    .text               c_5.l(_printf_charcount.o)
    0x0002e3b2   0x0002e3b2   0x00000002   PAD
    0x0002e3b4   0x0002e3b4   0x00000030   Code   RO          147    .text               c_5.l(_printf_char_common.o)
    0x0002e3e4   0x0002e3e4   0x0000000a   Code   RO          148    .text               c_5.l(_sputc.o)
    0x0002e3ee   0x0002e3ee   0x00000002   PAD
    0x0002e3f0   0x0002e3f0   0x000000bc   Code   RO          149    .text               c_5.l(_printf_wctomb.o)
    0x0002e4ac   0x0002e4ac   0x00000008   Ven    RO          151    .text               c_5.l(_printf_longlong_dec.o)
    0x0002e4b4   0x0002e4b4   0x00000070   Code   RO          151    .text               c_5.l(_printf_longlong_dec.o)
    0x0002e524   0x0002e524   0x00000008   Ven    RO          154    .text               c_5.l(_printf_oct_int_ll.o)
    0x0002e52c   0x0002e52c   0x00000070   Code   RO          154    .text               c_5.l(_printf_oct_int_ll.o)
    0x0002e59c   0x0002e59c   0x00000008   Ven    RO          167    .text               c_5.l(_printf_hex_int_ll_ptr.o)
    0x0002e5a4   0x0002e5a4   0x00000098   Code   RO          167    .text               c_5.l(_printf_hex_int_ll_ptr.o)
    0x0002e63c   0x0002e63c   0x00000188   Code   RO          179    .text               c_5.l(__printf_flags_ss_wp.o)
    0x0002e7c4   0x0002e7c4   0x00000098   Code   RO          230    .text               c_5.l(lludiv10.o)
    0x0002e85c   0x0002e85c   0x000000b0   Code   RO          231    .text               c_5.l(_printf_intcommon.o)
    0x0002e90c   0x0002e90c   0x00000414   Code   RO          232    .text               c_5.l(_printf_fp_dec.o)
    0x0002ed20   0x0002ed20   0x00000008   Ven    RO          233    .text               c_5.l(_printf_fp_hex.o)
    0x0002ed28   0x0002ed28   0x000002d8   Code   RO          233    .text               c_5.l(_printf_fp_hex.o)
    0x0002f000   0x0002f000   0x00000008   Ven    RO          236    .text               c_5.l(_printf_char.o)
    0x0002f008   0x0002f008   0x0000002e   Code   RO          236    .text               c_5.l(_printf_char.o)
    0x0002f036   0x0002f036   0x00000002   PAD
    0x0002f038   0x0002f038   0x00000008   Ven    RO          237    .text               c_5.l(_printf_wchar.o)
    0x0002f040   0x0002f040   0x0000002e   Code   RO          237    .text               c_5.l(_printf_wchar.o)
    0x0002f06e   0x0002f06e   0x00000040   Code   RO          239    .text               c_5.l(_wcrtomb.o)
    0x0002f0ae   0x0002f0ae   0x00000002   PAD
    0x0002f0b0   0x0002f0b0   0x0000002c   Code   RO          240    .text               c_5.l(rtudiv10.o)
    0x0002f0dc   0x0002f0dc   0x00000014   Code   RO          242    .text               c_5.l(rt_ctype_table.o)
    0x0002f0f0   0x0002f0f0   0x0000000c   Code   RO          245    .text               c_5.l(rt_locale_intlibspace.o)
    0x0002f0fc   0x0002f0fc   0x00000088   Code   RO          246    .text               c_5.l(_printf_fp_infnan.o)
    0x0002f184   0x0002f184   0x000000d8   Code   RO          247    .text               c_5.l(bigflt0.o)
    0x0002f25c   0x0002f25c   0x00000010   Code   RO          262    .text               c_5.l(exit.o)
    0x0002f26c   0x0002f26c   0x000000f4   Code   RO          276    .text               c_5.l(strcmp.o)
    0x0002f360   0x0002f360   0x00000004   Code   RO          322    .text               c_5.l(use_no_semi.o)
    0x0002f364   0x0002f364   0x00000000   Code   RO          323    .text               c_5.l(indicate_semi.o)
    0x0002f364   0x0002f364   0x0000000c   Code   RO          333    .text               c_5.l(sys_exit.o)
    0x0002f370   0x0002f370   0x00000038   Code   RO          249    CL$$btod_d2e        c_5.l(btod.o)
    0x0002f3a8   0x0002f3a8   0x00000054   Code   RO          251    CL$$btod_d2e_denorm_low  c_5.l(btod.o)
    0x0002f3fc   0x0002f3fc   0x00000068   Code   RO          250    CL$$btod_d2e_norm_op1  c_5.l(btod.o)
    0x0002f464   0x0002f464   0x00000348   Code   RO          259    CL$$btod_div_common  c_5.l(btod.o)
    0x0002f7ac   0x0002f7ac   0x000000f4   Code   RO          256    CL$$btod_e2e        c_5.l(btod.o)
    0x0002f8a0   0x0002f8a0   0x00000034   Code   RO          253    CL$$btod_ediv       c_5.l(btod.o)
    0x0002f8d4   0x0002f8d4   0x00000034   Code   RO          252    CL$$btod_emul       c_5.l(btod.o)
    0x0002f908   0x0002f908   0x00000264   Code   RO          258    CL$$btod_mult_common  c_5.l(btod.o)
    0x0002fb6c   0x0002fb6c   0x00000008   Ven    RO          392    Veneer$$Code        anon$$obj.o
    0x0002fb74   0x0002fb74   0x00000008   Ven    RO          393    Veneer$$Code        anon$$obj.o
    0x0002fb7c   0x0002fb7c   0x00000008   Ven    RO          394    Veneer$$Code        anon$$obj.o
    0x0002fb84   0x0002fb84   0x00000008   Ven    RO          395    Veneer$$Code        anon$$obj.o
    0x0002fb8c   0x0002fb8c   0x00000008   Ven    RO          396    Veneer$$Code        anon$$obj.o
    0x0002fb94   0x0002fb94   0x00000008   Ven    RO          397    Veneer$$Code        anon$$obj.o
    0x0002fb9c   0x0002fb9c   0x00000030   Code   RO          268    i.__ARM_fpclassify  m_5s.l(fpclassify.o)
    0x0002fbcc   0x0002fbcc   0x0000000e   Code   RO          175    i._is_digit         c_5.l(__printf_wp.o)
    0x0002fbda   0x0002fbda   0x00000002   PAD
    0x0002fbdc   0x0002fbdc   0x00000048   Code   RO          261    locale$$code        c_5.l(lc_numeric_c.o)
    0x0002fc24   0x0002fc24   0x00000048   Code   RO          275    locale$$code        c_5.l(lc_ctype_c.o)
    0x0002fc6c   0x0002fc6c   0x0000002c   Code   RO          136    x$fpl$dfltu         fz_5s.l(dflt_clz.o)
    0x0002fc98   0x0002fc98   0x00000178   Code   RO          139    x$fpl$dmul          fz_5s.l(dmul.o)
    0x0002fe10   0x0002fe10   0x000000b8   Code   RO          204    x$fpl$dnaninf       fz_5s.l(dnaninf.o)
    0x0002fec8   0x0002fec8   0x00000010   Code   RO          205    x$fpl$dretinf       fz_5s.l(dretinf.o)
    0x0002fed8   0x0002fed8   0x00000008   Code   RO          267    x$fpl$ieeestatus    fz_5s.l(istatus.o)
    0x0002fee0   0x0002fee0   0x00000004   Code   RO          206    x$fpl$printf1       fz_5s.l(printf1.o)
    0x0002fee4   0x0002fee4   0x00000004   Code   RO          207    x$fpl$printf2       fz_5s.l(printf2.o)
    0x0002fee8   0x0002fee8   0x00000000   Code   RO          210    x$fpl$usenofp       fz_5s.l(usenofp.o)
    0x0002fee8   0x0002fee8   0x00000010   Data   RO            9    .constdata          main.o
    0x0002fef8   0x0002fef8   0x00000037   Data   RO           17    .constdata          app.o
    0x0002ff2f   0x0002ff2f   0x00000001   PAD
    0x0002ff30   0x0002ff30   0x00000030   Data   RO           20    .constdata          app_ancsc.o
    0x0002ff60   0x0002ff60   0x00000008   Data   RO           21    .constdata          app_ancsc.o
    0x0002ff68   0x0002ff68   0x00000121   Data   RO           22    .constdata          app_ancsc.o
    0x00030089   0x00030089   0x00000003   PAD
    0x0003008c   0x0003008c   0x00000020   Data   RO           25    .constdata          app_batt.o
    0x000300ac   0x000300ac   0x00000008   Data   RO           26    .constdata          app_batt.o
    0x000300b4   0x000300b4   0x00000008   Data   RO           29    .constdata          app_dis.o
    0x000300bc   0x000300bc   0x00000008   Data   RO           30    .constdata          app_dis.o
    0x000300c4   0x000300c4   0x00000020   Data   RO           32    .constdata          app_fcc0.o
    0x000300e4   0x000300e4   0x00000008   Data   RO           33    .constdata          app_fcc0.o
    0x000300ec   0x000300ec   0x00000033   Data   RO           34    .constdata          app_fcc0.o
    0x0003011f   0x0003011f   0x00000001   PAD
    0x00030120   0x00030120   0x00000038   Data   RO           37    .constdata          app_fee0.o
    0x00030158   0x00030158   0x00000008   Data   RO           38    .constdata          app_fee0.o
    0x00030160   0x00030160   0x0000004c   Data   RO           39    .constdata          app_fee0.o
    0x000301ac   0x000301ac   0x00000030   Data   RO           42    .constdata          app_oads.o
    0x000301dc   0x000301dc   0x00000008   Data   RO           43    .constdata          app_oads.o
    0x000301e4   0x000301e4   0x000000a8   Data   RO           44    .constdata          app_oads.o
    0x0003028c   0x0003028c   0x00000046   Data   RO           47    .constdata          app_sec.o
    0x000302d2   0x000302d2   0x00000002   PAD
    0x000302d4   0x000302d4   0x00000028   Data   RO           48    .constdata          app_sec.o
    0x000302fc   0x000302fc   0x00000008   Data   RO           49    .constdata          app_sec.o
    0x00030304   0x00030304   0x00000098   Data   RO           53    .constdata          app_task.o
    0x0003039c   0x0003039c   0x0000000c   Data   RO           54    .constdata          app_task.o
    0x000303a8   0x000303a8   0x000000ae   Data   RO           55    .constdata          app_task.o
    0x00030456   0x00030456   0x0000000a   Data   RO           58    .constdata          rwble.o
    0x00030460   0x00030460   0x00000004   Data   RO           66    .constdata          nvds.o
    0x00030464   0x00030464   0x0000000f   Data   RO           75    .constdata          rf_xvr.o
    0x00030473   0x00030473   0x00000001   PAD
    0x00030474   0x00030474   0x000000a8   Data   RO          103    .constdata          diss.o
    0x0003051c   0x0003051c   0x00000018   Data   RO          105    .constdata          diss_task.o
    0x00030534   0x00030534   0x00000080   Data   RO          107    .constdata          fee0s.o
    0x000305b4   0x000305b4   0x000000da   Data   RO          109    .constdata          fee0s_task.o
    0x0003068e   0x0003068e   0x00000002   PAD
    0x00030690   0x00030690   0x00000038   Data   RO          111    .constdata          bass.o
    0x000306c8   0x000306c8   0x00000030   Data   RO          113    .constdata          bass_task.o
    0x000306f8   0x000306f8   0x000000a4   Data   RO          115    .constdata          fcc0s.o
    0x0003079c   0x0003079c   0x000000b3   Data   RO          117    .constdata          fcc0s_task.o
    0x0003084f   0x0003084f   0x00000001   PAD
    0x00030850   0x00030850   0x00000010   Data   RO          119    .constdata          ancsc.o
    0x00030860   0x00030860   0x00000088   Data   RO          121    .constdata          ancsc_task.o
    0x000308e8   0x000308e8   0x0000009e   Data   RO          125    .constdata          oads.o
    0x00030986   0x00030986   0x00000002   PAD
    0x00030988   0x00030988   0x00000062   Data   RO          128    .constdata          oads_task.o
    0x000309ea   0x000309ea   0x00000002   PAD
    0x000309ec   0x000309ec   0x00000008   Data   RO          150    .constdata          c_5.l(_printf_wctomb.o)
    0x000309f4   0x000309f4   0x00000028   Data   RO          168    .constdata          c_5.l(_printf_hex_int_ll_ptr.o)
    0x00030a1c   0x00030a1c   0x00000011   Data   RO          180    .constdata          c_5.l(__printf_flags_ss_wp.o)
    0x00030a2d   0x00030a2d   0x00000026   Data   RO          234    .constdata          c_5.l(_printf_fp_hex.o)
    0x00030a53   0x00030a53   0x00000001   PAD
    0x00030a54   0x00030a54   0x00000094   Data   RO          248    .constdata          c_5.l(bigflt0.o)
    0x00030ae8   0x00030ae8   0x000000ca   Data   RO           50    .conststring        app_sec.o
    0x00030bb2   0x00030bb2   0x00000002   PAD
    0x00030bb4   0x00030bb4   0x000000e8   Data   RO          122    .conststring        ancsc_task.o
    0x00030c9c   0x00030c9c   0x00000030   Data   RO          373    Region$$Table       anon$$obj.o
    0x00030ccc   0x00030ccc   0x0000001c   Data   RO          260    locale$$data        c_5.l(lc_numeric_c.o)
    0x00030ce8   0x00030ce8   0x00000110   Data   RO          274    locale$$data        c_5.l(lc_ctype_c.o)


    Execution Region RAM_DATA (Exec base: 0x00400800, Load base: 0x00030df8, Size: 0x00000068, Max: 0xffffffff, ABSOLUTE)

    Exec Addr    Load Addr    Size         Type   Attr      Idx    E Section Name        Object

    0x00400800   0x00030df8   0x00000008   Data   RW           23    .data               app_ancsc.o
    0x00400808   0x00030e00   0x00000002   Data   RW           27    .data               app_batt.o
    0x0040080a   0x00030e02   0x00000001   Data   RW           35    .data               app_fcc0.o
    0x0040080b   0x00030e03   0x00000003   Data   RW           40    .data               app_fee0.o
    0x0040080e   0x00030e06   0x00000001   Data   RW           45    .data               app_oads.o
    0x0040080f   0x00030e07   0x00000005   Data   RW           51    .data               app_sec.o
    0x00400814   0x00030e0c   0x00000001   Data   RW           56    .data               app_task.o
    0x00400815   0x00030e0d   0x00000003   PAD
    0x00400818   0x00030e10   0x00000004   Data   RW           59    .data               rwble.o
    0x0040081c   0x00030e14   0x00000001   Data   RW           62    .data               rwip.o
    0x0040081d   0x00030e15   0x00000003   PAD
    0x00400820   0x00030e18   0x0000000c   Data   RW           72    .data               flash.o
    0x0040082c   0x00030e24   0x00000004   Data   RW           77    .data               gpio.o
    0x00400830   0x00030e28   0x00000001   Data   RW           80    .data               spi.o
    0x00400831   0x00030e29   0x00000005   Data   RW           82    .data               icu.o
    0x00400836   0x00030e2e   0x00000002   PAD
    0x00400838   0x00030e30   0x00000008   Data   RW           88    .data               uart2.o
    0x00400840   0x00030e38   0x0000000c   Data   RW           93    .data               uart.o
    0x0040084c   0x00030e44   0x00000004   Data   RW           95    .data               aon_rtc.o
    0x00400850   0x00030e48   0x00000010   Data   RW          126    .data               oads.o
    0x00400860   0x00030e58   0x00000008   Data   RW          131    .data               lcd360.o


    Execution Region RAM_BSS (Exec base: 0x00400868, Load base: 0x00030e60, Size: 0x00003a88, Max: 0xffffffff, ABSOLUTE)

    Exec Addr    Load Addr    Size         Type   Attr      Idx    E Section Name        Object

    0x00400868        -       0x00001000   Zero   RW            8    .bss                main.o
    0x00401868        -       0x0000002e   Zero   RW           16    .bss                app.o
    0x00401896   0x00030e60   0x00000002   PAD
    0x00401898        -       0x00002604   Zero   RW           61    .bss                rwip.o
    0x00403e9c        -       0x00000018   Zero   RW           65    .bss                nvds.o
    0x00403eb4        -       0x000000c8   Zero   RW           69    .bss                prf.o
    0x00403f7c        -       0x00000080   Zero   RW           74    .bss                rf_xvr.o
    0x00403ffc        -       0x0000000c   Zero   RW           79    .bss                spi.o
    0x00404008        -       0x00000100   Zero   RW           87    .bss                uart2.o
    0x00404108        -       0x000000c8   Zero   RW           90    .bss                uart.o
    0x004041d0        -       0x000000c0   Zero   RW          124    .bss                oads.o
    0x00404290        -       0x00000060   Zero   RW          270    .bss                c_5.l(libspace.o)


    Execution Region RAM_STACK_UNUSED (Exec base: 0x0040f2cc, Load base: 0x00030e60, Size: 0x00000060, Max: 0x00000060, ABSOLUTE)

    Exec Addr    Load Addr    Size         Type   Attr      Idx    E Section Name        Object

    0x0040f2cc        -       0x00000060   Zero   RW            1    RAM_STACK_UNUSED.bss  anon$$obj.o


    Execution Region RAM_STACK_SVC (Exec base: 0x0040f32c, Load base: 0x00030e60, Size: 0x000006f0, Max: 0x000006f0, ABSOLUTE)

    Exec Addr    Load Addr    Size         Type   Attr      Idx    E Section Name        Object

    0x0040f32c        -       0x000006f0   Zero   RW            2    RAM_STACK_SVC.bss   anon$$obj.o


    Execution Region RAM_STACK_IRQ (Exec base: 0x0040fa1c, Load base: 0x00030e60, Size: 0x000003f0, Max: 0x000003f0, ABSOLUTE)

    Exec Addr    Load Addr    Size         Type   Attr      Idx    E Section Name        Object

    0x0040fa1c        -       0x000003f0   Zero   RW            3    RAM_STACK_IRQ.bss   anon$$obj.o


    Execution Region RAM_STACK_FIQ (Exec base: 0x0040fe0c, Load base: 0x00030e60, Size: 0x000001f0, Max: 0x000001f0, ABSOLUTE)

    Exec Addr    Load Addr    Size         Type   Attr      Idx    E Section Name        Object

    0x0040fe0c        -       0x000001f0   Zero   RW            4    RAM_STACK_FIQ.bss   anon$$obj.o


    Execution Region RAM_BSS_1 (Exec base: 0x00812800, Load base: 0x00030e60, Size: 0x000011bc, Max: 0xffffffff, ABSOLUTE)

    Exec Addr    Load Addr    Size         Type   Attr      Idx    E Section Name        Object

    0x00812800        -       0x000011bc   Zero   RW           63    ke_heap             rwip.o


==============================================================================

Image component sizes


      Code (inc. data)   RO Data    RW Data    ZI Data      Debug   Object Name

       284         12         16          0          0          0   ancsc.o
      1232        180        368          0          0          0   ancsc_task.o
       116         28          0          4          0          0   aon_rtc.o
       740        104         55          0         46          0   app.o
      1200        526        345          8          0          0   app_ancsc.o
       164         14         40          2          0          0   app_batt.o
       276        120         16          0          0          0   app_dis.o
       344        114         91          1          0          0   app_fcc0.o
       616        208        140          3          0          0   app_fee0.o
       440        126        224          1          0          0   app_oads.o
       928        238        320          5          0          0   app_sec.o
      2320        822        338          1          0          0   app_task.o
       936         14         56          0          0          0   bass.o
       716         18         48          0          0          0   bass_task.o
       500         76          0          0          0          0   boot_handlers.o
        92         32          0          0          0          0   boot_vectors.o
       376          8        168          0          0          0   diss.o
       496         14         24          0          0          0   diss_task.o
       124         14          0          0          0          0   dma.o
       408          6        164          0          0          0   fcc0s.o
       792         72        179          0          0          0   fcc0s_task.o
       536         22        128          0          0          0   fee0s.o
      1176        148        218          0          0          0   fee0s_task.o
      1792        166          0         12          0          0   flash.o
       356         14          0          4          0          0   gpio.o
       668         48          0          5          0          0   icu.o
       212          6          0          0          0          0   intc.o
      3592         70          0          8          0          0   lcd360.o
       828        334         16          0       4096          0   main.o
       764         30          4          0         24          0   nvds.o
      2036        540        158         16        192          0   oads.o
       828        154         98          0          0          0   oads_task.o
       616         26          0          0        200          0   prf.o
       988          6          0          0          0          0   prf_utils.o
      2312        874         15          0        128          0   rf_xvr.o
       308        138         10          4          0          0   rwble.o
       912        186          0          1      14272          0   rwip.o
       912        124          0          1         12          0   spi.o
       584         38          0         12        200          0   uart.o
       260         24          0          8        256          0   uart2.o
      1112         92          0          0          0          0   w25x40c.o
        52          6          0          0          0          0   wdt.o

    ----------------------------------------------------------------------
     34056       5836       3304        104      22804          0   Object Totals
        96         44         48          0       3376          0   (incl. Generated)
        16          0         17          8          2          0   (incl. Padding)

    ----------------------------------------------------------------------

      Code (inc. data)   RO Data    RW Data    ZI Data      Debug   Library Member Name

         8          0          0          0          0          0   __main.o
       392          6         17          0          0          0   __printf_flags_ss_wp.o
        14          0          0          0          0          0   __printf_wp.o
         0          0          0          0          0          0   __rtentry.o
        44          4          0          0          0          0   __rtentry2.o
         8          4          0          0          0          0   __rtentry5.o
        60          8          0          0          0          0   __scatter.o
        40          0          0          0          0          0   __scatter_copy.o
        44          0          0          0          0          0   __scatter_zi.o
         8          0          0          0          0          0   _printf_a.o
         8          0          0          0          0          0   _printf_c.o
        54          0          0          0          0          0   _printf_char.o
        48          6          0          0          0          0   _printf_char_common.o
        46          0          0          0          0          0   _printf_charcount.o
         8          0          0          0          0          0   _printf_d.o
       116         18          0          0          0          0   _printf_dec.o
         8          0          0          0          0          0   _printf_e.o
         8          0          0          0          0          0   _printf_f.o
      1044         12          0          0          0          0   _printf_fp_dec.o
       736         10         38          0          0          0   _printf_fp_hex.o
       136         16          0          0          0          0   _printf_fp_infnan.o
         8          0          0          0          0          0   _printf_g.o
       160          4         40          0          0          0   _printf_hex_int_ll_ptr.o
         8          0          0          0          0          0   _printf_i.o
       176          0          0          0          0          0   _printf_intcommon.o
        12          0          0          0          0          0   _printf_l.o
         8          0          0          0          0          0   _printf_lc.o
        12          0          0          0          0          0   _printf_ll.o
         8          0          0          0          0          0   _printf_lld.o
         8          0          0          0          0          0   _printf_lli.o
         8          0          0          0          0          0   _printf_llo.o
         8          0          0          0          0          0   _printf_llu.o
         8          0          0          0          0          0   _printf_llx.o
       120         18          0          0          0          0   _printf_longlong_dec.o
         8          0          0          0          0          0   _printf_ls.o
         8          0          0          0          0          0   _printf_n.o
         8          0          0          0          0          0   _printf_o.o
       120         10          0          0          0          0   _printf_oct_int_ll.o
         8          0          0          0          0          0   _printf_p.o
        78          0          0          0          0          0   _printf_pad.o
         0          0          0          0          0          0   _printf_percent.o
         8          0          0          0          0          0   _printf_percent_end.o
         8          0          0          0          0          0   _printf_s.o
        82          0          0          0          0          0   _printf_str.o
        44          0          0          0          0          0   _printf_truncate.o
         8          0          0          0          0          0   _printf_u.o
        54          0          0          0          0          0   _printf_wchar.o
       188          6          8          0          0          0   _printf_wctomb.o
         8          0          0          0          0          0   _printf_x.o
        10          0          0          0          0          0   _sputc.o
        64          0          0          0          0          0   _wcrtomb.o
       216          6        148          0          0          0   bigflt0.o
      2044        128          0          0          0          0   btod.o
        16          0          0          0          0          0   exit.o
         0          0          0          0          0          0   indicate_semi.o
        72          8        272          0          0          0   lc_ctype_c.o
        72          8         28          0          0          0   lc_numeric_c.o
         2          0          0          0          0          0   libinit.o
        30          0          0          0          0          0   libinit2.o
         2          0          0          0          0          0   libshutdown.o
         2          0          0          0          0          0   libshutdown2.o
         0          0          0          0         96          0   libspace.o
       152          0          0          0          0          0   lludiv10.o
        20          4          0          0          0          0   rt_ctype_table.o
        12          4          0          0          0          0   rt_locale_intlibspace.o
         4          0          0          0          0          0   rtexit.o
        12          0          0          0          0          0   rtexit2.o
        44          0          0          0          0          0   rtudiv10.o
       244          4          0          0          0          0   strcmp.o
        12          4          0          0          0          0   sys_exit.o
         4          0          0          0          0          0   use_no_semi.o
        36          4          0          0          0          0   vsprintf.o
        44          0          0          0          0          0   dflt_clz.o
       376         16          0          0          0          0   dmul.o
       184          0          0          0          0          0   dnaninf.o
        16          0          0          0          0          0   dretinf.o
         8          0          0          0          0          0   istatus.o
         4          0          0          0          0          0   printf1.o
         4          0          0          0          0          0   printf2.o
         0          0          0          0          0          0   usenofp.o
        48          4          0          0          0          0   fpclassify.o

    ----------------------------------------------------------------------
      7768        312        552          0         96          0   Library Totals
        10          0          1          0          0          0   (incl. Padding)

    ----------------------------------------------------------------------

      Code (inc. data)   RO Data    RW Data    ZI Data      Debug   Library Name

      7074        292        551          0         96          0   c_5.l
       636         16          0          0          0          0   fz_5s.l
        48          4          0          0          0          0   m_5s.l

    ----------------------------------------------------------------------
      7768        312        552          0         96          0   Library Totals

    ----------------------------------------------------------------------

==============================================================================


      Code (inc. data)   RO Data    RW Data    ZI Data      Debug   

     41824       6148       3856        104      22900          0   Grand Totals
     41824       6148       3856        104      22900          0   ELF Image Totals
     41824       6148       3856        104          0          0   ROM Totals

==============================================================================

    Total RO  Size (Code + RO Data)                45680 (  44.61kB)
    Total RW  Size (RW Data + ZI Data)             23004 (  22.46kB)
    Total ROM Size (Code + RO Data + RW Data)      45784 (  44.71kB)

==============================================================================

