Component: ARM Compiler 5.06 update 6 (build 750) Tool: armlink [4d35ed]

==============================================================================

Section Cross References

    boot_handlers.o(SYS_BOOT) refers to main.o(.text) for main
    boot_vectors.o(SYS_BOOT) refers to boot_handlers.o(SYS_BOOT) for sys_Reset
    boot_vectors.o(SYS_BOOT) refers to intc.o(sys_irq_entry) for SYSirq_IRQ_Handler
    boot_vectors.o(SYS_BOOT) refers to intc.o(sys_fiq_entry) for SYSirq_FIQ_Handler
    main.o(.text) refers to uart.o(.text) for uart0_printf
    main.o(.text) refers to flash.o(.text) for flash_read_data
    main.o(.text) refers to icu.o(.text) for icu_init
    main.o(.text) refers to wdt.o(.text) for wdt_disable
    main.o(.text) refers to intc.o(.text) for intc_init
    main.o(.text) refers to uart2.o(.text) for uart2_init
    main.o(.text) refers to gpio.o(.text) for gpio_init
    main.o(.text) refers to nvds.o(.text) for nvds_init
    main.o(.text) refers to rwip.o(.text) for rwip_init
    main.o(.text) refers to aon_rtc.o(.text) for aon_rtc_init
    main.o(.text) refers to spi.o(.text) for spi_init
    main.o(.text) refers to lcd360.o(.text) for lcd_gpio_init
    main.o(.text) refers to w25x40c.o(.text) for flash_device_spi_init
    main.o(.text) refers to oads.o(.text) for oad_updating_user_section_pro
    main.o(.text) refers to main.o(.bss) for .bss
    main.o(.text) refers to main.o(.constdata) for .constdata
    main.o(.text) refers to boot_handlers.o(SYS_BOOT) for boot_stack_base_UNUSED
    main.o(.text) refers to prf.o(.text) for prf_get_id_from_task
    main.o(.text) refers to rwble.o(.text) for rwble_sleep_wakeup_end
    main.o(.constdata) refers to uart.o(.text) for uart_read
    app.o(.text) refers to flash.o(.text) for flash_read_data
    app.o(.text) refers to app_sec.o(.text) for app_sec_init
    app.o(.text) refers to app_dis.o(.text) for app_dis_init
    app.o(.text) refers to app_batt.o(.text) for app_batt_init
    app.o(.text) refers to app_oads.o(.text) for app_oads_init
    app.o(.text) refers to uart.o(.text) for uart0_printf
    app.o(.text) refers to app.o(.bss) for .bss
    app.o(.text) refers to app_task.o(.constdata) for TASK_DESC_APP
    app.o(.text) refers to app.o(.constdata) for .constdata
    app.o(.constdata) refers to app_f000.o(.text) for app_f000_add_f000s
    app.o(.constdata) refers to app_f020.o(.text) for app_f020_add_f020s
    app.o(.constdata) refers to app_f030.o(.text) for app_f030_add_f030s
    app.o(.constdata) refers to app_dis.o(.text) for app_dis_add_dis
    app.o(.constdata) refers to app_batt.o(.text) for app_batt_add_bas
    app.o(.constdata) refers to app_oads.o(.text) for app_oad_add_oads
    app_batt.o(.text) refers to prf.o(.text) for prf_get_task_from_id
    app_batt.o(.text) refers to app_batt.o(.data) for .data
    app_batt.o(.constdata) refers to app_batt.o(.text) for app_batt_msg_dflt_handler
    app_batt.o(.constdata) refers to app_batt.o(.constdata) for app_batt_msg_handler_list
    app_dis.o(.constdata) refers to app_dis.o(.text) for diss_value_req_ind_handler
    app_dis.o(.constdata) refers to app_dis.o(.constdata) for app_dis_msg_handler_list
    app_oads.o(.text) refers to uart.o(.text) for uart0_printf
    app_oads.o(.text) refers to prf.o(.text) for prf_get_task_from_id
    app_oads.o(.text) refers to oads.o(.text) for oadImgIdentifyWrite
    app_oads.o(.text) refers to app_oads.o(.data) for .data
    app_oads.o(.text) refers to app_oads.o(.constdata) for .constdata
    app_oads.o(.constdata) refers to app_oads.o(.text) for app_oads_msg_dflt_handler
    app_oads.o(.constdata) refers to app_oads.o(.constdata) for app_oads_msg_handler_list
    app_sec.o(.text) refers to nvds.o(.text) for nvds_get
    app_sec.o(.text) refers to uart.o(.text) for uart0_printf
    app_sec.o(.text) refers to app.o(.text) for appm_disconnect
    app_sec.o(.text) refers to app_sec.o(.data) for .data
    app_sec.o(.text) refers to app_sec.o(.constdata) for .constdata
    app_sec.o(.text) refers to app.o(.bss) for app_env
    app_sec.o(.constdata) refers to app_sec.o(.conststring) for .conststring
    app_sec.o(.constdata) refers to app_sec.o(.text) for app_sec_msg_dflt_handler
    app_sec.o(.constdata) refers to app_sec.o(.constdata) for app_sec_msg_handler_list
    app_task.o(.text) refers to app.o(.text) for appm_adv_fsm_next
    app_task.o(.text) refers to uart.o(.text) for uart0_printf
    app_task.o(.text) refers to nvds.o(.text) for nvds_get
    app_task.o(.text) refers to app_sec.o(.text) for app_sec_get_bond_status
    app_task.o(.text) refers to dflt_clz.o(x$fpl$dfltu) for __aeabi_ui2d
    app_task.o(.text) refers to dmul.o(x$fpl$dmul) for __aeabi_dmul
    app_task.o(.text) refers to app_batt.o(.text) for app_batt_enable_prf
    app_task.o(.text) refers to app.o(.bss) for app_env
    app_task.o(.text) refers to app_task.o(.constdata) for .constdata
[...]
    hci_cmd_desc_tab_ctrl_bb                 0x00023160   Data           0  peripheral_stack_symbol.txt ABSOLUTE
    hci_cmd_desc_tab_info_par                0x000231cc   Data           0  peripheral_stack_symbol.txt ABSOLUTE
    hci_cmd_desc_tab_stat_par                0x000231fc   Data           0  peripheral_stack_symbol.txt ABSOLUTE
    hci_cmd_desc_tab_le                      0x00023208   Data           0  peripheral_stack_symbol.txt ABSOLUTE
    hci_cmd_desc_tab_vs                      0x00023610   Data           0  peripheral_stack_symbol.txt ABSOLUTE
    hci_cmd_desc_root_tab                    0x00023640   Data           0  peripheral_stack_symbol.txt ABSOLUTE
    hci_evt_desc_tab                         0x00023670   Data           0  peripheral_stack_symbol.txt ABSOLUTE
    hci_evt_le_desc_tab                      0x000236b8   Data           0  peripheral_stack_symbol.txt ABSOLUTE
    one_bits                                 0x000237dd   Data           0  peripheral_stack_symbol.txt ABSOLUTE
    co_sca2ppm                               0x000237ee   Data           0  peripheral_stack_symbol.txt ABSOLUTE
    co_null_bdaddr                           0x000237fe   Data           0  peripheral_stack_symbol.txt ABSOLUTE
    rwip_priority                            0x0002382f   Data           0  peripheral_stack_symbol.txt ABSOLUTE
    gapc_sig_handlers                        0x0002392c   Data           0  peripheral_stack_symbol.txt ABSOLUTE
    attc_handlers                            0x00023da4   Data           0  peripheral_stack_symbol.txt ABSOLUTE
    atts_handlers                            0x00023e48   Data           0  peripheral_stack_symbol.txt ABSOLUTE
    l2cc_sig_handlers                        0x00024134   Data           0  peripheral_stack_symbol.txt ABSOLUTE
    boot_stack_base_UNUSED                   0x00025b64   Data           4  boot_handlers.o(SYS_BOOT)
    boot_stack_len_UNUSED                    0x00025b68   Data           4  boot_handlers.o(SYS_BOOT)
    boot_stack_base_IRQ                      0x00025b6c   Data           4  boot_handlers.o(SYS_BOOT)
    boot_stack_len_IRQ                       0x00025b70   Data           4  boot_handlers.o(SYS_BOOT)
    boot_stack_base_SVC                      0x00025b74   Data           4  boot_handlers.o(SYS_BOOT)
    boot_stack_len_SVC                       0x00025b78   Data           4  boot_handlers.o(SYS_BOOT)
    boot_stack_base_FIQ                      0x00025b7c   Data           4  boot_handlers.o(SYS_BOOT)
    boot_stack_len_FIQ                       0x00025b80   Data           4  boot_handlers.o(SYS_BOOT)
    sys_Reset                                0x00025b84   ARM Code       0  boot_handlers.o(SYS_BOOT)
    Long ARM to Thumb Veneer to Undefined_Exception 0x00025d50   ARM Code       8  anon$$obj.o(Veneer$$Code)
    Long ARM to Thumb Veneer to SoftwareInterrupt_Exception 0x00025d58   ARM Code       8  anon$$obj.o(Veneer$$Code)
    Long ARM to Thumb Veneer to PrefetchAbort_Exception 0x00025d60   ARM Code       8  anon$$obj.o(Veneer$$Code)
    Long ARM to Thumb Veneer to DataAbort_Exception 0x00025d68   ARM Code       8  anon$$obj.o(Veneer$$Code)
    Long ARM to Thumb Veneer to Reserved_Exception 0x00025d70   ARM Code       8  anon$$obj.o(Veneer$$Code)
    SYSirq_FIQ_Handler                       0x00025e00   ARM Code      16  intc.o(sys_fiq_entry)
    SYSirq_IRQ_Handler                       0x00025e20   ARM Code      16  intc.o(sys_irq_entry)
    __main                                   0x00025e30   ARM Code       8  __main.o(!!!main)
    __scatterload                            0x00025e38   ARM Code       0  __scatter.o(!!!scatter)
    __scatterload_rt2                        0x00025e38   ARM Code      52  __scatter.o(!!!scatter)
    __scatterload_null                       0x00025e4c   ARM Code       0  __scatter.o(!!!scatter)
    __scatterload_copy                       0x00025e74   ARM Code      40  __scatter_copy.o(!!handler_copy)
    __scatterload_zeroinit                   0x00025e9c   ARM Code      44  __scatter_zi.o(!!handler_zi)
    _printf_n                                0x00025ec8   ARM Code       0  _printf_n.o(.ARM.Collect$$_printf_percent$$00000001)
    _printf_percent                          0x00025ec8   ARM Code       0  _printf_percent.o(.ARM.Collect$$_printf_percent$$00000000)
    _printf_p                                0x00025ed0   ARM Code       0  _printf_p.o(.ARM.Collect$$_printf_percent$$00000002)
    _printf_f                                0x00025ed8   ARM Code       0  _printf_f.o(.ARM.Collect$$_printf_percent$$00000003)
    _printf_e                                0x00025ee0   ARM Code       0  _printf_e.o(.ARM.Collect$$_printf_percent$$00000004)
    _printf_g                                0x00025ee8   ARM Code       0  _printf_g.o(.ARM.Collect$$_printf_percent$$00000005)
    _printf_a                                0x00025ef0   ARM Code       0  _printf_a.o(.ARM.Collect$$_printf_percent$$00000006)
    _printf_ll                               0x00025ef8   ARM Code       0  _printf_ll.o(.ARM.Collect$$_printf_percent$$00000007)
    _printf_i                                0x00025f04   ARM Code       0  _printf_i.o(.ARM.Collect$$_printf_percent$$00000008)
    _printf_d                                0x00025f0c   ARM Code       0  _printf_d.o(.ARM.Collect$$_printf_percent$$00000009)
    _printf_u                                0x00025f14   ARM Code       0  _printf_u.o(.ARM.Collect$$_printf_percent$$0000000A)
    _printf_o                                0x00025f1c   ARM Code       0  _printf_o.o(.ARM.Collect$$_printf_percent$$0000000B)
    _printf_x                                0x00025f24   ARM Code       0  _printf_x.o(.ARM.Collect$$_printf_percent$$0000000C)
    _printf_lli                              0x00025f2c   ARM Code       0  _printf_lli.o(.ARM.Collect$$_printf_percent$$0000000D)
    _printf_lld                              0x00025f34   ARM Code       0  _printf_lld.o(.ARM.Collect$$_printf_percent$$0000000E)
    _printf_llu                              0x00025f3c   ARM Code       0  _printf_llu.o(.ARM.Collect$$_printf_percent$$0000000F)
    _printf_llo                              0x00025f44   ARM Code       0  _printf_llo.o(.ARM.Collect$$_printf_percent$$00000010)
    _printf_llx                              0x00025f4c   ARM Code       0  _printf_llx.o(.ARM.Collect$$_printf_percent$$00000011)
    _printf_l                                0x00025f54   ARM Code       0  _printf_l.o(.ARM.Collect$$_printf_percent$$00000012)
    _printf_c                                0x00025f60   ARM Code       0  _printf_c.o(.ARM.Collect$$_printf_percent$$00000013)
    _printf_s                                0x00025f68   ARM Code       0  _printf_s.o(.ARM.Collect$$_printf_percent$$00000014)
    _printf_lc                               0x00025f70   ARM Code       0  _printf_lc.o(.ARM.Collect$$_printf_percent$$00000015)
    _printf_ls                               0x00025f78   ARM Code       0  _printf_ls.o(.ARM.Collect$$_printf_percent$$00000016)
    _printf_percent_end                      0x00025f80   ARM Code       0  _printf_percent_end.o(.ARM.Collect$$_printf_percent$$00000017)
    __rt_lib_init                            0x00025f89   Thumb Code     0  libinit.o(.ARM.Collect$$libinit$$00000000)
    __rt_lib_init_fp_1                       0x00025f8b   Thumb Code     0  libinit2.o(.ARM.Collect$$libinit$$00000002)
    __rt_lib_init_heap_1                     0x00025f8b   Thumb Code     0  libinit2.o(.ARM.Collect$$libinit$$0000000A)
    __rt_lib_init_lc_common                  0x00025f8b   Thumb Code     0  libinit2.o(.ARM.Collect$$libinit$$0000000F)
    __rt_lib_init_preinit_1                  0x00025f8b   Thumb Code     0  libinit2.o(.ARM.Collect$$libinit$$00000004)
    __rt_lib_init_rand_1                     0x00025f8b   Thumb Code     0  libinit2.o(.ARM.Collect$$libinit$$0000000E)
    __rt_lib_init_user_alloc_1               0x00025f8b   Thumb Code     0  libinit2.o(.ARM.Collect$$libinit$$0000000C)
    __rt_lib_init_lc_collate_1               0x00025f91   Thumb Code     0  libinit2.o(.ARM.Collect$$libinit$$00000011)
    __rt_lib_init_lc_ctype_2                 0x00025f91   Thumb Code     0  libinit2.o(.ARM.Collect$$libinit$$00000012)
    __rt_lib_init_lc_ctype_1                 0x00025f9d   Thumb Code     0  libinit2.o(.ARM.Collect$$libinit$$00000013)
    __rt_lib_init_lc_monetary_1              0x00025f9d   Thumb Code     0  libinit2.o(.ARM.Collect$$libinit$$00000015)
    __rt_lib_init_lc_numeric_2               0x00025f9d   Thumb Code     0  libinit2.o(.ARM.Collect$$libinit$$00000016)
    __rt_lib_init_alloca_1                   0x00025fa7   Thumb Code     0  libinit2.o(.ARM.Collect$$libinit$$0000002E)
    __rt_lib_init_argv_1                     0x00025fa7   Thumb Code     0  libinit2.o(.ARM.Collect$$libinit$$0000002C)
    __rt_lib_init_atexit_1                   0x00025fa7   Thumb Code     0  libinit2.o(.ARM.Collect$$libinit$$0000001B)
    __rt_lib_init_clock_1                    0x00025fa7   Thumb Code     0  libinit2.o(.ARM.Collect$$libinit$$00000021)
    __rt_lib_init_cpp_1                      0x00025fa7   Thumb Code     0  libinit2.o(.ARM.Collect$$libinit$$00000032)
    __rt_lib_init_exceptions_1               0x00025fa7   Thumb Code     0  libinit2.o(.ARM.Collect$$libinit$$00000030)
    __rt_lib_init_fp_trap_1                  0x00025fa7   Thumb Code     0  libinit2.o(.ARM.Collect$$libinit$$0000001F)
    __rt_lib_init_getenv_1                   0x00025fa7   Thumb Code     0  libinit2.o(.ARM.Collect$$libinit$$00000023)
    __rt_lib_init_lc_numeric_1               0x00025fa7   Thumb Code     0  libinit2.o(.ARM.Collect$$libinit$$00000017)
    __rt_lib_init_lc_time_1                  0x00025fa7   Thumb Code     0  libinit2.o(.ARM.Collect$$libinit$$00000019)
    __rt_lib_init_return                     0x00025fa7   Thumb Code     0  libinit2.o(.ARM.Collect$$libinit$$00000033)
    __rt_lib_init_signal_1                   0x00025fa7   Thumb Code     0  libinit2.o(.ARM.Collect$$libinit$$0000001D)
    __rt_lib_init_stdio_1                    0x00025fa7   Thumb Code     0  libinit2.o(.ARM.Collect$$libinit$$00000025)
    __rt_lib_shutdown                        0x00025fa9   Thumb Code     0  libshutdown.o(.ARM.Collect$$libshutdown$$00000000)
    __rt_lib_shutdown_cpp_1                  0x00025fab   Thumb Code     0  libshutdown2.o(.ARM.Collect$$libshutdown$$00000002)
    __rt_lib_shutdown_fp_trap_1              0x00025fab   Thumb Code     0  libshutdown2.o(.ARM.Collect$$libshutdown$$00000007)
    __rt_lib_shutdown_heap_1                 0x00025fab   Thumb Code     0  libshutdown2.o(.ARM.Collect$$libshutdown$$0000000F)
    __rt_lib_shutdown_return                 0x00025fab   Thumb Code     0  libshutdown2.o(.ARM.Collect$$libshutdown$$00000010)
    __rt_lib_shutdown_signal_1               0x00025fab   Thumb Code     0  libshutdown2.o(.ARM.Collect$$libshutdown$$0000000A)
    __rt_lib_shutdown_stdio_1                0x00025fab   Thumb Code     0  libshutdown2.o(.ARM.Collect$$libshutdown$$00000004)
    __rt_lib_shutdown_user_alloc_1           0x00025fab   Thumb Code     0  libshutdown2.o(.ARM.Collect$$libshutdown$$0000000C)
    __rt_entry                               0x00025fac   ARM Code       0  __rtentry.o(.ARM.Collect$$rtentry$$00000000)
    __rt_entry_presh_1                       0x00025fac   ARM Code       0  __rtentry2.o(.ARM.Collect$$rtentry$$00000002)
    __rt_entry_sh                            0x00025fac   ARM Code       0  __rtentry5.o(.ARM.Collect$$rtentry$$00000005)
    __rt_entry_li                            0x00025fb0   ARM Code       0  __rtentry2.o(.ARM.Collect$$rtentry$$0000000A)
    __rt_entry_postsh_1                      0x00025fb0   ARM Code       0  __rtentry2.o(.ARM.Collect$$rtentry$$00000009)
    __rt_entry_main                          0x00025fb4   ARM Code       0  __rtentry2.o(.ARM.Collect$$rtentry$$0000000D)
    __rt_entry_postli_1                      0x00025fb4   ARM Code       0  __rtentry2.o(.ARM.Collect$$rtentry$$0000000C)
    __rt_exit                                0x00025fe0   ARM Code       0  rtexit.o(.ARM.Collect$$rtexit$$00000000)
    __rt_exit_ls                             0x00025fe4   ARM Code       0  rtexit2.o(.ARM.Collect$$rtexit$$00000003)
    __rt_exit_prels_1                        0x00025fe4   ARM Code       0  rtexit2.o(.ARM.Collect$$rtexit$$00000002)
    __rt_exit_exit                           0x00025fe8   ARM Code       0  rtexit2.o(.ARM.Collect$$rtexit$$00000004)
    Inline ARM to Thumb Veneer to main       0x00025ff0   ARM Code       8  main.o(.text)
    platform_reset                           0x00025ff9   Thumb Code    24  main.o(.text)
    bdaddr_env_init                          0x00026011   Thumb Code    74  main.o(.text)
    main                                     0x0002605b   Thumb Code   248  main.o(.text)
    rwip_eif_get                             0x00026153   Thumb Code    12  main.o(.text)
    appm_init                                0x00026331   Thumb Code   136  app.o(.text)
    appm_add_svc                             0x000263b9   Thumb Code    44  app.o(.text)
    appm_disconnect                          0x000263e5   Thumb Code    34  app.o(.text)
    appm_delete_advertising                  0x00026407   Thumb Code    30  app.o(.text)
    appm_adv_fsm_next                        0x00026425   Thumb Code   224  app.o(.text)
    appm_update_param                        0x00026505   Thumb Code    56  app.o(.text)
    appm_get_dev_name                        0x0002653d   Thumb Code    18  app.o(.text)
    appm_update_adv_state                    0x0002654f   Thumb Code     2  app.o(.text)
    app_batt_init                            0x00026611   Thumb Code    12  app_batt.o(.text)
    app_batt_add_bas                         0x0002661d   Thumb Code    44  app_batt.o(.text)
    app_batt_enable_prf                      0x00026649   Thumb Code    44  app_batt.o(.text)
    app_batt_send_lvl                        0x00026675   Thumb Code    34  app_batt.o(.text)
    app_dis_init                             0x00026731   Thumb Code     2  app_dis.o(.text)
    app_dis_add_dis                          0x00026733   Thumb Code    42  app_dis.o(.text)
    app_oads_init                            0x000267c9   Thumb Code     8  app_oads.o(.text)
    app_oad_add_oads                         0x000267d1   Thumb Code    62  app_oads.o(.text)
    app_oads_enable_prf                      0x0002680f   Thumb Code    42  app_oads.o(.text)
    app_ffc1_ntf_req                         0x00026889   Thumb Code    44  app_oads.o(.text)
    app_ffc2_ntf_req                         0x000268b5   Thumb Code    46  app_oads.o(.text)
    app_sec_init                             0x00026981   Thumb Code    46  app_sec.o(.text)
    app_sec_get_bond_status                  0x000269af   Thumb Code     6  app_sec.o(.text)
    app_sec_remove_bond                      0x000269b5   Thumb Code    32  app_sec.o(.text)
    app_sec_send_security_req                0x000269d5   Thumb Code    66  app_sec.o(.text)
    rwble_init                               0x0002760d   Thumb Code    96  rwble.o(.text)
    rwble_isr                                0x0002766d   Thumb Code    46  rwble.o(.text)
    rwble_sleep_enter                        0x0002769b   Thumb Code    18  rwble.o(.text)
    rwble_sleep_wakeup_end                   0x000276ad   Thumb Code    10  rwble.o(.text)
    rwip_init                                0x00027741   Thumb Code   216  rwip.o(.text)
    rwip_reset                               0x00027819   Thumb Code   108  rwip.o(.text)
    rwip_schedule                            0x00027885   Thumb Code    16  rwip.o(.text)
    rwip_isr                                 0x00027895   Thumb Code   124  rwip.o(.text)
    rwip_sleep                               0x00027911   Thumb Code   262  rwip.o(.text)
    nvds_init                                0x00027b4f   Thumb Code    60  nvds.o(.text)
    nvds_get                                 0x00027b8b   Thumb Code    62  nvds.o(.text)
    nvds_del                                 0x00027bc9   Thumb Code    52  nvds.o(.text)
    nvds_lock                                0x00027bfd   Thumb Code    44  nvds.o(.text)
    nvds_put                                 0x00027c29   Thumb Code   214  nvds.o(.text)
    prf_init                                 0x00027e0b   Thumb Code   116  prf.o(.text)
    prf_add_profile                          0x00027e7f   Thumb Code   130  prf.o(.text)
    prf_create                               0x00027f01   Thumb Code    44  prf.o(.text)
    prf_cleanup                              0x00027f2d   Thumb Code    48  prf.o(.text)
    prf_env_get                              0x00027f5d   Thumb Code    44  prf.o(.text)
    prf_src_task_get                         0x00027f89   Thumb Code    16  prf.o(.text)
    prf_dst_task_get                         0x00027f99   Thumb Code    16  prf.o(.text)
    prf_get_id_from_task                     0x00027fa9   Thumb Code    52  prf.o(.text)
    prf_get_task_from_id                     0x00027fdd   Thumb Code    52  prf.o(.text)
    set_flash_clk                            0x00028029   Thumb Code    40  flash.o(.text)
    get_flash_ID                             0x00028051   Thumb Code    34  flash.o(.text)
    flash_read_sr                            0x00028073   Thumb Code    26  flash.o(.text)
    flash_write_sr                           0x0002808d   Thumb Code   168  flash.o(.text)
    flash_wp_256k                            0x00028135   Thumb Code    70  flash.o(.text)
    flash_wp_ALL                             0x0002817b   Thumb Code    70  flash.o(.text)
    flash_advance_init                       0x000281c1   Thumb Code   110  flash.o(.text)
    clr_flash_qwfr                           0x0002822f   Thumb Code    76  flash.o(.text)
    flash_set_dual_mode                      0x0002827b   Thumb Code    32  flash.o(.text)
    flash_init                               0x0002829b   Thumb Code    18  flash.o(.text)
    flash_set_line_mode                      0x000282ad   Thumb Code     2  flash.o(.text)
    flash_erase_sector                       0x000282af   Thumb Code    78  flash.o(.text)
    flash_read_data                          0x000282fd   Thumb Code   166  flash.o(.text)
    flash_write_data                         0x000283a3   Thumb Code   346  flash.o(.text)
    flash_set_qe                             0x000284fd   Thumb Code    68  flash.o(.text)
    flash_read                               0x00028541   Thumb Code    46  flash.o(.text)
    flash_write                              0x0002856f   Thumb Code   102  flash.o(.text)
    flash_erase                              0x000285d5   Thumb Code    66  flash.o(.text)
    flash_test                               0x00028617   Thumb Code   196  flash.o(.text)
    Delay_ms                                 0x00028799   Thumb Code    26  rf_xvr.o(.text)
    CLK32K_AutoCali_init                     0x000287b3   Thumb Code    70  rf_xvr.o(.text)
    kmod_calibration                         0x000287f9   Thumb Code   318  rf_xvr.o(.text)
    xvr_reg_initial                          0x00028937   Thumb Code   382  rf_xvr.o(.text)
    rf_init                                  0x00028ab5   Thumb Code   758  rf_xvr.o(.text)
    Delay_us                                 0x00028dab   Thumb Code    20  rf_xvr.o(.text)
    Delay                                    0x00028dbf   Thumb Code    20  rf_xvr.o(.text)
    bk3435_singleWaveCfg                     0x00028dd3   Thumb Code    36  rf_xvr.o(.text)
    bk3435_set_power                         0x00028df7   Thumb Code    48  rf_xvr.o(.text)
    gpio_config                              0x00029031   Thumb Code    84  gpio.o(.text)
    gpio_get_input                           0x00029085   Thumb Code    24  gpio.o(.text)
    gpio_set                                 0x0002909d   Thumb Code    34  gpio.o(.text)
    gpio_set_neg                             0x000290bf   Thumb Code    26  gpio.o(.text)
    gpio_set_int_mode                        0x000290d9   Thumb Code    72  gpio.o(.text)
    gpio_init                                0x00029121   Thumb Code    44  gpio.o(.text)
    gpio_triger                              0x0002914d   Thumb Code    20  gpio.o(.text)
    gpio_cb_register                         0x00029161   Thumb Code    10  gpio.o(.text)
    gpio_isr                                 0x0002916b   Thumb Code    22  gpio.o(.text)
    gpio_sleep                               0x00029181   Thumb Code     2  gpio.o(.text)
    gpio_wakeup                              0x00029183   Thumb Code     2  gpio.o(.text)
    DEBUG_MSG                                0x00029185   Thumb Code     2  gpio.o(.text)
    spi_init                                 0x00029195   Thumb Code   110  spi.o(.text)
    spi_waitbusying                          0x00029203   Thumb Code    24  spi.o(.text)
    spi_write_read                           0x0002921b   Thumb Code   124  spi.o(.text)
    spi_write                                0x00029297   Thumb Code    72  spi.o(.text)
    spi_read                                 0x000292df   Thumb Code   116  spi.o(.text)
    spi_send                                 0x00029353   Thumb Code    40  spi.o(.text)
    spi_receiv                               0x0002937b   Thumb Code    40  spi.o(.text)
    spi_isr                                  0x000293a3   Thumb Code   102  spi.o(.text)
    spi_send_state_get                       0x00029409   Thumb Code     6  spi.o(.text)
    spi_dma_write                            0x0002940f   Thumb Code    48  spi.o(.text)
    spi_dma_read                             0x0002943f   Thumb Code    48  spi.o(.text)
    spi_result_callback                      0x0002946f   Thumb Code    10  spi.o(.text)
    spi_master_test                          0x00029479   Thumb Code    48  spi.o(.text)
    icu_init                                 0x00029525   Thumb Code    48  icu.o(.text)
    system_sleep_init                        0x00029555   Thumb Code    18  icu.o(.text)
    icu_get_sleep_mode                       0x00029567   Thumb Code     6  icu.o(.text)
    icu_set_sleep_mode                       0x0002956d   Thumb Code     6  icu.o(.text)
    cpu_reduce_voltage_sleep                 0x00029573   Thumb Code   130  icu.o(.text)
    cpu_wakeup                               0x000295f5   Thumb Code    94  icu.o(.text)
    cpu_idle_sleep                           0x00029653   Thumb Code    28  icu.o(.text)
    mcu_clk_switch                           0x0002966f   Thumb Code   248  icu.o(.text)
    deep_sleep                               0x00029767   Thumb Code    24  icu.o(.text)
    cpu_reset                                0x0002977f   Thumb Code    34  icu.o(.text)
    wdt_disable                              0x000297c1   Thumb Code    16  wdt.o(.text)
    wdt_enable                               0x000297d1   Thumb Code    18  wdt.o(.text)
    wdt_feed                                 0x000297e3   Thumb Code    12  wdt.o(.text)
    uart2_init                               0x000297f5   Thumb Code    84  uart2.o(.text)
    uart2_send                               0x00029849   Thumb Code    24  uart2.o(.text)
    clear_uart2_buffer                       0x00029861   Thumb Code    30  uart2.o(.text)
    uart2_printf                             0x0002987f   Thumb Code    38  uart2.o(.text)
    uart2_isr                                0x000298a5   Thumb Code    60  uart2.o(.text)
    uart_init                                0x000298f9   Thumb Code   104  uart.o(.text)
    uart_send                                0x00029961   Thumb Code    32  uart.o(.text)
    uart0_printf                             0x00029981   Thumb Code    40  uart.o(.text)
    uart_flow_on                             0x000299a9   Thumb Code     2  uart.o(.text)
    uart_flow_off                            0x000299ab   Thumb Code     4  uart.o(.text)
    uart_read                                0x000299af   Thumb Code    22  uart.o(.text)
    uart_write                               0x000299c5   Thumb Code    22  uart.o(.text)
    uart_rx_cmd_handler                      0x000299db   Thumb Code    90  uart.o(.text)
    uart_rx_handler                          0x00029a35   Thumb Code    96  uart.o(.text)
    uart_isr                                 0x00029a95   Thumb Code    76  uart.o(.text)
    uart_rx_cmd_respone                      0x00029ae1   Thumb Code    58  uart.o(.text)
    uart_download_check                      0x00029b1b   Thumb Code     8  uart.o(.text)
    aon_rtc_init                             0x00029b41   Thumb Code    60  aon_rtc.o(.text)
    aon_rtc_isr                              0x00029b7d   Thumb Code    28  aon_rtc.o(.text)
    intc_spurious                            0x00029bb5   Thumb Code     2  intc.o(.text)
    intc_init                                0x00029bb7   Thumb Code    62  intc.o(.text)
    intc_irq                                 0x00029bf5   Thumb Code    74  intc.o(.text)
    intc_fiq                                 0x00029c3f   Thumb Code    50  intc.o(.text)
    dma_config_write                         0x00029c75   Thumb Code    48  dma.o(.text)
    dma_config_read                          0x00029ca5   Thumb Code    48  dma.o(.text)
    dma_isr_stat_get                         0x00029cd5   Thumb Code     6  dma.o(.text)
    dma_isr_stat_set                         0x00029cdb   Thumb Code     6  dma.o(.text)
    dma_isr                                  0x00029ce1   Thumb Code     2  dma.o(.text)
    diss_compute_cfg_flag                    0x00029cf1   Thumb Code    40  diss.o(.text)
    diss_prf_itf_get                         0x00029dbf   Thumb Code     6  diss.o(.text)
    diss_handle_to_value                     0x00029dc5   Thumb Code    54  diss.o(.text)
    diss_value_to_handle                     0x00029dfb   Thumb Code    60  diss.o(.text)
    diss_check_val_len                       0x00029e37   Thumb Code    42  diss.o(.text)
    diss_task_init                           0x0002a02f   Thumb Code    28  diss_task.o(.text)
    oad_save_reciveData                      0x0002a159   Thumb Code    32  oads.o(.text)
    oad_updating_user_section_begin          0x0002a179   Thumb Code    38  oads.o(.text)
    oad_updating_user_section_pro            0x0002a19f   Thumb Code   134  oads.o(.text)
    oad_updating_user_section_end            0x0002a225   Thumb Code    18  oads.o(.text)
    oadImgIdentifyWrite                      0x0002a319   Thumb Code   786  oads.o(.text)
    oadImgBlockWrite                         0x0002a62b   Thumb Code   364  oads.o(.text)
    oads_prf_itf_get                         0x0002a797   Thumb Code     4  oads.o(.text)
    oads_task_init                           0x0002aad1   Thumb Code    30  oads_task.o(.text)
    spi_device_wr_byte                       0x0002ab89   Thumb Code     4  w25x40c.o(.text)
    spi_device_w_byte                        0x0002ab8d   Thumb Code    16  w25x40c.o(.text)
    spi_device_r_byte                        0x0002ab9d   Thumb Code    20  w25x40c.o(.text)
    spi_device_w_bytes                       0x0002abb1   Thumb Code    50  w25x40c.o(.text)
    spi_device_r_bytes                       0x0002abe3   Thumb Code    64  w25x40c.o(.text)
    flash_device_power_down_set              0x0002ac23   Thumb Code    36  w25x40c.o(.text)
    flash_device_chipID_get                  0x0002ac47   Thumb Code    76  w25x40c.o(.text)
    flash_device_spi_init                    0x0002ac93   Thumb Code    64  w25x40c.o(.text)
    flash_device_spi_status_get              0x0002acd3   Thumb Code    34  w25x40c.o(.text)
    flash_device_busy_wait                   0x0002acf5   Thumb Code    36  w25x40c.o(.text)
    flash_device_spi_status_set              0x0002ad19   Thumb Code    34  w25x40c.o(.text)
    flash_device_write_enable                0x0002ad3b   Thumb Code    26  w25x40c.o(.text)
    flash_device_write_disable               0x0002ad55   Thumb Code    26  w25x40c.o(.text)
    flash_device_deviceID_get                0x0002ad6f   Thumb Code    50  w25x40c.o(.text)
    flash_read_complete_cb                   0x0002ada1   Thumb Code    10  w25x40c.o(.text)
    flash_device_read_data                   0x0002adab   Thumb Code    74  w25x40c.o(.text)
    flash_device_erase_sector                0x0002adf5   Thumb Code    74  w25x40c.o(.text)
    flash_device_write_page                  0x0002ae3f   Thumb Code    86  w25x40c.o(.text)
    flash_device_write_data                  0x0002ae95   Thumb Code    68  w25x40c.o(.text)
    flash_device_erase_chip                  0x0002aed9   Thumb Code    54  w25x40c.o(.text)
    app_flash_read                           0x0002af0f   Thumb Code    60  w25x40c.o(.text)
    app_flash_write                          0x0002af4b   Thumb Code    32  w25x40c.o(.text)
    key_press_detect                         0x0002afe1   Thumb Code    76  lcd360.o(.text)
    lcd_gpio_init                            0x0002b02d   Thumb Code    44  lcd360.o(.text)
    WriteComm                                0x0002b059   Thumb Code    20  lcd360.o(.text)
    WriteData                                0x0002b06d   Thumb Code    20  lcd360.o(.text)
    WriteDispData                            0x0002b081   Thumb Code    16  lcd360.o(.text)
    LCD_Init                                 0x0002b091   Thumb Code  2988  lcd360.o(.text)
    BlockWrite                               0x0002bc3d   Thumb Code    94  lcd360.o(.text)
    display_image                            0x0002bc9b   Thumb Code    88  lcd360.o(.text)
    display_color                            0x0002bcf3   Thumb Code    50  lcd360.o(.text)
    DispFrame                                0x0002bd25   Thumb Code   162  lcd360.o(.text)
    app_f000_init                            0x0002bde9   Thumb Code    12  app_f000.o(.text)
    app_f000_add_f000s                       0x0002bdf5   Thumb Code    58  app_f000.o(.text)
    app_f004_send_ntf                        0x0002be2f   Thumb Code    50  app_f000.o(.text)
    app_f005_send_ind                        0x0002be61   Thumb Code    52  app_f000.o(.text)
    f000s_get_att_handle                     0x0002c169   Thumb Code    28  f000s.o(.text)
    f000s_notify_f004_val                    0x0002c185   Thumb Code    76  f000s.o(.text)
    f000s_indicate_f005_val                  0x0002c1d1   Thumb Code    76  f000s.o(.text)
    f000s_prf_itf_get                        0x0002c21d   Thumb Code     6  f000s.o(.text)
    f000s_get_att_idx                        0x0002c223   Thumb Code    32  f000s.o(.text)
    f000s_task_init                          0x0002c5fd   Thumb Code    30  f000s_task.o(.text)
    app_f020_init                            0x0002c6ad   Thumb Code    12  app_f020.o(.text)
    app_f020_add_f020s                       0x0002c6b9   Thumb Code    58  app_f020.o(.text)
    app_f024_send_ntf                        0x0002c6f3   Thumb Code    50  app_f020.o(.text)
    app_f025_send_ind                        0x0002c725   Thumb Code    52  app_f020.o(.text)
    f020s_get_att_handle                     0x0002ca2b   Thumb Code    28  f020s.o(.text)
    f020s_notify_f024_val                    0x0002ca47   Thumb Code    76  f020s.o(.text)
    f020s_indicate_f025_val                  0x0002ca93   Thumb Code    76  f020s.o(.text)
    f020s_prf_itf_get                        0x0002cadf   Thumb Code     6  f020s.o(.text)
    f020s_get_att_idx                        0x0002cae5   Thumb Code    32  f020s.o(.text)
    f020s_task_init                          0x0002cec1   Thumb Code    30  f020s_task.o(.text)
    app_f030_init                            0x0002cf71   Thumb Code    12  app_f030.o(.text)
    app_f030_add_f030s                       0x0002cf7d   Thumb Code    60  app_f030.o(.text)
    app_f034_send_ntf                        0x0002cfb9   Thumb Code    52  app_f030.o(.text)
    app_f035_send_ind                        0x0002cfed   Thumb Code    54  app_f030.o(.text)
    f030s_get_att_handle                     0x0002d301   Thumb Code    28  f030s.o(.text)
    f030s_notify_f034_val                    0x0002d31d   Thumb Code    76  f030s.o(.text)
    f030s_indicate_f035_val                  0x0002d369   Thumb Code    76  f030s.o(.text)
    f030s_prf_itf_get                        0x0002d3b5   Thumb Code     6  f030s.o(.text)
    f030s_get_att_idx                        0x0002d3bb   Thumb Code    32  f030s.o(.text)
    f030s_task_init                          0x0002d7d5   Thumb Code   180  f030s_task.o(.text)
    vsprintf                                 0x0002d889   Thumb Code    32  vsprintf.o(.text)
    _printf_pre_padding                      0x0002d8ad   Thumb Code    44  _printf_pad.o(.text)
    _printf_post_padding                     0x0002d8d9   Thumb Code    34  _printf_pad.o(.text)
    _printf_truncate_signed                  0x0002d8fb   Thumb Code    22  _printf_truncate.o(.text)
    _printf_truncate_unsigned                0x0002d911   Thumb Code    22  _printf_truncate.o(.text)
    _printf_str                              0x0002d927   Thumb Code    82  _printf_str.o(.text)
    Inline ARM to Thumb Veneer to _printf_int_dec 0x0002d978   ARM Code       8  _printf_dec.o(.text)
    _printf_int_dec                          0x0002d981   Thumb Code    90  _printf_dec.o(.text)
    Inline ARM to Thumb Veneer to _printf_charcount 0x0002d9ec   ARM Code       8  _printf_charcount.o(.text)
    _printf_charcount                        0x0002d9f5   Thumb Code    38  _printf_charcount.o(.text)
    _printf_char_common                      0x0002da27   Thumb Code    32  _printf_char_common.o(.text)
    _sputc                                   0x0002da4d   Thumb Code    10  _sputc.o(.text)
    _printf_wctomb                           0x0002da59   Thumb Code   182  _printf_wctomb.o(.text)
    Inline ARM to Thumb Veneer to _printf_longlong_dec 0x0002db14   ARM Code       8  _printf_longlong_dec.o(.text)
    _printf_longlong_dec                     0x0002db1d   Thumb Code    94  _printf_longlong_dec.o(.text)
    Inline ARM to Thumb Veneer to _printf_int_oct 0x0002db8c   ARM Code       8  _printf_oct_int_ll.o(.text)
    _printf_longlong_oct                     0x0002db95   Thumb Code    68  _printf_oct_int_ll.o(.text)
    _printf_int_oct                          0x0002dbd9   Thumb Code    24  _printf_oct_int_ll.o(.text)
    _printf_ll_oct                           0x0002dbf1   Thumb Code    10  _printf_oct_int_ll.o(.text)
    Inline ARM to Thumb Veneer to _printf_hex_ptr 0x0002dc04   ARM Code       8  _printf_hex_int_ll_ptr.o(.text)
    _printf_longlong_hex                     0x0002dc0d   Thumb Code    88  _printf_hex_int_ll_ptr.o(.text)
    _printf_int_hex                          0x0002dc65   Thumb Code    28  _printf_hex_int_ll_ptr.o(.text)
    _printf_ll_hex                           0x0002dc81   Thumb Code    10  _printf_hex_int_ll_ptr.o(.text)
    _printf_hex_ptr                          0x0002dc8b   Thumb Code    22  _printf_hex_int_ll_ptr.o(.text)
    __printf                                 0x0002dca5   Thumb Code   386  __printf_flags_ss_wp.o(.text)
    _ll_udiv10                               0x0002de2c   ARM Code     152  lludiv10.o(.text)
    _printf_int_common                       0x0002dec5   Thumb Code   176  _printf_intcommon.o(.text)
    __lib_sel_fp_printf                      0x0002df75   Thumb Code     2  _printf_fp_dec.o(.text)
    _printf_fp_dec_real                      0x0002e111   Thumb Code   620  _printf_fp_dec.o(.text)
    Inline ARM to Thumb Veneer to _printf_fp_hex_real 0x0002e388   ARM Code       8  _printf_fp_hex.o(.text)
    _printf_fp_hex_real                      0x0002e391   Thumb Code   718  _printf_fp_hex.o(.text)
    Inline ARM to Thumb Veneer to _printf_char 0x0002e668   ARM Code       8  _printf_char.o(.text)
    _printf_cs_common                        0x0002e671   Thumb Code    22  _printf_char.o(.text)
    _printf_char                             0x0002e687   Thumb Code    16  _printf_char.o(.text)
    _printf_string                           0x0002e697   Thumb Code     8  _printf_char.o(.text)
    Inline ARM to Thumb Veneer to _printf_wchar 0x0002e6a0   ARM Code       8  _printf_wchar.o(.text)
    _printf_lcs_common                       0x0002e6a9   Thumb Code    22  _printf_wchar.o(.text)
    _printf_wchar                            0x0002e6bf   Thumb Code    16  _printf_wchar.o(.text)
    _printf_wstring                          0x0002e6cf   Thumb Code     8  _printf_wchar.o(.text)
    _wcrtomb                                 0x0002e6d7   Thumb Code    64  _wcrtomb.o(.text)
    __rt_udiv10                              0x0002e718   ARM Code      44  rtudiv10.o(.text)
    __rt_ctype_table                         0x0002e744   ARM Code      20  rt_ctype_table.o(.text)
    __rt_locale                              0x0002e758   ARM Code      12  rt_locale_intlibspace.o(.text)
    _printf_fp_infnan                        0x0002e765   Thumb Code   120  _printf_fp_infnan.o(.text)
    _btod_etento                             0x0002e7ed   Thumb Code   210  bigflt0.o(.text)
    exit                                     0x0002e8c5   Thumb Code    16  exit.o(.text)
    strcmp                                   0x0002e8d4   ARM Code     240  strcmp.o(.text)
    __I$use$semihosting                      0x0002e9c8   ARM Code       0  use_no_semi.o(.text)
    __use_no_semihosting_swi                 0x0002e9c8   ARM Code       4  use_no_semi.o(.text)
    __semihosting_library_function           0x0002e9cc   ARM Code       0  indicate_semi.o(.text)
    _sys_exit                                0x0002e9cd   Thumb Code     8  sys_exit.o(.text)
    _btod_d2e                                0x0002e9d8   ARM Code      56  btod.o(CL$$btod_d2e)
    _d2e_denorm_low                          0x0002ea10   ARM Code      84  btod.o(CL$$btod_d2e_denorm_low)
    _d2e_norm_op1                            0x0002ea64   ARM Code     104  btod.o(CL$$btod_d2e_norm_op1)
    __btod_div_common                        0x0002eacc   ARM Code     712  btod.o(CL$$btod_div_common)
    _e2e                                     0x0002ee14   ARM Code     244  btod.o(CL$$btod_e2e)
    _btod_ediv                               0x0002ef08   ARM Code      52  btod.o(CL$$btod_ediv)
    _btod_emul                               0x0002ef3c   ARM Code      52  btod.o(CL$$btod_emul)
    __btod_mult_common                       0x0002ef70   ARM Code     612  btod.o(CL$$btod_mult_common)
    Long ARM to Thumb Veneer to _printf_int_hex 0x0002f1d4   ARM Code       8  anon$$obj.o(Veneer$$Code)
    Long ARM to Thumb Veneer to _printf_ll_oct 0x0002f1dc   ARM Code       8  anon$$obj.o(Veneer$$Code)
    Long ARM to Thumb Veneer to _printf_ll_hex 0x0002f1e4   ARM Code       8  anon$$obj.o(Veneer$$Code)
    Long ARM to Thumb Veneer to _printf_string 0x0002f1ec   ARM Code       8  anon$$obj.o(Veneer$$Code)
    Long ARM to Thumb Veneer to _printf_wstring 0x0002f1f4   ARM Code       8  anon$$obj.o(Veneer$$Code)
    Long ARM to Thumb Veneer to _printf_fp_dec_real 0x0002f1fc   ARM Code       8  anon$$obj.o(Veneer$$Code)
    __ARM_fpclassify                         0x0002f204   ARM Code      44  fpclassify.o(i.__ARM_fpclassify)
    _is_digit                                0x0002f235   Thumb Code    14  __printf_wp.o(i._is_digit)
    _get_lc_numeric                          0x0002f244   ARM Code      72  lc_numeric_c.o(locale$$code)
    _get_lc_ctype                            0x0002f28c   ARM Code      72  lc_ctype_c.o(locale$$code)
    __aeabi_ui2d                             0x0002f2d4   ARM Code       0  dflt_clz.o(x$fpl$dfltu)
    _dfltu                                   0x0002f2d4   ARM Code      44  dflt_clz.o(x$fpl$dfltu)
    __aeabi_dmul                             0x0002f300   ARM Code       0  dmul.o(x$fpl$dmul)
    _dmul                                    0x0002f300   ARM Code     364  dmul.o(x$fpl$dmul)
    __fpl_dnaninf                            0x0002f478   ARM Code     184  dnaninf.o(x$fpl$dnaninf)
    __fpl_dretinf                            0x0002f530   ARM Code      16  dretinf.o(x$fpl$dretinf)
    __ieee_status                            0x0002f540   ARM Code       8  istatus.o(x$fpl$ieeestatus)
    _printf_fp_dec                           0x0002f548   ARM Code       4  printf1.o(x$fpl$printf1)
    _printf_fp_hex                           0x0002f54c   ARM Code       4  printf2.o(x$fpl$printf2)
    __I$use$fp                               0x0002f550   Number         0  usenofp.o(x$fpl$usenofp)
    uart_api                                 0x0002f550   Data          16  main.o(.constdata)
    app_batt_msg_handler_list                0x0002f598   Data          32  app_batt.o(.constdata)
    app_batt_handlers                        0x0002f5b8   Data           8  app_batt.o(.constdata)
    app_dis_msg_handler_list                 0x0002f5c0   Data           8  app_dis.o(.constdata)
    app_dis_handlers                         0x0002f5c8   Data           8  app_dis.o(.constdata)
    app_oads_msg_handler_list                0x0002f5d0   Data          48  app_oads.o(.constdata)
    app_oads_handler                         0x0002f600   Data           8  app_oads.o(.constdata)
    app_sec_msg_handler_list                 0x0002f6f8   Data          40  app_sec.o(.constdata)
    app_sec_handlers                         0x0002f720   Data           8  app_sec.o(.constdata)
    TASK_DESC_APP                            0x0002f7c0   Data          12  app_task.o(.constdata)
    diss_att_db                              0x0002f898   Data         152  diss.o(.constdata)
    diss_itf                                 0x0002f930   Data          16  diss.o(.constdata)
    oads_att_db                              0x0002f958   Data          72  oads.o(.constdata)
    oads_itf                                 0x0002f9a0   Data          16  oads.o(.constdata)
    app_f000_msg_handler_list                0x0002fa5c   Data          56  app_f000.o(.constdata)
    app_f000_handler                         0x0002fa94   Data           8  app_f000.o(.constdata)
    f000_att_db                              0x0002fae8   Data         112  f000s.o(.constdata)
    f000s_itf                                0x0002fb58   Data          16  f000s.o(.constdata)
    app_f020_msg_handler_list                0x0002fc44   Data          56  app_f020.o(.constdata)
    app_f020_handler                         0x0002fc7c   Data           8  app_f020.o(.constdata)
    f020_att_db                              0x0002fcd0   Data         112  f020s.o(.constdata)
    f020s_itf                                0x0002fd40   Data          16  f020s.o(.constdata)
    app_f030_msg_handler_list                0x0002fe2c   Data          56  app_f030.o(.constdata)
    app_f030_handler                         0x0002fe64   Data           8  app_f030.o(.constdata)
    f030_att_db                              0x0002feb8   Data         112  f030s.o(.constdata)
    f030s_itf                                0x0002ff28   Data          16  f030s.o(.constdata)
    Region$$Table$$Base                      0x000301dc   Number         0  anon$$obj.o(Region$$Table)
    Region$$Table$$Limit                     0x0003020c   Number         0  anon$$obj.o(Region$$Table)
    __ctype                                  0x00030235   Data           0  lc_ctype_c.o(locale$$data)
    Load$$RAM_DATA$$Base                     0x00030338   Number         0  anon$$obj.o ABSOLUTE
    llc_env                                  0x0040002c   Data           0  peripheral_stack_symbol.txt ABSOLUTE
    co_default_bdaddr                        0x00400090   Data           0  peripheral_stack_symbol.txt ABSOLUTE
    gapc_env                                 0x00400098   Data           0  peripheral_stack_symbol.txt ABSOLUTE
    gapc_state                               0x0040009c   Data           0  peripheral_stack_symbol.txt ABSOLUTE
    gapm_state                               0x0040009d   Data           0  peripheral_stack_symbol.txt ABSOLUTE
    gattc_env                                0x004000a0   Data           0  peripheral_stack_symbol.txt ABSOLUTE
    gattc_state                              0x004000a4   Data           0  peripheral_stack_symbol.txt ABSOLUTE
    gattm_state                              0x004000a5   Data           0  peripheral_stack_symbol.txt ABSOLUTE
    l2cc_env                                 0x004000a8   Data           0  peripheral_stack_symbol.txt ABSOLUTE
    l2cc_state                               0x004000ac   Data           0  peripheral_stack_symbol.txt ABSOLUTE
    ke_env                                   0x004000d4   Data           0  peripheral_stack_symbol.txt ABSOLUTE
    hci_env                                  0x004004e4   Data           0  peripheral_stack_symbol.txt ABSOLUTE
    rwip_rf                                  0x0040069c   Data           0  peripheral_stack_symbol.txt ABSOLUTE
    rwip_param                               0x004006d0   Data           0  peripheral_stack_symbol.txt ABSOLUTE
    rom_env                                  0x004006dc   Data           0  peripheral_stack_symbol.txt ABSOLUTE
    rwip_env                                 0x00400704   Data           0  peripheral_stack_symbol.txt ABSOLUTE
    gapm_env                                 0x00400720   Data           0  peripheral_stack_symbol.txt ABSOLUTE
    gattm_env                                0x00400770   Data           0  peripheral_stack_symbol.txt ABSOLUTE
    l2cm_env                                 0x004007a8   Data           0  peripheral_stack_symbol.txt ABSOLUTE
    Image$$RAM_DATA$$Base                    0x00400800   Number         0  anon$$obj.o ABSOLUTE
    app_batt_env                             0x00400800   Data           2  app_batt.o(.data)
    app_oads_env                             0x00400802   Data           1  app_oads.o(.data)
    app_sec_env                              0x00400803   Data           5  app_sec.o(.data)
    appm_state                               0x00400808   Data           1  app_task.o(.data)
    rwip_rst_state                           0x00400810   Data           1  rwip.o(.data)
    flash_enable_write_flag1                 0x00400814   Data           1  flash.o(.data)
    flash_enable_write_flag2                 0x00400815   Data           1  flash.o(.data)
    flash_enable_write_flag3                 0x00400816   Data           1  flash.o(.data)
    flash_enable_write_flag4                 0x00400817   Data           1  flash.o(.data)
    flash_enable_erase_flag1                 0x00400818   Data           1  flash.o(.data)
    flash_enable_erase_flag2                 0x00400819   Data           1  flash.o(.data)
    flash_mid                                0x0040081c   Data           4  flash.o(.data)
    system_sleep_status                      0x00400826   Data           1  icu.o(.data)
    system_sleep_flag                        0x00400828   Data           1  icu.o(.data)
    system_mode                              0x00400829   Data           1  icu.o(.data)
    uart2_rx_done                            0x0040082c   Data           1  uart2.o(.data)
    uart2_rx_index                           0x00400830   Data           4  uart2.o(.data)
    oad_firmware_type                        0x00400845   Data           1  oads.o(.data)
    latency_disable_state                    0x00400846   Data           1  oads.o(.data)
    oad_uuid                                 0x00400850   Data           4  oads.o(.data)
    app_f000_env                             0x0040085c   Data           3  app_f000.o(.data)
    app_f020_env                             0x0040085f   Data           3  app_f020.o(.data)
    app_f030_env                             0x00400862   Data           3  app_f030.o(.data)
    Image$$RAM_BSS$$Base                     0x00400868   Number         0  anon$$obj.o ABSOLUTE
    testflashbuffer                          0x00400868   Data        4096  main.o(.bss)
    app_env                                  0x00401868   Data          46  app.o(.bss)
    rwip_heap_msg                            0x00401898   Data        9732  rwip.o(.bss)
    prf_env                                  0x00403eb4   Data         200  prf.o(.bss)
    XVR_ANALOG_REG_BAK                       0x00403f7c   Data         128  rf_xvr.o(.bss)
    spi_param                                0x00403ffc   Data          12  spi.o(.bss)
    uart2_rx_buf                             0x00404008   Data         128  uart2.o(.bss)
    uart2_tx_buf                             0x00404088   Data         128  uart2.o(.bss)
    uart_rx_buf                              0x00404150   Data         128  uart.o(.bss)
    bsec                                     0x004041d0   Data         192  oads.o(.bss)
    __libspace_start                         0x00404290   Data          96  libspace.o(.bss)
    __temporary_stack_top$libspace           0x004042f0   Data           0  libspace.o(.bss)
    Image$$RAM_STACK_UNUSED$$Base            0x0040f2cc   Number         0  anon$$obj.o ABSOLUTE
    Image$$RAM_STACK_SVC$$Base               0x0040f32c   Number         0  anon$$obj.o ABSOLUTE
    Image$$RAM_STACK_IRQ$$Base               0x0040fa1c   Number         0  anon$$obj.o ABSOLUTE
    Image$$RAM_STACK_FIQ$$Base               0x0040fe0c   Number         0  anon$$obj.o ABSOLUTE
    __initial_sp                             0x0040fffc   Number         0  boot_handlers.o ABSOLUTE
    rwip_heap_env                            0x00812800   Data         748  rwip.o(ke_heap)
    rwip_heap_db                             0x00812aec   Data        3084  rwip.o(ke_heap)
    rwip_heap_non_ret                        0x008136f8   Data         668  rwip.o(ke_heap)



==============================================================================

Memory Map of the image

  Image Entry point : 0x00025b84

  Load Region SECTIONS (Base: 0x00025b00, Size: 0x0000a8a0, Max: 0xffffffff, ABSOLUTE)

    Execution Region ROM_SYS (Exec base: 0x00025b00, Load base: 0x00025b00, Size: 0x00000278, Max: 0xffffffff, ABSOLUTE)

    Exec Addr    Load Addr    Size         Type   Attr      Idx    E Section Name        Object

    0x00025b00   0x00025b00   0x0000005c   Code   RO            6  * SYS_BOOT            boot_vectors.o
    0x00025b5c   0x00025b5c   0x000001f4   Code   RO            5  * SYS_BOOT            boot_handlers.o
    0x00025d50   0x00025d50   0x00000008   Ven    RO          382    Veneer$$Code        anon$$obj.o
    0x00025d58   0x00025d58   0x00000008   Ven    RO          383    Veneer$$Code        anon$$obj.o
    0x00025d60   0x00025d60   0x00000008   Ven    RO          384    Veneer$$Code        anon$$obj.o
    0x00025d68   0x00025d68   0x00000008   Ven    RO          385    Veneer$$Code        anon$$obj.o
    0x00025d70   0x00025d70   0x00000008   Ven    RO          386    Veneer$$Code        anon$$obj.o


    Execution Region FAST_CALL_SEG (Exec base: 0x00025e00, Load base: 0x00025e00, Size: 0x00000030, Max: 0xffffffff, ABSOLUTE, FIXED)

    Exec Addr    Load Addr    Size         Type   Attr      Idx    E Section Name        Object

    0x00025e00   0x00025e00   0x00000010   Code   RO           82    sys_fiq_entry       intc.o
    0x00025e10   0x00025e10   0x00000010   PAD
    0x00025e20   0x00025e20   0x00000010   Code   RO           83    sys_irq_entry       intc.o


    Execution Region ROM (Exec base: 0x00025e30, Load base: 0x00025e30, Size: 0x0000a508, Max: 0xffffffff, ABSOLUTE)

    Exec Addr    Load Addr    Size         Type   Attr      Idx    E Section Name        Object

    0x00025e30   0x00025e30   0x00000008   Code   RO          130  * !!!main             c_5.l(__main.o)
    0x00025e38   0x00025e38   0x0000003c   Code   RO          370    !!!scatter          c_5.l(__scatter.o)
    0x00025e74   0x00025e74   0x00000028   Code   RO          371    !!handler_copy      c_5.l(__scatter_copy.o)
    0x00025e9c   0x00025e9c   0x0000002c   Code   RO          372    !!handler_zi        c_5.l(__scatter_zi.o)
    0x00025ec8   0x00025ec8   0x00000000   Code   RO          189    .ARM.Collect$$_printf_percent$$00000000  c_5.l(_printf_percent.o)
    0x00025ec8   0x00025ec8   0x00000008   Code   RO          178    .ARM.Collect$$_printf_percent$$00000001  c_5.l(_printf_n.o)
    0x00025ed0   0x00025ed0   0x00000008   Code   RO          180    .ARM.Collect$$_printf_percent$$00000002  c_5.l(_printf_p.o)
    0x00025ed8   0x00025ed8   0x00000008   Code   RO          185    .ARM.Collect$$_printf_percent$$00000003  c_5.l(_printf_f.o)
    0x00025ee0   0x00025ee0   0x00000008   Code   RO          186    .ARM.Collect$$_printf_percent$$00000004  c_5.l(_printf_e.o)
    0x00025ee8   0x00025ee8   0x00000008   Code   RO          187    .ARM.Collect$$_printf_percent$$00000005  c_5.l(_printf_g.o)
    0x00025ef0   0x00025ef0   0x00000008   Code   RO          188    .ARM.Collect$$_printf_percent$$00000006  c_5.l(_printf_a.o)
    0x00025ef8   0x00025ef8   0x0000000c   Code   RO          193    .ARM.Collect$$_printf_percent$$00000007  c_5.l(_printf_ll.o)
    0x00025f04   0x00025f04   0x00000008   Code   RO          182    .ARM.Collect$$_printf_percent$$00000008  c_5.l(_printf_i.o)
    0x00025f0c   0x00025f0c   0x00000008   Code   RO          183    .ARM.Collect$$_printf_percent$$00000009  c_5.l(_printf_d.o)
    0x00025f14   0x00025f14   0x00000008   Code   RO          184    .ARM.Collect$$_printf_percent$$0000000A  c_5.l(_printf_u.o)
    0x00025f1c   0x00025f1c   0x00000008   Code   RO          181    .ARM.Collect$$_printf_percent$$0000000B  c_5.l(_printf_o.o)
    0x00025f24   0x00025f24   0x00000008   Code   RO          179    .ARM.Collect$$_printf_percent$$0000000C  c_5.l(_printf_x.o)
    0x00025f2c   0x00025f2c   0x00000008   Code   RO          190    .ARM.Collect$$_printf_percent$$0000000D  c_5.l(_printf_lli.o)
    0x00025f34   0x00025f34   0x00000008   Code   RO          191    .ARM.Collect$$_printf_percent$$0000000E  c_5.l(_printf_lld.o)
    0x00025f3c   0x00025f3c   0x00000008   Code   RO          192    .ARM.Collect$$_printf_percent$$0000000F  c_5.l(_printf_llu.o)
    0x00025f44   0x00025f44   0x00000008   Code   RO          197    .ARM.Collect$$_printf_percent$$00000010  c_5.l(_printf_llo.o)
    0x00025f4c   0x00025f4c   0x00000008   Code   RO          198    .ARM.Collect$$_printf_percent$$00000011  c_5.l(_printf_llx.o)
    0x00025f54   0x00025f54   0x0000000c   Code   RO          194    .ARM.Collect$$_printf_percent$$00000012  c_5.l(_printf_l.o)
    0x00025f60   0x00025f60   0x00000008   Code   RO          176    .ARM.Collect$$_printf_percent$$00000013  c_5.l(_printf_c.o)
    0x00025f68   0x00025f68   0x00000008   Code   RO          177    .ARM.Collect$$_printf_percent$$00000014  c_5.l(_printf_s.o)
    0x00025f70   0x00025f70   0x00000008   Code   RO          195    .ARM.Collect$$_printf_percent$$00000015  c_5.l(_printf_lc.o)
    0x00025f78   0x00025f78   0x00000008   Code   RO          196    .ARM.Collect$$_printf_percent$$00000016  c_5.l(_printf_ls.o)
    0x00025f80   0x00025f80   0x00000008   Code   RO          233    .ARM.Collect$$_printf_percent$$00000017  c_5.l(_printf_percent_end.o)
    0x00025f88   0x00025f88   0x00000002   Code   RO          261    .ARM.Collect$$libinit$$00000000  c_5.l(libinit.o)
    0x00025f8a   0x00025f8a   0x00000000   Code   RO          273    .ARM.Collect$$libinit$$00000002  c_5.l(libinit2.o)
    0x00025f8a   0x00025f8a   0x00000000   Code   RO          275    .ARM.Collect$$libinit$$00000004  c_5.l(libinit2.o)
    0x00025f8a   0x00025f8a   0x00000000   Code   RO          278    .ARM.Collect$$libinit$$0000000A  c_5.l(libinit2.o)
    0x00025f8a   0x00025f8a   0x00000000   Code   RO          280    .ARM.Collect$$libinit$$0000000C  c_5.l(libinit2.o)
    0x00025f8a   0x00025f8a   0x00000000   Code   RO          282    .ARM.Collect$$libinit$$0000000E  c_5.l(libinit2.o)
    0x00025f8a   0x00025f8a   0x00000006   Code   RO          283    .ARM.Collect$$libinit$$0000000F  c_5.l(libinit2.o)
    0x00025f90   0x00025f90   0x00000000   Code   RO          285    .ARM.Collect$$libinit$$00000011  c_5.l(libinit2.o)
    0x00025f90   0x00025f90   0x0000000c   Code   RO          286    .ARM.Collect$$libinit$$00000012  c_5.l(libinit2.o)
    0x00025f9c   0x00025f9c   0x00000000   Code   RO          287    .ARM.Collect$$libinit$$00000013  c_5.l(libinit2.o)
    0x00025f9c   0x00025f9c   0x00000000   Code   RO          289    .ARM.Collect$$libinit$$00000015  c_5.l(libinit2.o)
    0x00025f9c   0x00025f9c   0x0000000a   Code   RO          290    .ARM.Collect$$libinit$$00000016  c_5.l(libinit2.o)
    0x00025fa6   0x00025fa6   0x00000000   Code   RO          291    .ARM.Collect$$libinit$$00000017  c_5.l(libinit2.o)
    0x00025fa6   0x00025fa6   0x00000000   Code   RO          293    .ARM.Collect$$libinit$$00000019  c_5.l(libinit2.o)
    0x00025fa6   0x00025fa6   0x00000000   Code   RO          295    .ARM.Collect$$libinit$$0000001B  c_5.l(libinit2.o)
    0x00025fa6   0x00025fa6   0x00000000   Code   RO          297    .ARM.Collect$$libinit$$0000001D  c_5.l(libinit2.o)
    0x00025fa6   0x00025fa6   0x00000000   Code   RO          299    .ARM.Collect$$libinit$$0000001F  c_5.l(libinit2.o)
    0x00025fa6   0x00025fa6   0x00000000   Code   RO          301    .ARM.Collect$$libinit$$00000021  c_5.l(libinit2.o)
    0x00025fa6   0x00025fa6   0x00000000   Code   RO          303    .ARM.Collect$$libinit$$00000023  c_5.l(libinit2.o)
    0x00025fa6   0x00025fa6   0x00000000   Code   RO          305    .ARM.Collect$$libinit$$00000025  c_5.l(libinit2.o)
    0x00025fa6   0x00025fa6   0x00000000   Code   RO          309    .ARM.Collect$$libinit$$0000002C  c_5.l(libinit2.o)
    0x00025fa6   0x00025fa6   0x00000000   Code   RO          311    .ARM.Collect$$libinit$$0000002E  c_5.l(libinit2.o)
    0x00025fa6   0x00025fa6   0x00000000   Code   RO          313    .ARM.Collect$$libinit$$00000030  c_5.l(libinit2.o)
    0x00025fa6   0x00025fa6   0x00000000   Code   RO          315    .ARM.Collect$$libinit$$00000032  c_5.l(libinit2.o)
    0x00025fa6   0x00025fa6   0x00000002   Code   RO          316    .ARM.Collect$$libinit$$00000033  c_5.l(libinit2.o)
    0x00025fa8   0x00025fa8   0x00000002   Code   RO          332    .ARM.Collect$$libshutdown$$00000000  c_5.l(libshutdown.o)
    0x00025faa   0x00025faa   0x00000000   Code   RO          338    .ARM.Collect$$libshutdown$$00000002  c_5.l(libshutdown2.o)
    0x00025faa   0x00025faa   0x00000000   Code   RO          340    .ARM.Collect$$libshutdown$$00000004  c_5.l(libshutdown2.o)
    0x00025faa   0x00025faa   0x00000000   Code   RO          343    .ARM.Collect$$libshutdown$$00000007  c_5.l(libshutdown2.o)
    0x00025faa   0x00025faa   0x00000000   Code   RO          346    .ARM.Collect$$libshutdown$$0000000A  c_5.l(libshutdown2.o)
    0x00025faa   0x00025faa   0x00000000   Code   RO          348    .ARM.Collect$$libshutdown$$0000000C  c_5.l(libshutdown2.o)
    0x00025faa   0x00025faa   0x00000000   Code   RO          351    .ARM.Collect$$libshutdown$$0000000F  c_5.l(libshutdown2.o)
    0x00025faa   0x00025faa   0x00000002   Code   RO          352    .ARM.Collect$$libshutdown$$00000010  c_5.l(libshutdown2.o)
    0x00025fac   0x00025fac   0x00000000   Code   RO          135    .ARM.Collect$$rtentry$$00000000  c_5.l(__rtentry.o)
    0x00025fac   0x00025fac   0x00000000   Code   RO          207    .ARM.Collect$$rtentry$$00000002  c_5.l(__rtentry2.o)
    0x00025fac   0x00025fac   0x00000004   Code   RO          221    .ARM.Collect$$rtentry$$00000005  c_5.l(__rtentry5.o)
    0x00025fb0   0x00025fb0   0x00000000   Code   RO          209    .ARM.Collect$$rtentry$$00000009  c_5.l(__rtentry2.o)
    0x00025fb0   0x00025fb0   0x00000004   Code   RO          210    .ARM.Collect$$rtentry$$0000000A  c_5.l(__rtentry2.o)
    0x00025fb4   0x00025fb4   0x00000000   Code   RO          212    .ARM.Collect$$rtentry$$0000000C  c_5.l(__rtentry2.o)
    0x00025fb4   0x00025fb4   0x00000028   Code   RO          213    .ARM.Collect$$rtentry$$0000000D  c_5.l(__rtentry2.o)
    0x00025fdc   0x00025fdc   0x00000004   Code   RO          222    .ARM.Collect$$rtentry$$00002716  c_5.l(__rtentry5.o)
    0x00025fe0   0x00025fe0   0x00000004   Code   RO          267    .ARM.Collect$$rtexit$$00000000  c_5.l(rtexit.o)
    0x00025fe4   0x00025fe4   0x00000000   Code   RO          320    .ARM.Collect$$rtexit$$00000002  c_5.l(rtexit2.o)
    0x00025fe4   0x00025fe4   0x00000004   Code   RO          321    .ARM.Collect$$rtexit$$00000003  c_5.l(rtexit2.o)
    0x00025fe8   0x00025fe8   0x00000008   Code   RO          322    .ARM.Collect$$rtexit$$00000004  c_5.l(rtexit2.o)
    0x00025ff0   0x00025ff0   0x00000008   Ven    RO            7    .text               main.o
    0x00025ff8   0x00025ff8   0x00000338   Code   RO            7    .text               main.o
    0x00026330   0x00026330   0x000002e0   Code   RO           15    .text               app.o
    0x00026610   0x00026610   0x000000a4   Code   RO           19    .text               app_batt.o
    0x000266b4   0x000266b4   0x00000114   Code   RO           23    .text               app_dis.o
    0x000267c8   0x000267c8   0x000001b8   Code   RO           26    .text               app_oads.o
    0x00026980   0x00026980   0x00000394   Code   RO           31    .text               app_sec.o
    0x00026d14   0x00026d14   0x000008f8   Code   RO           37    .text               app_task.o
    0x0002760c   0x0002760c   0x00000134   Code   RO           42    .text               rwble.o
    0x00027740   0x00027740   0x00000390   Code   RO           45    .text               rwip.o
    0x00027ad0   0x00027ad0   0x000002fc   Code   RO           49    .text               nvds.o
    0x00027dcc   0x00027dcc   0x0000025c   Code   RO           53    .text               prf.o
    0x00028028   0x00028028   0x00000700   Code   RO           55    .text               flash.o
    0x00028728   0x00028728   0x00000908   Code   RO           58    .text               rf_xvr.o
    0x00029030   0x00029030   0x00000164   Code   RO           61    .text               gpio.o
    0x00029194   0x00029194   0x00000390   Code   RO           63    .text               spi.o
    0x00029524   0x00029524   0x0000029c   Code   RO           66    .text               icu.o
    0x000297c0   0x000297c0   0x00000034   Code   RO           68    .text               wdt.o
    0x000297f4   0x000297f4   0x00000104   Code   RO           71    .text               uart2.o
    0x000298f8   0x000298f8   0x00000248   Code   RO           74    .text               uart.o
    0x00029b40   0x00029b40   0x00000074   Code   RO           79    .text               aon_rtc.o
    0x00029bb4   0x00029bb4   0x000000c0   Code   RO           81    .text               intc.o
    0x00029c74   0x00029c74   0x0000007c   Code   RO           86    .text               dma.o
    0x00029cf0   0x00029cf0   0x00000178   Code   RO           87    .text               diss.o
    0x00029e68   0x00029e68   0x000001f0   Code   RO           89    .text               diss_task.o
    0x0002a058   0x0002a058   0x000007f4   Code   RO           91    .text               oads.o
    0x0002a84c   0x0002a84c   0x0000033c   Code   RO           95    .text               oads_task.o
    0x0002ab88   0x0002ab88   0x00000458   Code   RO           97    .text               w25x40c.o
    0x0002afe0   0x0002afe0   0x00000e08   Code   RO           98    .text               lcd360.o
    0x0002bde8   0x0002bde8   0x00000264   Code   RO          100    .text               app_f000.o
    0x0002c04c   0x0002c04c   0x00000200   Code   RO          105    .text               f000s.o
    0x0002c24c   0x0002c24c   0x00000460   Code   RO          107    .text               f000s_task.o
    0x0002c6ac   0x0002c6ac   0x00000264   Code   RO          109    .text               app_f020.o
    0x0002c910   0x0002c910   0x00000200   Code   RO          114    .text               f020s.o
    0x0002cb10   0x0002cb10   0x00000460   Code   RO          116    .text               f020s_task.o
    0x0002cf70   0x0002cf70   0x00000268   Code   RO          118    .text               app_f030.o
    0x0002d1d8   0x0002d1d8   0x00000218   Code   RO          123    .text               f030s.o
    0x0002d3f0   0x0002d3f0   0x00000498   Code   RO          125    .text               f030s_task.o
    0x0002d888   0x0002d888   0x00000024   Code   RO          129    .text               c_5.l(vsprintf.o)
    0x0002d8ac   0x0002d8ac   0x0000004e   Code   RO          137    .text               c_5.l(_printf_pad.o)
    0x0002d8fa   0x0002d8fa   0x0000002c   Code   RO          138    .text               c_5.l(_printf_truncate.o)
    0x0002d926   0x0002d926   0x00000052   Code   RO          139    .text               c_5.l(_printf_str.o)
    0x0002d978   0x0002d978   0x00000008   Ven    RO          140    .text               c_5.l(_printf_dec.o)
    0x0002d980   0x0002d980   0x0000006c   Code   RO          140    .text               c_5.l(_printf_dec.o)
    0x0002d9ec   0x0002d9ec   0x00000008   Ven    RO          141    .text               c_5.l(_printf_charcount.o)
    0x0002d9f4   0x0002d9f4   0x00000026   Code   RO          141    .text               c_5.l(_printf_charcount.o)
    0x0002da1a   0x0002da1a   0x00000002   PAD
    0x0002da1c   0x0002da1c   0x00000030   Code   RO          142    .text               c_5.l(_printf_char_common.o)
    0x0002da4c   0x0002da4c   0x0000000a   Code   RO          143    .text               c_5.l(_sputc.o)
    0x0002da56   0x0002da56   0x00000002   PAD
    0x0002da58   0x0002da58   0x000000bc   Code   RO          144    .text               c_5.l(_printf_wctomb.o)
    0x0002db14   0x0002db14   0x00000008   Ven    RO          146    .text               c_5.l(_printf_longlong_dec.o)
    0x0002db1c   0x0002db1c   0x00000070   Code   RO          146    .text               c_5.l(_printf_longlong_dec.o)
    0x0002db8c   0x0002db8c   0x00000008   Ven    RO          149    .text               c_5.l(_printf_oct_int_ll.o)
    0x0002db94   0x0002db94   0x00000070   Code   RO          149    .text               c_5.l(_printf_oct_int_ll.o)
    0x0002dc04   0x0002dc04   0x00000008   Ven    RO          162    .text               c_5.l(_printf_hex_int_ll_ptr.o)
    0x0002dc0c   0x0002dc0c   0x00000098   Code   RO          162    .text               c_5.l(_printf_hex_int_ll_ptr.o)
    0x0002dca4   0x0002dca4   0x00000188   Code   RO          174    .text               c_5.l(__printf_flags_ss_wp.o)
    0x0002de2c   0x0002de2c   0x00000098   Code   RO          225    .text               c_5.l(lludiv10.o)
    0x0002dec4   0x0002dec4   0x000000b0   Code   RO          226    .text               c_5.l(_printf_intcommon.o)
    0x0002df74   0x0002df74   0x00000414   Code   RO          227    .text               c_5.l(_printf_fp_dec.o)
    0x0002e388   0x0002e388   0x00000008   Ven    RO          228    .text               c_5.l(_printf_fp_hex.o)
    0x0002e390   0x0002e390   0x000002d8   Code   RO          228    .text               c_5.l(_printf_fp_hex.o)
    0x0002e668   0x0002e668   0x00000008   Ven    RO          231    .text               c_5.l(_printf_char.o)
    0x0002e670   0x0002e670   0x0000002e   Code   RO          231    .text               c_5.l(_printf_char.o)
    0x0002e69e   0x0002e69e   0x00000002   PAD
    0x0002e6a0   0x0002e6a0   0x00000008   Ven    RO          232    .text               c_5.l(_printf_wchar.o)
    0x0002e6a8   0x0002e6a8   0x0000002e   Code   RO          232    .text               c_5.l(_printf_wchar.o)
    0x0002e6d6   0x0002e6d6   0x00000040   Code   RO          234    .text               c_5.l(_wcrtomb.o)
    0x0002e716   0x0002e716   0x00000002   PAD
    0x0002e718   0x0002e718   0x0000002c   Code   RO          235    .text               c_5.l(rtudiv10.o)
    0x0002e744   0x0002e744   0x00000014   Code   RO          237    .text               c_5.l(rt_ctype_table.o)
    0x0002e758   0x0002e758   0x0000000c   Code   RO          240    .text               c_5.l(rt_locale_intlibspace.o)
    0x0002e764   0x0002e764   0x00000088   Code   RO          241    .text               c_5.l(_printf_fp_infnan.o)
    0x0002e7ec   0x0002e7ec   0x000000d8   Code   RO          242    .text               c_5.l(bigflt0.o)
    0x0002e8c4   0x0002e8c4   0x00000010   Code   RO          257    .text               c_5.l(exit.o)
    0x0002e8d4   0x0002e8d4   0x000000f4   Code   RO          271    .text               c_5.l(strcmp.o)
    0x0002e9c8   0x0002e9c8   0x00000004   Code   RO          317    .text               c_5.l(use_no_semi.o)
    0x0002e9cc   0x0002e9cc   0x00000000   Code   RO          318    .text               c_5.l(indicate_semi.o)
    0x0002e9cc   0x0002e9cc   0x0000000c   Code   RO          328    .text               c_5.l(sys_exit.o)
    0x0002e9d8   0x0002e9d8   0x00000038   Code   RO          244    CL$$btod_d2e        c_5.l(btod.o)
    0x0002ea10   0x0002ea10   0x00000054   Code   RO          246    CL$$btod_d2e_denorm_low  c_5.l(btod.o)
    0x0002ea64   0x0002ea64   0x00000068   Code   RO          245    CL$$btod_d2e_norm_op1  c_5.l(btod.o)
    0x0002eacc   0x0002eacc   0x00000348   Code   RO          254    CL$$btod_div_common  c_5.l(btod.o)
    0x0002ee14   0x0002ee14   0x000000f4   Code   RO          251    CL$$btod_e2e        c_5.l(btod.o)
    0x0002ef08   0x0002ef08   0x00000034   Code   RO          248    CL$$btod_ediv       c_5.l(btod.o)
    0x0002ef3c   0x0002ef3c   0x00000034   Code   RO          247    CL$$btod_emul       c_5.l(btod.o)
    0x0002ef70   0x0002ef70   0x00000264   Code   RO          253    CL$$btod_mult_common  c_5.l(btod.o)
    0x0002f1d4   0x0002f1d4   0x00000008   Ven    RO          387    Veneer$$Code        anon$$obj.o
    0x0002f1dc   0x0002f1dc   0x00000008   Ven    RO          388    Veneer$$Code        anon$$obj.o
    0x0002f1e4   0x0002f1e4   0x00000008   Ven    RO          389    Veneer$$Code        anon$$obj.o
    0x0002f1ec   0x0002f1ec   0x00000008   Ven    RO          390    Veneer$$Code        anon$$obj.o
    0x0002f1f4   0x0002f1f4   0x00000008   Ven    RO          391    Veneer$$Code        anon$$obj.o
    0x0002f1fc   0x0002f1fc   0x00000008   Ven    RO          392    Veneer$$Code        anon$$obj.o
    0x0002f204   0x0002f204   0x00000030   Code   RO          263    i.__ARM_fpclassify  m_5s.l(fpclassify.o)
    0x0002f234   0x0002f234   0x0000000e   Code   RO          170    i._is_digit         c_5.l(__printf_wp.o)
    0x0002f242   0x0002f242   0x00000002   PAD
    0x0002f244   0x0002f244   0x00000048   Code   RO          256    locale$$code        c_5.l(lc_numeric_c.o)
    0x0002f28c   0x0002f28c   0x00000048   Code   RO          270    locale$$code        c_5.l(lc_ctype_c.o)
    0x0002f2d4   0x0002f2d4   0x0000002c   Code   RO          131    x$fpl$dfltu         fz_5s.l(dflt_clz.o)
    0x0002f300   0x0002f300   0x00000178   Code   RO          134    x$fpl$dmul          fz_5s.l(dmul.o)
    0x0002f478   0x0002f478   0x000000b8   Code   RO          199    x$fpl$dnaninf       fz_5s.l(dnaninf.o)
    0x0002f530   0x0002f530   0x00000010   Code   RO          200    x$fpl$dretinf       fz_5s.l(dretinf.o)
    0x0002f540   0x0002f540   0x00000008   Code   RO          262    x$fpl$ieeestatus    fz_5s.l(istatus.o)
    0x0002f548   0x0002f548   0x00000004   Code   RO          201    x$fpl$printf1       fz_5s.l(printf1.o)
    0x0002f54c   0x0002f54c   0x00000004   Code   RO          202    x$fpl$printf2       fz_5s.l(printf2.o)
    0x0002f550   0x0002f550   0x00000000   Code   RO          205    x$fpl$usenofp       fz_5s.l(usenofp.o)
    0x0002f550   0x0002f550   0x00000010   Data   RO            9    .constdata          main.o
    0x0002f560   0x0002f560   0x00000037   Data   RO           17    .constdata          app.o
    0x0002f597   0x0002f597   0x00000001   PAD
    0x0002f598   0x0002f598   0x00000020   Data   RO           20    .constdata          app_batt.o
    0x0002f5b8   0x0002f5b8   0x00000008   Data   RO           21    .constdata          app_batt.o
    0x0002f5c0   0x0002f5c0   0x00000008   Data   RO           24    .constdata          app_dis.o
    0x0002f5c8   0x0002f5c8   0x00000008   Data   RO           25    .constdata          app_dis.o
    0x0002f5d0   0x0002f5d0   0x00000030   Data   RO           27    .constdata          app_oads.o
    0x0002f600   0x0002f600   0x00000008   Data   RO           28    .constdata          app_oads.o
    0x0002f608   0x0002f608   0x000000a8   Data   RO           29    .constdata          app_oads.o
    0x0002f6b0   0x0002f6b0   0x00000046   Data   RO           32    .constdata          app_sec.o
    0x0002f6f6   0x0002f6f6   0x00000002   PAD
    0x0002f6f8   0x0002f6f8   0x00000028   Data   RO           33    .constdata          app_sec.o
    0x0002f720   0x0002f720   0x00000008   Data   RO           34    .constdata          app_sec.o
    0x0002f728   0x0002f728   0x00000098   Data   RO           38    .constdata          app_task.o
    0x0002f7c0   0x0002f7c0   0x0000000c   Data   RO           39    .constdata          app_task.o
    0x0002f7cc   0x0002f7cc   0x000000ae   Data   RO           40    .constdata          app_task.o
    0x0002f87a   0x0002f87a   0x0000000a   Data   RO           43    .constdata          rwble.o
    0x0002f884   0x0002f884   0x00000004   Data   RO           51    .constdata          nvds.o
    0x0002f888   0x0002f888   0x0000000f   Data   RO           60    .constdata          rf_xvr.o
    0x0002f897   0x0002f897   0x00000001   PAD
    0x0002f898   0x0002f898   0x000000a8   Data   RO           88    .constdata          diss.o
    0x0002f940   0x0002f940   0x00000018   Data   RO           90    .constdata          diss_task.o
    0x0002f958   0x0002f958   0x0000009e   Data   RO           93    .constdata          oads.o
    0x0002f9f6   0x0002f9f6   0x00000002   PAD
    0x0002f9f8   0x0002f9f8   0x00000062   Data   RO           96    .constdata          oads_task.o
    0x0002fa5a   0x0002fa5a   0x00000002   PAD
    0x0002fa5c   0x0002fa5c   0x00000038   Data   RO          101    .constdata          app_f000.o
    0x0002fa94   0x0002fa94   0x00000008   Data   RO          102    .constdata          app_f000.o
    0x0002fa9c   0x0002fa9c   0x0000004c   Data   RO          103    .constdata          app_f000.o
    0x0002fae8   0x0002fae8   0x00000080   Data   RO          106    .constdata          f000s.o
    0x0002fb68   0x0002fb68   0x000000da   Data   RO          108    .constdata          f000s_task.o
    0x0002fc42   0x0002fc42   0x00000002   PAD
    0x0002fc44   0x0002fc44   0x00000038   Data   RO          110    .constdata          app_f020.o
    0x0002fc7c   0x0002fc7c   0x00000008   Data   RO          111    .constdata          app_f020.o
    0x0002fc84   0x0002fc84   0x0000004c   Data   RO          112    .constdata          app_f020.o
    0x0002fcd0   0x0002fcd0   0x00000080   Data   RO          115    .constdata          f020s.o
    0x0002fd50   0x0002fd50   0x000000da   Data   RO          117    .constdata          f020s_task.o
    0x0002fe2a   0x0002fe2a   0x00000002   PAD
    0x0002fe2c   0x0002fe2c   0x00000038   Data   RO          119    .constdata          app_f030.o
    0x0002fe64   0x0002fe64   0x00000008   Data   RO          120    .constdata          app_f030.o
    0x0002fe6c   0x0002fe6c   0x0000004c   Data   RO          121    .constdata          app_f030.o
    0x0002feb8   0x0002feb8   0x00000080   Data   RO          124    .constdata          f030s.o
    0x0002ff38   0x0002ff38   0x000000da   Data   RO          126    .constdata          f030s_task.o
    0x00030012   0x00030012   0x00000002   PAD
    0x00030014   0x00030014   0x00000008   Data   RO          145    .constdata          c_5.l(_printf_wctomb.o)
    0x0003001c   0x0003001c   0x00000028   Data   RO          163    .constdata          c_5.l(_printf_hex_int_ll_ptr.o)
    0x00030044   0x00030044   0x00000011   Data   RO          175    .constdata          c_5.l(__printf_flags_ss_wp.o)
    0x00030055   0x00030055   0x00000026   Data   RO          229    .constdata          c_5.l(_printf_fp_hex.o)
    0x0003007b   0x0003007b   0x00000001   PAD
    0x0003007c   0x0003007c   0x00000094   Data   RO          243    .constdata          c_5.l(bigflt0.o)
    0x00030110   0x00030110   0x000000ca   Data   RO           35    .conststring        app_sec.o
    0x000301da   0x000301da   0x00000002   PAD
    0x000301dc   0x000301dc   0x00000030   Data   RO          368    Region$$Table       anon$$obj.o
    0x0003020c   0x0003020c   0x0000001c   Data   RO          255    locale$$data        c_5.l(lc_numeric_c.o)
    0x00030228   0x00030228   0x00000110   Data   RO          269    locale$$data        c_5.l(lc_ctype_c.o)


    Execution Region RAM_DATA (Exec base: 0x00400800, Load base: 0x00030338, Size: 0x00000068, Max: 0xffffffff, ABSOLUTE)

    Exec Addr    Load Addr    Size         Type   Attr      Idx    E Section Name        Object

    0x00400800   0x00030338   0x00000002   Data   RW           22    .data               app_batt.o
    0x00400802   0x0003033a   0x00000001   Data   RW           30    .data               app_oads.o
    0x00400803   0x0003033b   0x00000005   Data   RW           36    .data               app_sec.o
    0x00400808   0x00030340   0x00000001   Data   RW           41    .data               app_task.o
    0x00400809   0x00030341   0x00000003   PAD
    0x0040080c   0x00030344   0x00000004   Data   RW           44    .data               rwble.o
    0x00400810   0x00030348   0x00000001   Data   RW           47    .data               rwip.o
    0x00400811   0x00030349   0x00000003   PAD
    0x00400814   0x0003034c   0x0000000c   Data   RW           57    .data               flash.o
    0x00400820   0x00030358   0x00000004   Data   RW           62    .data               gpio.o
    0x00400824   0x0003035c   0x00000001   Data   RW           65    .data               spi.o
    0x00400825   0x0003035d   0x00000005   Data   RW           67    .data               icu.o
    0x0040082a   0x00030362   0x00000002   PAD
    0x0040082c   0x00030364   0x00000008   Data   RW           73    .data               uart2.o
    0x00400834   0x0003036c   0x0000000c   Data   RW           78    .data               uart.o
    0x00400840   0x00030378   0x00000004   Data   RW           80    .data               aon_rtc.o
    0x00400844   0x0003037c   0x00000010   Data   RW           94    .data               oads.o
    0x00400854   0x0003038c   0x00000008   Data   RW           99    .data               lcd360.o
    0x0040085c   0x00030394   0x00000003   Data   RW          104    .data               app_f000.o
    0x0040085f   0x00030397   0x00000003   Data   RW          113    .data               app_f020.o
    0x00400862   0x0003039a   0x00000003   Data   RW          122    .data               app_f030.o


    Execution Region RAM_BSS (Exec base: 0x00400868, Load base: 0x000303a0, Size: 0x00003a88, Max: 0xffffffff, ABSOLUTE)

    Exec Addr    Load Addr    Size         Type   Attr      Idx    E Section Name        Object

    0x00400868        -       0x00001000   Zero   RW            8    .bss                main.o
    0x00401868        -       0x0000002e   Zero   RW           16    .bss                app.o
    0x00401896   0x000303a0   0x00000002   PAD
    0x00401898        -       0x00002604   Zero   RW           46    .bss                rwip.o
    0x00403e9c        -       0x00000018   Zero   RW           50    .bss                nvds.o
    0x00403eb4        -       0x000000c8   Zero   RW           54    .bss                prf.o
    0x00403f7c        -       0x00000080   Zero   RW           59    .bss                rf_xvr.o
    0x00403ffc        -       0x0000000c   Zero   RW           64    .bss                spi.o
    0x00404008        -       0x00000100   Zero   RW           72    .bss                uart2.o
    0x00404108        -       0x000000c8   Zero   RW           75    .bss                uart.o
    0x004041d0        -       0x000000c0   Zero   RW           92    .bss                oads.o
    0x00404290        -       0x00000060   Zero   RW          265    .bss                c_5.l(libspace.o)


    Execution Region RAM_STACK_UNUSED (Exec base: 0x0040f2cc, Load base: 0x000303a0, Size: 0x00000060, Max: 0x00000060, ABSOLUTE)

    Exec Addr    Load Addr    Size         Type   Attr      Idx    E Section Name        Object

    0x0040f2cc        -       0x00000060   Zero   RW            1    RAM_STACK_UNUSED.bss  anon$$obj.o


    Execution Region RAM_STACK_SVC (Exec base: 0x0040f32c, Load base: 0x000303a0, Size: 0x000006f0, Max: 0x000006f0, ABSOLUTE)

    Exec Addr    Load Addr    Size         Type   Attr      Idx    E Section Name        Object

    0x0040f32c        -       0x000006f0   Zero   RW            2    RAM_STACK_SVC.bss   anon$$obj.o


    Execution Region RAM_STACK_IRQ (Exec base: 0x0040fa1c, Load base: 0x000303a0, Size: 0x000003f0, Max: 0x000003f0, ABSOLUTE)

    Exec Addr    Load Addr    Size         Type   Attr      Idx    E Section Name        Object

    0x0040fa1c        -       0x000003f0   Zero   RW            3    RAM_STACK_IRQ.bss   anon$$obj.o


    Execution Region RAM_STACK_FIQ (Exec base: 0x0040fe0c, Load base: 0x000303a0, Size: 0x000001f0, Max: 0x000001f0, ABSOLUTE)

    Exec Addr    Load Addr    Size         Type   Attr      Idx    E Section Name        Object

    0x0040fe0c        -       0x000001f0   Zero   RW            4    RAM_STACK_FIQ.bss   anon$$obj.o


    Execution Region RAM_BSS_1 (Exec base: 0x00812800, Load base: 0x000303a0, Size: 0x00001194, Max: 0xffffffff, ABSOLUTE)

    Exec Addr    Load Addr    Size         Type   Attr      Idx    E Section Name        Object

    0x00812800        -       0x00001194   Zero   RW           48    ke_heap             rwip.o


==============================================================================

Image component sizes


      Code (inc. data)   RO Data    RW Data    ZI Data      Debug   Object Name

       116         28          0          4          0          0   aon_rtc.o
       736        104         55          0         46          0   app.o
       164         14         40          2          0          0   app_batt.o
       276        120         16          0          0          0   app_dis.o
       612        210        140          3          0          0   app_f000.o
       612        210        140          3          0          0   app_f020.o
       616        208        140          3          0          0   app_f030.o
       440        126        224          1          0          0   app_oads.o
       916        238        320          5          0          0   app_sec.o
      2296        822        338          1          0          0   app_task.o
       500         76          0          0          0          0   boot_handlers.o
        92         32          0          0          0          0   boot_vectors.o
       376          8        168          0          0          0   diss.o
       496         14         24          0          0          0   diss_task.o
       124         14          0          0          0          0   dma.o
       512         10        128          0          0          0   f000s.o
      1120        146        218          0          0          0   f000s_task.o
       512         12        128          0          0          0   f020s.o
      1120        146        218          0          0          0   f020s_task.o
       536         22        128          0          0          0   f030s.o
      1176        148        218          0          0          0   f030s_task.o
      1792        166          0         12          0          0   flash.o
       356         14          0          4          0          0   gpio.o
       668         48          0          5          0          0   icu.o
       224          4          0          0          0          0   intc.o
      3592         70          0          8          0          0   lcd360.o
       824        328         16          0       4096          0   main.o
       764         30          4          0         24          0   nvds.o
      2036        540        158         16        192          0   oads.o
       828        154         98          0          0          0   oads_task.o
       604         24          0          0        200          0   prf.o
      2312        874         15          0        128          0   rf_xvr.o
       308        138         10          4          0          0   rwble.o
       912        186          0          1      14232          0   rwip.o
       912        124          0          1         12          0   spi.o
       584         38          0         12        200          0   uart.o
       260         24          0          8        256          0   uart2.o
      1112         92          0          0          0          0   w25x40c.o
        52          6          0          0          0          0   wdt.o

    ----------------------------------------------------------------------
     31600       5612       3008        104      22764          0   Object Totals
        96         44         48          0       3376          0   (incl. Generated)
        16          0         16         11          2          0   (incl. Padding)

    ----------------------------------------------------------------------

      Code (inc. data)   RO Data    RW Data    ZI Data      Debug   Library Member Name

         8          0          0          0          0          0   __main.o
       392          6         17          0          0          0   __printf_flags_ss_wp.o
        14          0          0          0          0          0   __printf_wp.o
         0          0          0          0          0          0   __rtentry.o
        44          4          0          0          0          0   __rtentry2.o
         8          4          0          0          0          0   __rtentry5.o
        60          8          0          0          0          0   __scatter.o
        40          0          0          0          0          0   __scatter_copy.o
        44          0          0          0          0          0   __scatter_zi.o
         8          0          0          0          0          0   _printf_a.o
         8          0          0          0          0          0   _printf_c.o
        54          0          0          0          0          0   _printf_char.o
        48          6          0          0          0          0   _printf_char_common.o
        46          0          0          0          0          0   _printf_charcount.o
         8          0          0          0          0          0   _printf_d.o
       116         18          0          0          0          0   _printf_dec.o
         8          0          0          0          0          0   _printf_e.o
         8          0          0          0          0          0   _printf_f.o
      1044         12          0          0          0          0   _printf_fp_dec.o
       736         10         38          0          0          0   _printf_fp_hex.o
       136         16          0          0          0          0   _printf_fp_infnan.o
         8          0          0          0          0          0   _printf_g.o
       160          4         40          0          0          0   _printf_hex_int_ll_ptr.o
         8          0          0          0          0          0   _printf_i.o
       176          0          0          0          0          0   _printf_intcommon.o
        12          0          0          0          0          0   _printf_l.o
         8          0          0          0          0          0   _printf_lc.o
        12          0          0          0          0          0   _printf_ll.o
         8          0          0          0          0          0   _printf_lld.o
         8          0          0          0          0          0   _printf_lli.o
         8          0          0          0          0          0   _printf_llo.o
         8          0          0          0          0          0   _printf_llu.o
         8          0          0          0          0          0   _printf_llx.o
       120         18          0          0          0          0   _printf_longlong_dec.o
         8          0          0          0          0          0   _printf_ls.o
         8          0          0          0          0          0   _printf_n.o
         8          0          0          0          0          0   _printf_o.o
       120         10          0          0          0          0   _printf_oct_int_ll.o
         8          0          0          0          0          0   _printf_p.o
        78          0          0          0          0          0   _printf_pad.o
         0          0          0          0          0          0   _printf_percent.o
         8          0          0          0          0          0   _printf_percent_end.o
         8          0          0          0          0          0   _printf_s.o
        82          0          0          0          0          0   _printf_str.o
        44          0          0          0          0          0   _printf_truncate.o
         8          0          0          0          0          0   _printf_u.o
        54          0          0          0          0          0   _printf_wchar.o
       188          6          8          0          0          0   _printf_wctomb.o
         8          0          0          0          0          0   _printf_x.o
        10          0          0          0          0          0   _sputc.o
        64          0          0          0          0          0   _wcrtomb.o
       216          6        148          0          0          0   bigflt0.o
      2044        128          0          0          0          0   btod.o
        16          0          0          0          0          0   exit.o
         0          0          0          0          0          0   indicate_semi.o
        72          8        272          0          0          0   lc_ctype_c.o
        72          8         28          0          0          0   lc_numeric_c.o
         2          0          0          0          0          0   libinit.o
        30          0          0          0          0          0   libinit2.o
         2          0          0          0          0          0   libshutdown.o
         2          0          0          0          0          0   libshutdown2.o
         0          0          0          0         96          0   libspace.o
       152          0          0          0          0          0   lludiv10.o
        20          4          0          0          0          0   rt_ctype_table.o
        12          4          0          0          0          0   rt_locale_intlibspace.o
         4          0          0          0          0          0   rtexit.o
        12          0          0          0          0          0   rtexit2.o
        44          0          0          0          0          0   rtudiv10.o
       244          4          0          0          0          0   strcmp.o
        12          4          0          0          0          0   sys_exit.o
         4          0          0          0          0          0   use_no_semi.o
        36          4          0          0          0          0   vsprintf.o
        44          0          0          0          0          0   dflt_clz.o
       376         16          0          0          0          0   dmul.o
       184          0          0          0          0          0   dnaninf.o
        16          0          0          0          0          0   dretinf.o
         8          0          0          0          0          0   istatus.o
         4          0          0          0          0          0   printf1.o
         4          0          0          0          0          0   printf2.o
         0          0          0          0          0          0   usenofp.o
        48          4          0          0          0          0   fpclassify.o

    ----------------------------------------------------------------------
      7768        312        552          0         96          0   Library Totals
        10          0          1          0          0          0   (incl. Padding)

    ----------------------------------------------------------------------

      Code (inc. data)   RO Data    RW Data    ZI Data      Debug   Library Name

      7074        292        551          0         96          0   c_5.l
       636         16          0          0          0          0   fz_5s.l
        48          4          0          0          0          0   m_5s.l

    ----------------------------------------------------------------------
      7768        312        552          0         96          0   Library Totals

    ----------------------------------------------------------------------

==============================================================================


      Code (inc. data)   RO Data    RW Data    ZI Data      Debug   

     39368       5924       3560        104      22860          0   Grand Totals
     39368       5924       3560        104      22860          0   ELF Image Totals
     39368       5924       3560        104          0          0   ROM Totals

==============================================================================

    Total RO  Size (Code + RO Data)                42928 (  41.92kB)
    Total RW  Size (RW Data + ZI Data)             22964 (  22.43kB)
    Total ROM Size (Code + RO Data + RW Data)      43032 (  42.02kB)

==============================================================================

