<!doctype html public "-//w3c//dtd html 4.0 transitional//en">
<html><head>
<title>Static Call Graph - [.\obj\bk3633_app.axf]</title></head>
<body><HR>
<H1>Static Call Graph for image .\obj\bk3633_app.axf</H1><HR>
<BR><P>#&#060CALLGRAPH&#062# ARM Linker, 5060750: Last Updated: Sun Feb 21 16:19:17 2021
<BR><P>
<H3>Maximum Stack Usage =          0 bytes + Unknown(Untraceable Function Pointers)</H3><H3>
Call chain for Maximum Stack Depth:</H3>

<P>
<H3>
Function Pointers
</H3><UL>
 <LI><a href="#[7]">DataAbort</a> from boot_vectors.o(SYS_BOOT) referenced from boot_vectors.o(SYS_BOOT)
 <LI><a href="#[a]">FIQ_Handler</a> from boot_vectors.o(SYS_BOOT) referenced from boot_vectors.o(SYS_BOOT)
 <LI><a href="#[9]">IRQ_Handler</a> from boot_vectors.o(SYS_BOOT) referenced from boot_vectors.o(SYS_BOOT)
 <LI><a href="#[6]">PrefetchAbort</a> from boot_vectors.o(SYS_BOOT) referenced from boot_vectors.o(SYS_BOOT)
 <LI><a href="#[5]">SoftwareInterrupt</a> from boot_vectors.o(SYS_BOOT) referenced from boot_vectors.o(SYS_BOOT)
 <LI><a href="#[4]">Undefined</a> from boot_vectors.o(SYS_BOOT) referenced from boot_vectors.o(SYS_BOOT)
 <LI><a href="#[28]">_get_lc_ctype</a> from lc_ctype_c.o(locale$$code) referenced from rt_ctype_table.o(.text)
 <LI><a href="#[27]">_printf_input_char</a> from _printf_char_common.o(.text) referenced from _printf_char_common.o(.text)
 <LI><a href="#[26]">_sputc</a> from _sputc.o(.text) referenced from vsprintf.o(.text)
 <LI><a href="#[69]">ancsc_cleanup</a> from ancsc.o(.text) referenced from ancsc.o(.constdata)
 <LI><a href="#[68]">ancsc_create</a> from ancsc.o(.text) referenced from ancsc.o(.constdata)
 <LI><a href="#[6f]">ancsc_data_src_ntf_cfg_req_handler</a> from ancsc_task.o(.text) referenced from ancsc_task.o(.constdata)
 <LI><a href="#[67]">ancsc_destroy</a> from ancsc.o(.text) referenced from ancsc.o(.constdata)
 <LI><a href="#[6b]">ancsc_enable_req_handler</a> from ancsc_task.o(.text) referenced from ancsc_task.o(.constdata)
 <LI><a href="#[66]">ancsc_init</a> from ancsc.o(.text) referenced from ancsc.o(.constdata)
 <LI><a href="#[6a]">ancsc_msg_default_handler</a> from ancsc_task.o(.text) referenced from ancsc_task.o(.constdata)
 <LI><a href="#[6e]">ancsc_ntf_src_ntf_cfg_req_handler</a> from ancsc_task.o(.text) referenced from ancsc_task.o(.constdata)
 <LI><a href="#[70]">ancsc_wr_cntl_point_req_handler</a> from ancsc_task.o(.text) referenced from ancsc_task.o(.constdata)
 <LI><a href="#[52]">app_ancs_req_handler</a> from app_task.o(.text) referenced from app_task.o(.constdata)
 <LI><a href="#[30]">app_batt_add_bas</a> from app_batt.o(.text) referenced from app.o(.constdata)
 <LI><a href="#[32]">app_batt_msg_dflt_handler</a> from app_batt.o(.text) referenced from app_batt.o(.constdata)
 <LI><a href="#[2f]">app_dis_add_dis</a> from app_dis.o(.text) referenced from app.o(.constdata)
 <LI><a href="#[2d]">app_f000_add_f000s</a> from app_f000.o(.text) referenced from app.o(.constdata)
 <LI><a href="#[7c]">app_f000_msg_dflt_handler</a> from app_f000.o(.text) referenced from app_f000.o(.constdata)
 <LI><a href="#[2e]">app_f020_add_f020s</a> from app_f020.o(.text) referenced from app.o(.constdata)
 <LI><a href="#[8d]">app_f020_msg_dflt_handler</a> from app_f020.o(.text) referenced from app_f020.o(.constdata)
 <LI><a href="#[39]">app_ffc1_writer_req_handler</a> from app_oads.o(.text) referenced from app_oads.o(.constdata)
 <LI><a href="#[3b]">app_ffc2_writer_req_handler</a> from app_oads.o(.text) referenced from app_oads.o(.constdata)
 <LI><a href="#[54]">app_mtu_exchange_req_handler</a> from app_task.o(.text) referenced from app_task.o(.constdata)
 <LI><a href="#[31]">app_oad_add_oads</a> from app_oads.o(.text) referenced from app.o(.constdata)
 <LI><a href="#[37]">app_oads_msg_dflt_handler</a> from app_oads.o(.text) referenced from app_oads.o(.constdata)
 <LI><a href="#[53]">app_period_timer_handler</a> from app_task.o(.text) referenced from app_task.o(.constdata)
 <LI><a href="#[3d]">app_sec_msg_dflt_handler</a> from app_sec.o(.text) referenced from app_sec.o(.constdata)
 <LI><a href="#[51]">app_send_security_req_handler</a> from app_task.o(.text) referenced from app_task.o(.constdata)
 <LI><a href="#[50]">app_update_conn_param_req_ind_handler</a> from app_task.o(.text) referenced from app_task.o(.constdata)
 <LI><a href="#[42]">appm_msg_handler</a> from app_task.o(.text) referenced from app_task.o(.constdata)
 <LI><a href="#[34]">bass_batt_level_ntf_cfg_ind_handler</a> from app_batt.o(.text) referenced from app_batt.o(.constdata)
 <LI><a href="#[61]">bass_batt_level_upd_req_handler</a> from bass_task.o(.text) referenced from bass_task.o(.constdata)
 <LI><a href="#[5f]">bass_cleanup</a> from bass.o(.text) referenced from bass.o(.constdata)
 <LI><a href="#[5e]">bass_create</a> from bass.o(.text) referenced from bass.o(.constdata)
 <LI><a href="#[5d]">bass_destroy</a> from bass.o(.text) referenced from bass.o(.constdata)
 <LI><a href="#[60]">bass_enable_req_handler</a> from bass_task.o(.text) referenced from bass_task.o(.constdata)
 <LI><a href="#[33]">bass_enable_rsp_handler</a> from app_batt.o(.text) referenced from app_batt.o(.constdata)
 <LI><a href="#[5c]">bass_init</a> from bass.o(.text) referenced from bass.o(.constdata)
 <LI><a href="#[35]">batt_level_upd_handler</a> from app_batt.o(.text) referenced from app_batt.o(.constdata)
 <LI><a href="#[58]">diss_cleanup</a> from diss.o(.text) referenced from diss.o(.constdata)
 <LI><a href="#[57]">diss_create</a> from diss.o(.text) referenced from diss.o(.constdata)
 <LI><a href="#[56]">diss_destroy</a> from diss.o(.text) referenced from diss.o(.constdata)
 <LI><a href="#[55]">diss_init</a> from diss.o(.text) referenced from diss.o(.constdata)
 <LI><a href="#[59]">diss_set_value_req_handler</a> from diss_task.o(.text) referenced from diss_task.o(.constdata)
 <LI><a href="#[5b]">diss_value_cfm_handler</a> from diss_task.o(.text) referenced from diss_task.o(.constdata)
 <LI><a href="#[36]">diss_value_req_ind_handler</a> from app_dis.o(.text) referenced from app_dis.o(.constdata)
 <LI><a href="#[86]">f000s_cleanup</a> from f000s.o(.text) referenced from f000s.o(.constdata)
 <LI><a href="#[85]">f000s_create</a> from f000s.o(.text) referenced from f000s.o(.constdata)
 <LI><a href="#[84]">f000s_destroy</a> from f000s.o(.text) referenced from f000s.o(.constdata)
 <LI><a href="#[7d]">f000s_f004_val_ntf_cfg_ind_handler</a> from app_f000.o(.text) referenced from app_f000.o(.constdata)
 <LI><a href="#[87]">f000s_f004_val_upd_req_handler</a> from f000s_task.o(.text) referenced from f000s_task.o(.constdata)
 <LI><a href="#[7e]">f000s_f005_val_ind_cfg_ind_handler</a> from app_f000.o(.text) referenced from app_f000.o(.constdata)
 <LI><a href="#[88]">f000s_f005_val_upd_req_handler</a> from f000s_task.o(.text) referenced from f000s_task.o(.constdata)
 <LI><a href="#[83]">f000s_init</a> from f000s.o(.text) referenced from f000s.o(.constdata)
 <LI><a href="#[81]">f002_writer_cmd_handler</a> from app_f000.o(.text) referenced from app_f000.o(.constdata)
 <LI><a href="#[82]">f003_writer_req_handler</a> from app_f000.o(.text) referenced from app_f000.o(.constdata)
 <LI><a href="#[7f]">f004_val_upd_rsp_handler</a> from app_f000.o(.text) referenced from app_f000.o(.constdata)
 <LI><a href="#[80]">f005_val_upd_rsp_handler</a> from app_f000.o(.text) referenced from app_f000.o(.constdata)
 <LI><a href="#[97]">f020s_cleanup</a> from f020s.o(.text) referenced from f020s.o(.constdata)
 <LI><a href="#[96]">f020s_create</a> from f020s.o(.text) referenced from f020s.o(.constdata)
 <LI><a href="#[95]">f020s_destroy</a> from f020s.o(.text) referenced from f020s.o(.constdata)
 <LI><a href="#[8e]">f020s_f024_val_ntf_cfg_ind_handler</a> from app_f020.o(.text) referenced from app_f020.o(.constdata)
 <LI><a href="#[98]">f020s_f024_val_upd_req_handler</a> from f020s_task.o(.text) referenced from f020s_task.o(.constdata)
 <LI><a href="#[8f]">f020s_f025_val_ind_cfg_ind_handler</a> from app_f020.o(.text) referenced from app_f020.o(.constdata)
 <LI><a href="#[99]">f020s_f025_val_upd_req_handler</a> from f020s_task.o(.text) referenced from f020s_task.o(.constdata)
 <LI><a href="#[94]">f020s_init</a> from f020s.o(.text) referenced from f020s.o(.constdata)
 <LI><a href="#[92]">f022_writer_cmd_handler</a> from app_f020.o(.text) referenced from app_f020.o(.constdata)
 <LI><a href="#[93]">f023_writer_req_handler</a> from app_f020.o(.text) referenced from app_f020.o(.constdata)
 <LI><a href="#[90]">f024_val_upd_rsp_handler</a> from app_f020.o(.text) referenced from app_f020.o(.constdata)
 <LI><a href="#[91]">f025_val_upd_rsp_handler</a> from app_f020.o(.text) referenced from app_f020.o(.constdata)
 <LI><a href="#[24]">flash_read_complete_cb</a> from w25x40c.o(.text) referenced from w25x40c.o(.text)
 <LI><a href="#[3f]">gapc_bond_ind_handler</a> from app_sec.o(.text) referenced from app_sec.o(.constdata)
 <LI><a href="#[3e]">gapc_bond_req_ind_handler</a> from app_sec.o(.text) referenced from app_sec.o(.constdata)
 <LI><a href="#[4c]">gapc_cmp_evt_handler</a> from app_task.o(.text) referenced from app_task.o(.constdata)
 <LI><a href="#[4a]">gapc_connection_req_ind_handler</a> from app_task.o(.text) referenced from app_task.o(.constdata)
 <LI><a href="#[4d]">gapc_disconnect_ind_handler</a> from app_task.o(.text) referenced from app_task.o(.constdata)
 <LI><a href="#[41]">gapc_encrypt_ind_handler</a> from app_sec.o(.text) referenced from app_sec.o(.constdata)
 <LI><a href="#[40]">gapc_encrypt_req_ind_handler</a> from app_sec.o(.text) referenced from app_sec.o(.constdata)
 <LI><a href="#[48]">gapc_get_dev_info_req_ind_handler</a> from app_task.o(.text) referenced from app_task.o(.constdata)
 <LI><a href="#[4b]">gapc_param_update_req_ind_handler</a> from app_task.o(.text) referenced from app_task.o(.constdata)
 <LI><a href="#[4e]">gapc_param_updated_ind_handler</a> from app_task.o(.text) referenced from app_task.o(.constdata)
 <LI><a href="#[49]">gapc_set_dev_info_req_ind_handler</a> from app_task.o(.text) referenced from app_task.o(.constdata)
 <LI><a href="#[44]">gapm_activity_created_ind_handler</a> from app_task.o(.text) referenced from app_task.o(.constdata)
 <LI><a href="#[45]">gapm_activity_stopped_ind_handler</a> from app_task.o(.text) referenced from app_task.o(.constdata)
 <LI><a href="#[46]">gapm_cmp_evt_handler</a> from app_task.o(.text) referenced from app_task.o(.constdata)
 <LI><a href="#[47]">gapm_gen_rand_nb_ind_handler</a> from app_task.o(.text) referenced from app_task.o(.constdata)
 <LI><a href="#[43]">gapm_profile_added_ind_handler</a> from app_task.o(.text) referenced from app_task.o(.constdata)
 <LI><a href="#[62]">gattc_att_info_req_ind_handler</a> from bass_task.o(.text) referenced 3 times from bass_task.o(.constdata)
 <LI><a href="#[65]">gattc_cmp_evt_handler</a> from bass_task.o(.text) referenced 5 times from bass_task.o(.constdata)
 <LI><a href="#[71]">gattc_event_ind_handler</a> from ancsc_task.o(.text) referenced from ancsc_task.o(.constdata)
 <LI><a href="#[4f]">gattc_mtu_changed_ind_handler</a> from app_task.o(.text) referenced from app_task.o(.constdata)
 <LI><a href="#[5a]">gattc_read_req_ind_handler</a> from diss_task.o(.text) referenced 5 times from diss_task.o(.constdata)
 <LI><a href="#[6d]">gattc_sdp_svc_ind_handler</a> from ancsc_task.o(.text) referenced from ancsc_task.o(.constdata)
 <LI><a href="#[63]">gattc_write_req_ind_handler</a> from bass_task.o(.text) referenced 4 times from bass_task.o(.constdata)
 <LI><a href="#[b]">main</a> from main.o(.text) referenced from __rtentry2.o(.ARM.Collect$$rtentry$$0000000D)
 <LI><a href="#[18]">nvds_del</a> from nvds.o(.text) referenced from rwip.o(.text)
 <LI><a href="#[1b]">nvds_erase</a> from nvds.o(.text) referenced from nvds.o(.text)
 <LI><a href="#[16]">nvds_get</a> from nvds.o(.text) referenced from rwip.o(.text)
 <LI><a href="#[17]">nvds_put</a> from nvds.o(.text) referenced from rwip.o(.text)
 <LI><a href="#[19]">nvds_read</a> from nvds.o(.text) referenced from nvds.o(.text)
 <LI><a href="#[1a]">nvds_write</a> from nvds.o(.text) referenced from nvds.o(.text)
 <LI><a href="#[75]">oads_cleanup</a> from oads.o(.text) referenced from oads.o(.constdata)
 <LI><a href="#[74]">oads_create</a> from oads.o(.text) referenced from oads.o(.constdata)
 <LI><a href="#[73]">oads_destroy</a> from oads.o(.text) referenced from oads.o(.constdata)
 <LI><a href="#[76]">oads_enable_req_handler</a> from oads_task.o(.text) referenced from oads_task.o(.constdata)
 <LI><a href="#[38]">oads_enable_rsp_handler</a> from app_oads.o(.text) referenced from app_oads.o(.constdata)
 <LI><a href="#[77]">oads_ffc1_upd_req_handler</a> from oads_task.o(.text) referenced from oads_task.o(.constdata)
 <LI><a href="#[3a]">oads_ffc1_upd_rsp_handler</a> from app_oads.o(.text) referenced from app_oads.o(.constdata)
 <LI><a href="#[78]">oads_ffc2_upd_req_handler</a> from oads_task.o(.text) referenced from oads_task.o(.constdata)
 <LI><a href="#[3c]">oads_ffc2_upd_rsp_handler</a> from app_oads.o(.text) referenced from app_oads.o(.constdata)
 <LI><a href="#[72]">oads_init</a> from oads.o(.text) referenced from oads.o(.constdata)
 <LI><a href="#[13]">platform_reset</a> from main.o(.text) referenced from main.o(.text)
 <LI><a href="#[11]">prf_add_profile</a> from prf.o(.text) referenced from main.o(.text)
 <LI><a href="#[10]">prf_cleanup</a> from prf.o(.text) referenced from main.o(.text)
 <LI><a href="#[f]">prf_create</a> from prf.o(.text) referenced from main.o(.text)
 <LI><a href="#[c]">prf_get_id_from_task</a> from prf.o(.text) referenced from main.o(.text)
 <LI><a href="#[d]">prf_get_task_from_id</a> from prf.o(.text) referenced from main.o(.text)
 <LI><a href="#[e]">prf_init</a> from prf.o(.text) referenced from main.o(.text)
 <LI><a href="#[21]">rf_force_agc_enable</a> from rf_xvr.o(.text) referenced from rf_xvr.o(.text)
 <LI><a href="#[20]">rf_reset</a> from rf_xvr.o(.text) referenced from rf_xvr.o(.text)
 <LI><a href="#[1c]">rf_rpl_reg_rd</a> from rf_xvr.o(.text) referenced from rf_xvr.o(.text)
 <LI><a href="#[1d]">rf_rpl_reg_wr</a> from rf_xvr.o(.text) referenced from rf_xvr.o(.text)
 <LI><a href="#[22]">rf_rssi_convert</a> from rf_xvr.o(.text) referenced from rf_xvr.o(.text)
 <LI><a href="#[1f]">rf_sleep</a> from rf_xvr.o(.text) referenced from rf_xvr.o(.text)
 <LI><a href="#[23]">rf_txpwr_cs_get</a> from rf_xvr.o(.text) referenced from rf_xvr.o(.text)
 <LI><a href="#[1e]">rf_txpwr_dbm_get</a> from rf_xvr.o(.text) referenced from rf_xvr.o(.text)
 <LI><a href="#[14]">rwble_sleep_wakeup_end</a> from rwble.o(.text) referenced from main.o(.text)
 <LI><a href="#[12]">rwip_reset</a> from rwip.o(.text) referenced from main.o(.text)
 <LI><a href="#[25]">spi_result_callback</a> from spi.o(.text) referenced from lcd360.o(.text)
 <LI><a href="#[9e]">sys_Reset</a> from boot_handlers.o(SYS_BOOT) referenced from boot_vectors.o(SYS_BOOT)
 <LI><a href="#[8]">sys_reserved</a> from boot_vectors.o(SYS_BOOT) referenced from boot_vectors.o(SYS_BOOT)
 <LI><a href="#[15]">uart2_printf</a> from uart2.o(.text) referenced from main.o(.text)
 <LI><a href="#[2c]">uart_flow_off</a> from uart.o(.text) referenced from main.o(.constdata)
 <LI><a href="#[2b]">uart_flow_on</a> from uart.o(.text) referenced from main.o(.constdata)
 <LI><a href="#[29]">uart_read</a> from uart.o(.text) referenced from main.o(.constdata)
 <LI><a href="#[2a]">uart_write</a> from uart.o(.text) referenced from main.o(.constdata)
</UL>
<P>
<H3>
Global Symbols
</H3>
<P><STRONG><a name="[219]"></a>Undefined_Exception</STRONG> (Thumb, 0 bytes, Stack size 0 bytes, peripheral_stack_symbol.txt(ABSOLUTE))
<BR><BR>[Called By]<UL><LI><a href="#[4]">&gt;&gt;</a>&nbsp;&nbsp;&nbsp;Undefined (via Veneer)
</UL>

<P><STRONG><a name="[21a]"></a>SoftwareInterrupt_Exception</STRONG> (Thumb, 0 bytes, Stack size 0 bytes, peripheral_stack_symbol.txt(ABSOLUTE))
<BR><BR>[Called By]<UL><LI><a href="#[5]">&gt;&gt;</a>&nbsp;&nbsp;&nbsp;SoftwareInterrupt (via Veneer)
</UL>

<P><STRONG><a name="[21b]"></a>PrefetchAbort_Exception</STRONG> (Thumb, 0 bytes, Stack size 0 bytes, peripheral_stack_symbol.txt(ABSOLUTE))
<BR><BR>[Called By]<UL><LI><a href="#[6]">&gt;&gt;</a>&nbsp;&nbsp;&nbsp;PrefetchAbort (via Veneer)
</UL>

<P><STRONG><a name="[21c]"></a>DataAbort_Exception</STRONG> (Thumb, 0 bytes, Stack size 0 bytes, peripheral_stack_symbol.txt(ABSOLUTE))
<BR><BR>[Called By]<UL><LI><a href="#[7]">&gt;&gt;</a>&nbsp;&nbsp;&nbsp;DataAbort (via Veneer)
</UL>

<P><STRONG><a name="[21d]"></a>Reserved_Exception</STRONG> (Thumb, 0 bytes, Stack size 0 bytes, peripheral_stack_symbol.txt(ABSOLUTE))
<BR><BR>[Called By]<UL><LI><a href="#[8]">&gt;&gt;</a>&nbsp;&nbsp;&nbsp;sys_reserved (via Veneer)
</UL>

<P><STRONG><a name="[13a]"></a>ecc_init</STRONG> (Thumb, 0 bytes, Stack size 0 bytes, peripheral_stack_symbol.txt(ABSOLUTE))
<BR><BR>[Called By]<UL><LI><a href="#[12]">&gt;&gt;</a>&nbsp;&nbsp;&nbsp;rwip_reset
<LI><a href="#[e7]">&gt;&gt;</a>&nbsp;&nbsp;&nbsp;rwip_init
</UL>

<P><STRONG><a name="[13c]"></a>h4tl_init</STRONG> (Thumb, 0 bytes, Stack size 0 bytes, peripheral_stack_symbol.txt(ABSOLUTE))
<BR><BR>[Called By]<UL><LI><a href="#[e7]">&gt;&gt;</a>&nbsp;&nbsp;&nbsp;rwip_init
</UL>

<P><STRONG><a name="[154]"></a>h4tl_stop</STRONG> (Thumb, 0 bytes, Stack size 0 bytes, peripheral_stack_symbol.txt(ABSOLUTE))
<BR><BR>[Called By]<UL><LI><a href="#[f7]">&gt;&gt;</a>&nbsp;&nbsp;&nbsp;rwip_sleep
</UL>

<P><STRONG><a name="[137]"></a>ke_init</STRONG> (Thumb, 0 bytes, Stack size 0 bytes, peripheral_stack_symbol.txt(ABSOLUTE))
<BR><BR>[Called By]<UL><LI><a href="#[e7]">&gt;&gt;</a>&nbsp;&nbsp;&nbsp;rwip_init
</UL>

<P><STRONG><a name="[146]"></a>ke_flush</STRONG> (Thumb, 0 bytes, Stack size 0 bytes, peripheral_stack_symbol.txt(ABSOLUTE))
<BR><BR>[Called By]<UL><LI><a href="#[12]">&gt;&gt;</a>&nbsp;&nbsp;&nbsp;rwip_reset
</UL>

<P><STRONG><a name="[152]"></a>ke_sleep_check</STRONG> (Thumb, 0 bytes, Stack size 0 bytes, peripheral_stack_symbol.txt(ABSOLUTE))
<BR><BR>[Called By]<UL><LI><a href="#[f7]">&gt;&gt;</a>&nbsp;&nbsp;&nbsp;rwip_sleep
</UL>

<P><STRONG><a name="[147]"></a>ke_event_schedule</STRONG> (Thumb, 0 bytes, Stack size 0 bytes, peripheral_stack_symbol.txt(ABSOLUTE))
<BR><BR>[Called By]<UL><LI><a href="#[f0]">&gt;&gt;</a>&nbsp;&nbsp;&nbsp;rwip_schedule
</UL>

<P><STRONG><a name="[138]"></a>ke_mem_init</STRONG> (Thumb, 0 bytes, Stack size 0 bytes, peripheral_stack_symbol.txt(ABSOLUTE))
<BR><BR>[Called By]<UL><LI><a href="#[e7]">&gt;&gt;</a>&nbsp;&nbsp;&nbsp;rwip_init
</UL>

<P><STRONG><a name="[1a3]"></a>ke_malloc</STRONG> (Thumb, 0 bytes, Stack size 0 bytes, peripheral_stack_symbol.txt(ABSOLUTE))
<BR><BR>[Called By]<UL><LI><a href="#[72]">&gt;&gt;</a>&nbsp;&nbsp;&nbsp;oads_init
<LI><a href="#[6b]">&gt;&gt;</a>&nbsp;&nbsp;&nbsp;ancsc_enable_req_handler
<LI><a href="#[66]">&gt;&gt;</a>&nbsp;&nbsp;&nbsp;ancsc_init
<LI><a href="#[5c]">&gt;&gt;</a>&nbsp;&nbsp;&nbsp;bass_init
<LI><a href="#[59]">&gt;&gt;</a>&nbsp;&nbsp;&nbsp;diss_set_value_req_handler
<LI><a href="#[55]">&gt;&gt;</a>&nbsp;&nbsp;&nbsp;diss_init
<LI><a href="#[94]">&gt;&gt;</a>&nbsp;&nbsp;&nbsp;f020s_init
<LI><a href="#[83]">&gt;&gt;</a>&nbsp;&nbsp;&nbsp;f000s_init
</UL>

<P><STRONG><a name="[1a7]"></a>ke_free</STRONG> (Thumb, 0 bytes, Stack size 0 bytes, peripheral_stack_symbol.txt(ABSOLUTE))
<BR><BR>[Called By]<UL><LI><a href="#[73]">&gt;&gt;</a>&nbsp;&nbsp;&nbsp;oads_destroy
<LI><a href="#[6c]">&gt;&gt;</a>&nbsp;&nbsp;&nbsp;gattc_cmp_evt_handler
<LI><a href="#[69]">&gt;&gt;</a>&nbsp;&nbsp;&nbsp;ancsc_cleanup
<LI><a href="#[67]">&gt;&gt;</a>&nbsp;&nbsp;&nbsp;ancsc_destroy
<LI><a href="#[1b3]">&gt;&gt;</a>&nbsp;&nbsp;&nbsp;bass_exe_operation
<LI><a href="#[5d]">&gt;&gt;</a>&nbsp;&nbsp;&nbsp;bass_destroy
<LI><a href="#[5c]">&gt;&gt;</a>&nbsp;&nbsp;&nbsp;bass_init
<LI><a href="#[59]">&gt;&gt;</a>&nbsp;&nbsp;&nbsp;diss_set_value_req_handler
<LI><a href="#[56]">&gt;&gt;</a>&nbsp;&nbsp;&nbsp;diss_destroy
<LI><a href="#[95]">&gt;&gt;</a>&nbsp;&nbsp;&nbsp;f020s_destroy
<LI><a href="#[94]">&gt;&gt;</a>&nbsp;&nbsp;&nbsp;f020s_init
<LI><a href="#[84]">&gt;&gt;</a>&nbsp;&nbsp;&nbsp;f000s_destroy
<LI><a href="#[83]">&gt;&gt;</a>&nbsp;&nbsp;&nbsp;f000s_init
</UL>

<P><STRONG><a name="[105]"></a>ke_msg_alloc</STRONG> (Thumb, 0 bytes, Stack size 0 bytes, peripheral_stack_symbol.txt(ABSOLUTE))
<BR><BR>[Called By]<UL><LI><a href="#[7a]">&gt;&gt;</a>&nbsp;&nbsp;&nbsp;gattc_read_req_ind_handler
<LI><a href="#[79]">&gt;&gt;</a>&nbsp;&nbsp;&nbsp;gattc_write_req_ind_handler
<LI><a href="#[76]">&gt;&gt;</a>&nbsp;&nbsp;&nbsp;oads_enable_req_handler
<LI><a href="#[1c0]">&gt;&gt;</a>&nbsp;&nbsp;&nbsp;oadImgBlockReq
<LI><a href="#[1bf]">&gt;&gt;</a>&nbsp;&nbsp;&nbsp;oadImgIdentifyReq
<LI><a href="#[71]">&gt;&gt;</a>&nbsp;&nbsp;&nbsp;gattc_event_ind_handler
<LI><a href="#[6c]">&gt;&gt;</a>&nbsp;&nbsp;&nbsp;gattc_cmp_evt_handler
<LI><a href="#[6f]">&gt;&gt;</a>&nbsp;&nbsp;&nbsp;ancsc_data_src_ntf_cfg_req_handler
<LI><a href="#[6e]">&gt;&gt;</a>&nbsp;&nbsp;&nbsp;ancsc_ntf_src_ntf_cfg_req_handler
<LI><a href="#[1b7]">&gt;&gt;</a>&nbsp;&nbsp;&nbsp;ancsc_enable_rsp_send
<LI><a href="#[64]">&gt;&gt;</a>&nbsp;&nbsp;&nbsp;gattc_read_req_ind_handler
<LI><a href="#[63]">&gt;&gt;</a>&nbsp;&nbsp;&nbsp;gattc_write_req_ind_handler
<LI><a href="#[62]">&gt;&gt;</a>&nbsp;&nbsp;&nbsp;gattc_att_info_req_ind_handler
<LI><a href="#[61]">&gt;&gt;</a>&nbsp;&nbsp;&nbsp;bass_batt_level_upd_req_handler
<LI><a href="#[60]">&gt;&gt;</a>&nbsp;&nbsp;&nbsp;bass_enable_req_handler
<LI><a href="#[1b3]">&gt;&gt;</a>&nbsp;&nbsp;&nbsp;bass_exe_operation
<LI><a href="#[1b1]">&gt;&gt;</a>&nbsp;&nbsp;&nbsp;bass_notify_batt_lvl
<LI><a href="#[5b]">&gt;&gt;</a>&nbsp;&nbsp;&nbsp;diss_value_cfm_handler
<LI><a href="#[5a]">&gt;&gt;</a>&nbsp;&nbsp;&nbsp;gattc_read_req_ind_handler
<LI><a href="#[59]">&gt;&gt;</a>&nbsp;&nbsp;&nbsp;diss_set_value_req_handler
<LI><a href="#[169]">&gt;&gt;</a>&nbsp;&nbsp;&nbsp;prf_client_att_info_rsp
<LI><a href="#[165]">&gt;&gt;</a>&nbsp;&nbsp;&nbsp;prf_gatt_write
<LI><a href="#[164]">&gt;&gt;</a>&nbsp;&nbsp;&nbsp;prf_disc_svc_send_uuid128
<LI><a href="#[163]">&gt;&gt;</a>&nbsp;&nbsp;&nbsp;prf_disc_svc_send
<LI><a href="#[162]">&gt;&gt;</a>&nbsp;&nbsp;&nbsp;prf_unregister_atthdl2gatt
<LI><a href="#[161]">&gt;&gt;</a>&nbsp;&nbsp;&nbsp;prf_register_atthdl2gatt
<LI><a href="#[15f]">&gt;&gt;</a>&nbsp;&nbsp;&nbsp;prf_read_char_send
<LI><a href="#[12e]">&gt;&gt;</a>&nbsp;&nbsp;&nbsp;app_ancsc_delete_call
<LI><a href="#[124]">&gt;&gt;</a>&nbsp;&nbsp;&nbsp;app_ancs_add_ancsc
<LI><a href="#[12f]">&gt;&gt;</a>&nbsp;&nbsp;&nbsp;app_ancsc_get_incomingcall_number
<LI><a href="#[12b]">&gt;&gt;</a>&nbsp;&nbsp;&nbsp;app_ancsc_get_Socialmsg
<LI><a href="#[127]">&gt;&gt;</a>&nbsp;&nbsp;&nbsp;app_ancsc_enable_ntf_rsp_handler
<LI><a href="#[126]">&gt;&gt;</a>&nbsp;&nbsp;&nbsp;app_ancsc_enable_rsp_handler
<LI><a href="#[122]">&gt;&gt;</a>&nbsp;&nbsp;&nbsp;app_ancsc_enable_prf
<LI><a href="#[54]">&gt;&gt;</a>&nbsp;&nbsp;&nbsp;app_mtu_exchange_req_handler
<LI><a href="#[4b]">&gt;&gt;</a>&nbsp;&nbsp;&nbsp;gapc_param_update_req_ind_handler
<LI><a href="#[4a]">&gt;&gt;</a>&nbsp;&nbsp;&nbsp;gapc_connection_req_ind_handler
<LI><a href="#[49]">&gt;&gt;</a>&nbsp;&nbsp;&nbsp;gapc_set_dev_info_req_ind_handler
<LI><a href="#[48]">&gt;&gt;</a>&nbsp;&nbsp;&nbsp;gapc_get_dev_info_req_ind_handler
<LI><a href="#[46]">&gt;&gt;</a>&nbsp;&nbsp;&nbsp;gapm_cmp_evt_handler
<LI><a href="#[117]">&gt;&gt;</a>&nbsp;&nbsp;&nbsp;app_sec_send_security_req
<LI><a href="#[40]">&gt;&gt;</a>&nbsp;&nbsp;&nbsp;gapc_encrypt_req_ind_handler
<LI><a href="#[3e]">&gt;&gt;</a>&nbsp;&nbsp;&nbsp;gapc_bond_req_ind_handler
<LI><a href="#[115]">&gt;&gt;</a>&nbsp;&nbsp;&nbsp;app_ffc2_ntf_req
<LI><a href="#[114]">&gt;&gt;</a>&nbsp;&nbsp;&nbsp;app_ffc1_ntf_req
<LI><a href="#[112]">&gt;&gt;</a>&nbsp;&nbsp;&nbsp;app_oads_enable_prf
<LI><a href="#[36]">&gt;&gt;</a>&nbsp;&nbsp;&nbsp;diss_value_req_ind_handler
<LI><a href="#[111]">&gt;&gt;</a>&nbsp;&nbsp;&nbsp;app_batt_send_lvl
<LI><a href="#[110]">&gt;&gt;</a>&nbsp;&nbsp;&nbsp;app_batt_enable_prf
<LI><a href="#[31]">&gt;&gt;</a>&nbsp;&nbsp;&nbsp;app_oad_add_oads
<LI><a href="#[2e]">&gt;&gt;</a>&nbsp;&nbsp;&nbsp;app_f020_add_f020s
<LI><a href="#[2d]">&gt;&gt;</a>&nbsp;&nbsp;&nbsp;app_f000_add_f000s
<LI><a href="#[2f]">&gt;&gt;</a>&nbsp;&nbsp;&nbsp;app_dis_add_dis
<LI><a href="#[30]">&gt;&gt;</a>&nbsp;&nbsp;&nbsp;app_batt_add_bas
<LI><a href="#[10d]">&gt;&gt;</a>&nbsp;&nbsp;&nbsp;appm_update_param
<LI><a href="#[10a]">&gt;&gt;</a>&nbsp;&nbsp;&nbsp;appm_adv_fsm_next
<LI><a href="#[109]">&gt;&gt;</a>&nbsp;&nbsp;&nbsp;appm_delete_advertising
<LI><a href="#[108]">&gt;&gt;</a>&nbsp;&nbsp;&nbsp;appm_disconnect
<LI><a href="#[fd]">&gt;&gt;</a>&nbsp;&nbsp;&nbsp;appm_init
<LI><a href="#[10c]">&gt;&gt;</a>&nbsp;&nbsp;&nbsp;appm_set_adv_data
<LI><a href="#[9d]">&gt;&gt;</a>&nbsp;&nbsp;&nbsp;gattc_cmp_evt_handler
<LI><a href="#[9c]">&gt;&gt;</a>&nbsp;&nbsp;&nbsp;gattc_read_req_ind_handler
<LI><a href="#[9b]">&gt;&gt;</a>&nbsp;&nbsp;&nbsp;gattc_write_req_ind_handler
<LI><a href="#[9a]">&gt;&gt;</a>&nbsp;&nbsp;&nbsp;gattc_att_info_req_ind_handler
<LI><a href="#[1ed]">&gt;&gt;</a>&nbsp;&nbsp;&nbsp;f020s_indicate_f025_val
<LI><a href="#[1ec]">&gt;&gt;</a>&nbsp;&nbsp;&nbsp;f020s_notify_f024_val
<LI><a href="#[1e9]">&gt;&gt;</a>&nbsp;&nbsp;&nbsp;app_f025_send_ind
<LI><a href="#[1e8]">&gt;&gt;</a>&nbsp;&nbsp;&nbsp;app_f024_send_ntf
<LI><a href="#[8c]">&gt;&gt;</a>&nbsp;&nbsp;&nbsp;gattc_cmp_evt_handler
<LI><a href="#[8b]">&gt;&gt;</a>&nbsp;&nbsp;&nbsp;gattc_read_req_ind_handler
<LI><a href="#[8a]">&gt;&gt;</a>&nbsp;&nbsp;&nbsp;gattc_write_req_ind_handler
<LI><a href="#[89]">&gt;&gt;</a>&nbsp;&nbsp;&nbsp;gattc_att_info_req_ind_handler
<LI><a href="#[1e5]">&gt;&gt;</a>&nbsp;&nbsp;&nbsp;f000s_indicate_f005_val
<LI><a href="#[1e4]">&gt;&gt;</a>&nbsp;&nbsp;&nbsp;f000s_notify_f004_val
<LI><a href="#[1e1]">&gt;&gt;</a>&nbsp;&nbsp;&nbsp;app_f005_send_ind
<LI><a href="#[1e0]">&gt;&gt;</a>&nbsp;&nbsp;&nbsp;app_f004_send_ntf
</UL>

<P><STRONG><a name="[106]"></a>ke_msg_send</STRONG> (Thumb, 0 bytes, Stack size 0 bytes, peripheral_stack_symbol.txt(ABSOLUTE))
<BR><BR>[Called By]<UL><LI><a href="#[7a]">&gt;&gt;</a>&nbsp;&nbsp;&nbsp;gattc_read_req_ind_handler
<LI><a href="#[79]">&gt;&gt;</a>&nbsp;&nbsp;&nbsp;gattc_write_req_ind_handler
<LI><a href="#[76]">&gt;&gt;</a>&nbsp;&nbsp;&nbsp;oads_enable_req_handler
<LI><a href="#[1c0]">&gt;&gt;</a>&nbsp;&nbsp;&nbsp;oadImgBlockReq
<LI><a href="#[1bf]">&gt;&gt;</a>&nbsp;&nbsp;&nbsp;oadImgIdentifyReq
<LI><a href="#[71]">&gt;&gt;</a>&nbsp;&nbsp;&nbsp;gattc_event_ind_handler
<LI><a href="#[6c]">&gt;&gt;</a>&nbsp;&nbsp;&nbsp;gattc_cmp_evt_handler
<LI><a href="#[6f]">&gt;&gt;</a>&nbsp;&nbsp;&nbsp;ancsc_data_src_ntf_cfg_req_handler
<LI><a href="#[6e]">&gt;&gt;</a>&nbsp;&nbsp;&nbsp;ancsc_ntf_src_ntf_cfg_req_handler
<LI><a href="#[1b7]">&gt;&gt;</a>&nbsp;&nbsp;&nbsp;ancsc_enable_rsp_send
<LI><a href="#[64]">&gt;&gt;</a>&nbsp;&nbsp;&nbsp;gattc_read_req_ind_handler
<LI><a href="#[63]">&gt;&gt;</a>&nbsp;&nbsp;&nbsp;gattc_write_req_ind_handler
<LI><a href="#[62]">&gt;&gt;</a>&nbsp;&nbsp;&nbsp;gattc_att_info_req_ind_handler
<LI><a href="#[61]">&gt;&gt;</a>&nbsp;&nbsp;&nbsp;bass_batt_level_upd_req_handler
<LI><a href="#[60]">&gt;&gt;</a>&nbsp;&nbsp;&nbsp;bass_enable_req_handler
<LI><a href="#[1b3]">&gt;&gt;</a>&nbsp;&nbsp;&nbsp;bass_exe_operation
<LI><a href="#[1b1]">&gt;&gt;</a>&nbsp;&nbsp;&nbsp;bass_notify_batt_lvl
<LI><a href="#[5b]">&gt;&gt;</a>&nbsp;&nbsp;&nbsp;diss_value_cfm_handler
<LI><a href="#[5a]">&gt;&gt;</a>&nbsp;&nbsp;&nbsp;gattc_read_req_ind_handler
<LI><a href="#[59]">&gt;&gt;</a>&nbsp;&nbsp;&nbsp;diss_set_value_req_handler
<LI><a href="#[169]">&gt;&gt;</a>&nbsp;&nbsp;&nbsp;prf_client_att_info_rsp
<LI><a href="#[165]">&gt;&gt;</a>&nbsp;&nbsp;&nbsp;prf_gatt_write
<LI><a href="#[164]">&gt;&gt;</a>&nbsp;&nbsp;&nbsp;prf_disc_svc_send_uuid128
<LI><a href="#[163]">&gt;&gt;</a>&nbsp;&nbsp;&nbsp;prf_disc_svc_send
<LI><a href="#[162]">&gt;&gt;</a>&nbsp;&nbsp;&nbsp;prf_unregister_atthdl2gatt
<LI><a href="#[161]">&gt;&gt;</a>&nbsp;&nbsp;&nbsp;prf_register_atthdl2gatt
<LI><a href="#[15f]">&gt;&gt;</a>&nbsp;&nbsp;&nbsp;prf_read_char_send
<LI><a href="#[12e]">&gt;&gt;</a>&nbsp;&nbsp;&nbsp;app_ancsc_delete_call
<LI><a href="#[124]">&gt;&gt;</a>&nbsp;&nbsp;&nbsp;app_ancs_add_ancsc
<LI><a href="#[12f]">&gt;&gt;</a>&nbsp;&nbsp;&nbsp;app_ancsc_get_incomingcall_number
<LI><a href="#[12b]">&gt;&gt;</a>&nbsp;&nbsp;&nbsp;app_ancsc_get_Socialmsg
<LI><a href="#[127]">&gt;&gt;</a>&nbsp;&nbsp;&nbsp;app_ancsc_enable_ntf_rsp_handler
<LI><a href="#[126]">&gt;&gt;</a>&nbsp;&nbsp;&nbsp;app_ancsc_enable_rsp_handler
<LI><a href="#[122]">&gt;&gt;</a>&nbsp;&nbsp;&nbsp;app_ancsc_enable_prf
<LI><a href="#[54]">&gt;&gt;</a>&nbsp;&nbsp;&nbsp;app_mtu_exchange_req_handler
<LI><a href="#[4b]">&gt;&gt;</a>&nbsp;&nbsp;&nbsp;gapc_param_update_req_ind_handler
<LI><a href="#[4a]">&gt;&gt;</a>&nbsp;&nbsp;&nbsp;gapc_connection_req_ind_handler
<LI><a href="#[49]">&gt;&gt;</a>&nbsp;&nbsp;&nbsp;gapc_set_dev_info_req_ind_handler
<LI><a href="#[48]">&gt;&gt;</a>&nbsp;&nbsp;&nbsp;gapc_get_dev_info_req_ind_handler
<LI><a href="#[46]">&gt;&gt;</a>&nbsp;&nbsp;&nbsp;gapm_cmp_evt_handler
<LI><a href="#[117]">&gt;&gt;</a>&nbsp;&nbsp;&nbsp;app_sec_send_security_req
<LI><a href="#[40]">&gt;&gt;</a>&nbsp;&nbsp;&nbsp;gapc_encrypt_req_ind_handler
<LI><a href="#[3e]">&gt;&gt;</a>&nbsp;&nbsp;&nbsp;gapc_bond_req_ind_handler
<LI><a href="#[115]">&gt;&gt;</a>&nbsp;&nbsp;&nbsp;app_ffc2_ntf_req
<LI><a href="#[114]">&gt;&gt;</a>&nbsp;&nbsp;&nbsp;app_ffc1_ntf_req
<LI><a href="#[112]">&gt;&gt;</a>&nbsp;&nbsp;&nbsp;app_oads_enable_prf
<LI><a href="#[36]">&gt;&gt;</a>&nbsp;&nbsp;&nbsp;diss_value_req_ind_handler
<LI><a href="#[111]">&gt;&gt;</a>&nbsp;&nbsp;&nbsp;app_batt_send_lvl
<LI><a href="#[110]">&gt;&gt;</a>&nbsp;&nbsp;&nbsp;app_batt_enable_prf
<LI><a href="#[31]">&gt;&gt;</a>&nbsp;&nbsp;&nbsp;app_oad_add_oads
<LI><a href="#[2e]">&gt;&gt;</a>&nbsp;&nbsp;&nbsp;app_f020_add_f020s
<LI><a href="#[2d]">&gt;&gt;</a>&nbsp;&nbsp;&nbsp;app_f000_add_f000s
<LI><a href="#[2f]">&gt;&gt;</a>&nbsp;&nbsp;&nbsp;app_dis_add_dis
<LI><a href="#[30]">&gt;&gt;</a>&nbsp;&nbsp;&nbsp;app_batt_add_bas
<LI><a href="#[10d]">&gt;&gt;</a>&nbsp;&nbsp;&nbsp;appm_update_param
<LI><a href="#[10a]">&gt;&gt;</a>&nbsp;&nbsp;&nbsp;appm_adv_fsm_next
<LI><a href="#[109]">&gt;&gt;</a>&nbsp;&nbsp;&nbsp;appm_delete_advertising
<LI><a href="#[108]">&gt;&gt;</a>&nbsp;&nbsp;&nbsp;appm_disconnect
<LI><a href="#[fd]">&gt;&gt;</a>&nbsp;&nbsp;&nbsp;appm_init
<LI><a href="#[10c]">&gt;&gt;</a>&nbsp;&nbsp;&nbsp;appm_set_adv_data
<LI><a href="#[9d]">&gt;&gt;</a>&nbsp;&nbsp;&nbsp;gattc_cmp_evt_handler
<LI><a href="#[9c]">&gt;&gt;</a>&nbsp;&nbsp;&nbsp;gattc_read_req_ind_handler
<LI><a href="#[9b]">&gt;&gt;</a>&nbsp;&nbsp;&nbsp;gattc_write_req_ind_handler
<LI><a href="#[9a]">&gt;&gt;</a>&nbsp;&nbsp;&nbsp;gattc_att_info_req_ind_handler
<LI><a href="#[1ed]">&gt;&gt;</a>&nbsp;&nbsp;&nbsp;f020s_indicate_f025_val
<LI><a href="#[1ec]">&gt;&gt;</a>&nbsp;&nbsp;&nbsp;f020s_notify_f024_val
<LI><a href="#[1e9]">&gt;&gt;</a>&nbsp;&nbsp;&nbsp;app_f025_send_ind
<LI><a href="#[1e8]">&gt;&gt;</a>&nbsp;&nbsp;&nbsp;app_f024_send_ntf
<LI><a href="#[8c]">&gt;&gt;</a>&nbsp;&nbsp;&nbsp;gattc_cmp_evt_handler
<LI><a href="#[8b]">&gt;&gt;</a>&nbsp;&nbsp;&nbsp;gattc_read_req_ind_handler
<LI><a href="#[8a]">&gt;&gt;</a>&nbsp;&nbsp;&nbsp;gattc_write_req_ind_handler
<LI><a href="#[89]">&gt;&gt;</a>&nbsp;&nbsp;&nbsp;gattc_att_info_req_ind_handler
<LI><a href="#[1e5]">&gt;&gt;</a>&nbsp;&nbsp;&nbsp;f000s_indicate_f005_val
<LI><a href="#[1e4]">&gt;&gt;</a>&nbsp;&nbsp;&nbsp;f000s_notify_f004_val
<LI><a href="#[1e1]">&gt;&gt;</a>&nbsp;&nbsp;&nbsp;app_f005_send_ind
<LI><a href="#[1e0]">&gt;&gt;</a>&nbsp;&nbsp;&nbsp;app_f004_send_ntf
</UL>

<P><STRONG><a name="[ff]"></a>ke_task_create</STRONG> (Thumb, 0 bytes, Stack size 0 bytes, peripheral_stack_symbol.txt(ABSOLUTE))
<BR><BR>[Called By]<UL><LI><a href="#[fd]">&gt;&gt;</a>&nbsp;&nbsp;&nbsp;appm_init
<LI><a href="#[e]">&gt;&gt;</a>&nbsp;&nbsp;&nbsp;prf_init
</UL>

<P><STRONG><a name="[100]"></a>ke_state_set</STRONG> (Thumb, 0 bytes, Stack size 0 bytes, peripheral_stack_symbol.txt(ABSOLUTE))
<BR><BR>[Called By]<UL><LI><a href="#[72]">&gt;&gt;</a>&nbsp;&nbsp;&nbsp;oads_init
<LI><a href="#[6c]">&gt;&gt;</a>&nbsp;&nbsp;&nbsp;gattc_cmp_evt_handler
<LI><a href="#[6f]">&gt;&gt;</a>&nbsp;&nbsp;&nbsp;ancsc_data_src_ntf_cfg_req_handler
<LI><a href="#[6e]">&gt;&gt;</a>&nbsp;&nbsp;&nbsp;ancsc_ntf_src_ntf_cfg_req_handler
<LI><a href="#[6b]">&gt;&gt;</a>&nbsp;&nbsp;&nbsp;ancsc_enable_req_handler
<LI><a href="#[69]">&gt;&gt;</a>&nbsp;&nbsp;&nbsp;ancsc_cleanup
<LI><a href="#[68]">&gt;&gt;</a>&nbsp;&nbsp;&nbsp;ancsc_create
<LI><a href="#[66]">&gt;&gt;</a>&nbsp;&nbsp;&nbsp;ancsc_init
<LI><a href="#[61]">&gt;&gt;</a>&nbsp;&nbsp;&nbsp;bass_batt_level_upd_req_handler
<LI><a href="#[60]">&gt;&gt;</a>&nbsp;&nbsp;&nbsp;bass_enable_req_handler
<LI><a href="#[1b3]">&gt;&gt;</a>&nbsp;&nbsp;&nbsp;bass_exe_operation
<LI><a href="#[5c]">&gt;&gt;</a>&nbsp;&nbsp;&nbsp;bass_init
<LI><a href="#[5b]">&gt;&gt;</a>&nbsp;&nbsp;&nbsp;diss_value_cfm_handler
<LI><a href="#[5a]">&gt;&gt;</a>&nbsp;&nbsp;&nbsp;gattc_read_req_ind_handler
<LI><a href="#[55]">&gt;&gt;</a>&nbsp;&nbsp;&nbsp;diss_init
<LI><a href="#[4d]">&gt;&gt;</a>&nbsp;&nbsp;&nbsp;gapc_disconnect_ind_handler
<LI><a href="#[4a]">&gt;&gt;</a>&nbsp;&nbsp;&nbsp;gapc_connection_req_ind_handler
<LI><a href="#[46]">&gt;&gt;</a>&nbsp;&nbsp;&nbsp;gapm_cmp_evt_handler
<LI><a href="#[fd]">&gt;&gt;</a>&nbsp;&nbsp;&nbsp;appm_init
<LI><a href="#[9d]">&gt;&gt;</a>&nbsp;&nbsp;&nbsp;gattc_cmp_evt_handler
<LI><a href="#[99]">&gt;&gt;</a>&nbsp;&nbsp;&nbsp;f020s_f025_val_upd_req_handler
<LI><a href="#[98]">&gt;&gt;</a>&nbsp;&nbsp;&nbsp;f020s_f024_val_upd_req_handler
<LI><a href="#[94]">&gt;&gt;</a>&nbsp;&nbsp;&nbsp;f020s_init
<LI><a href="#[8c]">&gt;&gt;</a>&nbsp;&nbsp;&nbsp;gattc_cmp_evt_handler
<LI><a href="#[88]">&gt;&gt;</a>&nbsp;&nbsp;&nbsp;f000s_f005_val_upd_req_handler
<LI><a href="#[87]">&gt;&gt;</a>&nbsp;&nbsp;&nbsp;f000s_f004_val_upd_req_handler
<LI><a href="#[83]">&gt;&gt;</a>&nbsp;&nbsp;&nbsp;f000s_init
</UL>

<P><STRONG><a name="[11c]"></a>ke_state_get</STRONG> (Thumb, 0 bytes, Stack size 0 bytes, peripheral_stack_symbol.txt(ABSOLUTE))
<BR><BR>[Called By]<UL><LI><a href="#[7a]">&gt;&gt;</a>&nbsp;&nbsp;&nbsp;gattc_read_req_ind_handler
<LI><a href="#[79]">&gt;&gt;</a>&nbsp;&nbsp;&nbsp;gattc_write_req_ind_handler
<LI><a href="#[76]">&gt;&gt;</a>&nbsp;&nbsp;&nbsp;oads_enable_req_handler
<LI><a href="#[6c]">&gt;&gt;</a>&nbsp;&nbsp;&nbsp;gattc_cmp_evt_handler
<LI><a href="#[6f]">&gt;&gt;</a>&nbsp;&nbsp;&nbsp;ancsc_data_src_ntf_cfg_req_handler
<LI><a href="#[6e]">&gt;&gt;</a>&nbsp;&nbsp;&nbsp;ancsc_ntf_src_ntf_cfg_req_handler
<LI><a href="#[6d]">&gt;&gt;</a>&nbsp;&nbsp;&nbsp;gattc_sdp_svc_ind_handler
<LI><a href="#[6b]">&gt;&gt;</a>&nbsp;&nbsp;&nbsp;ancsc_enable_req_handler
<LI><a href="#[61]">&gt;&gt;</a>&nbsp;&nbsp;&nbsp;bass_batt_level_upd_req_handler
<LI><a href="#[60]">&gt;&gt;</a>&nbsp;&nbsp;&nbsp;bass_enable_req_handler
<LI><a href="#[5b]">&gt;&gt;</a>&nbsp;&nbsp;&nbsp;diss_value_cfm_handler
<LI><a href="#[5a]">&gt;&gt;</a>&nbsp;&nbsp;&nbsp;gattc_read_req_ind_handler
<LI><a href="#[43]">&gt;&gt;</a>&nbsp;&nbsp;&nbsp;gapm_profile_added_ind_handler
<LI><a href="#[9d]">&gt;&gt;</a>&nbsp;&nbsp;&nbsp;gattc_cmp_evt_handler
<LI><a href="#[99]">&gt;&gt;</a>&nbsp;&nbsp;&nbsp;f020s_f025_val_upd_req_handler
<LI><a href="#[98]">&gt;&gt;</a>&nbsp;&nbsp;&nbsp;f020s_f024_val_upd_req_handler
<LI><a href="#[8c]">&gt;&gt;</a>&nbsp;&nbsp;&nbsp;gattc_cmp_evt_handler
<LI><a href="#[88]">&gt;&gt;</a>&nbsp;&nbsp;&nbsp;f000s_f005_val_upd_req_handler
<LI><a href="#[87]">&gt;&gt;</a>&nbsp;&nbsp;&nbsp;f000s_f004_val_upd_req_handler
</UL>

<P><STRONG><a name="[172]"></a>ke_task_msg_flush</STRONG> (Thumb, 0 bytes, Stack size 0 bytes, peripheral_stack_symbol.txt(ABSOLUTE))
<BR><BR>[Called By]<UL><LI><a href="#[e]">&gt;&gt;</a>&nbsp;&nbsp;&nbsp;prf_init
</UL>

<P><STRONG><a name="[120]"></a>ke_timer_set</STRONG> (Thumb, 0 bytes, Stack size 0 bytes, peripheral_stack_symbol.txt(ABSOLUTE))
<BR><BR>[Called By]<UL><LI><a href="#[6c]">&gt;&gt;</a>&nbsp;&nbsp;&nbsp;gattc_cmp_evt_handler
<LI><a href="#[4a]">&gt;&gt;</a>&nbsp;&nbsp;&nbsp;gapc_connection_req_ind_handler
</UL>

<P><STRONG><a name="[118]"></a>ke_timer_clear</STRONG> (Thumb, 0 bytes, Stack size 0 bytes, peripheral_stack_symbol.txt(ABSOLUTE))
<BR><BR>[Called By]<UL><LI><a href="#[4f]">&gt;&gt;</a>&nbsp;&nbsp;&nbsp;gattc_mtu_changed_ind_handler
<LI><a href="#[117]">&gt;&gt;</a>&nbsp;&nbsp;&nbsp;app_sec_send_security_req
</UL>

<P><STRONG><a name="[132]"></a>ble_util_buf_init</STRONG> (Thumb, 0 bytes, Stack size 0 bytes, peripheral_stack_symbol.txt(ABSOLUTE))
<BR><BR>[Called By]<UL><LI><a href="#[130]">&gt;&gt;</a>&nbsp;&nbsp;&nbsp;rwble_init
</UL>

<P><STRONG><a name="[134]"></a>llc_init</STRONG> (Thumb, 0 bytes, Stack size 0 bytes, peripheral_stack_symbol.txt(ABSOLUTE))
<BR><BR>[Called By]<UL><LI><a href="#[130]">&gt;&gt;</a>&nbsp;&nbsp;&nbsp;rwble_init
</UL>

<P><STRONG><a name="[133]"></a>lld_init</STRONG> (Thumb, 0 bytes, Stack size 0 bytes, peripheral_stack_symbol.txt(ABSOLUTE))
<BR><BR>[Called By]<UL><LI><a href="#[130]">&gt;&gt;</a>&nbsp;&nbsp;&nbsp;rwble_init
</UL>

<P><STRONG><a name="[135]"></a>llm_init</STRONG> (Thumb, 0 bytes, Stack size 0 bytes, peripheral_stack_symbol.txt(ABSOLUTE))
<BR><BR>[Called By]<UL><LI><a href="#[130]">&gt;&gt;</a>&nbsp;&nbsp;&nbsp;rwble_init
</UL>

<P><STRONG><a name="[13d]"></a>hci_init</STRONG> (Thumb, 0 bytes, Stack size 0 bytes, peripheral_stack_symbol.txt(ABSOLUTE))
<BR><BR>[Called By]<UL><LI><a href="#[12]">&gt;&gt;</a>&nbsp;&nbsp;&nbsp;rwip_reset
<LI><a href="#[e7]">&gt;&gt;</a>&nbsp;&nbsp;&nbsp;rwip_init
</UL>

<P><STRONG><a name="[143]"></a>sch_alarm_init</STRONG> (Thumb, 0 bytes, Stack size 0 bytes, peripheral_stack_symbol.txt(ABSOLUTE))
<BR><BR>[Called By]<UL><LI><a href="#[12]">&gt;&gt;</a>&nbsp;&nbsp;&nbsp;rwip_reset
<LI><a href="#[e7]">&gt;&gt;</a>&nbsp;&nbsp;&nbsp;rwip_init
</UL>

<P><STRONG><a name="[140]"></a>sch_arb_init</STRONG> (Thumb, 0 bytes, Stack size 0 bytes, peripheral_stack_symbol.txt(ABSOLUTE))
<BR><BR>[Called By]<UL><LI><a href="#[12]">&gt;&gt;</a>&nbsp;&nbsp;&nbsp;rwip_reset
<LI><a href="#[e7]">&gt;&gt;</a>&nbsp;&nbsp;&nbsp;rwip_init
</UL>

<P><STRONG><a name="[142]"></a>sch_plan_init</STRONG> (Thumb, 0 bytes, Stack size 0 bytes, peripheral_stack_symbol.txt(ABSOLUTE))
<BR><BR>[Called By]<UL><LI><a href="#[12]">&gt;&gt;</a>&nbsp;&nbsp;&nbsp;rwip_reset
<LI><a href="#[e7]">&gt;&gt;</a>&nbsp;&nbsp;&nbsp;rwip_init
</UL>

<P><STRONG><a name="[141]"></a>sch_prog_init</STRONG> (Thumb, 0 bytes, Stack size 0 bytes, peripheral_stack_symbol.txt(ABSOLUTE))
<BR><BR>[Called By]<UL><LI><a href="#[12]">&gt;&gt;</a>&nbsp;&nbsp;&nbsp;rwip_reset
<LI><a href="#[e7]">&gt;&gt;</a>&nbsp;&nbsp;&nbsp;rwip_init
</UL>

<P><STRONG><a name="[14c]"></a>sch_prog_fifo_isr</STRONG> (Thumb, 0 bytes, Stack size 0 bytes, peripheral_stack_symbol.txt(ABSOLUTE))
<BR><BR>[Called By]<UL><LI><a href="#[148]">&gt;&gt;</a>&nbsp;&nbsp;&nbsp;rwip_isr
</UL>

<P><STRONG><a name="[144]"></a>sch_slice_init</STRONG> (Thumb, 0 bytes, Stack size 0 bytes, peripheral_stack_symbol.txt(ABSOLUTE))
<BR><BR>[Called By]<UL><LI><a href="#[12]">&gt;&gt;</a>&nbsp;&nbsp;&nbsp;rwip_reset
<LI><a href="#[e7]">&gt;&gt;</a>&nbsp;&nbsp;&nbsp;rwip_init
</UL>

<P><STRONG><a name="[13f]"></a>aes_init</STRONG> (Thumb, 0 bytes, Stack size 0 bytes, peripheral_stack_symbol.txt(ABSOLUTE))
<BR><BR>[Called By]<UL><LI><a href="#[12]">&gt;&gt;</a>&nbsp;&nbsp;&nbsp;rwip_reset
<LI><a href="#[e7]">&gt;&gt;</a>&nbsp;&nbsp;&nbsp;rwip_init
</UL>

<P><STRONG><a name="[1a5]"></a>co_list_init</STRONG> (Thumb, 0 bytes, Stack size 0 bytes, peripheral_stack_symbol.txt(ABSOLUTE))
<BR><BR>[Called By]<UL><LI><a href="#[55]">&gt;&gt;</a>&nbsp;&nbsp;&nbsp;diss_init
<LI><a href="#[94]">&gt;&gt;</a>&nbsp;&nbsp;&nbsp;f020s_init
<LI><a href="#[83]">&gt;&gt;</a>&nbsp;&nbsp;&nbsp;f000s_init
</UL>

<P><STRONG><a name="[1ac]"></a>co_list_push_back</STRONG> (Thumb, 0 bytes, Stack size 0 bytes, peripheral_stack_symbol.txt(ABSOLUTE))
<BR><BR>[Called By]<UL><LI><a href="#[59]">&gt;&gt;</a>&nbsp;&nbsp;&nbsp;diss_set_value_req_handler
</UL>

<P><STRONG><a name="[1a6]"></a>co_list_pop_front</STRONG> (Thumb, 0 bytes, Stack size 0 bytes, peripheral_stack_symbol.txt(ABSOLUTE))
<BR><BR>[Called By]<UL><LI><a href="#[56]">&gt;&gt;</a>&nbsp;&nbsp;&nbsp;diss_destroy
</UL>

<P><STRONG><a name="[1ab]"></a>co_list_extract</STRONG> (Thumb, 0 bytes, Stack size 0 bytes, peripheral_stack_symbol.txt(ABSOLUTE))
<BR><BR>[Called By]<UL><LI><a href="#[59]">&gt;&gt;</a>&nbsp;&nbsp;&nbsp;diss_set_value_req_handler
</UL>

<P><STRONG><a name="[153]"></a>rwip_slot_2_lpcycles</STRONG> (Thumb, 0 bytes, Stack size 0 bytes, peripheral_stack_symbol.txt(ABSOLUTE))
<BR><BR>[Called By]<UL><LI><a href="#[f7]">&gt;&gt;</a>&nbsp;&nbsp;&nbsp;rwip_sleep
</UL>

<P><STRONG><a name="[149]"></a>rwip_timer_hs_handler</STRONG> (Thumb, 0 bytes, Stack size 0 bytes, peripheral_stack_symbol.txt(ABSOLUTE))
<BR><BR>[Called By]<UL><LI><a href="#[148]">&gt;&gt;</a>&nbsp;&nbsp;&nbsp;rwip_isr
</UL>

<P><STRONG><a name="[14a]"></a>rwip_timer_hus_handler</STRONG> (Thumb, 0 bytes, Stack size 0 bytes, peripheral_stack_symbol.txt(ABSOLUTE))
<BR><BR>[Called By]<UL><LI><a href="#[148]">&gt;&gt;</a>&nbsp;&nbsp;&nbsp;rwip_isr
</UL>

<P><STRONG><a name="[14f]"></a>rwip_timer_10ms_handler</STRONG> (Thumb, 0 bytes, Stack size 0 bytes, peripheral_stack_symbol.txt(ABSOLUTE))
<BR><BR>[Called By]<UL><LI><a href="#[148]">&gt;&gt;</a>&nbsp;&nbsp;&nbsp;rwip_isr
</UL>

<P><STRONG><a name="[14e]"></a>rwip_prevent_sleep_clear</STRONG> (Thumb, 0 bytes, Stack size 0 bytes, peripheral_stack_symbol.txt(ABSOLUTE))
<BR><BR>[Called By]<UL><LI><a href="#[148]">&gt;&gt;</a>&nbsp;&nbsp;&nbsp;rwip_isr
</UL>

<P><STRONG><a name="[150]"></a>rwip_crypt_isr_handler</STRONG> (Thumb, 0 bytes, Stack size 0 bytes, peripheral_stack_symbol.txt(ABSOLUTE))
<BR><BR>[Called By]<UL><LI><a href="#[148]">&gt;&gt;</a>&nbsp;&nbsp;&nbsp;rwip_isr
</UL>

<P><STRONG><a name="[151]"></a>rwip_sw_int_handler</STRONG> (Thumb, 0 bytes, Stack size 0 bytes, peripheral_stack_symbol.txt(ABSOLUTE))
<BR><BR>[Called By]<UL><LI><a href="#[148]">&gt;&gt;</a>&nbsp;&nbsp;&nbsp;rwip_isr
</UL>

<P><STRONG><a name="[156]"></a>rwip_prevent_sleep_set</STRONG> (Thumb, 0 bytes, Stack size 0 bytes, peripheral_stack_symbol.txt(ABSOLUTE))
<BR><BR>[Called By]<UL><LI><a href="#[f7]">&gt;&gt;</a>&nbsp;&nbsp;&nbsp;rwip_sleep
</UL>

<P><STRONG><a name="[14d]"></a>rwip_wakeup</STRONG> (Thumb, 0 bytes, Stack size 0 bytes, peripheral_stack_symbol.txt(ABSOLUTE))
<BR><BR>[Called By]<UL><LI><a href="#[148]">&gt;&gt;</a>&nbsp;&nbsp;&nbsp;rwip_isr
</UL>

<P><STRONG><a name="[131]"></a>rwip_time_get</STRONG> (Thumb, 0 bytes, Stack size 0 bytes, peripheral_stack_symbol.txt(ABSOLUTE))
<BR><BR>[Called By]<UL><LI><a href="#[130]">&gt;&gt;</a>&nbsp;&nbsp;&nbsp;rwble_init
<LI><a href="#[f7]">&gt;&gt;</a>&nbsp;&nbsp;&nbsp;rwip_sleep
</UL>

<P><STRONG><a name="[14b]"></a>rwip_wakeup_end</STRONG> (Thumb, 0 bytes, Stack size 0 bytes, peripheral_stack_symbol.txt(ABSOLUTE))
<BR><BR>[Called By]<UL><LI><a href="#[148]">&gt;&gt;</a>&nbsp;&nbsp;&nbsp;rwip_isr
</UL>

<P><STRONG><a name="[145]"></a>rwip_driver_init</STRONG> (Thumb, 0 bytes, Stack size 0 bytes, peripheral_stack_symbol.txt(ABSOLUTE))
<BR><BR>[Called By]<UL><LI><a href="#[12]">&gt;&gt;</a>&nbsp;&nbsp;&nbsp;rwip_reset
<LI><a href="#[e7]">&gt;&gt;</a>&nbsp;&nbsp;&nbsp;rwip_init
</UL>

<P><STRONG><a name="[1b4]"></a>gapc_get_conhdl</STRONG> (Thumb, 0 bytes, Stack size 0 bytes, peripheral_stack_symbol.txt(ABSOLUTE))
<BR><BR>[Called By]<UL><LI><a href="#[76]">&gt;&gt;</a>&nbsp;&nbsp;&nbsp;oads_enable_req_handler
<LI><a href="#[60]">&gt;&gt;</a>&nbsp;&nbsp;&nbsp;bass_enable_req_handler
</UL>

<P><STRONG><a name="[11a]"></a>gapc_get_bdaddr</STRONG> (Thumb, 0 bytes, Stack size 0 bytes, peripheral_stack_symbol.txt(ABSOLUTE))
<BR><BR>[Called By]<UL><LI><a href="#[3f]">&gt;&gt;</a>&nbsp;&nbsp;&nbsp;gapc_bond_ind_handler
</UL>

<P><STRONG><a name="[168]"></a>attm_uuid16_comp</STRONG> (Thumb, 0 bytes, Stack size 0 bytes, peripheral_stack_symbol.txt(ABSOLUTE))
<BR><BR>[Called By]<UL><LI><a href="#[167]">&gt;&gt;</a>&nbsp;&nbsp;&nbsp;prf_extract_svc_info
</UL>

<P><STRONG><a name="[1a2]"></a>attm_svc_create_db</STRONG> (Thumb, 0 bytes, Stack size 0 bytes, peripheral_stack_symbol.txt(ABSOLUTE))
<BR><BR>[Called By]<UL><LI><a href="#[5c]">&gt;&gt;</a>&nbsp;&nbsp;&nbsp;bass_init
<LI><a href="#[55]">&gt;&gt;</a>&nbsp;&nbsp;&nbsp;diss_init
<LI><a href="#[94]">&gt;&gt;</a>&nbsp;&nbsp;&nbsp;f020s_init
<LI><a href="#[83]">&gt;&gt;</a>&nbsp;&nbsp;&nbsp;f000s_init
</UL>

<P><STRONG><a name="[1ba]"></a>attm_svc_create_db128</STRONG> (Thumb, 0 bytes, Stack size 0 bytes, peripheral_stack_symbol.txt(ABSOLUTE))
<BR><BR>[Called By]<UL><LI><a href="#[72]">&gt;&gt;</a>&nbsp;&nbsp;&nbsp;oads_init
</UL>

<P><STRONG><a name="[1ae]"></a>attm_att_set_permission</STRONG> (Thumb, 0 bytes, Stack size 0 bytes, peripheral_stack_symbol.txt(ABSOLUTE))
<BR><BR>[Called By]<UL><LI><a href="#[72]">&gt;&gt;</a>&nbsp;&nbsp;&nbsp;oads_init
<LI><a href="#[5c]">&gt;&gt;</a>&nbsp;&nbsp;&nbsp;bass_init
<LI><a href="#[94]">&gt;&gt;</a>&nbsp;&nbsp;&nbsp;f020s_init
<LI><a href="#[83]">&gt;&gt;</a>&nbsp;&nbsp;&nbsp;f000s_init
</UL>

<P><STRONG><a name="[13e]"></a>rwble_hl_init</STRONG> (Thumb, 0 bytes, Stack size 0 bytes, peripheral_stack_symbol.txt(ABSOLUTE))
<BR><BR>[Called By]<UL><LI><a href="#[12]">&gt;&gt;</a>&nbsp;&nbsp;&nbsp;rwip_reset
<LI><a href="#[e7]">&gt;&gt;</a>&nbsp;&nbsp;&nbsp;rwip_init
</UL>

<P><STRONG><a name="[182]"></a>__aeabi_uidivmod</STRONG> (Thumb, 0 bytes, Stack size 0 bytes, peripheral_stack_symbol.txt(ABSOLUTE))
<BR><BR>[Called By]<UL><LI><a href="#[1c7]">&gt;&gt;</a>&nbsp;&nbsp;&nbsp;spi_device_r_bytes
<LI><a href="#[181]">&gt;&gt;</a>&nbsp;&nbsp;&nbsp;kmod_calibration
<LI><a href="#[e0]">&gt;&gt;</a>&nbsp;&nbsp;&nbsp;uart_init
<LI><a href="#[e1]">&gt;&gt;</a>&nbsp;&nbsp;&nbsp;uart2_init
</UL>

<P><STRONG><a name="[208]"></a>__aeabi_idivmod</STRONG> (Thumb, 0 bytes, Stack size 0 bytes, peripheral_stack_symbol.txt(ABSOLUTE))
<BR><BR>[Called By]<UL><LI><a href="#[200]">&gt;&gt;</a>&nbsp;&nbsp;&nbsp;_btod_etento
<LI><a href="#[207]">&gt;&gt;</a>&nbsp;&nbsp;&nbsp;_printf_fp_hex_real
</UL>

<P><STRONG><a name="[119]"></a>rand</STRONG> (Thumb, 0 bytes, Stack size 0 bytes, peripheral_stack_symbol.txt(ABSOLUTE))
<BR><BR>[Called By]<UL><LI><a href="#[3e]">&gt;&gt;</a>&nbsp;&nbsp;&nbsp;gapc_bond_req_ind_handler
</UL>

<P><STRONG><a name="[e4]"></a>srand</STRONG> (Thumb, 0 bytes, Stack size 0 bytes, peripheral_stack_symbol.txt(ABSOLUTE))
<BR><BR>[Called By]<UL><LI><a href="#[130]">&gt;&gt;</a>&nbsp;&nbsp;&nbsp;rwble_init
<LI><a href="#[b]">&gt;&gt;</a>&nbsp;&nbsp;&nbsp;main
</UL>

<P><STRONG><a name="[dc]"></a>__aeabi_memcpy</STRONG> (Thumb, 0 bytes, Stack size 0 bytes, peripheral_stack_symbol.txt(ABSOLUTE))
<BR><BR>[Called By]<UL><LI><a href="#[7a]">&gt;&gt;</a>&nbsp;&nbsp;&nbsp;gattc_read_req_ind_handler
<LI><a href="#[79]">&gt;&gt;</a>&nbsp;&nbsp;&nbsp;gattc_write_req_ind_handler
<LI><a href="#[1bc]">&gt;&gt;</a>&nbsp;&nbsp;&nbsp;oad_save_reciveData
<LI><a href="#[71]">&gt;&gt;</a>&nbsp;&nbsp;&nbsp;gattc_event_ind_handler
<LI><a href="#[6c]">&gt;&gt;</a>&nbsp;&nbsp;&nbsp;gattc_cmp_evt_handler
<LI><a href="#[6b]">&gt;&gt;</a>&nbsp;&nbsp;&nbsp;ancsc_enable_req_handler
<LI><a href="#[1b7]">&gt;&gt;</a>&nbsp;&nbsp;&nbsp;ancsc_enable_rsp_send
<LI><a href="#[5c]">&gt;&gt;</a>&nbsp;&nbsp;&nbsp;bass_init
<LI><a href="#[5b]">&gt;&gt;</a>&nbsp;&nbsp;&nbsp;diss_value_cfm_handler
<LI><a href="#[5a]">&gt;&gt;</a>&nbsp;&nbsp;&nbsp;gattc_read_req_ind_handler
<LI><a href="#[59]">&gt;&gt;</a>&nbsp;&nbsp;&nbsp;diss_set_value_req_handler
<LI><a href="#[19b]">&gt;&gt;</a>&nbsp;&nbsp;&nbsp;uart_rx_cmd_respone
<LI><a href="#[17d]">&gt;&gt;</a>&nbsp;&nbsp;&nbsp;flash_write_data
<LI><a href="#[169]">&gt;&gt;</a>&nbsp;&nbsp;&nbsp;prf_client_att_info_rsp
<LI><a href="#[165]">&gt;&gt;</a>&nbsp;&nbsp;&nbsp;prf_gatt_write
<LI><a href="#[164]">&gt;&gt;</a>&nbsp;&nbsp;&nbsp;prf_disc_svc_send_uuid128
<LI><a href="#[15e]">&gt;&gt;</a>&nbsp;&nbsp;&nbsp;nvds_purge
<LI><a href="#[139]">&gt;&gt;</a>&nbsp;&nbsp;&nbsp;rf_init
<LI><a href="#[47]">&gt;&gt;</a>&nbsp;&nbsp;&nbsp;gapm_gen_rand_nb_ind_handler
<LI><a href="#[46]">&gt;&gt;</a>&nbsp;&nbsp;&nbsp;gapm_cmp_evt_handler
<LI><a href="#[40]">&gt;&gt;</a>&nbsp;&nbsp;&nbsp;gapc_encrypt_req_ind_handler
<LI><a href="#[3e]">&gt;&gt;</a>&nbsp;&nbsp;&nbsp;gapc_bond_req_ind_handler
<LI><a href="#[36]">&gt;&gt;</a>&nbsp;&nbsp;&nbsp;diss_value_req_ind_handler
<LI><a href="#[2e]">&gt;&gt;</a>&nbsp;&nbsp;&nbsp;app_f020_add_f020s
<LI><a href="#[2d]">&gt;&gt;</a>&nbsp;&nbsp;&nbsp;app_f000_add_f000s
<LI><a href="#[10e]">&gt;&gt;</a>&nbsp;&nbsp;&nbsp;appm_get_dev_name
<LI><a href="#[10a]">&gt;&gt;</a>&nbsp;&nbsp;&nbsp;appm_adv_fsm_next
<LI><a href="#[fd]">&gt;&gt;</a>&nbsp;&nbsp;&nbsp;appm_init
<LI><a href="#[10c]">&gt;&gt;</a>&nbsp;&nbsp;&nbsp;appm_set_adv_data
<LI><a href="#[db]">&gt;&gt;</a>&nbsp;&nbsp;&nbsp;flash_read_data
<LI><a href="#[da]">&gt;&gt;</a>&nbsp;&nbsp;&nbsp;bdaddr_env_init
<LI><a href="#[9c]">&gt;&gt;</a>&nbsp;&nbsp;&nbsp;gattc_read_req_ind_handler
<LI><a href="#[9b]">&gt;&gt;</a>&nbsp;&nbsp;&nbsp;gattc_write_req_ind_handler
<LI><a href="#[1ed]">&gt;&gt;</a>&nbsp;&nbsp;&nbsp;f020s_indicate_f025_val
<LI><a href="#[1ec]">&gt;&gt;</a>&nbsp;&nbsp;&nbsp;f020s_notify_f024_val
<LI><a href="#[94]">&gt;&gt;</a>&nbsp;&nbsp;&nbsp;f020s_init
<LI><a href="#[1e9]">&gt;&gt;</a>&nbsp;&nbsp;&nbsp;app_f025_send_ind
<LI><a href="#[1e8]">&gt;&gt;</a>&nbsp;&nbsp;&nbsp;app_f024_send_ntf
<LI><a href="#[8b]">&gt;&gt;</a>&nbsp;&nbsp;&nbsp;gattc_read_req_ind_handler
<LI><a href="#[8a]">&gt;&gt;</a>&nbsp;&nbsp;&nbsp;gattc_write_req_ind_handler
<LI><a href="#[1e5]">&gt;&gt;</a>&nbsp;&nbsp;&nbsp;f000s_indicate_f005_val
<LI><a href="#[1e4]">&gt;&gt;</a>&nbsp;&nbsp;&nbsp;f000s_notify_f004_val
<LI><a href="#[83]">&gt;&gt;</a>&nbsp;&nbsp;&nbsp;f000s_init
<LI><a href="#[1e1]">&gt;&gt;</a>&nbsp;&nbsp;&nbsp;app_f005_send_ind
<LI><a href="#[1e0]">&gt;&gt;</a>&nbsp;&nbsp;&nbsp;app_f004_send_ntf
</UL>

<P><STRONG><a name="[1c3]"></a>__aeabi_memcpy4</STRONG> (Thumb, 0 bytes, Stack size 0 bytes, peripheral_stack_symbol.txt(ABSOLUTE))
<BR><BR>[Called By]<UL><LI><a href="#[7a]">&gt;&gt;</a>&nbsp;&nbsp;&nbsp;gattc_read_req_ind_handler
</UL>

<P><STRONG><a name="[fe]"></a>__aeabi_memclr</STRONG> (Thumb, 0 bytes, Stack size 0 bytes, peripheral_stack_symbol.txt(ABSOLUTE))
<BR><BR>[Called By]<UL><LI><a href="#[1df]">&gt;&gt;</a>&nbsp;&nbsp;&nbsp;app_f000_init
<LI><a href="#[79]">&gt;&gt;</a>&nbsp;&nbsp;&nbsp;gattc_write_req_ind_handler
<LI><a href="#[194]">&gt;&gt;</a>&nbsp;&nbsp;&nbsp;clear_uart2_buffer
<LI><a href="#[46]">&gt;&gt;</a>&nbsp;&nbsp;&nbsp;gapm_cmp_evt_handler
<LI><a href="#[fd]">&gt;&gt;</a>&nbsp;&nbsp;&nbsp;appm_init
<LI><a href="#[1e7]">&gt;&gt;</a>&nbsp;&nbsp;&nbsp;app_f020_init
</UL>

<P><STRONG><a name="[fc]"></a>__aeabi_memclr4</STRONG> (Thumb, 0 bytes, Stack size 0 bytes, peripheral_stack_symbol.txt(ABSOLUTE))
<BR><BR>[Called By]<UL><LI><a href="#[7a]">&gt;&gt;</a>&nbsp;&nbsp;&nbsp;gattc_read_req_ind_handler
<LI><a href="#[6b]">&gt;&gt;</a>&nbsp;&nbsp;&nbsp;ancsc_enable_req_handler
<LI><a href="#[5c]">&gt;&gt;</a>&nbsp;&nbsp;&nbsp;bass_init
<LI><a href="#[e6]">&gt;&gt;</a>&nbsp;&nbsp;&nbsp;rom_env_init
<LI><a href="#[94]">&gt;&gt;</a>&nbsp;&nbsp;&nbsp;f020s_init
<LI><a href="#[83]">&gt;&gt;</a>&nbsp;&nbsp;&nbsp;f000s_init
</UL>

<P><STRONG><a name="[11b]"></a>memcmp</STRONG> (Thumb, 0 bytes, Stack size 0 bytes, peripheral_stack_symbol.txt(ABSOLUTE))
<BR><BR>[Called By]<UL><LI><a href="#[17]">&gt;&gt;</a>&nbsp;&nbsp;&nbsp;nvds_put
<LI><a href="#[40]">&gt;&gt;</a>&nbsp;&nbsp;&nbsp;gapc_encrypt_req_ind_handler
<LI><a href="#[e5]">&gt;&gt;</a>&nbsp;&nbsp;&nbsp;nvds_init
</UL>

<P><STRONG><a name="[d8]"></a>__ARM_common_disable_fiq</STRONG> (ARM, 0 bytes, Stack size 0 bytes, peripheral_stack_symbol.txt(ABSOLUTE))
<BR><BR>[Called By]<UL><LI><a href="#[17d]">&gt;&gt;</a>&nbsp;&nbsp;&nbsp;flash_write_data (via BLX)
<LI><a href="#[17c]">&gt;&gt;</a>&nbsp;&nbsp;&nbsp;flash_erase_sector (via BLX)
<LI><a href="#[12]">&gt;&gt;</a>&nbsp;&nbsp;&nbsp;rwip_reset (via BLX)
<LI><a href="#[db]">&gt;&gt;</a>&nbsp;&nbsp;&nbsp;flash_read_data (via BLX)
<LI><a href="#[13]">&gt;&gt;</a>&nbsp;&nbsp;&nbsp;platform_reset (via BLX)
<LI><a href="#[b]">&gt;&gt;</a>&nbsp;&nbsp;&nbsp;main (via BLX)
</UL>

<P><STRONG><a name="[d9]"></a>__ARM_common_disable_irq</STRONG> (ARM, 0 bytes, Stack size 0 bytes, peripheral_stack_symbol.txt(ABSOLUTE))
<BR><BR>[Called By]<UL><LI><a href="#[17d]">&gt;&gt;</a>&nbsp;&nbsp;&nbsp;flash_write_data (via BLX)
<LI><a href="#[17c]">&gt;&gt;</a>&nbsp;&nbsp;&nbsp;flash_erase_sector (via BLX)
<LI><a href="#[12]">&gt;&gt;</a>&nbsp;&nbsp;&nbsp;rwip_reset (via BLX)
<LI><a href="#[db]">&gt;&gt;</a>&nbsp;&nbsp;&nbsp;flash_read_data (via BLX)
<LI><a href="#[13]">&gt;&gt;</a>&nbsp;&nbsp;&nbsp;platform_reset (via BLX)
<LI><a href="#[b]">&gt;&gt;</a>&nbsp;&nbsp;&nbsp;main (via BLX)
</UL>

<P><STRONG><a name="[eb]"></a>__ARM_common_enable_fiq</STRONG> (ARM, 0 bytes, Stack size 0 bytes, peripheral_stack_symbol.txt(ABSOLUTE))
<BR><BR>[Called By]<UL><LI><a href="#[17d]">&gt;&gt;</a>&nbsp;&nbsp;&nbsp;flash_write_data (via BLX)
<LI><a href="#[17c]">&gt;&gt;</a>&nbsp;&nbsp;&nbsp;flash_erase_sector (via BLX)
<LI><a href="#[12]">&gt;&gt;</a>&nbsp;&nbsp;&nbsp;rwip_reset (via BLX)
<LI><a href="#[db]">&gt;&gt;</a>&nbsp;&nbsp;&nbsp;flash_read_data (via BLX)
<LI><a href="#[b]">&gt;&gt;</a>&nbsp;&nbsp;&nbsp;main (via BLX)
</UL>

<P><STRONG><a name="[ec]"></a>__ARM_common_enable_irq</STRONG> (ARM, 0 bytes, Stack size 0 bytes, peripheral_stack_symbol.txt(ABSOLUTE))
<BR><BR>[Called By]<UL><LI><a href="#[17d]">&gt;&gt;</a>&nbsp;&nbsp;&nbsp;flash_write_data (via BLX)
<LI><a href="#[17c]">&gt;&gt;</a>&nbsp;&nbsp;&nbsp;flash_erase_sector (via BLX)
<LI><a href="#[12]">&gt;&gt;</a>&nbsp;&nbsp;&nbsp;rwip_reset (via BLX)
<LI><a href="#[db]">&gt;&gt;</a>&nbsp;&nbsp;&nbsp;flash_read_data (via BLX)
<LI><a href="#[b]">&gt;&gt;</a>&nbsp;&nbsp;&nbsp;main (via BLX)
</UL>

<P><STRONG><a name="[10b]"></a>__ARM_common_switch8</STRONG> (ARM, 0 bytes, Stack size 0 bytes, peripheral_stack_symbol.txt(ABSOLUTE))
<BR><BR>[Called By]<UL><LI><a href="#[199]">&gt;&gt;</a>&nbsp;&nbsp;&nbsp;uart_rx_handler (via BLX)
<LI><a href="#[129]">&gt;&gt;</a>&nbsp;&nbsp;&nbsp;app_ancsc_notification_ntf_unpack (via BLX)
<LI><a href="#[46]">&gt;&gt;</a>&nbsp;&nbsp;&nbsp;gapm_cmp_evt_handler (via BLX)
<LI><a href="#[3f]">&gt;&gt;</a>&nbsp;&nbsp;&nbsp;gapc_bond_ind_handler (via BLX)
<LI><a href="#[36]">&gt;&gt;</a>&nbsp;&nbsp;&nbsp;diss_value_req_ind_handler (via BLX)
<LI><a href="#[10a]">&gt;&gt;</a>&nbsp;&nbsp;&nbsp;appm_adv_fsm_next (via BLX)
<LI><a href="#[ea]">&gt;&gt;</a>&nbsp;&nbsp;&nbsp;mcu_clk_switch (via BLX)
<LI><a href="#[f9]">&gt;&gt;</a>&nbsp;&nbsp;&nbsp;cpu_wakeup (via BLX)
</UL>

<P><STRONG><a name="[9e]"></a>sys_Reset</STRONG> (ARM, 0 bytes, Stack size 0 bytes, boot_handlers.o(SYS_BOOT))
<BR><BR>[Calls]<UL><LI><a href="#[b]">&gt;&gt;</a>&nbsp;&nbsp;&nbsp;main (via Veneer)
</UL>

<P><STRONG><a name="[a0]"></a>SYSirq_FIQ_Handler</STRONG> (ARM, 16 bytes, Stack size 0 bytes, intc.o(sys_fiq_entry))
<BR><BR>[Calls]<UL><LI><a href="#[a1]">&gt;&gt;</a>&nbsp;&nbsp;&nbsp;intc_fiq (via BLX)
</UL>
<BR>[Called By]<UL><LI><a href="#[a]">&gt;&gt;</a>&nbsp;&nbsp;&nbsp;FIQ_Handler
</UL>

<P><STRONG><a name="[a2]"></a>SYSirq_IRQ_Handler</STRONG> (ARM, 16 bytes, Stack size 0 bytes, intc.o(sys_irq_entry))
<BR><BR>[Calls]<UL><LI><a href="#[a3]">&gt;&gt;</a>&nbsp;&nbsp;&nbsp;intc_irq (via BLX)
</UL>
<BR>[Called By]<UL><LI><a href="#[9]">&gt;&gt;</a>&nbsp;&nbsp;&nbsp;IRQ_Handler
</UL>

<P><STRONG><a name="[9f]"></a>__main</STRONG> (ARM, 8 bytes, Stack size 0 bytes, __main.o(!!!main))
<BR><BR>[Calls]<UL><LI><a href="#[a4]">&gt;&gt;</a>&nbsp;&nbsp;&nbsp;__scatterload
<LI><a href="#[a5]">&gt;&gt;</a>&nbsp;&nbsp;&nbsp;__rt_entry
</UL>

<P><STRONG><a name="[a4]"></a>__scatterload</STRONG> (ARM, 0 bytes, Stack size 0 bytes, __scatter.o(!!!scatter))
<BR><BR>[Called By]<UL><LI><a href="#[9f]">&gt;&gt;</a>&nbsp;&nbsp;&nbsp;__main
</UL>

<P><STRONG><a name="[a6]"></a>__scatterload_rt2</STRONG> (ARM, 52 bytes, Stack size 0 bytes, __scatter.o(!!!scatter), UNUSED)
<BR><BR>[Calls]<UL><LI><a href="#[a5]">&gt;&gt;</a>&nbsp;&nbsp;&nbsp;__rt_entry
</UL>

<P><STRONG><a name="[a7]"></a>__scatterload_copy</STRONG> (ARM, 40 bytes, Stack size 0 bytes, __scatter_copy.o(!!handler_copy), UNUSED)
<BR><BR>[Calls]<UL><LI><a href="#[a7]">&gt;&gt;</a>&nbsp;&nbsp;&nbsp;__scatterload_copy
</UL>
<BR>[Called By]<UL><LI><a href="#[a7]">&gt;&gt;</a>&nbsp;&nbsp;&nbsp;__scatterload_copy
</UL>

<P><STRONG><a name="[a8]"></a>_printf_n</STRONG> (ARM, 0 bytes, Stack size 0 bytes, _printf_n.o(.ARM.Collect$$_printf_percent$$00000001))
<BR><BR>[Calls]<UL><LI><a href="#[a9]">&gt;&gt;</a>&nbsp;&nbsp;&nbsp;_printf_charcount (via Veneer)
</UL>

<P><STRONG><a name="[1fe]"></a>_printf_percent</STRONG> (ARM, 0 bytes, Stack size 0 bytes, _printf_percent.o(.ARM.Collect$$_printf_percent$$00000000))
<BR><BR>[Called By]<UL><LI><a href="#[1f7]">&gt;&gt;</a>&nbsp;&nbsp;&nbsp;__printf (via BLX)
</UL>

<P><STRONG><a name="[aa]"></a>_printf_p</STRONG> (ARM, 0 bytes, Stack size 0 bytes, _printf_p.o(.ARM.Collect$$_printf_percent$$00000002))
<BR><BR>[Calls]<UL><LI><a href="#[ab]">&gt;&gt;</a>&nbsp;&nbsp;&nbsp;_printf_hex_ptr (via Veneer)
</UL>

<P><STRONG><a name="[ac]"></a>_printf_f</STRONG> (ARM, 0 bytes, Stack size 0 bytes, _printf_f.o(.ARM.Collect$$_printf_percent$$00000003))
<BR><BR>[Calls]<UL><LI><a href="#[ad]">&gt;&gt;</a>&nbsp;&nbsp;&nbsp;_printf_fp_dec
</UL>

<P><STRONG><a name="[ae]"></a>_printf_e</STRONG> (ARM, 0 bytes, Stack size 0 bytes, _printf_e.o(.ARM.Collect$$_printf_percent$$00000004))
<BR><BR>[Calls]<UL><LI><a href="#[ad]">&gt;&gt;</a>&nbsp;&nbsp;&nbsp;_printf_fp_dec
</UL>

<P><STRONG><a name="[af]"></a>_printf_g</STRONG> (ARM, 0 bytes, Stack size 0 bytes, _printf_g.o(.ARM.Collect$$_printf_percent$$00000005))
<BR><BR>[Calls]<UL><LI><a href="#[ad]">&gt;&gt;</a>&nbsp;&nbsp;&nbsp;_printf_fp_dec
</UL>

<P><STRONG><a name="[b0]"></a>_printf_a</STRONG> (ARM, 0 bytes, Stack size 0 bytes, _printf_a.o(.ARM.Collect$$_printf_percent$$00000006))
<BR><BR>[Calls]<UL><LI><a href="#[b1]">&gt;&gt;</a>&nbsp;&nbsp;&nbsp;_printf_fp_hex
</UL>

<P><STRONG><a name="[b2]"></a>_printf_i</STRONG> (ARM, 0 bytes, Stack size 0 bytes, _printf_i.o(.ARM.Collect$$_printf_percent$$00000008))
<BR><BR>[Calls]<UL><LI><a href="#[b3]">&gt;&gt;</a>&nbsp;&nbsp;&nbsp;_printf_int_dec (via Veneer)
</UL>

<P><STRONG><a name="[b4]"></a>_printf_d</STRONG> (ARM, 0 bytes, Stack size 0 bytes, _printf_d.o(.ARM.Collect$$_printf_percent$$00000009))
<BR><BR>[Calls]<UL><LI><a href="#[b3]">&gt;&gt;</a>&nbsp;&nbsp;&nbsp;_printf_int_dec (via Veneer)
</UL>

<P><STRONG><a name="[b5]"></a>_printf_u</STRONG> (ARM, 0 bytes, Stack size 0 bytes, _printf_u.o(.ARM.Collect$$_printf_percent$$0000000A))
<BR><BR>[Calls]<UL><LI><a href="#[b3]">&gt;&gt;</a>&nbsp;&nbsp;&nbsp;_printf_int_dec (via Veneer)
</UL>

<P><STRONG><a name="[b6]"></a>_printf_o</STRONG> (ARM, 0 bytes, Stack size 0 bytes, _printf_o.o(.ARM.Collect$$_printf_percent$$0000000B))
<BR><BR>[Calls]<UL><LI><a href="#[b7]">&gt;&gt;</a>&nbsp;&nbsp;&nbsp;_printf_int_oct (via Veneer)
</UL>

<P><STRONG><a name="[b8]"></a>_printf_x</STRONG> (ARM, 0 bytes, Stack size 0 bytes, _printf_x.o(.ARM.Collect$$_printf_percent$$0000000C))
<BR><BR>[Calls]<UL><LI><a href="#[b9]">&gt;&gt;</a>&nbsp;&nbsp;&nbsp;_printf_int_hex (via Veneer)
</UL>

<P><STRONG><a name="[ba]"></a>_printf_lli</STRONG> (ARM, 0 bytes, Stack size 0 bytes, _printf_lli.o(.ARM.Collect$$_printf_percent$$0000000D))
<BR><BR>[Calls]<UL><LI><a href="#[bb]">&gt;&gt;</a>&nbsp;&nbsp;&nbsp;_printf_longlong_dec (via Veneer)
</UL>

<P><STRONG><a name="[bc]"></a>_printf_lld</STRONG> (ARM, 0 bytes, Stack size 0 bytes, _printf_lld.o(.ARM.Collect$$_printf_percent$$0000000E))
<BR><BR>[Calls]<UL><LI><a href="#[bb]">&gt;&gt;</a>&nbsp;&nbsp;&nbsp;_printf_longlong_dec (via Veneer)
</UL>

<P><STRONG><a name="[bd]"></a>_printf_llu</STRONG> (ARM, 0 bytes, Stack size 0 bytes, _printf_llu.o(.ARM.Collect$$_printf_percent$$0000000F))
<BR><BR>[Calls]<UL><LI><a href="#[bb]">&gt;&gt;</a>&nbsp;&nbsp;&nbsp;_printf_longlong_dec (via Veneer)
</UL>

<P><STRONG><a name="[be]"></a>_printf_llo</STRONG> (ARM, 0 bytes, Stack size 0 bytes, _printf_llo.o(.ARM.Collect$$_printf_percent$$00000010))
<BR><BR>[Calls]<UL><LI><a href="#[bf]">&gt;&gt;</a>&nbsp;&nbsp;&nbsp;_printf_ll_oct (via Veneer)
</UL>

<P><STRONG><a name="[c0]"></a>_printf_llx</STRONG> (ARM, 0 bytes, Stack size 0 bytes, _printf_llx.o(.ARM.Collect$$_printf_percent$$00000011))
<BR><BR>[Calls]<UL><LI><a href="#[c1]">&gt;&gt;</a>&nbsp;&nbsp;&nbsp;_printf_ll_hex (via Veneer)
</UL>

<P><STRONG><a name="[c2]"></a>_printf_c</STRONG> (ARM, 0 bytes, Stack size 0 bytes, _printf_c.o(.ARM.Collect$$_printf_percent$$00000013))
<BR><BR>[Calls]<UL><LI><a href="#[c3]">&gt;&gt;</a>&nbsp;&nbsp;&nbsp;_printf_char (via Veneer)
</UL>

<P><STRONG><a name="[c4]"></a>_printf_s</STRONG> (ARM, 0 bytes, Stack size 0 bytes, _printf_s.o(.ARM.Collect$$_printf_percent$$00000014))
<BR><BR>[Calls]<UL><LI><a href="#[c5]">&gt;&gt;</a>&nbsp;&nbsp;&nbsp;_printf_string (via Veneer)
</UL>

<P><STRONG><a name="[c6]"></a>_printf_lc</STRONG> (ARM, 0 bytes, Stack size 0 bytes, _printf_lc.o(.ARM.Collect$$_printf_percent$$00000015))
<BR><BR>[Calls]<UL><LI><a href="#[c7]">&gt;&gt;</a>&nbsp;&nbsp;&nbsp;_printf_wchar (via Veneer)
</UL>

<P><STRONG><a name="[c8]"></a>_printf_ls</STRONG> (ARM, 0 bytes, Stack size 0 bytes, _printf_ls.o(.ARM.Collect$$_printf_percent$$00000016))
<BR><BR>[Calls]<UL><LI><a href="#[c9]">&gt;&gt;</a>&nbsp;&nbsp;&nbsp;_printf_wstring (via Veneer)
</UL>

<P><STRONG><a name="[d0]"></a>__rt_lib_init</STRONG> (Thumb, 0 bytes, Stack size 0 bytes, libinit.o(.ARM.Collect$$libinit$$00000000))
<BR><BR>[Called By]<UL><LI><a href="#[cf]">&gt;&gt;</a>&nbsp;&nbsp;&nbsp;__rt_entry_li (via BLX)
</UL>

<P><STRONG><a name="[ca]"></a>__rt_lib_init_lc_common</STRONG> (Thumb, 0 bytes, Stack size 0 bytes, libinit2.o(.ARM.Collect$$libinit$$0000000F))
<BR><BR>[Calls]<UL><LI><a href="#[cb]">&gt;&gt;</a>&nbsp;&nbsp;&nbsp;__rt_locale (via BLX)
</UL>

<P><STRONG><a name="[cc]"></a>__rt_lib_init_lc_ctype_2</STRONG> (Thumb, 0 bytes, Stack size 0 bytes, libinit2.o(.ARM.Collect$$libinit$$00000012))
<BR><BR>[Calls]<UL><LI><a href="#[28]">&gt;&gt;</a>&nbsp;&nbsp;&nbsp;_get_lc_ctype (via BLX)
</UL>

<P><STRONG><a name="[cd]"></a>__rt_lib_init_lc_numeric_2</STRONG> (Thumb, 0 bytes, Stack size 0 bytes, libinit2.o(.ARM.Collect$$libinit$$00000016))
<BR><BR>[Calls]<UL><LI><a href="#[ce]">&gt;&gt;</a>&nbsp;&nbsp;&nbsp;_get_lc_numeric (via BLX)
</UL>

<P><STRONG><a name="[d4]"></a>__rt_lib_shutdown</STRONG> (Thumb, 0 bytes, Stack size 0 bytes, libshutdown.o(.ARM.Collect$$libshutdown$$00000000))
<BR><BR>[Called By]<UL><LI><a href="#[d3]">&gt;&gt;</a>&nbsp;&nbsp;&nbsp;__rt_exit_ls (via BLX)
</UL>

<P><STRONG><a name="[a5]"></a>__rt_entry</STRONG> (ARM, 0 bytes, Stack size 0 bytes, __rtentry.o(.ARM.Collect$$rtentry$$00000000))
<BR><BR>[Called By]<UL><LI><a href="#[a6]">&gt;&gt;</a>&nbsp;&nbsp;&nbsp;__scatterload_rt2
<LI><a href="#[9f]">&gt;&gt;</a>&nbsp;&nbsp;&nbsp;__main
</UL>

<P><STRONG><a name="[cf]"></a>__rt_entry_li</STRONG> (ARM, 0 bytes, Stack size 0 bytes, __rtentry2.o(.ARM.Collect$$rtentry$$0000000A))
<BR><BR>[Calls]<UL><LI><a href="#[d0]">&gt;&gt;</a>&nbsp;&nbsp;&nbsp;__rt_lib_init (via BLX)
</UL>

<P><STRONG><a name="[d1]"></a>__rt_entry_main</STRONG> (ARM, 0 bytes, Stack size 0 bytes, __rtentry2.o(.ARM.Collect$$rtentry$$0000000D))
<BR><BR>[Calls]<UL><LI><a href="#[d2]">&gt;&gt;</a>&nbsp;&nbsp;&nbsp;exit (via BX)
</UL>

<P><STRONG><a name="[20f]"></a>__rt_exit</STRONG> (ARM, 0 bytes, Stack size 0 bytes, rtexit.o(.ARM.Collect$$rtexit$$00000000))
<BR><BR>[Called By]<UL><LI><a href="#[d2]">&gt;&gt;</a>&nbsp;&nbsp;&nbsp;exit (via BLX)
</UL>

<P><STRONG><a name="[d3]"></a>__rt_exit_ls</STRONG> (ARM, 0 bytes, Stack size 0 bytes, rtexit2.o(.ARM.Collect$$rtexit$$00000003))
<BR><BR>[Calls]<UL><LI><a href="#[d4]">&gt;&gt;</a>&nbsp;&nbsp;&nbsp;__rt_lib_shutdown (via BLX)
</UL>

<P><STRONG><a name="[d5]"></a>__rt_exit_exit</STRONG> (ARM, 0 bytes, Stack size 0 bytes, rtexit2.o(.ARM.Collect$$rtexit$$00000004))
<BR><BR>[Calls]<UL><LI><a href="#[d6]">&gt;&gt;</a>&nbsp;&nbsp;&nbsp;_sys_exit (via BLX)
</UL>

<P><STRONG><a name="[13]"></a>platform_reset</STRONG> (Thumb, 24 bytes, Stack size 0 bytes, main.o(.text))
<BR><BR>[Calls]<UL><LI><a href="#[d7]">&gt;&gt;</a>&nbsp;&nbsp;&nbsp;uart0_printf
<LI><a href="#[d9]">&gt;&gt;</a>&nbsp;&nbsp;&nbsp;__ARM_common_disable_irq (via BLX)
<LI><a href="#[d8]">&gt;&gt;</a>&nbsp;&nbsp;&nbsp;__ARM_common_disable_fiq (via BLX)
</UL>
<BR>[Address Reference Count : 1]<UL><LI> main.o(.text)
</UL>
<P><STRONG><a name="[da]"></a>bdaddr_env_init</STRONG> (Thumb, 74 bytes, Stack size 0 bytes, main.o(.text))
<BR><BR>[Calls]<UL><LI><a href="#[db]">&gt;&gt;</a>&nbsp;&nbsp;&nbsp;flash_read_data
<LI><a href="#[dc]">&gt;&gt;</a>&nbsp;&nbsp;&nbsp;__aeabi_memcpy
</UL>
<BR>[Called By]<UL><LI><a href="#[b]">&gt;&gt;</a>&nbsp;&nbsp;&nbsp;main
</UL>

<P><STRONG><a name="[b]"></a>main</STRONG> (Thumb, 248 bytes, Stack size 0 bytes, main.o(.text))
<BR><BR>[Calls]<UL><LI><a href="#[de]">&gt;&gt;</a>&nbsp;&nbsp;&nbsp;wdt_disable
<LI><a href="#[e0]">&gt;&gt;</a>&nbsp;&nbsp;&nbsp;uart_init
<LI><a href="#[f6]">&gt;&gt;</a>&nbsp;&nbsp;&nbsp;uart_download_check
<LI><a href="#[e1]">&gt;&gt;</a>&nbsp;&nbsp;&nbsp;uart2_init
<LI><a href="#[d7]">&gt;&gt;</a>&nbsp;&nbsp;&nbsp;uart0_printf
<LI><a href="#[f5]">&gt;&gt;</a>&nbsp;&nbsp;&nbsp;spi_send_state_get
<LI><a href="#[e9]">&gt;&gt;</a>&nbsp;&nbsp;&nbsp;spi_init
<LI><a href="#[f7]">&gt;&gt;</a>&nbsp;&nbsp;&nbsp;rwip_sleep
<LI><a href="#[f0]">&gt;&gt;</a>&nbsp;&nbsp;&nbsp;rwip_schedule
<LI><a href="#[e7]">&gt;&gt;</a>&nbsp;&nbsp;&nbsp;rwip_init
<LI><a href="#[f4]">&gt;&gt;</a>&nbsp;&nbsp;&nbsp;oad_updating_user_section_pro
<LI><a href="#[e5]">&gt;&gt;</a>&nbsp;&nbsp;&nbsp;nvds_init
<LI><a href="#[ea]">&gt;&gt;</a>&nbsp;&nbsp;&nbsp;mcu_clk_switch
<LI><a href="#[ed]">&gt;&gt;</a>&nbsp;&nbsp;&nbsp;lcd_gpio_init
<LI><a href="#[f1]">&gt;&gt;</a>&nbsp;&nbsp;&nbsp;key_press_detect
<LI><a href="#[df]">&gt;&gt;</a>&nbsp;&nbsp;&nbsp;intc_init
<LI><a href="#[dd]">&gt;&gt;</a>&nbsp;&nbsp;&nbsp;icu_init
<LI><a href="#[e2]">&gt;&gt;</a>&nbsp;&nbsp;&nbsp;gpio_init
<LI><a href="#[e3]">&gt;&gt;</a>&nbsp;&nbsp;&nbsp;flash_init
<LI><a href="#[ef]">&gt;&gt;</a>&nbsp;&nbsp;&nbsp;flash_device_spi_init
<LI><a href="#[f3]">&gt;&gt;</a>&nbsp;&nbsp;&nbsp;display_color
<LI><a href="#[f9]">&gt;&gt;</a>&nbsp;&nbsp;&nbsp;cpu_wakeup
<LI><a href="#[f8]">&gt;&gt;</a>&nbsp;&nbsp;&nbsp;cpu_reduce_voltage_sleep
<LI><a href="#[fa]">&gt;&gt;</a>&nbsp;&nbsp;&nbsp;cpu_idle_sleep
<LI><a href="#[f2]">&gt;&gt;</a>&nbsp;&nbsp;&nbsp;app_flash_read
<LI><a href="#[e8]">&gt;&gt;</a>&nbsp;&nbsp;&nbsp;aon_rtc_init
<LI><a href="#[ee]">&gt;&gt;</a>&nbsp;&nbsp;&nbsp;LCD_Init
<LI><a href="#[da]">&gt;&gt;</a>&nbsp;&nbsp;&nbsp;bdaddr_env_init
<LI><a href="#[e6]">&gt;&gt;</a>&nbsp;&nbsp;&nbsp;rom_env_init
<LI><a href="#[fb]">&gt;&gt;</a>&nbsp;&nbsp;&nbsp;stack_integrity_check
<LI><a href="#[ec]">&gt;&gt;</a>&nbsp;&nbsp;&nbsp;__ARM_common_enable_irq (via BLX)
<LI><a href="#[eb]">&gt;&gt;</a>&nbsp;&nbsp;&nbsp;__ARM_common_enable_fiq (via BLX)
<LI><a href="#[d9]">&gt;&gt;</a>&nbsp;&nbsp;&nbsp;__ARM_common_disable_irq (via BLX)
<LI><a href="#[d8]">&gt;&gt;</a>&nbsp;&nbsp;&nbsp;__ARM_common_disable_fiq (via BLX)
<LI><a href="#[e4]">&gt;&gt;</a>&nbsp;&nbsp;&nbsp;srand
</UL>
<BR>[Called By]<UL><LI><a href="#[9e]">&gt;&gt;</a>&nbsp;&nbsp;&nbsp;sys_Reset (via Veneer)
</UL>
<BR>[Address Reference Count : 1]<UL><LI> __rtentry2.o(.ARM.Collect$$rtentry$$0000000D)
</UL>
<P><STRONG><a name="[13b]"></a>rwip_eif_get</STRONG> (Thumb, 12 bytes, Stack size 0 bytes, main.o(.text))
<BR><BR>[Called By]<UL><LI><a href="#[e7]">&gt;&gt;</a>&nbsp;&nbsp;&nbsp;rwip_init
</UL>

<P><STRONG><a name="[fd]"></a>appm_init</STRONG> (Thumb, 136 bytes, Stack size 0 bytes, app.o(.text))
<BR><BR>[Calls]<UL><LI><a href="#[101]">&gt;&gt;</a>&nbsp;&nbsp;&nbsp;app_sec_init
<LI><a href="#[104]">&gt;&gt;</a>&nbsp;&nbsp;&nbsp;app_oads_init
<LI><a href="#[102]">&gt;&gt;</a>&nbsp;&nbsp;&nbsp;app_dis_init
<LI><a href="#[103]">&gt;&gt;</a>&nbsp;&nbsp;&nbsp;app_batt_init
<LI><a href="#[db]">&gt;&gt;</a>&nbsp;&nbsp;&nbsp;flash_read_data
<LI><a href="#[fe]">&gt;&gt;</a>&nbsp;&nbsp;&nbsp;__aeabi_memclr
<LI><a href="#[dc]">&gt;&gt;</a>&nbsp;&nbsp;&nbsp;__aeabi_memcpy
<LI><a href="#[100]">&gt;&gt;</a>&nbsp;&nbsp;&nbsp;ke_state_set
<LI><a href="#[ff]">&gt;&gt;</a>&nbsp;&nbsp;&nbsp;ke_task_create
<LI><a href="#[106]">&gt;&gt;</a>&nbsp;&nbsp;&nbsp;ke_msg_send
<LI><a href="#[105]">&gt;&gt;</a>&nbsp;&nbsp;&nbsp;ke_msg_alloc
</UL>
<BR>[Called By]<UL><LI><a href="#[e7]">&gt;&gt;</a>&nbsp;&nbsp;&nbsp;rwip_init
</UL>

<P><STRONG><a name="[107]"></a>appm_add_svc</STRONG> (Thumb, 44 bytes, Stack size 0 bytes, app.o(.text))
<BR><BR>[Calls]<UL><LI><a href="#[d7]">&gt;&gt;</a>&nbsp;&nbsp;&nbsp;uart0_printf
</UL>
<BR>[Called By]<UL><LI><a href="#[46]">&gt;&gt;</a>&nbsp;&nbsp;&nbsp;gapm_cmp_evt_handler
</UL>

<P><STRONG><a name="[108]"></a>appm_disconnect</STRONG> (Thumb, 34 bytes, Stack size 0 bytes, app.o(.text))
<BR><BR>[Calls]<UL><LI><a href="#[106]">&gt;&gt;</a>&nbsp;&nbsp;&nbsp;ke_msg_send
<LI><a href="#[105]">&gt;&gt;</a>&nbsp;&nbsp;&nbsp;ke_msg_alloc
</UL>
<BR>[Called By]<UL><LI><a href="#[3f]">&gt;&gt;</a>&nbsp;&nbsp;&nbsp;gapc_bond_ind_handler
</UL>

<P><STRONG><a name="[109]"></a>appm_delete_advertising</STRONG> (Thumb, 30 bytes, Stack size 0 bytes, app.o(.text), UNUSED)
<BR><BR>[Calls]<UL><LI><a href="#[106]">&gt;&gt;</a>&nbsp;&nbsp;&nbsp;ke_msg_send
<LI><a href="#[105]">&gt;&gt;</a>&nbsp;&nbsp;&nbsp;ke_msg_alloc
</UL>

<P><STRONG><a name="[10a]"></a>appm_adv_fsm_next</STRONG> (Thumb, 224 bytes, Stack size 0 bytes, app.o(.text))
<BR><BR>[Calls]<UL><LI><a href="#[10c]">&gt;&gt;</a>&nbsp;&nbsp;&nbsp;appm_set_adv_data
<LI><a href="#[d7]">&gt;&gt;</a>&nbsp;&nbsp;&nbsp;uart0_printf
<LI><a href="#[10b]">&gt;&gt;</a>&nbsp;&nbsp;&nbsp;__ARM_common_switch8 (via BLX)
<LI><a href="#[dc]">&gt;&gt;</a>&nbsp;&nbsp;&nbsp;__aeabi_memcpy
<LI><a href="#[106]">&gt;&gt;</a>&nbsp;&nbsp;&nbsp;ke_msg_send
<LI><a href="#[105]">&gt;&gt;</a>&nbsp;&nbsp;&nbsp;ke_msg_alloc
</UL>
<BR>[Called By]<UL><LI><a href="#[46]">&gt;&gt;</a>&nbsp;&nbsp;&nbsp;gapm_cmp_evt_handler
<LI><a href="#[45]">&gt;&gt;</a>&nbsp;&nbsp;&nbsp;gapm_activity_stopped_ind_handler
<LI><a href="#[10f]">&gt;&gt;</a>&nbsp;&nbsp;&nbsp;appm_update_adv_state
</UL>

<P><STRONG><a name="[10d]"></a>appm_update_param</STRONG> (Thumb, 56 bytes, Stack size 0 bytes, app.o(.text))
<BR><BR>[Calls]<UL><LI><a href="#[106]">&gt;&gt;</a>&nbsp;&nbsp;&nbsp;ke_msg_send
<LI><a href="#[105]">&gt;&gt;</a>&nbsp;&nbsp;&nbsp;ke_msg_alloc
</UL>
<BR>[Called By]<UL><LI><a href="#[50]">&gt;&gt;</a>&nbsp;&nbsp;&nbsp;app_update_conn_param_req_ind_handler
<LI><a href="#[113]">&gt;&gt;</a>&nbsp;&nbsp;&nbsp;oadImgIdentifyWrite
</UL>

<P><STRONG><a name="[10e]"></a>appm_get_dev_name</STRONG> (Thumb, 18 bytes, Stack size 0 bytes, app.o(.text))
<BR><BR>[Calls]<UL><LI><a href="#[dc]">&gt;&gt;</a>&nbsp;&nbsp;&nbsp;__aeabi_memcpy
</UL>
<BR>[Called By]<UL><LI><a href="#[48]">&gt;&gt;</a>&nbsp;&nbsp;&nbsp;gapc_get_dev_info_req_ind_handler
</UL>

<P><STRONG><a name="[10f]"></a>appm_update_adv_state</STRONG> (Thumb, 2 bytes, Stack size 0 bytes, app.o(.text))
<BR><BR>[Calls]<UL><LI><a href="#[10a]">&gt;&gt;</a>&nbsp;&nbsp;&nbsp;appm_adv_fsm_next
</UL>
<BR>[Called By]<UL><LI><a href="#[4d]">&gt;&gt;</a>&nbsp;&nbsp;&nbsp;gapc_disconnect_ind_handler
<LI><a href="#[4b]">&gt;&gt;</a>&nbsp;&nbsp;&nbsp;gapc_param_update_req_ind_handler
<LI><a href="#[4a]">&gt;&gt;</a>&nbsp;&nbsp;&nbsp;gapc_connection_req_ind_handler
<LI><a href="#[46]">&gt;&gt;</a>&nbsp;&nbsp;&nbsp;gapm_cmp_evt_handler
</UL>

<P><STRONG><a name="[103]"></a>app_batt_init</STRONG> (Thumb, 12 bytes, Stack size 0 bytes, app_batt.o(.text))
<BR><BR>[Called By]<UL><LI><a href="#[fd]">&gt;&gt;</a>&nbsp;&nbsp;&nbsp;appm_init
</UL>

<P><STRONG><a name="[30]"></a>app_batt_add_bas</STRONG> (Thumb, 44 bytes, Stack size 0 bytes, app_batt.o(.text))
<BR><BR>[Calls]<UL><LI><a href="#[106]">&gt;&gt;</a>&nbsp;&nbsp;&nbsp;ke_msg_send
<LI><a href="#[105]">&gt;&gt;</a>&nbsp;&nbsp;&nbsp;ke_msg_alloc
</UL>
<BR>[Address Reference Count : 1]<UL><LI> app.o(.constdata)
</UL>
<P><STRONG><a name="[110]"></a>app_batt_enable_prf</STRONG> (Thumb, 44 bytes, Stack size 0 bytes, app_batt.o(.text))
<BR><BR>[Calls]<UL><LI><a href="#[d]">&gt;&gt;</a>&nbsp;&nbsp;&nbsp;prf_get_task_from_id
<LI><a href="#[106]">&gt;&gt;</a>&nbsp;&nbsp;&nbsp;ke_msg_send
<LI><a href="#[105]">&gt;&gt;</a>&nbsp;&nbsp;&nbsp;ke_msg_alloc
</UL>
<BR>[Called By]<UL><LI><a href="#[4a]">&gt;&gt;</a>&nbsp;&nbsp;&nbsp;gapc_connection_req_ind_handler
</UL>

<P><STRONG><a name="[111]"></a>app_batt_send_lvl</STRONG> (Thumb, 34 bytes, Stack size 0 bytes, app_batt.o(.text), UNUSED)
<BR><BR>[Calls]<UL><LI><a href="#[d]">&gt;&gt;</a>&nbsp;&nbsp;&nbsp;prf_get_task_from_id
<LI><a href="#[106]">&gt;&gt;</a>&nbsp;&nbsp;&nbsp;ke_msg_send
<LI><a href="#[105]">&gt;&gt;</a>&nbsp;&nbsp;&nbsp;ke_msg_alloc
</UL>

<P><STRONG><a name="[102]"></a>app_dis_init</STRONG> (Thumb, 2 bytes, Stack size 0 bytes, app_dis.o(.text))
<BR><BR>[Called By]<UL><LI><a href="#[fd]">&gt;&gt;</a>&nbsp;&nbsp;&nbsp;appm_init
</UL>

<P><STRONG><a name="[2f]"></a>app_dis_add_dis</STRONG> (Thumb, 42 bytes, Stack size 0 bytes, app_dis.o(.text))
<BR><BR>[Calls]<UL><LI><a href="#[106]">&gt;&gt;</a>&nbsp;&nbsp;&nbsp;ke_msg_send
<LI><a href="#[105]">&gt;&gt;</a>&nbsp;&nbsp;&nbsp;ke_msg_alloc
</UL>
<BR>[Address Reference Count : 1]<UL><LI> app.o(.constdata)
</UL>
<P><STRONG><a name="[104]"></a>app_oads_init</STRONG> (Thumb, 8 bytes, Stack size 0 bytes, app_oads.o(.text))
<BR><BR>[Called By]<UL><LI><a href="#[fd]">&gt;&gt;</a>&nbsp;&nbsp;&nbsp;appm_init
</UL>

<P><STRONG><a name="[31]"></a>app_oad_add_oads</STRONG> (Thumb, 62 bytes, Stack size 0 bytes, app_oads.o(.text))
<BR><BR>[Calls]<UL><LI><a href="#[d7]">&gt;&gt;</a>&nbsp;&nbsp;&nbsp;uart0_printf
<LI><a href="#[106]">&gt;&gt;</a>&nbsp;&nbsp;&nbsp;ke_msg_send
<LI><a href="#[105]">&gt;&gt;</a>&nbsp;&nbsp;&nbsp;ke_msg_alloc
</UL>
<BR>[Address Reference Count : 1]<UL><LI> app.o(.constdata)
</UL>
<P><STRONG><a name="[112]"></a>app_oads_enable_prf</STRONG> (Thumb, 42 bytes, Stack size 0 bytes, app_oads.o(.text), UNUSED)
<BR><BR>[Calls]<UL><LI><a href="#[d]">&gt;&gt;</a>&nbsp;&nbsp;&nbsp;prf_get_task_from_id
<LI><a href="#[106]">&gt;&gt;</a>&nbsp;&nbsp;&nbsp;ke_msg_send
<LI><a href="#[105]">&gt;&gt;</a>&nbsp;&nbsp;&nbsp;ke_msg_alloc
</UL>

<P><STRONG><a name="[114]"></a>app_ffc1_ntf_req</STRONG> (Thumb, 44 bytes, Stack size 0 bytes, app_oads.o(.text), UNUSED)
<BR><BR>[Calls]<UL><LI><a href="#[d7]">&gt;&gt;</a>&nbsp;&nbsp;&nbsp;uart0_printf
<LI><a href="#[d]">&gt;&gt;</a>&nbsp;&nbsp;&nbsp;prf_get_task_from_id
<LI><a href="#[106]">&gt;&gt;</a>&nbsp;&nbsp;&nbsp;ke_msg_send
<LI><a href="#[105]">&gt;&gt;</a>&nbsp;&nbsp;&nbsp;ke_msg_alloc
</UL>

<P><STRONG><a name="[115]"></a>app_ffc2_ntf_req</STRONG> (Thumb, 46 bytes, Stack size 0 bytes, app_oads.o(.text), UNUSED)
<BR><BR>[Calls]<UL><LI><a href="#[d7]">&gt;&gt;</a>&nbsp;&nbsp;&nbsp;uart0_printf
<LI><a href="#[d]">&gt;&gt;</a>&nbsp;&nbsp;&nbsp;prf_get_task_from_id
<LI><a href="#[106]">&gt;&gt;</a>&nbsp;&nbsp;&nbsp;ke_msg_send
<LI><a href="#[105]">&gt;&gt;</a>&nbsp;&nbsp;&nbsp;ke_msg_alloc
</UL>

<P><STRONG><a name="[101]"></a>app_sec_init</STRONG> (Thumb, 46 bytes, Stack size 0 bytes, app_sec.o(.text))
<BR><BR>[Calls]<UL><LI><a href="#[16]">&gt;&gt;</a>&nbsp;&nbsp;&nbsp;nvds_get
</UL>
<BR>[Called By]<UL><LI><a href="#[fd]">&gt;&gt;</a>&nbsp;&nbsp;&nbsp;appm_init
</UL>

<P><STRONG><a name="[11d]"></a>app_sec_get_bond_status</STRONG> (Thumb, 6 bytes, Stack size 0 bytes, app_sec.o(.text))
<BR><BR>[Called By]<UL><LI><a href="#[4a]">&gt;&gt;</a>&nbsp;&nbsp;&nbsp;gapc_connection_req_ind_handler
<LI><a href="#[46]">&gt;&gt;</a>&nbsp;&nbsp;&nbsp;gapm_cmp_evt_handler
</UL>

<P><STRONG><a name="[116]"></a>app_sec_remove_bond</STRONG> (Thumb, 32 bytes, Stack size 0 bytes, app_sec.o(.text), UNUSED)
<BR><BR>[Calls]<UL><LI><a href="#[17]">&gt;&gt;</a>&nbsp;&nbsp;&nbsp;nvds_put
</UL>

<P><STRONG><a name="[117]"></a>app_sec_send_security_req</STRONG> (Thumb, 66 bytes, Stack size 0 bytes, app_sec.o(.text))
<BR><BR>[Calls]<UL><LI><a href="#[d7]">&gt;&gt;</a>&nbsp;&nbsp;&nbsp;uart0_printf
<LI><a href="#[118]">&gt;&gt;</a>&nbsp;&nbsp;&nbsp;ke_timer_clear
<LI><a href="#[106]">&gt;&gt;</a>&nbsp;&nbsp;&nbsp;ke_msg_send
<LI><a href="#[105]">&gt;&gt;</a>&nbsp;&nbsp;&nbsp;ke_msg_alloc
</UL>
<BR>[Called By]<UL><LI><a href="#[51]">&gt;&gt;</a>&nbsp;&nbsp;&nbsp;app_send_security_req_handler
<LI><a href="#[3f]">&gt;&gt;</a>&nbsp;&nbsp;&nbsp;gapc_bond_ind_handler
</UL>

<P><STRONG><a name="[123]"></a>app_ancsc_init</STRONG> (Thumb, 18 bytes, Stack size 0 bytes, app_ancsc.o(.text), UNUSED)
<BR><BR>[Calls]<UL><LI><a href="#[d7]">&gt;&gt;</a>&nbsp;&nbsp;&nbsp;uart0_printf
</UL>

<P><STRONG><a name="[124]"></a>app_ancs_add_ancsc</STRONG> (Thumb, 50 bytes, Stack size 0 bytes, app_ancsc.o(.text), UNUSED)
<BR><BR>[Calls]<UL><LI><a href="#[d7]">&gt;&gt;</a>&nbsp;&nbsp;&nbsp;uart0_printf
<LI><a href="#[106]">&gt;&gt;</a>&nbsp;&nbsp;&nbsp;ke_msg_send
<LI><a href="#[105]">&gt;&gt;</a>&nbsp;&nbsp;&nbsp;ke_msg_alloc
</UL>

<P><STRONG><a name="[122]"></a>app_ancsc_enable_prf</STRONG> (Thumb, 50 bytes, Stack size 0 bytes, app_ancsc.o(.text))
<BR><BR>[Calls]<UL><LI><a href="#[d7]">&gt;&gt;</a>&nbsp;&nbsp;&nbsp;uart0_printf
<LI><a href="#[d]">&gt;&gt;</a>&nbsp;&nbsp;&nbsp;prf_get_task_from_id
<LI><a href="#[106]">&gt;&gt;</a>&nbsp;&nbsp;&nbsp;ke_msg_send
<LI><a href="#[105]">&gt;&gt;</a>&nbsp;&nbsp;&nbsp;ke_msg_alloc
</UL>
<BR>[Called By]<UL><LI><a href="#[52]">&gt;&gt;</a>&nbsp;&nbsp;&nbsp;app_ancs_req_handler
</UL>

<P><STRONG><a name="[12e]"></a>app_ancsc_delete_call</STRONG> (Thumb, 74 bytes, Stack size 0 bytes, app_ancsc.o(.text), UNUSED)
<BR><BR>[Calls]<UL><LI><a href="#[d7]">&gt;&gt;</a>&nbsp;&nbsp;&nbsp;uart0_printf
<LI><a href="#[d]">&gt;&gt;</a>&nbsp;&nbsp;&nbsp;prf_get_task_from_id
<LI><a href="#[106]">&gt;&gt;</a>&nbsp;&nbsp;&nbsp;ke_msg_send
<LI><a href="#[105]">&gt;&gt;</a>&nbsp;&nbsp;&nbsp;ke_msg_alloc
</UL>

<P><STRONG><a name="[130]"></a>rwble_init</STRONG> (Thumb, 96 bytes, Stack size 0 bytes, rwble.o(.text))
<BR><BR>[Calls]<UL><LI><a href="#[d7]">&gt;&gt;</a>&nbsp;&nbsp;&nbsp;uart0_printf
[...]

<P><STRONG><a name="[1c0]"></a>oadImgBlockReq</STRONG> (Thumb, 76 bytes, Stack size 0 bytes, oads.o(.text))
<BR><BR>[Calls]<UL><LI><a href="#[1a8]">&gt;&gt;</a>&nbsp;&nbsp;&nbsp;prf_env_get
<LI><a href="#[160]">&gt;&gt;</a>&nbsp;&nbsp;&nbsp;prf_src_task_get
<LI><a href="#[106]">&gt;&gt;</a>&nbsp;&nbsp;&nbsp;ke_msg_send
<LI><a href="#[105]">&gt;&gt;</a>&nbsp;&nbsp;&nbsp;ke_msg_alloc
</UL>
<BR>[Called By]<UL><LI><a href="#[1c1]">&gt;&gt;</a>&nbsp;&nbsp;&nbsp;oadImgBlockWrite
<LI><a href="#[113]">&gt;&gt;</a>&nbsp;&nbsp;&nbsp;oadImgIdentifyWrite
</UL>

<P><STRONG><a name="[76]"></a>oads_enable_req_handler</STRONG> (Thumb, 118 bytes, Stack size 0 bytes, oads_task.o(.text))
<BR><BR>[Calls]<UL><LI><a href="#[1a8]">&gt;&gt;</a>&nbsp;&nbsp;&nbsp;prf_env_get
<LI><a href="#[d7]">&gt;&gt;</a>&nbsp;&nbsp;&nbsp;uart0_printf
<LI><a href="#[1b4]">&gt;&gt;</a>&nbsp;&nbsp;&nbsp;gapc_get_conhdl
<LI><a href="#[11c]">&gt;&gt;</a>&nbsp;&nbsp;&nbsp;ke_state_get
<LI><a href="#[106]">&gt;&gt;</a>&nbsp;&nbsp;&nbsp;ke_msg_send
<LI><a href="#[105]">&gt;&gt;</a>&nbsp;&nbsp;&nbsp;ke_msg_alloc
</UL>
<BR>[Address Reference Count : 1]<UL><LI> oads_task.o(.constdata)
</UL>
<P><STRONG><a name="[77]"></a>oads_ffc1_upd_req_handler</STRONG> (Thumb, 12 bytes, Stack size 0 bytes, oads_task.o(.text))
<BR><BR>[Calls]<UL><LI><a href="#[d7]">&gt;&gt;</a>&nbsp;&nbsp;&nbsp;uart0_printf
</UL>
<BR>[Address Reference Count : 1]<UL><LI> oads_task.o(.constdata)
</UL>
<P><STRONG><a name="[78]"></a>oads_ffc2_upd_req_handler</STRONG> (Thumb, 16 bytes, Stack size 0 bytes, oads_task.o(.text))
<BR><BR>[Calls]<UL><LI><a href="#[d7]">&gt;&gt;</a>&nbsp;&nbsp;&nbsp;uart0_printf
</UL>
<BR>[Address Reference Count : 1]<UL><LI> oads_task.o(.constdata)
</UL>
<P><STRONG><a name="[79]"></a>gattc_write_req_ind_handler</STRONG> (Thumb, 278 bytes, Stack size 0 bytes, oads_task.o(.text))
<BR><BR>[Calls]<UL><LI><a href="#[1c1]">&gt;&gt;</a>&nbsp;&nbsp;&nbsp;oadImgBlockWrite
<LI><a href="#[1a8]">&gt;&gt;</a>&nbsp;&nbsp;&nbsp;prf_env_get
<LI><a href="#[113]">&gt;&gt;</a>&nbsp;&nbsp;&nbsp;oadImgIdentifyWrite
<LI><a href="#[d7]">&gt;&gt;</a>&nbsp;&nbsp;&nbsp;uart0_printf
<LI><a href="#[fe]">&gt;&gt;</a>&nbsp;&nbsp;&nbsp;__aeabi_memclr
<LI><a href="#[dc]">&gt;&gt;</a>&nbsp;&nbsp;&nbsp;__aeabi_memcpy
<LI><a href="#[11c]">&gt;&gt;</a>&nbsp;&nbsp;&nbsp;ke_state_get
<LI><a href="#[106]">&gt;&gt;</a>&nbsp;&nbsp;&nbsp;ke_msg_send
<LI><a href="#[105]">&gt;&gt;</a>&nbsp;&nbsp;&nbsp;ke_msg_alloc
</UL>
<BR>[Address Reference Count : 1]<UL><LI> oads_task.o(.constdata)
</UL>
<P><STRONG><a name="[7a]"></a>gattc_read_req_ind_handler</STRONG> (Thumb, 216 bytes, Stack size 0 bytes, oads_task.o(.text))
<BR><BR>[Calls]<UL><LI><a href="#[1a8]">&gt;&gt;</a>&nbsp;&nbsp;&nbsp;prf_env_get
<LI><a href="#[d7]">&gt;&gt;</a>&nbsp;&nbsp;&nbsp;uart0_printf
<LI><a href="#[fc]">&gt;&gt;</a>&nbsp;&nbsp;&nbsp;__aeabi_memclr4
<LI><a href="#[1c3]">&gt;&gt;</a>&nbsp;&nbsp;&nbsp;__aeabi_memcpy4
<LI><a href="#[dc]">&gt;&gt;</a>&nbsp;&nbsp;&nbsp;__aeabi_memcpy
<LI><a href="#[11c]">&gt;&gt;</a>&nbsp;&nbsp;&nbsp;ke_state_get
<LI><a href="#[106]">&gt;&gt;</a>&nbsp;&nbsp;&nbsp;ke_msg_send
<LI><a href="#[105]">&gt;&gt;</a>&nbsp;&nbsp;&nbsp;ke_msg_alloc
</UL>
<BR>[Address Reference Count : 1]<UL><LI> oads_task.o(.constdata)
</UL>
<P><STRONG><a name="[7b]"></a>gattc_cmp_evt_handler</STRONG> (Thumb, 4 bytes, Stack size 0 bytes, oads_task.o(.text))
<BR>[Address Reference Count : 1]<UL><LI> oads_task.o(.constdata)
</UL>
<P><STRONG><a name="[1ca]"></a>Delay_ms</STRONG> (Thumb, 26 bytes, Stack size 0 bytes, w25x40c.o(.text))
<BR><BR>[Called By]<UL><LI><a href="#[1d3]">&gt;&gt;</a>&nbsp;&nbsp;&nbsp;flash_device_write_page
<LI><a href="#[1d1]">&gt;&gt;</a>&nbsp;&nbsp;&nbsp;flash_device_read_data
<LI><a href="#[1c9]">&gt;&gt;</a>&nbsp;&nbsp;&nbsp;flash_device_chipID_get
</UL>

<P><STRONG><a name="[1db]"></a>Delay</STRONG> (Thumb, 20 bytes, Stack size 0 bytes, lcd360.o(.text))
<BR><BR>[Called By]<UL><LI><a href="#[ee]">&gt;&gt;</a>&nbsp;&nbsp;&nbsp;LCD_Init
</UL>

<P><STRONG><a name="[7d]"></a>f000s_f004_val_ntf_cfg_ind_handler</STRONG> (Thumb, 14 bytes, Stack size 0 bytes, app_f000.o(.text))
<BR><BR>[Calls]<UL><LI><a href="#[d7]">&gt;&gt;</a>&nbsp;&nbsp;&nbsp;uart0_printf
</UL>
<BR>[Address Reference Count : 1]<UL><LI> app_f000.o(.constdata)
</UL>
<P><STRONG><a name="[7e]"></a>f000s_f005_val_ind_cfg_ind_handler</STRONG> (Thumb, 14 bytes, Stack size 0 bytes, app_f000.o(.text))
<BR><BR>[Calls]<UL><LI><a href="#[d7]">&gt;&gt;</a>&nbsp;&nbsp;&nbsp;uart0_printf
</UL>
<BR>[Address Reference Count : 1]<UL><LI> app_f000.o(.constdata)
</UL>
<P><STRONG><a name="[7f]"></a>f004_val_upd_rsp_handler</STRONG> (Thumb, 16 bytes, Stack size 0 bytes, app_f000.o(.text))
<BR><BR>[Calls]<UL><LI><a href="#[d7]">&gt;&gt;</a>&nbsp;&nbsp;&nbsp;uart0_printf
</UL>
<BR>[Address Reference Count : 1]<UL><LI> app_f000.o(.constdata)
</UL>
<P><STRONG><a name="[80]"></a>f005_val_upd_rsp_handler</STRONG> (Thumb, 18 bytes, Stack size 0 bytes, app_f000.o(.text))
<BR><BR>[Calls]<UL><LI><a href="#[d7]">&gt;&gt;</a>&nbsp;&nbsp;&nbsp;uart0_printf
</UL>
<BR>[Address Reference Count : 1]<UL><LI> app_f000.o(.constdata)
</UL>
<P><STRONG><a name="[7c]"></a>app_f000_msg_dflt_handler</STRONG> (Thumb, 16 bytes, Stack size 0 bytes, app_f000.o(.text))
<BR><BR>[Calls]<UL><LI><a href="#[d7]">&gt;&gt;</a>&nbsp;&nbsp;&nbsp;uart0_printf
</UL>
<BR>[Address Reference Count : 1]<UL><LI> app_f000.o(.constdata)
</UL>
<P><STRONG><a name="[81]"></a>f002_writer_cmd_handler</STRONG> (Thumb, 102 bytes, Stack size 0 bytes, app_f000.o(.text))
<BR><BR>[Calls]<UL><LI><a href="#[d7]">&gt;&gt;</a>&nbsp;&nbsp;&nbsp;uart0_printf
<LI><a href="#[1e1]">&gt;&gt;</a>&nbsp;&nbsp;&nbsp;app_f005_send_ind
<LI><a href="#[1e0]">&gt;&gt;</a>&nbsp;&nbsp;&nbsp;app_f004_send_ntf
</UL>
<BR>[Address Reference Count : 1]<UL><LI> app_f000.o(.constdata)
</UL>
<P><STRONG><a name="[82]"></a>f003_writer_req_handler</STRONG> (Thumb, 50 bytes, Stack size 0 bytes, app_f000.o(.text))
<BR><BR>[Calls]<UL><LI><a href="#[d7]">&gt;&gt;</a>&nbsp;&nbsp;&nbsp;uart0_printf
</UL>
<BR>[Address Reference Count : 1]<UL><LI> app_f000.o(.constdata)
</UL>
<P><STRONG><a name="[83]"></a>f000s_init</STRONG> (Thumb, 234 bytes, Stack size 0 bytes, f000s.o(.text))
<BR><BR>[Calls]<UL><LI><a href="#[fc]">&gt;&gt;</a>&nbsp;&nbsp;&nbsp;__aeabi_memclr4
<LI><a href="#[dc]">&gt;&gt;</a>&nbsp;&nbsp;&nbsp;__aeabi_memcpy
<LI><a href="#[1ae]">&gt;&gt;</a>&nbsp;&nbsp;&nbsp;attm_att_set_permission
<LI><a href="#[1a2]">&gt;&gt;</a>&nbsp;&nbsp;&nbsp;attm_svc_create_db
<LI><a href="#[1a5]">&gt;&gt;</a>&nbsp;&nbsp;&nbsp;co_list_init
<LI><a href="#[100]">&gt;&gt;</a>&nbsp;&nbsp;&nbsp;ke_state_set
<LI><a href="#[1a7]">&gt;&gt;</a>&nbsp;&nbsp;&nbsp;ke_free
<LI><a href="#[1a3]">&gt;&gt;</a>&nbsp;&nbsp;&nbsp;ke_malloc
<LI><a href="#[1e2]">&gt;&gt;</a>&nbsp;&nbsp;&nbsp;f000s_task_init
</UL>
<BR>[Address Reference Count : 1]<UL><LI> f000s.o(.constdata)
</UL>
<P><STRONG><a name="[84]"></a>f000s_destroy</STRONG> (Thumb, 28 bytes, Stack size 0 bytes, f000s.o(.text))
<BR><BR>[Calls]<UL><LI><a href="#[1a7]">&gt;&gt;</a>&nbsp;&nbsp;&nbsp;ke_free
</UL>
<BR>[Address Reference Count : 1]<UL><LI> f000s.o(.constdata)
</UL>
<P><STRONG><a name="[85]"></a>f000s_create</STRONG> (Thumb, 18 bytes, Stack size 0 bytes, f000s.o(.text))
<BR>[Address Reference Count : 1]<UL><LI> f000s.o(.constdata)
</UL>
<P><STRONG><a name="[86]"></a>f000s_cleanup</STRONG> (Thumb, 18 bytes, Stack size 0 bytes, f000s.o(.text))
<BR>[Address Reference Count : 1]<UL><LI> f000s.o(.constdata)
</UL>
<P><STRONG><a name="[87]"></a>f000s_f004_val_upd_req_handler</STRONG> (Thumb, 92 bytes, Stack size 0 bytes, f000s_task.o(.text))
<BR><BR>[Calls]<UL><LI><a href="#[1a8]">&gt;&gt;</a>&nbsp;&nbsp;&nbsp;prf_env_get
<LI><a href="#[d7]">&gt;&gt;</a>&nbsp;&nbsp;&nbsp;uart0_printf
<LI><a href="#[11c]">&gt;&gt;</a>&nbsp;&nbsp;&nbsp;ke_state_get
<LI><a href="#[100]">&gt;&gt;</a>&nbsp;&nbsp;&nbsp;ke_state_set
<LI><a href="#[1e4]">&gt;&gt;</a>&nbsp;&nbsp;&nbsp;f000s_notify_f004_val
</UL>
<BR>[Address Reference Count : 1]<UL><LI> f000s_task.o(.constdata)
</UL>
<P><STRONG><a name="[88]"></a>f000s_f005_val_upd_req_handler</STRONG> (Thumb, 92 bytes, Stack size 0 bytes, f000s_task.o(.text))
<BR><BR>[Calls]<UL><LI><a href="#[1a8]">&gt;&gt;</a>&nbsp;&nbsp;&nbsp;prf_env_get
<LI><a href="#[d7]">&gt;&gt;</a>&nbsp;&nbsp;&nbsp;uart0_printf
<LI><a href="#[11c]">&gt;&gt;</a>&nbsp;&nbsp;&nbsp;ke_state_get
<LI><a href="#[100]">&gt;&gt;</a>&nbsp;&nbsp;&nbsp;ke_state_set
<LI><a href="#[1e5]">&gt;&gt;</a>&nbsp;&nbsp;&nbsp;f000s_indicate_f005_val
</UL>
<BR>[Address Reference Count : 1]<UL><LI> f000s_task.o(.constdata)
</UL>
<P><STRONG><a name="[89]"></a>gattc_att_info_req_ind_handler</STRONG> (Thumb, 102 bytes, Stack size 0 bytes, f000s_task.o(.text))
<BR><BR>[Calls]<UL><LI><a href="#[d7]">&gt;&gt;</a>&nbsp;&nbsp;&nbsp;uart0_printf
<LI><a href="#[106]">&gt;&gt;</a>&nbsp;&nbsp;&nbsp;ke_msg_send
<LI><a href="#[105]">&gt;&gt;</a>&nbsp;&nbsp;&nbsp;ke_msg_alloc
<LI><a href="#[1e6]">&gt;&gt;</a>&nbsp;&nbsp;&nbsp;f000s_get_att_idx
</UL>
<BR>[Address Reference Count : 1]<UL><LI> f000s_task.o(.constdata)
</UL>
<P><STRONG><a name="[8a]"></a>gattc_write_req_ind_handler</STRONG> (Thumb, 340 bytes, Stack size 0 bytes, f000s_task.o(.text))
<BR><BR>[Calls]<UL><LI><a href="#[1a8]">&gt;&gt;</a>&nbsp;&nbsp;&nbsp;prf_env_get
<LI><a href="#[16a]">&gt;&gt;</a>&nbsp;&nbsp;&nbsp;prf_dst_task_get
<LI><a href="#[d7]">&gt;&gt;</a>&nbsp;&nbsp;&nbsp;uart0_printf
<LI><a href="#[dc]">&gt;&gt;</a>&nbsp;&nbsp;&nbsp;__aeabi_memcpy
<LI><a href="#[106]">&gt;&gt;</a>&nbsp;&nbsp;&nbsp;ke_msg_send
<LI><a href="#[105]">&gt;&gt;</a>&nbsp;&nbsp;&nbsp;ke_msg_alloc
<LI><a href="#[1e6]">&gt;&gt;</a>&nbsp;&nbsp;&nbsp;f000s_get_att_idx
</UL>
<BR>[Address Reference Count : 1]<UL><LI> f000s_task.o(.constdata)
</UL>
<P><STRONG><a name="[8b]"></a>gattc_read_req_ind_handler</STRONG> (Thumb, 258 bytes, Stack size 0 bytes, f000s_task.o(.text))
<BR><BR>[Calls]<UL><LI><a href="#[1a8]">&gt;&gt;</a>&nbsp;&nbsp;&nbsp;prf_env_get
<LI><a href="#[d7]">&gt;&gt;</a>&nbsp;&nbsp;&nbsp;uart0_printf
<LI><a href="#[dc]">&gt;&gt;</a>&nbsp;&nbsp;&nbsp;__aeabi_memcpy
<LI><a href="#[106]">&gt;&gt;</a>&nbsp;&nbsp;&nbsp;ke_msg_send
<LI><a href="#[105]">&gt;&gt;</a>&nbsp;&nbsp;&nbsp;ke_msg_alloc
<LI><a href="#[1e6]">&gt;&gt;</a>&nbsp;&nbsp;&nbsp;f000s_get_att_idx
</UL>
<BR>[Address Reference Count : 1]<UL><LI> f000s_task.o(.constdata)
</UL>
<P><STRONG><a name="[8c]"></a>gattc_cmp_evt_handler</STRONG> (Thumb, 112 bytes, Stack size 0 bytes, f000s_task.o(.text))
<BR><BR>[Calls]<UL><LI><a href="#[1a8]">&gt;&gt;</a>&nbsp;&nbsp;&nbsp;prf_env_get
<LI><a href="#[16a]">&gt;&gt;</a>&nbsp;&nbsp;&nbsp;prf_dst_task_get
<LI><a href="#[d7]">&gt;&gt;</a>&nbsp;&nbsp;&nbsp;uart0_printf
<LI><a href="#[11c]">&gt;&gt;</a>&nbsp;&nbsp;&nbsp;ke_state_get
<LI><a href="#[100]">&gt;&gt;</a>&nbsp;&nbsp;&nbsp;ke_state_set
<LI><a href="#[106]">&gt;&gt;</a>&nbsp;&nbsp;&nbsp;ke_msg_send
<LI><a href="#[105]">&gt;&gt;</a>&nbsp;&nbsp;&nbsp;ke_msg_alloc
</UL>
<BR>[Address Reference Count : 1]<UL><LI> f000s_task.o(.constdata)
</UL>
<P><STRONG><a name="[8e]"></a>f020s_f024_val_ntf_cfg_ind_handler</STRONG> (Thumb, 14 bytes, Stack size 0 bytes, app_f020.o(.text))
<BR><BR>[Calls]<UL><LI><a href="#[d7]">&gt;&gt;</a>&nbsp;&nbsp;&nbsp;uart0_printf
</UL>
<BR>[Address Reference Count : 1]<UL><LI> app_f020.o(.constdata)
</UL>
<P><STRONG><a name="[8f]"></a>f020s_f025_val_ind_cfg_ind_handler</STRONG> (Thumb, 14 bytes, Stack size 0 bytes, app_f020.o(.text))
<BR><BR>[Calls]<UL><LI><a href="#[d7]">&gt;&gt;</a>&nbsp;&nbsp;&nbsp;uart0_printf
</UL>
<BR>[Address Reference Count : 1]<UL><LI> app_f020.o(.constdata)
</UL>
<P><STRONG><a name="[90]"></a>f024_val_upd_rsp_handler</STRONG> (Thumb, 16 bytes, Stack size 0 bytes, app_f020.o(.text))
<BR><BR>[Calls]<UL><LI><a href="#[d7]">&gt;&gt;</a>&nbsp;&nbsp;&nbsp;uart0_printf
</UL>
<BR>[Address Reference Count : 1]<UL><LI> app_f020.o(.constdata)
</UL>
<P><STRONG><a name="[91]"></a>f025_val_upd_rsp_handler</STRONG> (Thumb, 18 bytes, Stack size 0 bytes, app_f020.o(.text))
<BR><BR>[Calls]<UL><LI><a href="#[d7]">&gt;&gt;</a>&nbsp;&nbsp;&nbsp;uart0_printf
</UL>
<BR>[Address Reference Count : 1]<UL><LI> app_f020.o(.constdata)
</UL>
<P><STRONG><a name="[8d]"></a>app_f020_msg_dflt_handler</STRONG> (Thumb, 16 bytes, Stack size 0 bytes, app_f020.o(.text))
<BR><BR>[Calls]<UL><LI><a href="#[d7]">&gt;&gt;</a>&nbsp;&nbsp;&nbsp;uart0_printf
</UL>
<BR>[Address Reference Count : 1]<UL><LI> app_f020.o(.constdata)
</UL>
<P><STRONG><a name="[92]"></a>f022_writer_cmd_handler</STRONG> (Thumb, 102 bytes, Stack size 0 bytes, app_f020.o(.text))
<BR><BR>[Calls]<UL><LI><a href="#[d7]">&gt;&gt;</a>&nbsp;&nbsp;&nbsp;uart0_printf
<LI><a href="#[1e9]">&gt;&gt;</a>&nbsp;&nbsp;&nbsp;app_f025_send_ind
<LI><a href="#[1e8]">&gt;&gt;</a>&nbsp;&nbsp;&nbsp;app_f024_send_ntf
</UL>
<BR>[Address Reference Count : 1]<UL><LI> app_f020.o(.constdata)
</UL>
<P><STRONG><a name="[93]"></a>f023_writer_req_handler</STRONG> (Thumb, 50 bytes, Stack size 0 bytes, app_f020.o(.text))
<BR><BR>[Calls]<UL><LI><a href="#[d7]">&gt;&gt;</a>&nbsp;&nbsp;&nbsp;uart0_printf
</UL>
<BR>[Address Reference Count : 1]<UL><LI> app_f020.o(.constdata)
</UL>
<P><STRONG><a name="[94]"></a>f020s_init</STRONG> (Thumb, 232 bytes, Stack size 0 bytes, f020s.o(.text))
<BR><BR>[Calls]<UL><LI><a href="#[fc]">&gt;&gt;</a>&nbsp;&nbsp;&nbsp;__aeabi_memclr4
<LI><a href="#[dc]">&gt;&gt;</a>&nbsp;&nbsp;&nbsp;__aeabi_memcpy
<LI><a href="#[1ae]">&gt;&gt;</a>&nbsp;&nbsp;&nbsp;attm_att_set_permission
<LI><a href="#[1a2]">&gt;&gt;</a>&nbsp;&nbsp;&nbsp;attm_svc_create_db
<LI><a href="#[1a5]">&gt;&gt;</a>&nbsp;&nbsp;&nbsp;co_list_init
<LI><a href="#[100]">&gt;&gt;</a>&nbsp;&nbsp;&nbsp;ke_state_set
<LI><a href="#[1a7]">&gt;&gt;</a>&nbsp;&nbsp;&nbsp;ke_free
<LI><a href="#[1a3]">&gt;&gt;</a>&nbsp;&nbsp;&nbsp;ke_malloc
<LI><a href="#[1ea]">&gt;&gt;</a>&nbsp;&nbsp;&nbsp;f020s_task_init
</UL>
<BR>[Address Reference Count : 1]<UL><LI> f020s.o(.constdata)
</UL>
<P><STRONG><a name="[95]"></a>f020s_destroy</STRONG> (Thumb, 28 bytes, Stack size 0 bytes, f020s.o(.text))
<BR><BR>[Calls]<UL><LI><a href="#[1a7]">&gt;&gt;</a>&nbsp;&nbsp;&nbsp;ke_free
</UL>
<BR>[Address Reference Count : 1]<UL><LI> f020s.o(.constdata)
</UL>
<P><STRONG><a name="[96]"></a>f020s_create</STRONG> (Thumb, 18 bytes, Stack size 0 bytes, f020s.o(.text))
<BR>[Address Reference Count : 1]<UL><LI> f020s.o(.constdata)
</UL>
<P><STRONG><a name="[97]"></a>f020s_cleanup</STRONG> (Thumb, 18 bytes, Stack size 0 bytes, f020s.o(.text))
<BR>[Address Reference Count : 1]<UL><LI> f020s.o(.constdata)
</UL>
<P><STRONG><a name="[98]"></a>f020s_f024_val_upd_req_handler</STRONG> (Thumb, 92 bytes, Stack size 0 bytes, f020s_task.o(.text))
<BR><BR>[Calls]<UL><LI><a href="#[1a8]">&gt;&gt;</a>&nbsp;&nbsp;&nbsp;prf_env_get
<LI><a href="#[d7]">&gt;&gt;</a>&nbsp;&nbsp;&nbsp;uart0_printf
<LI><a href="#[11c]">&gt;&gt;</a>&nbsp;&nbsp;&nbsp;ke_state_get
<LI><a href="#[100]">&gt;&gt;</a>&nbsp;&nbsp;&nbsp;ke_state_set
<LI><a href="#[1ec]">&gt;&gt;</a>&nbsp;&nbsp;&nbsp;f020s_notify_f024_val
</UL>
<BR>[Address Reference Count : 1]<UL><LI> f020s_task.o(.constdata)
</UL>
<P><STRONG><a name="[99]"></a>f020s_f025_val_upd_req_handler</STRONG> (Thumb, 92 bytes, Stack size 0 bytes, f020s_task.o(.text))
<BR><BR>[Calls]<UL><LI><a href="#[1a8]">&gt;&gt;</a>&nbsp;&nbsp;&nbsp;prf_env_get
<LI><a href="#[d7]">&gt;&gt;</a>&nbsp;&nbsp;&nbsp;uart0_printf
<LI><a href="#[11c]">&gt;&gt;</a>&nbsp;&nbsp;&nbsp;ke_state_get
<LI><a href="#[100]">&gt;&gt;</a>&nbsp;&nbsp;&nbsp;ke_state_set
<LI><a href="#[1ed]">&gt;&gt;</a>&nbsp;&nbsp;&nbsp;f020s_indicate_f025_val
</UL>
<BR>[Address Reference Count : 1]<UL><LI> f020s_task.o(.constdata)
</UL>
<P><STRONG><a name="[9a]"></a>gattc_att_info_req_ind_handler</STRONG> (Thumb, 102 bytes, Stack size 0 bytes, f020s_task.o(.text))
<BR><BR>[Calls]<UL><LI><a href="#[d7]">&gt;&gt;</a>&nbsp;&nbsp;&nbsp;uart0_printf
<LI><a href="#[106]">&gt;&gt;</a>&nbsp;&nbsp;&nbsp;ke_msg_send
<LI><a href="#[105]">&gt;&gt;</a>&nbsp;&nbsp;&nbsp;ke_msg_alloc
<LI><a href="#[1ee]">&gt;&gt;</a>&nbsp;&nbsp;&nbsp;f020s_get_att_idx
</UL>
<BR>[Address Reference Count : 1]<UL><LI> f020s_task.o(.constdata)
</UL>
<P><STRONG><a name="[9b]"></a>gattc_write_req_ind_handler</STRONG> (Thumb, 340 bytes, Stack size 0 bytes, f020s_task.o(.text))
<BR><BR>[Calls]<UL><LI><a href="#[1a8]">&gt;&gt;</a>&nbsp;&nbsp;&nbsp;prf_env_get
<LI><a href="#[16a]">&gt;&gt;</a>&nbsp;&nbsp;&nbsp;prf_dst_task_get
<LI><a href="#[d7]">&gt;&gt;</a>&nbsp;&nbsp;&nbsp;uart0_printf
<LI><a href="#[dc]">&gt;&gt;</a>&nbsp;&nbsp;&nbsp;__aeabi_memcpy
<LI><a href="#[106]">&gt;&gt;</a>&nbsp;&nbsp;&nbsp;ke_msg_send
<LI><a href="#[105]">&gt;&gt;</a>&nbsp;&nbsp;&nbsp;ke_msg_alloc
<LI><a href="#[1ee]">&gt;&gt;</a>&nbsp;&nbsp;&nbsp;f020s_get_att_idx
</UL>
<BR>[Address Reference Count : 1]<UL><LI> f020s_task.o(.constdata)
</UL>
<P><STRONG><a name="[9c]"></a>gattc_read_req_ind_handler</STRONG> (Thumb, 258 bytes, Stack size 0 bytes, f020s_task.o(.text))
<BR><BR>[Calls]<UL><LI><a href="#[1a8]">&gt;&gt;</a>&nbsp;&nbsp;&nbsp;prf_env_get
<LI><a href="#[d7]">&gt;&gt;</a>&nbsp;&nbsp;&nbsp;uart0_printf
<LI><a href="#[dc]">&gt;&gt;</a>&nbsp;&nbsp;&nbsp;__aeabi_memcpy
<LI><a href="#[106]">&gt;&gt;</a>&nbsp;&nbsp;&nbsp;ke_msg_send
<LI><a href="#[105]">&gt;&gt;</a>&nbsp;&nbsp;&nbsp;ke_msg_alloc
<LI><a href="#[1ee]">&gt;&gt;</a>&nbsp;&nbsp;&nbsp;f020s_get_att_idx
</UL>
<BR>[Address Reference Count : 1]<UL><LI> f020s_task.o(.constdata)
</UL>
<P><STRONG><a name="[9d]"></a>gattc_cmp_evt_handler</STRONG> (Thumb, 112 bytes, Stack size 0 bytes, f020s_task.o(.text))
<BR><BR>[Calls]<UL><LI><a href="#[1a8]">&gt;&gt;</a>&nbsp;&nbsp;&nbsp;prf_env_get
<LI><a href="#[16a]">&gt;&gt;</a>&nbsp;&nbsp;&nbsp;prf_dst_task_get
<LI><a href="#[d7]">&gt;&gt;</a>&nbsp;&nbsp;&nbsp;uart0_printf
<LI><a href="#[11c]">&gt;&gt;</a>&nbsp;&nbsp;&nbsp;ke_state_get
<LI><a href="#[100]">&gt;&gt;</a>&nbsp;&nbsp;&nbsp;ke_state_set
<LI><a href="#[106]">&gt;&gt;</a>&nbsp;&nbsp;&nbsp;ke_msg_send
<LI><a href="#[105]">&gt;&gt;</a>&nbsp;&nbsp;&nbsp;ke_msg_alloc
</UL>
<BR>[Address Reference Count : 1]<UL><LI> f020s_task.o(.constdata)
</UL>
<P><STRONG><a name="[27]"></a>_printf_input_char</STRONG> (Thumb, 10 bytes, Stack size 0 bytes, _printf_char_common.o(.text))
<BR>[Address Reference Count : 1]<UL><LI> _printf_char_common.o(.text)
</UL>
<P><STRONG><a name="[1ff]"></a>_fp_digits</STRONG> (Thumb, 410 bytes, Stack size 0 bytes, _printf_fp_dec.o(.text))
<BR><BR>[Calls]<UL><LI><a href="#[1]">&gt;&gt;</a>&nbsp;&nbsp;&nbsp;__ieee_status (via BLX)
<LI><a href="#[203]">&gt;&gt;</a>&nbsp;&nbsp;&nbsp;_btod_emul (via BLX)
<LI><a href="#[202]">&gt;&gt;</a>&nbsp;&nbsp;&nbsp;_btod_ediv (via BLX)
<LI><a href="#[201]">&gt;&gt;</a>&nbsp;&nbsp;&nbsp;_btod_d2e (via BLX)
<LI><a href="#[200]">&gt;&gt;</a>&nbsp;&nbsp;&nbsp;_btod_etento
<LI><a href="#[1fa]">&gt;&gt;</a>&nbsp;&nbsp;&nbsp;_ll_udiv10 (via BLX)
</UL>
<BR>[Called By]<UL><LI><a href="#[204]">&gt;&gt;</a>&nbsp;&nbsp;&nbsp;_printf_fp_dec_real
</UL>
<P>
<H3>
Undefined Global Symbols
</H3>
<P><STRONG><a name="[20e]"></a>_call_atexit_fns</STRONG> (ARM, 0 bytes, Stack size 0 bytes, UNDEFINED)
<BR><BR>[Called By]<UL><LI><a href="#[d2]">&gt;&gt;</a>&nbsp;&nbsp;&nbsp;exit
</UL>

<P><STRONG><a name="[20a]"></a>_printf_mbtowc</STRONG> (ARM, 0 bytes, Stack size 0 bytes, UNDEFINED)
<BR><BR>[Called By]<UL><LI><a href="#[209]">&gt;&gt;</a>&nbsp;&nbsp;&nbsp;_printf_cs_common
</UL>

<P><STRONG><a name="[20c]"></a>_printf_wc</STRONG> (ARM, 0 bytes, Stack size 0 bytes, UNDEFINED)
<BR><BR>[Called By]<UL><LI><a href="#[20b]">&gt;&gt;</a>&nbsp;&nbsp;&nbsp;_printf_lcs_common
</UL>
<HR></body></html>
