<!doctype html public "-//w3c//dtd html 4.0 transitional//en">
<html><head>
<title>Static Call Graph - [.\obj\bk3633_app.axf]</title></head>
<body><HR>
<H1>Static Call Graph for image .\obj\bk3633_app.axf</H1><HR>
<BR><P>#&#060CALLGRAPH&#062# ARM Linker, 5060750: Last Updated: Fri Feb 26 09:06:41 2021
<BR><P>
<H3>Maximum Stack Usage =          0 bytes + Unknown(Cycles, Untraceable Function Pointers)</H3><H3>
Call chain for Maximum Stack Depth:</H3>

<P>
<H3>
Mutually Recursive functions
</H3> <LI><a href="#[d7]">enter_normal_app_mode</a>&nbsp;&nbsp;&nbsp;&rArr;&nbsp;&nbsp;&nbsp;<a href="#[d7]">enter_normal_app_mode</a><BR>
 <LI><a href="#[d4]">enter_dut_fcc_mode</a>&nbsp;&nbsp;&nbsp;&rArr;&nbsp;&nbsp;&nbsp;<a href="#[d4]">enter_dut_fcc_mode</a><BR>
</UL>
<P>
<H3>
Function Pointers
</H3><UL>
 <LI><a href="#[4]">DataAbort</a> from boot_vectors.o(SYS_BOOT) referenced from boot_vectors.o(SYS_BOOT)
 <LI><a href="#[7]">FIQ_Handler</a> from boot_vectors.o(SYS_BOOT) referenced from boot_vectors.o(SYS_BOOT)
 <LI><a href="#[6]">IRQ_Handler</a> from boot_vectors.o(SYS_BOOT) referenced from boot_vectors.o(SYS_BOOT)
 <LI><a href="#[3]">PrefetchAbort</a> from boot_vectors.o(SYS_BOOT) referenced from boot_vectors.o(SYS_BOOT)
 <LI><a href="#[2]">SoftwareInterrupt</a> from boot_vectors.o(SYS_BOOT) referenced from boot_vectors.o(SYS_BOOT)
 <LI><a href="#[1]">Undefined</a> from boot_vectors.o(SYS_BOOT) referenced from boot_vectors.o(SYS_BOOT)
 <LI><a href="#[23]">_sputc</a> from printfa.o(i._sputc) referenced from printfa.o(i.__0vsprintf)
 <LI><a href="#[50]">app_ancs_req_handler</a> from app_task.o(.text) referenced from app_task.o(.constdata)
 <LI><a href="#[2e]">app_batt_add_bas</a> from app_batt.o(.text) referenced from app.o(.constdata)
 <LI><a href="#[30]">app_batt_msg_dflt_handler</a> from app_batt.o(.text) referenced from app_batt.o(.constdata)
 <LI><a href="#[2d]">app_dis_add_dis</a> from app_dis.o(.text) referenced from app.o(.constdata)
 <LI><a href="#[28]">app_f000_add_f000s</a> from app_f000.o(.text) referenced from app.o(.constdata)
 <LI><a href="#[70]">app_f000_msg_dflt_handler</a> from app_f000.o(.text) referenced from app_f000.o(.constdata)
 <LI><a href="#[29]">app_f010_add_f010s</a> from app_f010.o(.text) referenced from app.o(.constdata)
 <LI><a href="#[81]">app_f010_msg_dflt_handler</a> from app_f010.o(.text) referenced from app_f010.o(.constdata)
 <LI><a href="#[2a]">app_f020_add_f020s</a> from app_f020.o(.text) referenced from app.o(.constdata)
 <LI><a href="#[92]">app_f020_msg_dflt_handler</a> from app_f020.o(.text) referenced from app_f020.o(.constdata)
 <LI><a href="#[2b]">app_f030_add_f030s</a> from app_f030.o(.text) referenced from app.o(.constdata)
 <LI><a href="#[a3]">app_f030_msg_dflt_handler</a> from app_f030.o(.text) referenced from app_f030.o(.constdata)
 <LI><a href="#[2c]">app_f040_add_f040s</a> from app_f040.o(.text) referenced from app.o(.constdata)
 <LI><a href="#[b4]">app_f040_msg_dflt_handler</a> from app_f040.o(.text) referenced from app_f040.o(.constdata)
 <LI><a href="#[37]">app_ffc1_writer_req_handler</a> from app_oads.o(.text) referenced from app_oads.o(.constdata)
 <LI><a href="#[39]">app_ffc2_writer_req_handler</a> from app_oads.o(.text) referenced from app_oads.o(.constdata)
 <LI><a href="#[52]">app_mtu_exchange_req_handler</a> from app_task.o(.text) referenced from app_task.o(.constdata)
 <LI><a href="#[2f]">app_oad_add_oads</a> from app_oads.o(.text) referenced from app.o(.constdata)
 <LI><a href="#[35]">app_oads_msg_dflt_handler</a> from app_oads.o(.text) referenced from app_oads.o(.constdata)
 <LI><a href="#[51]">app_period_timer_handler</a> from app_task.o(.text) referenced from app_task.o(.constdata)
 <LI><a href="#[3b]">app_sec_msg_dflt_handler</a> from app_sec.o(.text) referenced from app_sec.o(.constdata)
 <LI><a href="#[4f]">app_send_security_req_handler</a> from app_task.o(.text) referenced from app_task.o(.constdata)
 <LI><a href="#[4e]">app_update_conn_param_req_ind_handler</a> from app_task.o(.text) referenced from app_task.o(.constdata)
 <LI><a href="#[54]">app_xs_user</a> from app_task.o(.text) referenced from app_task.o(.constdata)
 <LI><a href="#[40]">appm_msg_handler</a> from app_task.o(.text) referenced from app_task.o(.constdata)
 <LI><a href="#[32]">bass_batt_level_ntf_cfg_ind_handler</a> from app_batt.o(.text) referenced from app_batt.o(.constdata)
 <LI><a href="#[61]">bass_batt_level_upd_req_handler</a> from bass_task.o(.text) referenced from bass_task.o(.constdata)
 <LI><a href="#[5f]">bass_cleanup</a> from bass.o(.text) referenced from bass.o(.constdata)
 <LI><a href="#[5e]">bass_create</a> from bass.o(.text) referenced from bass.o(.constdata)
 <LI><a href="#[5d]">bass_destroy</a> from bass.o(.text) referenced from bass.o(.constdata)
 <LI><a href="#[60]">bass_enable_req_handler</a> from bass_task.o(.text) referenced from bass_task.o(.constdata)
 <LI><a href="#[31]">bass_enable_rsp_handler</a> from app_batt.o(.text) referenced from app_batt.o(.constdata)
 <LI><a href="#[5c]">bass_init</a> from bass.o(.text) referenced from bass.o(.constdata)
 <LI><a href="#[33]">batt_level_upd_handler</a> from app_batt.o(.text) referenced from app_batt.o(.constdata)
 <LI><a href="#[58]">diss_cleanup</a> from diss.o(.text) referenced from diss.o(.constdata)
 <LI><a href="#[57]">diss_create</a> from diss.o(.text) referenced from diss.o(.constdata)
 <LI><a href="#[56]">diss_destroy</a> from diss.o(.text) referenced from diss.o(.constdata)
 <LI><a href="#[55]">diss_init</a> from diss.o(.text) referenced from diss.o(.constdata)
 <LI><a href="#[59]">diss_set_value_req_handler</a> from diss_task.o(.text) referenced from diss_task.o(.constdata)
 <LI><a href="#[5b]">diss_value_cfm_handler</a> from diss_task.o(.text) referenced from diss_task.o(.constdata)
 <LI><a href="#[34]">diss_value_req_ind_handler</a> from app_dis.o(.text) referenced from app_dis.o(.constdata)
 <LI><a href="#[7a]">f000s_cleanup</a> from f000s.o(.text) referenced from f000s.o(.constdata)
 <LI><a href="#[79]">f000s_create</a> from f000s.o(.text) referenced from f000s.o(.constdata)
 <LI><a href="#[78]">f000s_destroy</a> from f000s.o(.text) referenced from f000s.o(.constdata)
 <LI><a href="#[72]">f000s_f002_val_ind_cfg_ind_handler</a> from app_f000.o(.text) referenced from app_f000.o(.constdata)
 <LI><a href="#[7c]">f000s_f002_val_upd_req_handler</a> from f000s_task.o(.text) referenced from f000s_task.o(.constdata)
 <LI><a href="#[71]">f000s_f004_val_ntf_cfg_ind_handler</a> from app_f000.o(.text) referenced from app_f000.o(.constdata)
 <LI><a href="#[7b]">f000s_f004_val_upd_req_handler</a> from f000s_task.o(.text) referenced from f000s_task.o(.constdata)
 <LI><a href="#[77]">f000s_init</a> from f000s.o(.text) referenced from f000s.o(.constdata)
 <LI><a href="#[74]">f002_val_upd_rsp_handler</a> from app_f000.o(.text) referenced from app_f000.o(.constdata)
 <LI><a href="#[76]">f003_writer_req_handler</a> from app_f000.o(.text) referenced from app_f000.o(.constdata)
 <LI><a href="#[73]">f004_val_upd_rsp_handler</a> from app_f000.o(.text) referenced from app_f000.o(.constdata)
 <LI><a href="#[75]">f007_writer_cmd_handler</a> from app_f000.o(.text) referenced from app_f000.o(.constdata)
 <LI><a href="#[8b]">f010s_cleanup</a> from f010s.o(.text) referenced from f010s.o(.constdata)
 <LI><a href="#[8a]">f010s_create</a> from f010s.o(.text) referenced from f010s.o(.constdata)
 <LI><a href="#[89]">f010s_destroy</a> from f010s.o(.text) referenced from f010s.o(.constdata)
 <LI><a href="#[83]">f010s_f012_val_ind_cfg_ind_handler</a> from app_f010.o(.text) referenced from app_f010.o(.constdata)
 <LI><a href="#[8d]">f010s_f012_val_upd_req_handler</a> from f010s_task.o(.text) referenced from f010s_task.o(.constdata)
 <LI><a href="#[82]">f010s_f014_val_ntf_cfg_ind_handler</a> from app_f010.o(.text) referenced from app_f010.o(.constdata)
 <LI><a href="#[8c]">f010s_f014_val_upd_req_handler</a> from f010s_task.o(.text) referenced from f010s_task.o(.constdata)
 <LI><a href="#[88]">f010s_init</a> from f010s.o(.text) referenced from f010s.o(.constdata)
 <LI><a href="#[85]">f012_val_upd_rsp_handler</a> from app_f010.o(.text) referenced from app_f010.o(.constdata)
 <LI><a href="#[87]">f013_writer_req_handler</a> from app_f010.o(.text) referenced from app_f010.o(.constdata)
 <LI><a href="#[84]">f014_val_upd_rsp_handler</a> from app_f010.o(.text) referenced from app_f010.o(.constdata)
 <LI><a href="#[86]">f017_writer_cmd_handler</a> from app_f010.o(.text) referenced from app_f010.o(.constdata)
 <LI><a href="#[9c]">f020s_cleanup</a> from f020s.o(.text) referenced from f020s.o(.constdata)
 <LI><a href="#[9b]">f020s_create</a> from f020s.o(.text) referenced from f020s.o(.constdata)
 <LI><a href="#[9a]">f020s_destroy</a> from f020s.o(.text) referenced from f020s.o(.constdata)
 <LI><a href="#[93]">f020s_f024_val_ntf_cfg_ind_handler</a> from app_f020.o(.text) referenced from app_f020.o(.constdata)
 <LI><a href="#[9d]">f020s_f024_val_upd_req_handler</a> from f020s_task.o(.text) referenced from f020s_task.o(.constdata)
 <LI><a href="#[94]">f020s_f026_val_ind_cfg_ind_handler</a> from app_f020.o(.text) referenced from app_f020.o(.constdata)
 <LI><a href="#[9e]">f020s_f026_val_upd_req_handler</a> from f020s_task.o(.text) referenced from f020s_task.o(.constdata)
 <LI><a href="#[99]">f020s_init</a> from f020s.o(.text) referenced from f020s.o(.constdata)
 <LI><a href="#[97]">f022_writer_cmd_handler</a> from app_f020.o(.text) referenced from app_f020.o(.constdata)
 <LI><a href="#[98]">f023_writer_req_handler</a> from app_f020.o(.text) referenced from app_f020.o(.constdata)
 <LI><a href="#[95]">f024_val_upd_rsp_handler</a> from app_f020.o(.text) referenced from app_f020.o(.constdata)
 <LI><a href="#[96]">f026_val_upd_rsp_handler</a> from app_f020.o(.text) referenced from app_f020.o(.constdata)
 <LI><a href="#[ad]">f030s_cleanup</a> from f030s.o(.text) referenced from f030s.o(.constdata)
 <LI><a href="#[ac]">f030s_create</a> from f030s.o(.text) referenced from f030s.o(.constdata)
 <LI><a href="#[ab]">f030s_destroy</a> from f030s.o(.text) referenced from f030s.o(.constdata)
 <LI><a href="#[a4]">f030s_f032_val_ntf_cfg_ind_handler</a> from app_f030.o(.text) referenced from app_f030.o(.constdata)
 <LI><a href="#[ae]">f030s_f032_val_upd_req_handler</a> from f030s_task.o(.text) referenced from f030s_task.o(.constdata)
 <LI><a href="#[a5]">f030s_f034_val_ind_cfg_ind_handler</a> from app_f030.o(.text) referenced from app_f030.o(.constdata)
 <LI><a href="#[af]">f030s_f034_val_upd_req_handler</a> from f030s_task.o(.text) referenced from f030s_task.o(.constdata)
 <LI><a href="#[aa]">f030s_init</a> from f030s.o(.text) referenced from f030s.o(.constdata)
 <LI><a href="#[a6]">f032_val_upd_rsp_handler</a> from app_f030.o(.text) referenced from app_f030.o(.constdata)
 <LI><a href="#[a9]">f033_writer_req_handler</a> from app_f030.o(.text) referenced from app_f030.o(.constdata)
 <LI><a href="#[a7]">f034_val_upd_rsp_handler</a> from app_f030.o(.text) referenced from app_f030.o(.constdata)
 <LI><a href="#[a8]">f035_writer_cmd_handler</a> from app_f030.o(.text) referenced from app_f030.o(.constdata)
 <LI><a href="#[be]">f040s_cleanup</a> from f040s.o(.text) referenced from f040s.o(.constdata)
 <LI><a href="#[bd]">f040s_create</a> from f040s.o(.text) referenced from f040s.o(.constdata)
 <LI><a href="#[bc]">f040s_destroy</a> from f040s.o(.text) referenced from f040s.o(.constdata)
 <LI><a href="#[b6]">f040s_f041_val_ind_cfg_ind_handler</a> from app_f040.o(.text) referenced from app_f040.o(.constdata)
 <LI><a href="#[c0]">f040s_f041_val_upd_req_handler</a> from f040s_task.o(.text) referenced from f040s_task.o(.constdata)
 <LI><a href="#[b5]">f040s_f044_val_ntf_cfg_ind_handler</a> from app_f040.o(.text) referenced from app_f040.o(.constdata)
 <LI><a href="#[bf]">f040s_f044_val_upd_req_handler</a> from f040s_task.o(.text) referenced from f040s_task.o(.constdata)
 <LI><a href="#[bb]">f040s_init</a> from f040s.o(.text) referenced from f040s.o(.constdata)
 <LI><a href="#[b8]">f041_val_upd_rsp_handler</a> from app_f040.o(.text) referenced from app_f040.o(.constdata)
 <LI><a href="#[b9]">f042_writer_cmd_handler</a> from app_f040.o(.text) referenced from app_f040.o(.constdata)
 <LI><a href="#[ba]">f043_writer_req_handler</a> from app_f040.o(.text) referenced from app_f040.o(.constdata)
 <LI><a href="#[b7]">f044_val_upd_rsp_handler</a> from app_f040.o(.text) referenced from app_f040.o(.constdata)
 <LI><a href="#[3d]">gapc_bond_ind_handler</a> from app_sec.o(.text) referenced from app_sec.o(.constdata)
 <LI><a href="#[3c]">gapc_bond_req_ind_handler</a> from app_sec.o(.text) referenced from app_sec.o(.constdata)
 <LI><a href="#[4a]">gapc_cmp_evt_handler</a> from app_task.o(.text) referenced from app_task.o(.constdata)
 <LI><a href="#[48]">gapc_connection_req_ind_handler</a> from app_task.o(.text) referenced from app_task.o(.constdata)
 <LI><a href="#[4b]">gapc_disconnect_ind_handler</a> from app_task.o(.text) referenced from app_task.o(.constdata)
 <LI><a href="#[3f]">gapc_encrypt_ind_handler</a> from app_sec.o(.text) referenced from app_sec.o(.constdata)
 <LI><a href="#[3e]">gapc_encrypt_req_ind_handler</a> from app_sec.o(.text) referenced from app_sec.o(.constdata)
 <LI><a href="#[46]">gapc_get_dev_info_req_ind_handler</a> from app_task.o(.text) referenced from app_task.o(.constdata)
 <LI><a href="#[53]">gapc_le_phy_ind_handler</a> from app_task.o(.text) referenced from app_task.o(.constdata)
 <LI><a href="#[49]">gapc_param_update_req_ind_handler</a> from app_task.o(.text) referenced from app_task.o(.constdata)
 <LI><a href="#[4c]">gapc_param_updated_ind_handler</a> from app_task.o(.text) referenced from app_task.o(.constdata)
 <LI><a href="#[47]">gapc_set_dev_info_req_ind_handler</a> from app_task.o(.text) referenced from app_task.o(.constdata)
 <LI><a href="#[42]">gapm_activity_created_ind_handler</a> from app_task.o(.text) referenced from app_task.o(.constdata)
 <LI><a href="#[43]">gapm_activity_stopped_ind_handler</a> from app_task.o(.text) referenced from app_task.o(.constdata)
 <LI><a href="#[44]">gapm_cmp_evt_handler</a> from app_task.o(.text) referenced from app_task.o(.constdata)
 <LI><a href="#[45]">gapm_gen_rand_nb_ind_handler</a> from app_task.o(.text) referenced from app_task.o(.constdata)
 <LI><a href="#[41]">gapm_profile_added_ind_handler</a> from app_task.o(.text) referenced from app_task.o(.constdata)
 <LI><a href="#[62]">gattc_att_info_req_ind_handler</a> from bass_task.o(.text) referenced 6 times from bass_task.o(.constdata)
 <LI><a href="#[65]">gattc_cmp_evt_handler</a> from bass_task.o(.text) referenced 7 times from bass_task.o(.constdata)
 <LI><a href="#[4d]">gattc_mtu_changed_ind_handler</a> from app_task.o(.text) referenced from app_task.o(.constdata)
 <LI><a href="#[5a]">gattc_read_req_ind_handler</a> from diss_task.o(.text) referenced 8 times from diss_task.o(.constdata)
 <LI><a href="#[63]">gattc_write_req_ind_handler</a> from bass_task.o(.text) referenced 7 times from bass_task.o(.constdata)
 <LI><a href="#[8]">main</a> from main.o(.text) referenced from entry9a.o(.ARM.Collect$$$$0000000B)
 <LI><a href="#[16]">nvds_del</a> from nvds.o(.text) referenced from rwip.o(.text)
 <LI><a href="#[19]">nvds_erase</a> from nvds.o(.text) referenced from nvds.o(.text)
 <LI><a href="#[14]">nvds_get</a> from nvds.o(.text) referenced from rwip.o(.text)
 <LI><a href="#[15]">nvds_put</a> from nvds.o(.text) referenced from rwip.o(.text)
 <LI><a href="#[17]">nvds_read</a> from nvds.o(.text) referenced from nvds.o(.text)
 <LI><a href="#[18]">nvds_write</a> from nvds.o(.text) referenced from nvds.o(.text)
 <LI><a href="#[69]">oads_cleanup</a> from oads.o(.text) referenced from oads.o(.constdata)
 <LI><a href="#[68]">oads_create</a> from oads.o(.text) referenced from oads.o(.constdata)
 <LI><a href="#[67]">oads_destroy</a> from oads.o(.text) referenced from oads.o(.constdata)
 <LI><a href="#[6a]">oads_enable_req_handler</a> from oads_task.o(.text) referenced from oads_task.o(.constdata)
 <LI><a href="#[36]">oads_enable_rsp_handler</a> from app_oads.o(.text) referenced from app_oads.o(.constdata)
 <LI><a href="#[6b]">oads_ffc1_upd_req_handler</a> from oads_task.o(.text) referenced from oads_task.o(.constdata)
 <LI><a href="#[38]">oads_ffc1_upd_rsp_handler</a> from app_oads.o(.text) referenced from app_oads.o(.constdata)
 <LI><a href="#[6c]">oads_ffc2_upd_req_handler</a> from oads_task.o(.text) referenced from oads_task.o(.constdata)
 <LI><a href="#[3a]">oads_ffc2_upd_rsp_handler</a> from app_oads.o(.text) referenced from app_oads.o(.constdata)
 <LI><a href="#[66]">oads_init</a> from oads.o(.text) referenced from oads.o(.constdata)
 <LI><a href="#[10]">platform_reset</a> from main.o(.text) referenced from main.o(.text)
 <LI><a href="#[e]">prf_add_profile</a> from prf.o(.text) referenced from main.o(.text)
 <LI><a href="#[d]">prf_cleanup</a> from prf.o(.text) referenced from main.o(.text)
 <LI><a href="#[c]">prf_create</a> from prf.o(.text) referenced from main.o(.text)
 <LI><a href="#[9]">prf_get_id_from_task</a> from prf.o(.text) referenced from main.o(.text)
 <LI><a href="#[a]">prf_get_task_from_id</a> from prf.o(.text) referenced from main.o(.text)
 <LI><a href="#[b]">prf_init</a> from prf.o(.text) referenced from main.o(.text)
 <LI><a href="#[1f]">rf_force_agc_enable</a> from rf_xvr.o(.text) referenced from rf_xvr.o(.text)
 <LI><a href="#[1e]">rf_reset</a> from rf_xvr.o(.text) referenced from rf_xvr.o(.text)
 <LI><a href="#[1a]">rf_rpl_reg_rd</a> from rf_xvr.o(.text) referenced from rf_xvr.o(.text)
 <LI><a href="#[1b]">rf_rpl_reg_wr</a> from rf_xvr.o(.text) referenced from rf_xvr.o(.text)
 <LI><a href="#[20]">rf_rssi_convert</a> from rf_xvr.o(.text) referenced from rf_xvr.o(.text)
 <LI><a href="#[1d]">rf_sleep</a> from rf_xvr.o(.text) referenced from rf_xvr.o(.text)
 <LI><a href="#[21]">rf_txpwr_cs_get</a> from rf_xvr.o(.text) referenced from rf_xvr.o(.text)
 <LI><a href="#[1c]">rf_txpwr_dbm_get</a> from rf_xvr.o(.text) referenced from rf_xvr.o(.text)
 <LI><a href="#[11]">rwble_sleep_wakeup_end</a> from rwble.o(.text) referenced from main.o(.text)
 <LI><a href="#[13]">rwip_crypt_evt_handler</a> from rwip.o(.text) referenced from rwip.o(.text)
 <LI><a href="#[f]">rwip_reset</a> from rwip.o(.text) referenced from main.o(.text)
 <LI><a href="#[c5]">sys_Reset</a> from boot_handlers.o(SYS_BOOT) referenced from boot_vectors.o(SYS_BOOT)
 <LI><a href="#[5]">sys_reserved</a> from boot_vectors.o(SYS_BOOT) referenced from boot_vectors.o(SYS_BOOT)
 <LI><a href="#[12]">uart2_printf</a> from uart2.o(.text) referenced from main.o(.text)
 <LI><a href="#[27]">uart_flow_off</a> from uart.o(.text) referenced from main.o(.constdata)
 <LI><a href="#[26]">uart_flow_on</a> from uart.o(.text) referenced from main.o(.constdata)
 <LI><a href="#[24]">uart_read</a> from uart.o(.text) referenced from main.o(.constdata)
 <LI><a href="#[22]">uart_send</a> from uart.o(.text) referenced from uart.o(.text)
 <LI><a href="#[25]">uart_write</a> from uart.o(.text) referenced from main.o(.constdata)
</UL>
<P>
<H3>
Global Symbols
</H3>
<P><STRONG><a name="[222]"></a>Undefined_Exception</STRONG> (Thumb, 0 bytes, Stack size 0 bytes, peripheral_stack_symbol.txt(ABSOLUTE))
<BR><BR>[Called By]<UL><LI><a href="#[1]">&gt;&gt;</a>&nbsp;&nbsp;&nbsp;Undefined (via Veneer)
</UL>

<P><STRONG><a name="[223]"></a>SoftwareInterrupt_Exception</STRONG> (Thumb, 0 bytes, Stack size 0 bytes, peripheral_stack_symbol.txt(ABSOLUTE))
<BR><BR>[Called By]<UL><LI><a href="#[2]">&gt;&gt;</a>&nbsp;&nbsp;&nbsp;SoftwareInterrupt (via Veneer)
</UL>

<P><STRONG><a name="[224]"></a>PrefetchAbort_Exception</STRONG> (Thumb, 0 bytes, Stack size 0 bytes, peripheral_stack_symbol.txt(ABSOLUTE))
<BR><BR>[Called By]<UL><LI><a href="#[3]">&gt;&gt;</a>&nbsp;&nbsp;&nbsp;PrefetchAbort (via Veneer)
</UL>

<P><STRONG><a name="[225]"></a>DataAbort_Exception</STRONG> (Thumb, 0 bytes, Stack size 0 bytes, peripheral_stack_symbol.txt(ABSOLUTE))
<BR><BR>[Called By]<UL><LI><a href="#[4]">&gt;&gt;</a>&nbsp;&nbsp;&nbsp;DataAbort (via Veneer)
</UL>

<P><STRONG><a name="[226]"></a>Reserved_Exception</STRONG> (Thumb, 0 bytes, Stack size 0 bytes, peripheral_stack_symbol.txt(ABSOLUTE))
<BR><BR>[Called By]<UL><LI><a href="#[5]">&gt;&gt;</a>&nbsp;&nbsp;&nbsp;sys_reserved (via Veneer)
</UL>

<P><STRONG><a name="[136]"></a>ecc_init</STRONG> (Thumb, 0 bytes, Stack size 0 bytes, peripheral_stack_symbol.txt(ABSOLUTE))
<BR><BR>[Called By]<UL><LI><a href="#[f]">&gt;&gt;</a>&nbsp;&nbsp;&nbsp;rwip_reset
<LI><a href="#[ef]">&gt;&gt;</a>&nbsp;&nbsp;&nbsp;rwip_init
</UL>

<P><STRONG><a name="[138]"></a>h4tl_init</STRONG> (Thumb, 0 bytes, Stack size 0 bytes, peripheral_stack_symbol.txt(ABSOLUTE))
<BR><BR>[Called By]<UL><LI><a href="#[ef]">&gt;&gt;</a>&nbsp;&nbsp;&nbsp;rwip_init
</UL>

<P><STRONG><a name="[146]"></a>h4tl_start</STRONG> (Thumb, 0 bytes, Stack size 0 bytes, peripheral_stack_symbol.txt(ABSOLUTE))
<BR><BR>[Called By]<UL><LI><a href="#[144]">&gt;&gt;</a>&nbsp;&nbsp;&nbsp;rwip_wakeup
</UL>

<P><STRONG><a name="[14d]"></a>h4tl_stop</STRONG> (Thumb, 0 bytes, Stack size 0 bytes, peripheral_stack_symbol.txt(ABSOLUTE))
<BR><BR>[Called By]<UL><LI><a href="#[da]">&gt;&gt;</a>&nbsp;&nbsp;&nbsp;rwip_sleep
</UL>

<P><STRONG><a name="[133]"></a>ke_init</STRONG> (Thumb, 0 bytes, Stack size 0 bytes, peripheral_stack_symbol.txt(ABSOLUTE))
<BR><BR>[Called By]<UL><LI><a href="#[ef]">&gt;&gt;</a>&nbsp;&nbsp;&nbsp;rwip_init
</UL>

<P><STRONG><a name="[142]"></a>ke_flush</STRONG> (Thumb, 0 bytes, Stack size 0 bytes, peripheral_stack_symbol.txt(ABSOLUTE))
<BR><BR>[Called By]<UL><LI><a href="#[f]">&gt;&gt;</a>&nbsp;&nbsp;&nbsp;rwip_reset
</UL>

<P><STRONG><a name="[14b]"></a>ke_sleep_check</STRONG> (Thumb, 0 bytes, Stack size 0 bytes, peripheral_stack_symbol.txt(ABSOLUTE))
<BR><BR>[Called By]<UL><LI><a href="#[da]">&gt;&gt;</a>&nbsp;&nbsp;&nbsp;rwip_sleep
</UL>

<P><STRONG><a name="[130]"></a>ke_event_callback_set</STRONG> (Thumb, 0 bytes, Stack size 0 bytes, peripheral_stack_symbol.txt(ABSOLUTE))
<BR><BR>[Called By]<UL><LI><a href="#[12f]">&gt;&gt;</a>&nbsp;&nbsp;&nbsp;rwip_driver_init
</UL>

<P><STRONG><a name="[128]"></a>ke_event_set</STRONG> (Thumb, 0 bytes, Stack size 0 bytes, peripheral_stack_symbol.txt(ABSOLUTE))
<BR><BR>[Called By]<UL><LI><a href="#[12d]">&gt;&gt;</a>&nbsp;&nbsp;&nbsp;rwip_crypt_isr_handler
<LI><a href="#[127]">&gt;&gt;</a>&nbsp;&nbsp;&nbsp;rwip_timer_10ms_handler
</UL>

<P><STRONG><a name="[12b]"></a>ke_event_clear</STRONG> (Thumb, 0 bytes, Stack size 0 bytes, peripheral_stack_symbol.txt(ABSOLUTE))
<BR><BR>[Called By]<UL><LI><a href="#[13]">&gt;&gt;</a>&nbsp;&nbsp;&nbsp;rwip_crypt_evt_handler
</UL>

<P><STRONG><a name="[143]"></a>ke_event_schedule</STRONG> (Thumb, 0 bytes, Stack size 0 bytes, peripheral_stack_symbol.txt(ABSOLUTE))
<BR><BR>[Called By]<UL><LI><a href="#[d5]">&gt;&gt;</a>&nbsp;&nbsp;&nbsp;rwip_schedule
</UL>

<P><STRONG><a name="[134]"></a>ke_mem_init</STRONG> (Thumb, 0 bytes, Stack size 0 bytes, peripheral_stack_symbol.txt(ABSOLUTE))
<BR><BR>[Called By]<UL><LI><a href="#[ef]">&gt;&gt;</a>&nbsp;&nbsp;&nbsp;rwip_init
</UL>

<P><STRONG><a name="[191]"></a>ke_malloc</STRONG> (Thumb, 0 bytes, Stack size 0 bytes, peripheral_stack_symbol.txt(ABSOLUTE))
<BR><BR>[Called By]<UL><LI><a href="#[88]">&gt;&gt;</a>&nbsp;&nbsp;&nbsp;f010s_init
<LI><a href="#[77]">&gt;&gt;</a>&nbsp;&nbsp;&nbsp;f000s_init
<LI><a href="#[66]">&gt;&gt;</a>&nbsp;&nbsp;&nbsp;oads_init
<LI><a href="#[5c]">&gt;&gt;</a>&nbsp;&nbsp;&nbsp;bass_init
<LI><a href="#[59]">&gt;&gt;</a>&nbsp;&nbsp;&nbsp;diss_set_value_req_handler
<LI><a href="#[55]">&gt;&gt;</a>&nbsp;&nbsp;&nbsp;diss_init
<LI><a href="#[bb]">&gt;&gt;</a>&nbsp;&nbsp;&nbsp;f040s_init
<LI><a href="#[aa]">&gt;&gt;</a>&nbsp;&nbsp;&nbsp;f030s_init
<LI><a href="#[99]">&gt;&gt;</a>&nbsp;&nbsp;&nbsp;f020s_init
</UL>

<P><STRONG><a name="[195]"></a>ke_free</STRONG> (Thumb, 0 bytes, Stack size 0 bytes, peripheral_stack_symbol.txt(ABSOLUTE))
<BR><BR>[Called By]<UL><LI><a href="#[88]">&gt;&gt;</a>&nbsp;&nbsp;&nbsp;f010s_init
<LI><a href="#[78]">&gt;&gt;</a>&nbsp;&nbsp;&nbsp;f000s_destroy
<LI><a href="#[77]">&gt;&gt;</a>&nbsp;&nbsp;&nbsp;f000s_init
<LI><a href="#[67]">&gt;&gt;</a>&nbsp;&nbsp;&nbsp;oads_destroy
<LI><a href="#[1a3]">&gt;&gt;</a>&nbsp;&nbsp;&nbsp;bass_exe_operation
<LI><a href="#[5d]">&gt;&gt;</a>&nbsp;&nbsp;&nbsp;bass_destroy
<LI><a href="#[5c]">&gt;&gt;</a>&nbsp;&nbsp;&nbsp;bass_init
<LI><a href="#[59]">&gt;&gt;</a>&nbsp;&nbsp;&nbsp;diss_set_value_req_handler
<LI><a href="#[56]">&gt;&gt;</a>&nbsp;&nbsp;&nbsp;diss_destroy
<LI><a href="#[bc]">&gt;&gt;</a>&nbsp;&nbsp;&nbsp;f040s_destroy
<LI><a href="#[bb]">&gt;&gt;</a>&nbsp;&nbsp;&nbsp;f040s_init
<LI><a href="#[ab]">&gt;&gt;</a>&nbsp;&nbsp;&nbsp;f030s_destroy
<LI><a href="#[aa]">&gt;&gt;</a>&nbsp;&nbsp;&nbsp;f030s_init
<LI><a href="#[9a]">&gt;&gt;</a>&nbsp;&nbsp;&nbsp;f020s_destroy
<LI><a href="#[99]">&gt;&gt;</a>&nbsp;&nbsp;&nbsp;f020s_init
<LI><a href="#[89]">&gt;&gt;</a>&nbsp;&nbsp;&nbsp;f010s_destroy
</UL>

<P><STRONG><a name="[f4]"></a>ke_msg_alloc</STRONG> (Thumb, 0 bytes, Stack size 0 bytes, peripheral_stack_symbol.txt(ABSOLUTE))
<BR><BR>[Called By]<UL><LI><a href="#[1ba]">&gt;&gt;</a>&nbsp;&nbsp;&nbsp;app_f012_send_ind
<LI><a href="#[1b9]">&gt;&gt;</a>&nbsp;&nbsp;&nbsp;app_f014_send_ntf
<LI><a href="#[80]">&gt;&gt;</a>&nbsp;&nbsp;&nbsp;gattc_cmp_evt_handler
<LI><a href="#[7f]">&gt;&gt;</a>&nbsp;&nbsp;&nbsp;gattc_read_req_ind_handler
<LI><a href="#[7e]">&gt;&gt;</a>&nbsp;&nbsp;&nbsp;gattc_write_req_ind_handler
<LI><a href="#[7d]">&gt;&gt;</a>&nbsp;&nbsp;&nbsp;gattc_att_info_req_ind_handler
<LI><a href="#[1b6]">&gt;&gt;</a>&nbsp;&nbsp;&nbsp;f000s_indicate_f002_val
<LI><a href="#[1b4]">&gt;&gt;</a>&nbsp;&nbsp;&nbsp;f000s_notify_f004_val
<LI><a href="#[1b2]">&gt;&gt;</a>&nbsp;&nbsp;&nbsp;app_f002_send_ind
<LI><a href="#[1b1]">&gt;&gt;</a>&nbsp;&nbsp;&nbsp;app_f004_send_ntf
<LI><a href="#[6e]">&gt;&gt;</a>&nbsp;&nbsp;&nbsp;gattc_read_req_ind_handler
<LI><a href="#[6d]">&gt;&gt;</a>&nbsp;&nbsp;&nbsp;gattc_write_req_ind_handler
<LI><a href="#[6a]">&gt;&gt;</a>&nbsp;&nbsp;&nbsp;oads_enable_req_handler
<LI><a href="#[1ac]">&gt;&gt;</a>&nbsp;&nbsp;&nbsp;oadImgBlockReq
<LI><a href="#[1ab]">&gt;&gt;</a>&nbsp;&nbsp;&nbsp;oadImgIdentifyReq
<LI><a href="#[64]">&gt;&gt;</a>&nbsp;&nbsp;&nbsp;gattc_read_req_ind_handler
<LI><a href="#[63]">&gt;&gt;</a>&nbsp;&nbsp;&nbsp;gattc_write_req_ind_handler
<LI><a href="#[62]">&gt;&gt;</a>&nbsp;&nbsp;&nbsp;gattc_att_info_req_ind_handler
<LI><a href="#[61]">&gt;&gt;</a>&nbsp;&nbsp;&nbsp;bass_batt_level_upd_req_handler
<LI><a href="#[60]">&gt;&gt;</a>&nbsp;&nbsp;&nbsp;bass_enable_req_handler
<LI><a href="#[1a3]">&gt;&gt;</a>&nbsp;&nbsp;&nbsp;bass_exe_operation
<LI><a href="#[1a0]">&gt;&gt;</a>&nbsp;&nbsp;&nbsp;bass_notify_batt_lvl
<LI><a href="#[5b]">&gt;&gt;</a>&nbsp;&nbsp;&nbsp;diss_value_cfm_handler
<LI><a href="#[5a]">&gt;&gt;</a>&nbsp;&nbsp;&nbsp;gattc_read_req_ind_handler
<LI><a href="#[59]">&gt;&gt;</a>&nbsp;&nbsp;&nbsp;diss_set_value_req_handler
<LI><a href="#[52]">&gt;&gt;</a>&nbsp;&nbsp;&nbsp;app_mtu_exchange_req_handler
<LI><a href="#[49]">&gt;&gt;</a>&nbsp;&nbsp;&nbsp;gapc_param_update_req_ind_handler
<LI><a href="#[48]">&gt;&gt;</a>&nbsp;&nbsp;&nbsp;gapc_connection_req_ind_handler
<LI><a href="#[47]">&gt;&gt;</a>&nbsp;&nbsp;&nbsp;gapc_set_dev_info_req_ind_handler
<LI><a href="#[46]">&gt;&gt;</a>&nbsp;&nbsp;&nbsp;gapc_get_dev_info_req_ind_handler
<LI><a href="#[44]">&gt;&gt;</a>&nbsp;&nbsp;&nbsp;gapm_cmp_evt_handler
<LI><a href="#[112]">&gt;&gt;</a>&nbsp;&nbsp;&nbsp;app_sec_send_security_req
<LI><a href="#[3e]">&gt;&gt;</a>&nbsp;&nbsp;&nbsp;gapc_encrypt_req_ind_handler
<LI><a href="#[3c]">&gt;&gt;</a>&nbsp;&nbsp;&nbsp;gapc_bond_req_ind_handler
<LI><a href="#[110]">&gt;&gt;</a>&nbsp;&nbsp;&nbsp;app_ffc2_ntf_req
<LI><a href="#[10f]">&gt;&gt;</a>&nbsp;&nbsp;&nbsp;app_ffc1_ntf_req
<LI><a href="#[10d]">&gt;&gt;</a>&nbsp;&nbsp;&nbsp;app_oads_enable_prf
<LI><a href="#[34]">&gt;&gt;</a>&nbsp;&nbsp;&nbsp;diss_value_req_ind_handler
<LI><a href="#[10b]">&gt;&gt;</a>&nbsp;&nbsp;&nbsp;app_batt_send_lvl
<LI><a href="#[10a]">&gt;&gt;</a>&nbsp;&nbsp;&nbsp;app_batt_enable_prf
<LI><a href="#[2f]">&gt;&gt;</a>&nbsp;&nbsp;&nbsp;app_oad_add_oads
<LI><a href="#[2c]">&gt;&gt;</a>&nbsp;&nbsp;&nbsp;app_f040_add_f040s
<LI><a href="#[2b]">&gt;&gt;</a>&nbsp;&nbsp;&nbsp;app_f030_add_f030s
<LI><a href="#[2a]">&gt;&gt;</a>&nbsp;&nbsp;&nbsp;app_f020_add_f020s
<LI><a href="#[29]">&gt;&gt;</a>&nbsp;&nbsp;&nbsp;app_f010_add_f010s
<LI><a href="#[28]">&gt;&gt;</a>&nbsp;&nbsp;&nbsp;app_f000_add_f000s
<LI><a href="#[2d]">&gt;&gt;</a>&nbsp;&nbsp;&nbsp;app_dis_add_dis
<LI><a href="#[2e]">&gt;&gt;</a>&nbsp;&nbsp;&nbsp;app_batt_add_bas
<LI><a href="#[108]">&gt;&gt;</a>&nbsp;&nbsp;&nbsp;appm_update_param
<LI><a href="#[107]">&gt;&gt;</a>&nbsp;&nbsp;&nbsp;appm_delete_advertising
<LI><a href="#[106]">&gt;&gt;</a>&nbsp;&nbsp;&nbsp;appm_create_ext_advertising
<LI><a href="#[105]">&gt;&gt;</a>&nbsp;&nbsp;&nbsp;appm_create_advertising
<LI><a href="#[104]">&gt;&gt;</a>&nbsp;&nbsp;&nbsp;appm_disconnect
<LI><a href="#[fa]">&gt;&gt;</a>&nbsp;&nbsp;&nbsp;appm_init
<LI><a href="#[f9]">&gt;&gt;</a>&nbsp;&nbsp;&nbsp;appm_set_scan_rsp_data
<LI><a href="#[f7]">&gt;&gt;</a>&nbsp;&nbsp;&nbsp;appm_set_adv_data
<LI><a href="#[f6]">&gt;&gt;</a>&nbsp;&nbsp;&nbsp;appm_stop_advertising
<LI><a href="#[f3]">&gt;&gt;</a>&nbsp;&nbsp;&nbsp;appm_start_advertising
<LI><a href="#[c4]">&gt;&gt;</a>&nbsp;&nbsp;&nbsp;gattc_cmp_evt_handler
<LI><a href="#[c3]">&gt;&gt;</a>&nbsp;&nbsp;&nbsp;gattc_read_req_ind_handler
<LI><a href="#[c2]">&gt;&gt;</a>&nbsp;&nbsp;&nbsp;gattc_write_req_ind_handler
<LI><a href="#[c1]">&gt;&gt;</a>&nbsp;&nbsp;&nbsp;gattc_att_info_req_ind_handler
<LI><a href="#[1e0]">&gt;&gt;</a>&nbsp;&nbsp;&nbsp;f040s_indicate_f041_val
<LI><a href="#[1de]">&gt;&gt;</a>&nbsp;&nbsp;&nbsp;f040s_notify_f044_val
<LI><a href="#[1dc]">&gt;&gt;</a>&nbsp;&nbsp;&nbsp;app_f041_send_ntf
<LI><a href="#[1db]">&gt;&gt;</a>&nbsp;&nbsp;&nbsp;app_f044_send_ntf
<LI><a href="#[b3]">&gt;&gt;</a>&nbsp;&nbsp;&nbsp;gattc_cmp_evt_handler
<LI><a href="#[b2]">&gt;&gt;</a>&nbsp;&nbsp;&nbsp;gattc_read_req_ind_handler
<LI><a href="#[b1]">&gt;&gt;</a>&nbsp;&nbsp;&nbsp;gattc_write_req_ind_handler
<LI><a href="#[b0]">&gt;&gt;</a>&nbsp;&nbsp;&nbsp;gattc_att_info_req_ind_handler
<LI><a href="#[1d3]">&gt;&gt;</a>&nbsp;&nbsp;&nbsp;f030s_notify_f034_val
<LI><a href="#[1d2]">&gt;&gt;</a>&nbsp;&nbsp;&nbsp;f030s_notify_f032_val
<LI><a href="#[1cf]">&gt;&gt;</a>&nbsp;&nbsp;&nbsp;app_f034_send_ntf
<LI><a href="#[1ce]">&gt;&gt;</a>&nbsp;&nbsp;&nbsp;app_f032_send_ntf
<LI><a href="#[a2]">&gt;&gt;</a>&nbsp;&nbsp;&nbsp;gattc_cmp_evt_handler
<LI><a href="#[a1]">&gt;&gt;</a>&nbsp;&nbsp;&nbsp;gattc_read_req_ind_handler
<LI><a href="#[a0]">&gt;&gt;</a>&nbsp;&nbsp;&nbsp;gattc_write_req_ind_handler
<LI><a href="#[9f]">&gt;&gt;</a>&nbsp;&nbsp;&nbsp;gattc_att_info_req_ind_handler
<LI><a href="#[1c6]">&gt;&gt;</a>&nbsp;&nbsp;&nbsp;f020s_indicate_f026_val
<LI><a href="#[1c5]">&gt;&gt;</a>&nbsp;&nbsp;&nbsp;f020s_notify_f024_val
<LI><a href="#[1c2]">&gt;&gt;</a>&nbsp;&nbsp;&nbsp;app_f026_send_ind
<LI><a href="#[1c1]">&gt;&gt;</a>&nbsp;&nbsp;&nbsp;app_f024_send_ntf
<LI><a href="#[91]">&gt;&gt;</a>&nbsp;&nbsp;&nbsp;gattc_cmp_evt_handler
<LI><a href="#[90]">&gt;&gt;</a>&nbsp;&nbsp;&nbsp;gattc_read_req_ind_handler
<LI><a href="#[8f]">&gt;&gt;</a>&nbsp;&nbsp;&nbsp;gattc_write_req_ind_handler
<LI><a href="#[8e]">&gt;&gt;</a>&nbsp;&nbsp;&nbsp;gattc_att_info_req_ind_handler
<LI><a href="#[1be]">&gt;&gt;</a>&nbsp;&nbsp;&nbsp;f010s_indicate_f012_val
<LI><a href="#[1bc]">&gt;&gt;</a>&nbsp;&nbsp;&nbsp;f010s_notify_f014_val
</UL>

<P><STRONG><a name="[f5]"></a>ke_msg_send</STRONG> (Thumb, 0 bytes, Stack size 0 bytes, peripheral_stack_symbol.txt(ABSOLUTE))
<BR><BR>[Called By]<UL><LI><a href="#[1ba]">&gt;&gt;</a>&nbsp;&nbsp;&nbsp;app_f012_send_ind
<LI><a href="#[1b9]">&gt;&gt;</a>&nbsp;&nbsp;&nbsp;app_f014_send_ntf
<LI><a href="#[80]">&gt;&gt;</a>&nbsp;&nbsp;&nbsp;gattc_cmp_evt_handler
<LI><a href="#[7f]">&gt;&gt;</a>&nbsp;&nbsp;&nbsp;gattc_read_req_ind_handler
<LI><a href="#[7e]">&gt;&gt;</a>&nbsp;&nbsp;&nbsp;gattc_write_req_ind_handler
<LI><a href="#[7d]">&gt;&gt;</a>&nbsp;&nbsp;&nbsp;gattc_att_info_req_ind_handler
<LI><a href="#[1b6]">&gt;&gt;</a>&nbsp;&nbsp;&nbsp;f000s_indicate_f002_val
<LI><a href="#[1b4]">&gt;&gt;</a>&nbsp;&nbsp;&nbsp;f000s_notify_f004_val
<LI><a href="#[1b2]">&gt;&gt;</a>&nbsp;&nbsp;&nbsp;app_f002_send_ind
<LI><a href="#[1b1]">&gt;&gt;</a>&nbsp;&nbsp;&nbsp;app_f004_send_ntf
<LI><a href="#[6e]">&gt;&gt;</a>&nbsp;&nbsp;&nbsp;gattc_read_req_ind_handler
<LI><a href="#[6d]">&gt;&gt;</a>&nbsp;&nbsp;&nbsp;gattc_write_req_ind_handler
<LI><a href="#[6a]">&gt;&gt;</a>&nbsp;&nbsp;&nbsp;oads_enable_req_handler
<LI><a href="#[1ac]">&gt;&gt;</a>&nbsp;&nbsp;&nbsp;oadImgBlockReq
<LI><a href="#[1ab]">&gt;&gt;</a>&nbsp;&nbsp;&nbsp;oadImgIdentifyReq
<LI><a href="#[64]">&gt;&gt;</a>&nbsp;&nbsp;&nbsp;gattc_read_req_ind_handler
<LI><a href="#[63]">&gt;&gt;</a>&nbsp;&nbsp;&nbsp;gattc_write_req_ind_handler
<LI><a href="#[62]">&gt;&gt;</a>&nbsp;&nbsp;&nbsp;gattc_att_info_req_ind_handler
<LI><a href="#[61]">&gt;&gt;</a>&nbsp;&nbsp;&nbsp;bass_batt_level_upd_req_handler
<LI><a href="#[60]">&gt;&gt;</a>&nbsp;&nbsp;&nbsp;bass_enable_req_handler
<LI><a href="#[1a3]">&gt;&gt;</a>&nbsp;&nbsp;&nbsp;bass_exe_operation
<LI><a href="#[1a0]">&gt;&gt;</a>&nbsp;&nbsp;&nbsp;bass_notify_batt_lvl
<LI><a href="#[5b]">&gt;&gt;</a>&nbsp;&nbsp;&nbsp;diss_value_cfm_handler
<LI><a href="#[5a]">&gt;&gt;</a>&nbsp;&nbsp;&nbsp;gattc_read_req_ind_handler
<LI><a href="#[59]">&gt;&gt;</a>&nbsp;&nbsp;&nbsp;diss_set_value_req_handler
<LI><a href="#[52]">&gt;&gt;</a>&nbsp;&nbsp;&nbsp;app_mtu_exchange_req_handler
<LI><a href="#[49]">&gt;&gt;</a>&nbsp;&nbsp;&nbsp;gapc_param_update_req_ind_handler
<LI><a href="#[48]">&gt;&gt;</a>&nbsp;&nbsp;&nbsp;gapc_connection_req_ind_handler
<LI><a href="#[47]">&gt;&gt;</a>&nbsp;&nbsp;&nbsp;gapc_set_dev_info_req_ind_handler
<LI><a href="#[46]">&gt;&gt;</a>&nbsp;&nbsp;&nbsp;gapc_get_dev_info_req_ind_handler
<LI><a href="#[44]">&gt;&gt;</a>&nbsp;&nbsp;&nbsp;gapm_cmp_evt_handler
<LI><a href="#[112]">&gt;&gt;</a>&nbsp;&nbsp;&nbsp;app_sec_send_security_req
<LI><a href="#[3e]">&gt;&gt;</a>&nbsp;&nbsp;&nbsp;gapc_encrypt_req_ind_handler
<LI><a href="#[3c]">&gt;&gt;</a>&nbsp;&nbsp;&nbsp;gapc_bond_req_ind_handler
<LI><a href="#[110]">&gt;&gt;</a>&nbsp;&nbsp;&nbsp;app_ffc2_ntf_req
<LI><a href="#[10f]">&gt;&gt;</a>&nbsp;&nbsp;&nbsp;app_ffc1_ntf_req
<LI><a href="#[10d]">&gt;&gt;</a>&nbsp;&nbsp;&nbsp;app_oads_enable_prf
<LI><a href="#[34]">&gt;&gt;</a>&nbsp;&nbsp;&nbsp;diss_value_req_ind_handler
<LI><a href="#[10b]">&gt;&gt;</a>&nbsp;&nbsp;&nbsp;app_batt_send_lvl
<LI><a href="#[10a]">&gt;&gt;</a>&nbsp;&nbsp;&nbsp;app_batt_enable_prf
<LI><a href="#[2f]">&gt;&gt;</a>&nbsp;&nbsp;&nbsp;app_oad_add_oads
<LI><a href="#[2c]">&gt;&gt;</a>&nbsp;&nbsp;&nbsp;app_f040_add_f040s
<LI><a href="#[2b]">&gt;&gt;</a>&nbsp;&nbsp;&nbsp;app_f030_add_f030s
<LI><a href="#[2a]">&gt;&gt;</a>&nbsp;&nbsp;&nbsp;app_f020_add_f020s
<LI><a href="#[29]">&gt;&gt;</a>&nbsp;&nbsp;&nbsp;app_f010_add_f010s
<LI><a href="#[28]">&gt;&gt;</a>&nbsp;&nbsp;&nbsp;app_f000_add_f000s
<LI><a href="#[2d]">&gt;&gt;</a>&nbsp;&nbsp;&nbsp;app_dis_add_dis
<LI><a href="#[2e]">&gt;&gt;</a>&nbsp;&nbsp;&nbsp;app_batt_add_bas
<LI><a href="#[108]">&gt;&gt;</a>&nbsp;&nbsp;&nbsp;appm_update_param
<LI><a href="#[107]">&gt;&gt;</a>&nbsp;&nbsp;&nbsp;appm_delete_advertising
<LI><a href="#[106]">&gt;&gt;</a>&nbsp;&nbsp;&nbsp;appm_create_ext_advertising
<LI><a href="#[105]">&gt;&gt;</a>&nbsp;&nbsp;&nbsp;appm_create_advertising
<LI><a href="#[104]">&gt;&gt;</a>&nbsp;&nbsp;&nbsp;appm_disconnect
<LI><a href="#[fa]">&gt;&gt;</a>&nbsp;&nbsp;&nbsp;appm_init
<LI><a href="#[f9]">&gt;&gt;</a>&nbsp;&nbsp;&nbsp;appm_set_scan_rsp_data
<LI><a href="#[f7]">&gt;&gt;</a>&nbsp;&nbsp;&nbsp;appm_set_adv_data
<LI><a href="#[f6]">&gt;&gt;</a>&nbsp;&nbsp;&nbsp;appm_stop_advertising
<LI><a href="#[f3]">&gt;&gt;</a>&nbsp;&nbsp;&nbsp;appm_start_advertising
<LI><a href="#[c4]">&gt;&gt;</a>&nbsp;&nbsp;&nbsp;gattc_cmp_evt_handler
<LI><a href="#[c3]">&gt;&gt;</a>&nbsp;&nbsp;&nbsp;gattc_read_req_ind_handler
<LI><a href="#[c2]">&gt;&gt;</a>&nbsp;&nbsp;&nbsp;gattc_write_req_ind_handler
<LI><a href="#[c1]">&gt;&gt;</a>&nbsp;&nbsp;&nbsp;gattc_att_info_req_ind_handler
<LI><a href="#[1e0]">&gt;&gt;</a>&nbsp;&nbsp;&nbsp;f040s_indicate_f041_val
<LI><a href="#[1de]">&gt;&gt;</a>&nbsp;&nbsp;&nbsp;f040s_notify_f044_val
<LI><a href="#[1dc]">&gt;&gt;</a>&nbsp;&nbsp;&nbsp;app_f041_send_ntf
<LI><a href="#[1db]">&gt;&gt;</a>&nbsp;&nbsp;&nbsp;app_f044_send_ntf
<LI><a href="#[b3]">&gt;&gt;</a>&nbsp;&nbsp;&nbsp;gattc_cmp_evt_handler
<LI><a href="#[b2]">&gt;&gt;</a>&nbsp;&nbsp;&nbsp;gattc_read_req_ind_handler
<LI><a href="#[b1]">&gt;&gt;</a>&nbsp;&nbsp;&nbsp;gattc_write_req_ind_handler
<LI><a href="#[b0]">&gt;&gt;</a>&nbsp;&nbsp;&nbsp;gattc_att_info_req_ind_handler
<LI><a href="#[1d3]">&gt;&gt;</a>&nbsp;&nbsp;&nbsp;f030s_notify_f034_val
<LI><a href="#[1d2]">&gt;&gt;</a>&nbsp;&nbsp;&nbsp;f030s_notify_f032_val
<LI><a href="#[1cf]">&gt;&gt;</a>&nbsp;&nbsp;&nbsp;app_f034_send_ntf
<LI><a href="#[1ce]">&gt;&gt;</a>&nbsp;&nbsp;&nbsp;app_f032_send_ntf
<LI><a href="#[a2]">&gt;&gt;</a>&nbsp;&nbsp;&nbsp;gattc_cmp_evt_handler
<LI><a href="#[a1]">&gt;&gt;</a>&nbsp;&nbsp;&nbsp;gattc_read_req_ind_handler
<LI><a href="#[a0]">&gt;&gt;</a>&nbsp;&nbsp;&nbsp;gattc_write_req_ind_handler
<LI><a href="#[9f]">&gt;&gt;</a>&nbsp;&nbsp;&nbsp;gattc_att_info_req_ind_handler
<LI><a href="#[1c6]">&gt;&gt;</a>&nbsp;&nbsp;&nbsp;f020s_indicate_f026_val
<LI><a href="#[1c5]">&gt;&gt;</a>&nbsp;&nbsp;&nbsp;f020s_notify_f024_val
<LI><a href="#[1c2]">&gt;&gt;</a>&nbsp;&nbsp;&nbsp;app_f026_send_ind
<LI><a href="#[1c1]">&gt;&gt;</a>&nbsp;&nbsp;&nbsp;app_f024_send_ntf
<LI><a href="#[91]">&gt;&gt;</a>&nbsp;&nbsp;&nbsp;gattc_cmp_evt_handler
<LI><a href="#[90]">&gt;&gt;</a>&nbsp;&nbsp;&nbsp;gattc_read_req_ind_handler
<LI><a href="#[8f]">&gt;&gt;</a>&nbsp;&nbsp;&nbsp;gattc_write_req_ind_handler
<LI><a href="#[8e]">&gt;&gt;</a>&nbsp;&nbsp;&nbsp;gattc_att_info_req_ind_handler
<LI><a href="#[1be]">&gt;&gt;</a>&nbsp;&nbsp;&nbsp;f010s_indicate_f012_val
<LI><a href="#[1bc]">&gt;&gt;</a>&nbsp;&nbsp;&nbsp;f010s_notify_f014_val
</UL>

<P><STRONG><a name="[fc]"></a>ke_task_create</STRONG> (Thumb, 0 bytes, Stack size 0 bytes, peripheral_stack_symbol.txt(ABSOLUTE))
<BR><BR>[Called By]<UL><LI><a href="#[fa]">&gt;&gt;</a>&nbsp;&nbsp;&nbsp;appm_init
<LI><a href="#[b]">&gt;&gt;</a>&nbsp;&nbsp;&nbsp;prf_init
</UL>

<P><STRONG><a name="[fd]"></a>ke_state_set</STRONG> (Thumb, 0 bytes, Stack size 0 bytes, peripheral_stack_symbol.txt(ABSOLUTE))
<BR><BR>[Called By]<UL><LI><a href="#[88]">&gt;&gt;</a>&nbsp;&nbsp;&nbsp;f010s_init
<LI><a href="#[80]">&gt;&gt;</a>&nbsp;&nbsp;&nbsp;gattc_cmp_evt_handler
<LI><a href="#[7c]">&gt;&gt;</a>&nbsp;&nbsp;&nbsp;f000s_f002_val_upd_req_handler
<LI><a href="#[7b]">&gt;&gt;</a>&nbsp;&nbsp;&nbsp;f000s_f004_val_upd_req_handler
<LI><a href="#[77]">&gt;&gt;</a>&nbsp;&nbsp;&nbsp;f000s_init
<LI><a href="#[66]">&gt;&gt;</a>&nbsp;&nbsp;&nbsp;oads_init
<LI><a href="#[61]">&gt;&gt;</a>&nbsp;&nbsp;&nbsp;bass_batt_level_upd_req_handler
<LI><a href="#[60]">&gt;&gt;</a>&nbsp;&nbsp;&nbsp;bass_enable_req_handler
<LI><a href="#[1a3]">&gt;&gt;</a>&nbsp;&nbsp;&nbsp;bass_exe_operation
<LI><a href="#[5c]">&gt;&gt;</a>&nbsp;&nbsp;&nbsp;bass_init
<LI><a href="#[5b]">&gt;&gt;</a>&nbsp;&nbsp;&nbsp;diss_value_cfm_handler
<LI><a href="#[5a]">&gt;&gt;</a>&nbsp;&nbsp;&nbsp;gattc_read_req_ind_handler
<LI><a href="#[55]">&gt;&gt;</a>&nbsp;&nbsp;&nbsp;diss_init
<LI><a href="#[4b]">&gt;&gt;</a>&nbsp;&nbsp;&nbsp;gapc_disconnect_ind_handler
<LI><a href="#[48]">&gt;&gt;</a>&nbsp;&nbsp;&nbsp;gapc_connection_req_ind_handler
<LI><a href="#[44]">&gt;&gt;</a>&nbsp;&nbsp;&nbsp;gapm_cmp_evt_handler
<LI><a href="#[fa]">&gt;&gt;</a>&nbsp;&nbsp;&nbsp;appm_init
<LI><a href="#[c4]">&gt;&gt;</a>&nbsp;&nbsp;&nbsp;gattc_cmp_evt_handler
<LI><a href="#[c0]">&gt;&gt;</a>&nbsp;&nbsp;&nbsp;f040s_f041_val_upd_req_handler
<LI><a href="#[bf]">&gt;&gt;</a>&nbsp;&nbsp;&nbsp;f040s_f044_val_upd_req_handler
<LI><a href="#[bb]">&gt;&gt;</a>&nbsp;&nbsp;&nbsp;f040s_init
<LI><a href="#[b3]">&gt;&gt;</a>&nbsp;&nbsp;&nbsp;gattc_cmp_evt_handler
<LI><a href="#[af]">&gt;&gt;</a>&nbsp;&nbsp;&nbsp;f030s_f034_val_upd_req_handler
<LI><a href="#[ae]">&gt;&gt;</a>&nbsp;&nbsp;&nbsp;f030s_f032_val_upd_req_handler
<LI><a href="#[aa]">&gt;&gt;</a>&nbsp;&nbsp;&nbsp;f030s_init
<LI><a href="#[a2]">&gt;&gt;</a>&nbsp;&nbsp;&nbsp;gattc_cmp_evt_handler
<LI><a href="#[9e]">&gt;&gt;</a>&nbsp;&nbsp;&nbsp;f020s_f026_val_upd_req_handler
<LI><a href="#[9d]">&gt;&gt;</a>&nbsp;&nbsp;&nbsp;f020s_f024_val_upd_req_handler
<LI><a href="#[99]">&gt;&gt;</a>&nbsp;&nbsp;&nbsp;f020s_init
<LI><a href="#[91]">&gt;&gt;</a>&nbsp;&nbsp;&nbsp;gattc_cmp_evt_handler
<LI><a href="#[8d]">&gt;&gt;</a>&nbsp;&nbsp;&nbsp;f010s_f012_val_upd_req_handler
<LI><a href="#[8c]">&gt;&gt;</a>&nbsp;&nbsp;&nbsp;f010s_f014_val_upd_req_handler
</UL>

<P><STRONG><a name="[117]"></a>ke_state_get</STRONG> (Thumb, 0 bytes, Stack size 0 bytes, peripheral_stack_symbol.txt(ABSOLUTE))
<BR><BR>[Called By]<UL><LI><a href="#[80]">&gt;&gt;</a>&nbsp;&nbsp;&nbsp;gattc_cmp_evt_handler
<LI><a href="#[7c]">&gt;&gt;</a>&nbsp;&nbsp;&nbsp;f000s_f002_val_upd_req_handler
<LI><a href="#[7b]">&gt;&gt;</a>&nbsp;&nbsp;&nbsp;f000s_f004_val_upd_req_handler
<LI><a href="#[6e]">&gt;&gt;</a>&nbsp;&nbsp;&nbsp;gattc_read_req_ind_handler
<LI><a href="#[6d]">&gt;&gt;</a>&nbsp;&nbsp;&nbsp;gattc_write_req_ind_handler
<LI><a href="#[6a]">&gt;&gt;</a>&nbsp;&nbsp;&nbsp;oads_enable_req_handler
<LI><a href="#[61]">&gt;&gt;</a>&nbsp;&nbsp;&nbsp;bass_batt_level_upd_req_handler
<LI><a href="#[60]">&gt;&gt;</a>&nbsp;&nbsp;&nbsp;bass_enable_req_handler
<LI><a href="#[5b]">&gt;&gt;</a>&nbsp;&nbsp;&nbsp;diss_value_cfm_handler
<LI><a href="#[5a]">&gt;&gt;</a>&nbsp;&nbsp;&nbsp;gattc_read_req_ind_handler
<LI><a href="#[41]">&gt;&gt;</a>&nbsp;&nbsp;&nbsp;gapm_profile_added_ind_handler
<LI><a href="#[c4]">&gt;&gt;</a>&nbsp;&nbsp;&nbsp;gattc_cmp_evt_handler
<LI><a href="#[c0]">&gt;&gt;</a>&nbsp;&nbsp;&nbsp;f040s_f041_val_upd_req_handler
<LI><a href="#[bf]">&gt;&gt;</a>&nbsp;&nbsp;&nbsp;f040s_f044_val_upd_req_handler
<LI><a href="#[b3]">&gt;&gt;</a>&nbsp;&nbsp;&nbsp;gattc_cmp_evt_handler
<LI><a href="#[af]">&gt;&gt;</a>&nbsp;&nbsp;&nbsp;f030s_f034_val_upd_req_handler
<LI><a href="#[ae]">&gt;&gt;</a>&nbsp;&nbsp;&nbsp;f030s_f032_val_upd_req_handler
<LI><a href="#[a2]">&gt;&gt;</a>&nbsp;&nbsp;&nbsp;gattc_cmp_evt_handler
<LI><a href="#[9e]">&gt;&gt;</a>&nbsp;&nbsp;&nbsp;f020s_f026_val_upd_req_handler
<LI><a href="#[9d]">&gt;&gt;</a>&nbsp;&nbsp;&nbsp;f020s_f024_val_upd_req_handler
<LI><a href="#[91]">&gt;&gt;</a>&nbsp;&nbsp;&nbsp;gattc_cmp_evt_handler
<LI><a href="#[8d]">&gt;&gt;</a>&nbsp;&nbsp;&nbsp;f010s_f012_val_upd_req_handler
<LI><a href="#[8c]">&gt;&gt;</a>&nbsp;&nbsp;&nbsp;f010s_f014_val_upd_req_handler
</UL>

<P><STRONG><a name="[160]"></a>ke_task_msg_flush</STRONG> (Thumb, 0 bytes, Stack size 0 bytes, peripheral_stack_symbol.txt(ABSOLUTE))
<BR><BR>[Called By]<UL><LI><a href="#[b]">&gt;&gt;</a>&nbsp;&nbsp;&nbsp;prf_init
</UL>

<P><STRONG><a name="[119]"></a>ke_timer_set</STRONG> (Thumb, 0 bytes, Stack size 0 bytes, peripheral_stack_symbol.txt(ABSOLUTE))
<BR><BR>[Called By]<UL><LI><a href="#[54]">&gt;&gt;</a>&nbsp;&nbsp;&nbsp;app_xs_user
<LI><a href="#[48]">&gt;&gt;</a>&nbsp;&nbsp;&nbsp;gapc_connection_req_ind_handler
<LI><a href="#[44]">&gt;&gt;</a>&nbsp;&nbsp;&nbsp;gapm_cmp_evt_handler
</UL>

<P><STRONG><a name="[113]"></a>ke_timer_clear</STRONG> (Thumb, 0 bytes, Stack size 0 bytes, peripheral_stack_symbol.txt(ABSOLUTE))
<BR><BR>[Called By]<UL><LI><a href="#[4d]">&gt;&gt;</a>&nbsp;&nbsp;&nbsp;gattc_mtu_changed_ind_handler
<LI><a href="#[112]">&gt;&gt;</a>&nbsp;&nbsp;&nbsp;app_sec_send_security_req
</UL>

<P><STRONG><a name="[120]"></a>ble_util_buf_init</STRONG> (Thumb, 0 bytes, Stack size 0 bytes, peripheral_stack_symbol.txt(ABSOLUTE))
<BR><BR>[Called By]<UL><LI><a href="#[11e]">&gt;&gt;</a>&nbsp;&nbsp;&nbsp;rwble_init
</UL>

<P><STRONG><a name="[122]"></a>llc_init</STRONG> (Thumb, 0 bytes, Stack size 0 bytes, peripheral_stack_symbol.txt(ABSOLUTE))
<BR><BR>[Called By]<UL><LI><a href="#[11e]">&gt;&gt;</a>&nbsp;&nbsp;&nbsp;rwble_init
</UL>

<P><STRONG><a name="[121]"></a>lld_init</STRONG> (Thumb, 0 bytes, Stack size 0 bytes, peripheral_stack_symbol.txt(ABSOLUTE))
<BR><BR>[Called By]<UL><LI><a href="#[11e]">&gt;&gt;</a>&nbsp;&nbsp;&nbsp;rwble_init
</UL>

<P><STRONG><a name="[123]"></a>llm_init</STRONG> (Thumb, 0 bytes, Stack size 0 bytes, peripheral_stack_symbol.txt(ABSOLUTE))
<BR><BR>[Called By]<UL><LI><a href="#[11e]">&gt;&gt;</a>&nbsp;&nbsp;&nbsp;rwble_init
</UL>

<P><STRONG><a name="[139]"></a>hci_init</STRONG> (Thumb, 0 bytes, Stack size 0 bytes, peripheral_stack_symbol.txt(ABSOLUTE))
<BR><BR>[Called By]<UL><LI><a href="#[f]">&gt;&gt;</a>&nbsp;&nbsp;&nbsp;rwip_reset
<LI><a href="#[ef]">&gt;&gt;</a>&nbsp;&nbsp;&nbsp;rwip_init
</UL>

<P><STRONG><a name="[13f]"></a>sch_alarm_init</STRONG> (Thumb, 0 bytes, Stack size 0 bytes, peripheral_stack_symbol.txt(ABSOLUTE))
<BR><BR>[Called By]<UL><LI><a href="#[f]">&gt;&gt;</a>&nbsp;&nbsp;&nbsp;rwip_reset
<LI><a href="#[ef]">&gt;&gt;</a>&nbsp;&nbsp;&nbsp;rwip_init
</UL>

<P><STRONG><a name="[126]"></a>sch_alarm_timer_isr</STRONG> (Thumb, 0 bytes, Stack size 0 bytes, peripheral_stack_symbol.txt(ABSOLUTE))
<BR><BR>[Called By]<UL><LI><a href="#[125]">&gt;&gt;</a>&nbsp;&nbsp;&nbsp;rwip_timer_hs_handler
</UL>

<P><STRONG><a name="[13c]"></a>sch_arb_init</STRONG> (Thumb, 0 bytes, Stack size 0 bytes, peripheral_stack_symbol.txt(ABSOLUTE))
<BR><BR>[Called By]<UL><LI><a href="#[f]">&gt;&gt;</a>&nbsp;&nbsp;&nbsp;rwip_reset
<LI><a href="#[ef]">&gt;&gt;</a>&nbsp;&nbsp;&nbsp;rwip_init
</UL>

<P><STRONG><a name="[12a]"></a>sch_arb_event_start_isr</STRONG> (Thumb, 0 bytes, Stack size 0 bytes, peripheral_stack_symbol.txt(ABSOLUTE))
<BR><BR>[Called By]<UL><LI><a href="#[129]">&gt;&gt;</a>&nbsp;&nbsp;&nbsp;rwip_timer_hus_handler
</UL>

<P><STRONG><a name="[13e]"></a>sch_plan_init</STRONG> (Thumb, 0 bytes, Stack size 0 bytes, peripheral_stack_symbol.txt(ABSOLUTE))
<BR><BR>[Called By]<UL><LI><a href="#[f]">&gt;&gt;</a>&nbsp;&nbsp;&nbsp;rwip_reset
<LI><a href="#[ef]">&gt;&gt;</a>&nbsp;&nbsp;&nbsp;rwip_init
</UL>

<P><STRONG><a name="[13d]"></a>sch_prog_init</STRONG> (Thumb, 0 bytes, Stack size 0 bytes, peripheral_stack_symbol.txt(ABSOLUTE))
<BR><BR>[Called By]<UL><LI><a href="#[f]">&gt;&gt;</a>&nbsp;&nbsp;&nbsp;rwip_reset
<LI><a href="#[ef]">&gt;&gt;</a>&nbsp;&nbsp;&nbsp;rwip_init
</UL>

<P><STRONG><a name="[149]"></a>sch_prog_fifo_isr</STRONG> (Thumb, 0 bytes, Stack size 0 bytes, peripheral_stack_symbol.txt(ABSOLUTE))
<BR><BR>[Called By]<UL><LI><a href="#[148]">&gt;&gt;</a>&nbsp;&nbsp;&nbsp;rwip_isr
</UL>

<P><STRONG><a name="[140]"></a>sch_slice_init</STRONG> (Thumb, 0 bytes, Stack size 0 bytes, peripheral_stack_symbol.txt(ABSOLUTE))
<BR><BR>[Called By]<UL><LI><a href="#[f]">&gt;&gt;</a>&nbsp;&nbsp;&nbsp;rwip_reset
<LI><a href="#[ef]">&gt;&gt;</a>&nbsp;&nbsp;&nbsp;rwip_init
</UL>

<P><STRONG><a name="[13b]"></a>aes_init</STRONG> (Thumb, 0 bytes, Stack size 0 bytes, peripheral_stack_symbol.txt(ABSOLUTE))
<BR><BR>[Called By]<UL><LI><a href="#[f]">&gt;&gt;</a>&nbsp;&nbsp;&nbsp;rwip_reset
<LI><a href="#[ef]">&gt;&gt;</a>&nbsp;&nbsp;&nbsp;rwip_init
</UL>

<P><STRONG><a name="[12c]"></a>aes_result_handler</STRONG> (Thumb, 0 bytes, Stack size 0 bytes, peripheral_stack_symbol.txt(ABSOLUTE))
<BR><BR>[Called By]<UL><LI><a href="#[13]">&gt;&gt;</a>&nbsp;&nbsp;&nbsp;rwip_crypt_evt_handler
</UL>

<P><STRONG><a name="[193]"></a>co_list_init</STRONG> (Thumb, 0 bytes, Stack size 0 bytes, peripheral_stack_symbol.txt(ABSOLUTE))
<BR><BR>[Called By]<UL><LI><a href="#[88]">&gt;&gt;</a>&nbsp;&nbsp;&nbsp;f010s_init
<LI><a href="#[77]">&gt;&gt;</a>&nbsp;&nbsp;&nbsp;f000s_init
<LI><a href="#[55]">&gt;&gt;</a>&nbsp;&nbsp;&nbsp;diss_init
<LI><a href="#[bb]">&gt;&gt;</a>&nbsp;&nbsp;&nbsp;f040s_init
<LI><a href="#[aa]">&gt;&gt;</a>&nbsp;&nbsp;&nbsp;f030s_init
<LI><a href="#[99]">&gt;&gt;</a>&nbsp;&nbsp;&nbsp;f020s_init
</UL>

<P><STRONG><a name="[19a]"></a>co_list_push_back</STRONG> (Thumb, 0 bytes, Stack size 0 bytes, peripheral_stack_symbol.txt(ABSOLUTE))
<BR><BR>[Called By]<UL><LI><a href="#[59]">&gt;&gt;</a>&nbsp;&nbsp;&nbsp;diss_set_value_req_handler
</UL>

<P><STRONG><a name="[194]"></a>co_list_pop_front</STRONG> (Thumb, 0 bytes, Stack size 0 bytes, peripheral_stack_symbol.txt(ABSOLUTE))
<BR><BR>[Called By]<UL><LI><a href="#[56]">&gt;&gt;</a>&nbsp;&nbsp;&nbsp;diss_destroy
</UL>

<P><STRONG><a name="[199]"></a>co_list_extract</STRONG> (Thumb, 0 bytes, Stack size 0 bytes, peripheral_stack_symbol.txt(ABSOLUTE))
<BR><BR>[Called By]<UL><LI><a href="#[59]">&gt;&gt;</a>&nbsp;&nbsp;&nbsp;diss_set_value_req_handler
</UL>

<P><STRONG><a name="[14a]"></a>rwip_sw_int_handler</STRONG> (Thumb, 0 bytes, Stack size 0 bytes, peripheral_stack_symbol.txt(ABSOLUTE))
<BR><BR>[Called By]<UL><LI><a href="#[148]">&gt;&gt;</a>&nbsp;&nbsp;&nbsp;rwip_isr
</UL>

<P><STRONG><a name="[11f]"></a>rwip_time_get</STRONG> (Thumb, 0 bytes, Stack size 0 bytes, peripheral_stack_symbol.txt(ABSOLUTE))
<BR><BR>[Called By]<UL><LI><a href="#[147]">&gt;&gt;</a>&nbsp;&nbsp;&nbsp;rwip_wakeup_end
<LI><a href="#[11e]">&gt;&gt;</a>&nbsp;&nbsp;&nbsp;rwble_init
<LI><a href="#[da]">&gt;&gt;</a>&nbsp;&nbsp;&nbsp;rwip_sleep
</UL>

<P><STRONG><a name="[132]"></a>rwip_prevent_sleep_set</STRONG> (Thumb, 0 bytes, Stack size 0 bytes, peripheral_stack_symbol.txt(ABSOLUTE))
<BR><BR>[Called By]<UL><LI><a href="#[144]">&gt;&gt;</a>&nbsp;&nbsp;&nbsp;rwip_wakeup
<LI><a href="#[12f]">&gt;&gt;</a>&nbsp;&nbsp;&nbsp;rwip_driver_init
<LI><a href="#[da]">&gt;&gt;</a>&nbsp;&nbsp;&nbsp;rwip_sleep
</UL>

<P><STRONG><a name="[12e]"></a>rwip_prevent_sleep_clear</STRONG> (Thumb, 0 bytes, Stack size 0 bytes, peripheral_stack_symbol.txt(ABSOLUTE))
<BR><BR>[Called By]<UL><LI><a href="#[148]">&gt;&gt;</a>&nbsp;&nbsp;&nbsp;rwip_isr
<LI><a href="#[147]">&gt;&gt;</a>&nbsp;&nbsp;&nbsp;rwip_wakeup_end
<LI><a href="#[12d]">&gt;&gt;</a>&nbsp;&nbsp;&nbsp;rwip_crypt_isr_handler
</UL>

<P><STRONG><a name="[1a4]"></a>gapc_get_conhdl</STRONG> (Thumb, 0 bytes, Stack size 0 bytes, peripheral_stack_symbol.txt(ABSOLUTE))
<BR><BR>[Called By]<UL><LI><a href="#[6a]">&gt;&gt;</a>&nbsp;&nbsp;&nbsp;oads_enable_req_handler
<LI><a href="#[60]">&gt;&gt;</a>&nbsp;&nbsp;&nbsp;bass_enable_req_handler
</UL>

<P><STRONG><a name="[115]"></a>gapc_get_bdaddr</STRONG> (Thumb, 0 bytes, Stack size 0 bytes, peripheral_stack_symbol.txt(ABSOLUTE))
<BR><BR>[Called By]<UL><LI><a href="#[3d]">&gt;&gt;</a>&nbsp;&nbsp;&nbsp;gapc_bond_ind_handler
</UL>

<P><STRONG><a name="[190]"></a>attm_svc_create_db</STRONG> (Thumb, 0 bytes, Stack size 0 bytes, peripheral_stack_symbol.txt(ABSOLUTE))
<BR><BR>[Called By]<UL><LI><a href="#[88]">&gt;&gt;</a>&nbsp;&nbsp;&nbsp;f010s_init
<LI><a href="#[77]">&gt;&gt;</a>&nbsp;&nbsp;&nbsp;f000s_init
<LI><a href="#[5c]">&gt;&gt;</a>&nbsp;&nbsp;&nbsp;bass_init
<LI><a href="#[55]">&gt;&gt;</a>&nbsp;&nbsp;&nbsp;diss_init
<LI><a href="#[bb]">&gt;&gt;</a>&nbsp;&nbsp;&nbsp;f040s_init
<LI><a href="#[aa]">&gt;&gt;</a>&nbsp;&nbsp;&nbsp;f030s_init
<LI><a href="#[99]">&gt;&gt;</a>&nbsp;&nbsp;&nbsp;f020s_init
</UL>

<P><STRONG><a name="[1a6]"></a>attm_svc_create_db128</STRONG> (Thumb, 0 bytes, Stack size 0 bytes, peripheral_stack_symbol.txt(ABSOLUTE))
<BR><BR>[Called By]<UL><LI><a href="#[66]">&gt;&gt;</a>&nbsp;&nbsp;&nbsp;oads_init
</UL>

<P><STRONG><a name="[19d]"></a>attm_att_set_permission</STRONG> (Thumb, 0 bytes, Stack size 0 bytes, peripheral_stack_symbol.txt(ABSOLUTE))
<BR><BR>[Called By]<UL><LI><a href="#[66]">&gt;&gt;</a>&nbsp;&nbsp;&nbsp;oads_init
<LI><a href="#[5c]">&gt;&gt;</a>&nbsp;&nbsp;&nbsp;bass_init
</UL>

<P><STRONG><a name="[13a]"></a>rwble_hl_init</STRONG> (Thumb, 0 bytes, Stack size 0 bytes, peripheral_stack_symbol.txt(ABSOLUTE))
<BR><BR>[Called By]<UL><LI><a href="#[f]">&gt;&gt;</a>&nbsp;&nbsp;&nbsp;rwip_reset
<LI><a href="#[ef]">&gt;&gt;</a>&nbsp;&nbsp;&nbsp;rwip_init
</UL>

<P><STRONG><a name="[145]"></a>__aeabi_uidivmod</STRONG> (Thumb, 0 bytes, Stack size 0 bytes, peripheral_stack_symbol.txt(ABSOLUTE))
<BR><BR>[Called By]<UL><LI><a href="#[170]">&gt;&gt;</a>&nbsp;&nbsp;&nbsp;kmod_calibration
<LI><a href="#[144]">&gt;&gt;</a>&nbsp;&nbsp;&nbsp;rwip_wakeup
<LI><a href="#[131]">&gt;&gt;</a>&nbsp;&nbsp;&nbsp;rwip_us_2_lpcycles
<LI><a href="#[e8]">&gt;&gt;</a>&nbsp;&nbsp;&nbsp;uart_init
<LI><a href="#[e9]">&gt;&gt;</a>&nbsp;&nbsp;&nbsp;uart2_init
<LI><a href="#[21d]">&gt;&gt;</a>&nbsp;&nbsp;&nbsp;_printf_core
<LI><a href="#[202]">&gt;&gt;</a>&nbsp;&nbsp;&nbsp;update_weight_body_measurement
</UL>

<P><STRONG><a name="[203]"></a>__aeabi_idivmod</STRONG> (Thumb, 0 bytes, Stack size 0 bytes, peripheral_stack_symbol.txt(ABSOLUTE))
<BR><BR>[Called By]<UL><LI><a href="#[202]">&gt;&gt;</a>&nbsp;&nbsp;&nbsp;update_weight_body_measurement
</UL>

<P><STRONG><a name="[114]"></a>rand</STRONG> (Thumb, 0 bytes, Stack size 0 bytes, peripheral_stack_symbol.txt(ABSOLUTE))
<BR><BR>[Called By]<UL><LI><a href="#[3c]">&gt;&gt;</a>&nbsp;&nbsp;&nbsp;gapc_bond_req_ind_handler
</UL>

<P><STRONG><a name="[ec]"></a>srand</STRONG> (Thumb, 0 bytes, Stack size 0 bytes, peripheral_stack_symbol.txt(ABSOLUTE))
<BR><BR>[Called By]<UL><LI><a href="#[11e]">&gt;&gt;</a>&nbsp;&nbsp;&nbsp;rwble_init
<LI><a href="#[8]">&gt;&gt;</a>&nbsp;&nbsp;&nbsp;main
</UL>

<P><STRONG><a name="[d3]"></a>__aeabi_memcpy</STRONG> (Thumb, 0 bytes, Stack size 0 bytes, peripheral_stack_symbol.txt(ABSOLUTE))
<BR><BR>[Called By]<UL><LI><a href="#[88]">&gt;&gt;</a>&nbsp;&nbsp;&nbsp;f010s_init
<LI><a href="#[1ba]">&gt;&gt;</a>&nbsp;&nbsp;&nbsp;app_f012_send_ind
<LI><a href="#[1b9]">&gt;&gt;</a>&nbsp;&nbsp;&nbsp;app_f014_send_ntf
<LI><a href="#[7f]">&gt;&gt;</a>&nbsp;&nbsp;&nbsp;gattc_read_req_ind_handler
<LI><a href="#[1b6]">&gt;&gt;</a>&nbsp;&nbsp;&nbsp;f000s_indicate_f002_val
<LI><a href="#[1b4]">&gt;&gt;</a>&nbsp;&nbsp;&nbsp;f000s_notify_f004_val
<LI><a href="#[77]">&gt;&gt;</a>&nbsp;&nbsp;&nbsp;f000s_init
<LI><a href="#[1b2]">&gt;&gt;</a>&nbsp;&nbsp;&nbsp;app_f002_send_ind
<LI><a href="#[1b1]">&gt;&gt;</a>&nbsp;&nbsp;&nbsp;app_f004_send_ntf
<LI><a href="#[6e]">&gt;&gt;</a>&nbsp;&nbsp;&nbsp;gattc_read_req_ind_handler
<LI><a href="#[6d]">&gt;&gt;</a>&nbsp;&nbsp;&nbsp;gattc_write_req_ind_handler
<LI><a href="#[1a8]">&gt;&gt;</a>&nbsp;&nbsp;&nbsp;oad_save_reciveData
<LI><a href="#[5c]">&gt;&gt;</a>&nbsp;&nbsp;&nbsp;bass_init
<LI><a href="#[5b]">&gt;&gt;</a>&nbsp;&nbsp;&nbsp;diss_value_cfm_handler
<LI><a href="#[5a]">&gt;&gt;</a>&nbsp;&nbsp;&nbsp;gattc_read_req_ind_handler
<LI><a href="#[59]">&gt;&gt;</a>&nbsp;&nbsp;&nbsp;diss_set_value_req_handler
<LI><a href="#[189]">&gt;&gt;</a>&nbsp;&nbsp;&nbsp;xs_uart_received_isr
<LI><a href="#[18a]">&gt;&gt;</a>&nbsp;&nbsp;&nbsp;uart_rx_cmd_respone
<LI><a href="#[185]">&gt;&gt;</a>&nbsp;&nbsp;&nbsp;host_send_cmd
<LI><a href="#[16c]">&gt;&gt;</a>&nbsp;&nbsp;&nbsp;flash_write_some_data
<LI><a href="#[16b]">&gt;&gt;</a>&nbsp;&nbsp;&nbsp;flash_write_data
<LI><a href="#[156]">&gt;&gt;</a>&nbsp;&nbsp;&nbsp;nvds_purge
<LI><a href="#[135]">&gt;&gt;</a>&nbsp;&nbsp;&nbsp;rf_init
<LI><a href="#[13]">&gt;&gt;</a>&nbsp;&nbsp;&nbsp;rwip_crypt_evt_handler
<LI><a href="#[45]">&gt;&gt;</a>&nbsp;&nbsp;&nbsp;gapm_gen_rand_nb_ind_handler
<LI><a href="#[44]">&gt;&gt;</a>&nbsp;&nbsp;&nbsp;gapm_cmp_evt_handler
<LI><a href="#[3e]">&gt;&gt;</a>&nbsp;&nbsp;&nbsp;gapc_encrypt_req_ind_handler
<LI><a href="#[3c]">&gt;&gt;</a>&nbsp;&nbsp;&nbsp;gapc_bond_req_ind_handler
<LI><a href="#[34]">&gt;&gt;</a>&nbsp;&nbsp;&nbsp;diss_value_req_ind_handler
<LI><a href="#[2c]">&gt;&gt;</a>&nbsp;&nbsp;&nbsp;app_f040_add_f040s
<LI><a href="#[2b]">&gt;&gt;</a>&nbsp;&nbsp;&nbsp;app_f030_add_f030s
<LI><a href="#[2a]">&gt;&gt;</a>&nbsp;&nbsp;&nbsp;app_f020_add_f020s
<LI><a href="#[29]">&gt;&gt;</a>&nbsp;&nbsp;&nbsp;app_f010_add_f010s
<LI><a href="#[28]">&gt;&gt;</a>&nbsp;&nbsp;&nbsp;app_f000_add_f000s
<LI><a href="#[109]">&gt;&gt;</a>&nbsp;&nbsp;&nbsp;appm_get_dev_name
<LI><a href="#[fa]">&gt;&gt;</a>&nbsp;&nbsp;&nbsp;appm_init
<LI><a href="#[f9]">&gt;&gt;</a>&nbsp;&nbsp;&nbsp;appm_set_scan_rsp_data
<LI><a href="#[f8]">&gt;&gt;</a>&nbsp;&nbsp;&nbsp;appm_build_adv_data
<LI><a href="#[d6]">&gt;&gt;</a>&nbsp;&nbsp;&nbsp;uart_h4tl_data_switch
<LI><a href="#[d2]">&gt;&gt;</a>&nbsp;&nbsp;&nbsp;flash_read_data
<LI><a href="#[d1]">&gt;&gt;</a>&nbsp;&nbsp;&nbsp;bdaddr_env_init
<LI><a href="#[20a]">&gt;&gt;</a>&nbsp;&nbsp;&nbsp;set_f032_0xfff2_rd
<LI><a href="#[209]">&gt;&gt;</a>&nbsp;&nbsp;&nbsp;set_f026_0x2a9f_rd
<LI><a href="#[207]">&gt;&gt;</a>&nbsp;&nbsp;&nbsp;set_f024_0x2a99_ntf
<LI><a href="#[206]">&gt;&gt;</a>&nbsp;&nbsp;&nbsp;set_f031_0xfff1_rd
<LI><a href="#[205]">&gt;&gt;</a>&nbsp;&nbsp;&nbsp;set_f041_0x2a2b_rd_ntf
<LI><a href="#[1f8]">&gt;&gt;</a>&nbsp;&nbsp;&nbsp;set_f021_0x2a85_rd
<LI><a href="#[1f4]">&gt;&gt;</a>&nbsp;&nbsp;&nbsp;set_f024_0x2a99_rd
<LI><a href="#[1f2]">&gt;&gt;</a>&nbsp;&nbsp;&nbsp;set_f035_0xfff5_rd
<LI><a href="#[1f1]">&gt;&gt;</a>&nbsp;&nbsp;&nbsp;set_f011_0x2a9b_rd
<LI><a href="#[1f0]">&gt;&gt;</a>&nbsp;&nbsp;&nbsp;set_f001_0x2a9e_rd
<LI><a href="#[1eb]">&gt;&gt;</a>&nbsp;&nbsp;&nbsp;set_f026_0x2a9f_ntf
<LI><a href="#[1e4]">&gt;&gt;</a>&nbsp;&nbsp;&nbsp;xs_uart_send_data
<LI><a href="#[1e2]">&gt;&gt;</a>&nbsp;&nbsp;&nbsp;f041_0x2a2b_cb
<LI><a href="#[c3]">&gt;&gt;</a>&nbsp;&nbsp;&nbsp;gattc_read_req_ind_handler
<LI><a href="#[1e0]">&gt;&gt;</a>&nbsp;&nbsp;&nbsp;f040s_indicate_f041_val
<LI><a href="#[1de]">&gt;&gt;</a>&nbsp;&nbsp;&nbsp;f040s_notify_f044_val
<LI><a href="#[bb]">&gt;&gt;</a>&nbsp;&nbsp;&nbsp;f040s_init
<LI><a href="#[1dc]">&gt;&gt;</a>&nbsp;&nbsp;&nbsp;app_f041_send_ntf
<LI><a href="#[1db]">&gt;&gt;</a>&nbsp;&nbsp;&nbsp;app_f044_send_ntf
<LI><a href="#[b2]">&gt;&gt;</a>&nbsp;&nbsp;&nbsp;gattc_read_req_ind_handler
<LI><a href="#[1d3]">&gt;&gt;</a>&nbsp;&nbsp;&nbsp;f030s_notify_f034_val
<LI><a href="#[1d2]">&gt;&gt;</a>&nbsp;&nbsp;&nbsp;f030s_notify_f032_val
<LI><a href="#[aa]">&gt;&gt;</a>&nbsp;&nbsp;&nbsp;f030s_init
<LI><a href="#[1cf]">&gt;&gt;</a>&nbsp;&nbsp;&nbsp;app_f034_send_ntf
<LI><a href="#[1ce]">&gt;&gt;</a>&nbsp;&nbsp;&nbsp;app_f032_send_ntf
<LI><a href="#[a1]">&gt;&gt;</a>&nbsp;&nbsp;&nbsp;gattc_read_req_ind_handler
<LI><a href="#[1c6]">&gt;&gt;</a>&nbsp;&nbsp;&nbsp;f020s_indicate_f026_val
<LI><a href="#[1c5]">&gt;&gt;</a>&nbsp;&nbsp;&nbsp;f020s_notify_f024_val
<LI><a href="#[99]">&gt;&gt;</a>&nbsp;&nbsp;&nbsp;f020s_init
<LI><a href="#[1c2]">&gt;&gt;</a>&nbsp;&nbsp;&nbsp;app_f026_send_ind
<LI><a href="#[1c1]">&gt;&gt;</a>&nbsp;&nbsp;&nbsp;app_f024_send_ntf
<LI><a href="#[90]">&gt;&gt;</a>&nbsp;&nbsp;&nbsp;gattc_read_req_ind_handler
<LI><a href="#[1be]">&gt;&gt;</a>&nbsp;&nbsp;&nbsp;f010s_indicate_f012_val
<LI><a href="#[1bc]">&gt;&gt;</a>&nbsp;&nbsp;&nbsp;f010s_notify_f014_val
</UL>

<P><STRONG><a name="[1af]"></a>__aeabi_memcpy4</STRONG> (Thumb, 0 bytes, Stack size 0 bytes, peripheral_stack_symbol.txt(ABSOLUTE))
<BR><BR>[Called By]<UL><LI><a href="#[6e]">&gt;&gt;</a>&nbsp;&nbsp;&nbsp;gattc_read_req_ind_handler
</UL>

<P><STRONG><a name="[fb]"></a>__aeabi_memclr</STRONG> (Thumb, 0 bytes, Stack size 0 bytes, peripheral_stack_symbol.txt(ABSOLUTE))
<BR><BR>[Called By]<UL><LI><a href="#[1b8]">&gt;&gt;</a>&nbsp;&nbsp;&nbsp;app_f010_init
<LI><a href="#[1b0]">&gt;&gt;</a>&nbsp;&nbsp;&nbsp;app_f000_init
<LI><a href="#[6d]">&gt;&gt;</a>&nbsp;&nbsp;&nbsp;gattc_write_req_ind_handler
<LI><a href="#[180]">&gt;&gt;</a>&nbsp;&nbsp;&nbsp;clear_uart2_buffer
<LI><a href="#[44]">&gt;&gt;</a>&nbsp;&nbsp;&nbsp;gapm_cmp_evt_handler
<LI><a href="#[fa]">&gt;&gt;</a>&nbsp;&nbsp;&nbsp;appm_init
<LI><a href="#[1da]">&gt;&gt;</a>&nbsp;&nbsp;&nbsp;app_f040_init
<LI><a href="#[1cd]">&gt;&gt;</a>&nbsp;&nbsp;&nbsp;app_f030_init
<LI><a href="#[1c0]">&gt;&gt;</a>&nbsp;&nbsp;&nbsp;app_f020_init
</UL>

<P><STRONG><a name="[f2]"></a>__aeabi_memclr4</STRONG> (Thumb, 0 bytes, Stack size 0 bytes, peripheral_stack_symbol.txt(ABSOLUTE))
<BR><BR>[Called By]<UL><LI><a href="#[88]">&gt;&gt;</a>&nbsp;&nbsp;&nbsp;f010s_init
<LI><a href="#[77]">&gt;&gt;</a>&nbsp;&nbsp;&nbsp;f000s_init
<LI><a href="#[6e]">&gt;&gt;</a>&nbsp;&nbsp;&nbsp;gattc_read_req_ind_handler
<LI><a href="#[5c]">&gt;&gt;</a>&nbsp;&nbsp;&nbsp;bass_init
<LI><a href="#[183]">&gt;&gt;</a>&nbsp;&nbsp;&nbsp;hci_data_init
<LI><a href="#[ee]">&gt;&gt;</a>&nbsp;&nbsp;&nbsp;rom_env_init
<LI><a href="#[bb]">&gt;&gt;</a>&nbsp;&nbsp;&nbsp;f040s_init
<LI><a href="#[aa]">&gt;&gt;</a>&nbsp;&nbsp;&nbsp;f030s_init
<LI><a href="#[99]">&gt;&gt;</a>&nbsp;&nbsp;&nbsp;f020s_init
</UL>

<P><STRONG><a name="[116]"></a>memcmp</STRONG> (Thumb, 0 bytes, Stack size 0 bytes, peripheral_stack_symbol.txt(ABSOLUTE))
<BR><BR>[Called By]<UL><LI><a href="#[15]">&gt;&gt;</a>&nbsp;&nbsp;&nbsp;nvds_put
<LI><a href="#[3e]">&gt;&gt;</a>&nbsp;&nbsp;&nbsp;gapc_encrypt_req_ind_handler
<LI><a href="#[ed]">&gt;&gt;</a>&nbsp;&nbsp;&nbsp;nvds_init
</UL>

<P><STRONG><a name="[21b]"></a>__ARM_clz</STRONG> (ARM, 0 bytes, Stack size 0 bytes, peripheral_stack_symbol.txt(ABSOLUTE), UNUSED)
<BR><BR>[Called By]<UL><LI><a href="#[213]">&gt;&gt;</a>&nbsp;&nbsp;&nbsp;_double_epilogue (via BLX)
</UL>

<P><STRONG><a name="[ce]"></a>__ARM_common_disable_fiq</STRONG> (ARM, 0 bytes, Stack size 0 bytes, peripheral_stack_symbol.txt(ABSOLUTE))
<BR><BR>[Called By]<UL><LI><a href="#[16b]">&gt;&gt;</a>&nbsp;&nbsp;&nbsp;flash_write_data (via BLX)
<LI><a href="#[16a]">&gt;&gt;</a>&nbsp;&nbsp;&nbsp;flash_erase_sector (via BLX)
<LI><a href="#[f]">&gt;&gt;</a>&nbsp;&nbsp;&nbsp;rwip_reset (via BLX)
<LI><a href="#[d2]">&gt;&gt;</a>&nbsp;&nbsp;&nbsp;flash_read_data (via BLX)
<LI><a href="#[d7]">&gt;&gt;</a>&nbsp;&nbsp;&nbsp;enter_normal_app_mode (via BLX)
<LI><a href="#[10]">&gt;&gt;</a>&nbsp;&nbsp;&nbsp;platform_reset (via BLX)
</UL>

<P><STRONG><a name="[cf]"></a>__ARM_common_disable_irq</STRONG> (ARM, 0 bytes, Stack size 0 bytes, peripheral_stack_symbol.txt(ABSOLUTE))
<BR><BR>[Called By]<UL><LI><a href="#[16b]">&gt;&gt;</a>&nbsp;&nbsp;&nbsp;flash_write_data (via BLX)
<LI><a href="#[16a]">&gt;&gt;</a>&nbsp;&nbsp;&nbsp;flash_erase_sector (via BLX)
<LI><a href="#[f]">&gt;&gt;</a>&nbsp;&nbsp;&nbsp;rwip_reset (via BLX)
<LI><a href="#[d2]">&gt;&gt;</a>&nbsp;&nbsp;&nbsp;flash_read_data (via BLX)
<LI><a href="#[d7]">&gt;&gt;</a>&nbsp;&nbsp;&nbsp;enter_normal_app_mode (via BLX)
<LI><a href="#[10]">&gt;&gt;</a>&nbsp;&nbsp;&nbsp;platform_reset (via BLX)
</UL>

<P><STRONG><a name="[df]"></a>__ARM_common_enable_fiq</STRONG> (ARM, 0 bytes, Stack size 0 bytes, peripheral_stack_symbol.txt(ABSOLUTE))
<BR><BR>[Called By]<UL><LI><a href="#[16b]">&gt;&gt;</a>&nbsp;&nbsp;&nbsp;flash_write_data (via BLX)
<LI><a href="#[16a]">&gt;&gt;</a>&nbsp;&nbsp;&nbsp;flash_erase_sector (via BLX)
<LI><a href="#[f]">&gt;&gt;</a>&nbsp;&nbsp;&nbsp;rwip_reset (via BLX)
<LI><a href="#[d2]">&gt;&gt;</a>&nbsp;&nbsp;&nbsp;flash_read_data (via BLX)
<LI><a href="#[d7]">&gt;&gt;</a>&nbsp;&nbsp;&nbsp;enter_normal_app_mode (via BLX)
<LI><a href="#[8]">&gt;&gt;</a>&nbsp;&nbsp;&nbsp;main (via BLX)
</UL>

<P><STRONG><a name="[e0]"></a>__ARM_common_enable_irq</STRONG> (ARM, 0 bytes, Stack size 0 bytes, peripheral_stack_symbol.txt(ABSOLUTE))
<BR><BR>[Called By]<UL><LI><a href="#[16b]">&gt;&gt;</a>&nbsp;&nbsp;&nbsp;flash_write_data (via BLX)
<LI><a href="#[16a]">&gt;&gt;</a>&nbsp;&nbsp;&nbsp;flash_erase_sector (via BLX)
<LI><a href="#[f]">&gt;&gt;</a>&nbsp;&nbsp;&nbsp;rwip_reset (via BLX)
<LI><a href="#[d2]">&gt;&gt;</a>&nbsp;&nbsp;&nbsp;flash_read_data (via BLX)
<LI><a href="#[d7]">&gt;&gt;</a>&nbsp;&nbsp;&nbsp;enter_normal_app_mode (via BLX)
<LI><a href="#[8]">&gt;&gt;</a>&nbsp;&nbsp;&nbsp;main (via BLX)
</UL>

<P><STRONG><a name="[10c]"></a>__ARM_common_switch8</STRONG> (ARM, 0 bytes, Stack size 0 bytes, peripheral_stack_symbol.txt(ABSOLUTE))
<BR><BR>[Called By]<UL><LI><a href="#[187]">&gt;&gt;</a>&nbsp;&nbsp;&nbsp;uart_rx_handler (via BLX)
<LI><a href="#[44]">&gt;&gt;</a>&nbsp;&nbsp;&nbsp;gapm_cmp_evt_handler (via BLX)
<LI><a href="#[3d]">&gt;&gt;</a>&nbsp;&nbsp;&nbsp;gapc_bond_ind_handler (via BLX)
<LI><a href="#[34]">&gt;&gt;</a>&nbsp;&nbsp;&nbsp;diss_value_req_ind_handler (via BLX)
<LI><a href="#[f0]">&gt;&gt;</a>&nbsp;&nbsp;&nbsp;mcu_clk_switch (via BLX)
<LI><a href="#[dc]">&gt;&gt;</a>&nbsp;&nbsp;&nbsp;cpu_wakeup (via BLX)
</UL>

<P><STRONG><a name="[c6]"></a>vectors</STRONG> (ARM, 0 bytes, Stack size 0 bytes, boot_vectors.o(SYS_BOOT))

<P><STRONG><a name="[c5]"></a>sys_Reset</STRONG> (ARM, 0 bytes, Stack size 0 bytes, boot_handlers.o(SYS_BOOT))
<BR><BR>[Calls]<UL><LI><a href="#[8]">&gt;&gt;</a>&nbsp;&nbsp;&nbsp;main (via Veneer)
</UL>

<P><STRONG><a name="[c8]"></a>SYSirq_FIQ_Handler</STRONG> (ARM, 16 bytes, Stack size 0 bytes, intc.o(sys_fiq_entry))
<BR><BR>[Calls]<UL><LI><a href="#[c9]">&gt;&gt;</a>&nbsp;&nbsp;&nbsp;FIQ_Exception (via BLX)
</UL>
<BR>[Called By]<UL><LI><a href="#[7]">&gt;&gt;</a>&nbsp;&nbsp;&nbsp;FIQ_Handler
</UL>

<P><STRONG><a name="[ca]"></a>SYSirq_IRQ_Handler</STRONG> (ARM, 16 bytes, Stack size 0 bytes, intc.o(sys_irq_entry))
<BR><BR>[Calls]<UL><LI><a href="#[cb]">&gt;&gt;</a>&nbsp;&nbsp;&nbsp;IRQ_Exception (via BLX)
</UL>
<BR>[Called By]<UL><LI><a href="#[6]">&gt;&gt;</a>&nbsp;&nbsp;&nbsp;IRQ_Handler
</UL>

<P><STRONG><a name="[c7]"></a>__main</STRONG> (ARM, 0 bytes, Stack size 0 bytes, entry.o(.ARM.Collect$$$$00000000))

<P><STRONG><a name="[cc]"></a>_main_scatterload</STRONG> (ARM, 0 bytes, Stack size 0 bytes, entry5.o(.ARM.Collect$$$$00000004))
<BR><BR>[Calls]<UL><LI><a href="#[cd]">&gt;&gt;</a>&nbsp;&nbsp;&nbsp;__scatterload (via BLX)
</UL>

<P><STRONG><a name="[21a]"></a>__main_after_scatterload</STRONG> (ARM, 0 bytes, Stack size 0 bytes, entry5.o(.ARM.Collect$$$$00000004))
<BR><BR>[Called By]<UL><LI><a href="#[cd]">&gt;&gt;</a>&nbsp;&nbsp;&nbsp;__scatterload (via BLX)
</UL>

<P><STRONG><a name="[10]"></a>platform_reset</STRONG> (Thumb, 24 bytes, Stack size 0 bytes, main.o(.text))
<BR><BR>[Calls]<UL><LI><a href="#[12]">&gt;&gt;</a>&nbsp;&nbsp;&nbsp;uart2_printf
<LI><a href="#[d0]">&gt;&gt;</a>&nbsp;&nbsp;&nbsp;cpu_reset
<LI><a href="#[cf]">&gt;&gt;</a>&nbsp;&nbsp;&nbsp;__ARM_common_disable_irq (via BLX)
<LI><a href="#[ce]">&gt;&gt;</a>&nbsp;&nbsp;&nbsp;__ARM_common_disable_fiq (via BLX)
</UL>
<BR>[Address Reference Count : 1]<UL><LI> main.o(.text)
</UL>
<P><STRONG><a name="[d1]"></a>bdaddr_env_init</STRONG> (Thumb, 74 bytes, Stack size 0 bytes, main.o(.text))
<BR><BR>[Calls]<UL><LI><a href="#[d2]">&gt;&gt;</a>&nbsp;&nbsp;&nbsp;flash_read_data
<LI><a href="#[d3]">&gt;&gt;</a>&nbsp;&nbsp;&nbsp;__aeabi_memcpy
</UL>
<BR>[Called By]<UL><LI><a href="#[8]">&gt;&gt;</a>&nbsp;&nbsp;&nbsp;main
</UL>

<P><STRONG><a name="[141]"></a>get_sys_mode</STRONG> (Thumb, 6 bytes, Stack size 0 bytes, main.o(.text))
<BR><BR>[Called By]<UL><LI><a href="#[188]">&gt;&gt;</a>&nbsp;&nbsp;&nbsp;uart_isr
<LI><a href="#[e8]">&gt;&gt;</a>&nbsp;&nbsp;&nbsp;uart_init
<LI><a href="#[ef]">&gt;&gt;</a>&nbsp;&nbsp;&nbsp;rwip_init
</UL>

<P><STRONG><a name="[d4]"></a>enter_dut_fcc_mode</STRONG> (Thumb, 10 bytes, Stack size 0 bytes, main.o(.text))
<BR><BR>[Calls]<UL><LI><a href="#[d6]">&gt;&gt;</a>&nbsp;&nbsp;&nbsp;uart_h4tl_data_switch
<LI><a href="#[d5]">&gt;&gt;</a>&nbsp;&nbsp;&nbsp;rwip_schedule
<LI><a href="#[d4]">&gt;&gt;</a>&nbsp;&nbsp;&nbsp;enter_dut_fcc_mode
</UL>
<BR>[Called By]<UL><LI><a href="#[d4]">&gt;&gt;</a>&nbsp;&nbsp;&nbsp;enter_dut_fcc_mode
<LI><a href="#[8]">&gt;&gt;</a>&nbsp;&nbsp;&nbsp;main
</UL>

<P><STRONG><a name="[d7]"></a>enter_normal_app_mode</STRONG> (Thumb, 108 bytes, Stack size 0 bytes, main.o(.text))
<BR><BR>[Calls]<UL><LI><a href="#[da]">&gt;&gt;</a>&nbsp;&nbsp;&nbsp;rwip_sleep
<LI><a href="#[d5]">&gt;&gt;</a>&nbsp;&nbsp;&nbsp;rwip_schedule
<LI><a href="#[d8]">&gt;&gt;</a>&nbsp;&nbsp;&nbsp;oad_updating_user_section_pro
<LI><a href="#[d9]">&gt;&gt;</a>&nbsp;&nbsp;&nbsp;icu_get_sleep_mode
<LI><a href="#[dd]">&gt;&gt;</a>&nbsp;&nbsp;&nbsp;deep_sleep
<LI><a href="#[dc]">&gt;&gt;</a>&nbsp;&nbsp;&nbsp;cpu_wakeup
<LI><a href="#[db]">&gt;&gt;</a>&nbsp;&nbsp;&nbsp;cpu_reduce_voltage_sleep
<LI><a href="#[de]">&gt;&gt;</a>&nbsp;&nbsp;&nbsp;cpu_idle_sleep
<LI><a href="#[d7]">&gt;&gt;</a>&nbsp;&nbsp;&nbsp;enter_normal_app_mode
<LI><a href="#[e1]">&gt;&gt;</a>&nbsp;&nbsp;&nbsp;stack_integrity_check
<LI><a href="#[e0]">&gt;&gt;</a>&nbsp;&nbsp;&nbsp;__ARM_common_enable_irq (via BLX)
<LI><a href="#[df]">&gt;&gt;</a>&nbsp;&nbsp;&nbsp;__ARM_common_enable_fiq (via BLX)
<LI><a href="#[cf]">&gt;&gt;</a>&nbsp;&nbsp;&nbsp;__ARM_common_disable_irq (via BLX)
<LI><a href="#[ce]">&gt;&gt;</a>&nbsp;&nbsp;&nbsp;__ARM_common_disable_fiq (via BLX)
</UL>
<BR>[Called By]<UL><LI><a href="#[d7]">&gt;&gt;</a>&nbsp;&nbsp;&nbsp;enter_normal_app_mode
<LI><a href="#[8]">&gt;&gt;</a>&nbsp;&nbsp;&nbsp;main
</UL>

<P><STRONG><a name="[8]"></a>main</STRONG> (Thumb, 188 bytes, Stack size 0 bytes, main.o(.text))
<BR><BR>[Calls]<UL><LI><a href="#[e3]">&gt;&gt;</a>&nbsp;&nbsp;&nbsp;wdt_disable
<LI><a href="#[e8]">&gt;&gt;</a>&nbsp;&nbsp;&nbsp;uart_init
<LI><a href="#[12]">&gt;&gt;</a>&nbsp;&nbsp;&nbsp;uart2_printf
<LI><a href="#[e9]">&gt;&gt;</a>&nbsp;&nbsp;&nbsp;uart2_init
<LI><a href="#[ef]">&gt;&gt;</a>&nbsp;&nbsp;&nbsp;rwip_init
<LI><a href="#[ed]">&gt;&gt;</a>&nbsp;&nbsp;&nbsp;nvds_init
<LI><a href="#[f0]">&gt;&gt;</a>&nbsp;&nbsp;&nbsp;mcu_clk_switch
<LI><a href="#[e4]">&gt;&gt;</a>&nbsp;&nbsp;&nbsp;intc_init
<LI><a href="#[f1]">&gt;&gt;</a>&nbsp;&nbsp;&nbsp;icu_set_sleep_mode
<LI><a href="#[e2]">&gt;&gt;</a>&nbsp;&nbsp;&nbsp;icu_init
<LI><a href="#[ea]">&gt;&gt;</a>&nbsp;&nbsp;&nbsp;gpio_init
<LI><a href="#[e7]">&gt;&gt;</a>&nbsp;&nbsp;&nbsp;gpio_get_input
<LI><a href="#[e5]">&gt;&gt;</a>&nbsp;&nbsp;&nbsp;gpio_config
<LI><a href="#[eb]">&gt;&gt;</a>&nbsp;&nbsp;&nbsp;flash_init
<LI><a href="#[e6]">&gt;&gt;</a>&nbsp;&nbsp;&nbsp;Delay_ms
<LI><a href="#[d7]">&gt;&gt;</a>&nbsp;&nbsp;&nbsp;enter_normal_app_mode
<LI><a href="#[d4]">&gt;&gt;</a>&nbsp;&nbsp;&nbsp;enter_dut_fcc_mode
<LI><a href="#[d1]">&gt;&gt;</a>&nbsp;&nbsp;&nbsp;bdaddr_env_init
<LI><a href="#[ee]">&gt;&gt;</a>&nbsp;&nbsp;&nbsp;rom_env_init
<LI><a href="#[e0]">&gt;&gt;</a>&nbsp;&nbsp;&nbsp;__ARM_common_enable_irq (via BLX)
<LI><a href="#[df]">&gt;&gt;</a>&nbsp;&nbsp;&nbsp;__ARM_common_enable_fiq (via BLX)
<LI><a href="#[ec]">&gt;&gt;</a>&nbsp;&nbsp;&nbsp;srand
</UL>
<BR>[Called By]<UL><LI><a href="#[c5]">&gt;&gt;</a>&nbsp;&nbsp;&nbsp;sys_Reset (via Veneer)
</UL>
<BR>[Address Reference Count : 1]<UL><LI> entry9a.o(.ARM.Collect$$$$0000000B)
</UL>
<P><STRONG><a name="[137]"></a>rwip_eif_get</STRONG> (Thumb, 12 bytes, Stack size 0 bytes, main.o(.text))
<BR><BR>[Called By]<UL><LI><a href="#[ef]">&gt;&gt;</a>&nbsp;&nbsp;&nbsp;rwip_init
</UL>

<P><STRONG><a name="[f3]"></a>appm_start_advertising</STRONG> (Thumb, 52 bytes, Stack size 0 bytes, app.o(.text))
<BR><BR>[Calls]<UL><LI><a href="#[12]">&gt;&gt;</a>&nbsp;&nbsp;&nbsp;uart2_printf
<LI><a href="#[f5]">&gt;&gt;</a>&nbsp;&nbsp;&nbsp;ke_msg_send
<LI><a href="#[f4]">&gt;&gt;</a>&nbsp;&nbsp;&nbsp;ke_msg_alloc
</UL>
<BR>[Called By]<UL><LI><a href="#[4b]">&gt;&gt;</a>&nbsp;&nbsp;&nbsp;gapc_disconnect_ind_handler
<LI><a href="#[49]">&gt;&gt;</a>&nbsp;&nbsp;&nbsp;gapc_param_update_req_ind_handler
<LI><a href="#[48]">&gt;&gt;</a>&nbsp;&nbsp;&nbsp;gapc_connection_req_ind_handler
<LI><a href="#[44]">&gt;&gt;</a>&nbsp;&nbsp;&nbsp;gapm_cmp_evt_handler
</UL>

<P><STRONG><a name="[f6]"></a>appm_stop_advertising</STRONG> (Thumb, 38 bytes, Stack size 0 bytes, app.o(.text), UNUSED)
<BR><BR>[Calls]<UL><LI><a href="#[f5]">&gt;&gt;</a>&nbsp;&nbsp;&nbsp;ke_msg_send
<LI><a href="#[f4]">&gt;&gt;</a>&nbsp;&nbsp;&nbsp;ke_msg_alloc
</UL>

<P><STRONG><a name="[f7]"></a>appm_set_adv_data</STRONG> (Thumb, 56 bytes, Stack size 0 bytes, app.o(.text))
<BR><BR>[Calls]<UL><LI><a href="#[f8]">&gt;&gt;</a>&nbsp;&nbsp;&nbsp;appm_build_adv_data
<LI><a href="#[f5]">&gt;&gt;</a>&nbsp;&nbsp;&nbsp;ke_msg_send
<LI><a href="#[f4]">&gt;&gt;</a>&nbsp;&nbsp;&nbsp;ke_msg_alloc
</UL>
<BR>[Called By]<UL><LI><a href="#[44]">&gt;&gt;</a>&nbsp;&nbsp;&nbsp;gapm_cmp_evt_handler
</UL>

<P><STRONG><a name="[f9]"></a>appm_set_scan_rsp_data</STRONG> (Thumb, 56 bytes, Stack size 0 bytes, app.o(.text))
<BR><BR>[Calls]<UL><LI><a href="#[d3]">&gt;&gt;</a>&nbsp;&nbsp;&nbsp;__aeabi_memcpy
<LI><a href="#[f5]">&gt;&gt;</a>&nbsp;&nbsp;&nbsp;ke_msg_send
<LI><a href="#[f4]">&gt;&gt;</a>&nbsp;&nbsp;&nbsp;ke_msg_alloc
</UL>
<BR>[Called By]<UL><LI><a href="#[44]">&gt;&gt;</a>&nbsp;&nbsp;&nbsp;gapm_cmp_evt_handler
</UL>

<P><STRONG><a name="[fa]"></a>appm_init</STRONG> (Thumb, 142 bytes, Stack size 0 bytes, app.o(.text))
<BR><BR>[Calls]<UL><LI><a href="#[102]">&gt;&gt;</a>&nbsp;&nbsp;&nbsp;init_work
<LI><a href="#[fe]">&gt;&gt;</a>&nbsp;&nbsp;&nbsp;app_sec_init
<LI><a href="#[101]">&gt;&gt;</a>&nbsp;&nbsp;&nbsp;app_oads_init
<LI><a href="#[ff]">&gt;&gt;</a>&nbsp;&nbsp;&nbsp;app_dis_init
<LI><a href="#[100]">&gt;&gt;</a>&nbsp;&nbsp;&nbsp;app_batt_init
<LI><a href="#[d2]">&gt;&gt;</a>&nbsp;&nbsp;&nbsp;flash_read_data
<LI><a href="#[fb]">&gt;&gt;</a>&nbsp;&nbsp;&nbsp;__aeabi_memclr
<LI><a href="#[d3]">&gt;&gt;</a>&nbsp;&nbsp;&nbsp;__aeabi_memcpy
<LI><a href="#[fd]">&gt;&gt;</a>&nbsp;&nbsp;&nbsp;ke_state_set
<LI><a href="#[fc]">&gt;&gt;</a>&nbsp;&nbsp;&nbsp;ke_task_create
<LI><a href="#[f5]">&gt;&gt;</a>&nbsp;&nbsp;&nbsp;ke_msg_send
<LI><a href="#[f4]">&gt;&gt;</a>&nbsp;&nbsp;&nbsp;ke_msg_alloc
</UL>
<BR>[Called By]<UL><LI><a href="#[ef]">&gt;&gt;</a>&nbsp;&nbsp;&nbsp;rwip_init
</UL>

<P><STRONG><a name="[103]"></a>appm_add_svc</STRONG> (Thumb, 46 bytes, Stack size 0 bytes, app.o(.text))
<BR><BR>[Calls]<UL><LI><a href="#[12]">&gt;&gt;</a>&nbsp;&nbsp;&nbsp;uart2_printf
</UL>
<BR>[Called By]<UL><LI><a href="#[44]">&gt;&gt;</a>&nbsp;&nbsp;&nbsp;gapm_cmp_evt_handler
</UL>

<P><STRONG><a name="[104]"></a>appm_disconnect</STRONG> (Thumb, 36 bytes, Stack size 0 bytes, app.o(.text))
<BR><BR>[Calls]<UL><LI><a href="#[f5]">&gt;&gt;</a>&nbsp;&nbsp;&nbsp;ke_msg_send
<LI><a href="#[f4]">&gt;&gt;</a>&nbsp;&nbsp;&nbsp;ke_msg_alloc
</UL>
<BR>[Called By]<UL><LI><a href="#[3d]">&gt;&gt;</a>&nbsp;&nbsp;&nbsp;gapc_bond_ind_handler
</UL>

<P><STRONG><a name="[105]"></a>appm_create_advertising</STRONG> (Thumb, 76 bytes, Stack size 0 bytes, app.o(.text))
<BR><BR>[Calls]<UL><LI><a href="#[12]">&gt;&gt;</a>&nbsp;&nbsp;&nbsp;uart2_printf
<LI><a href="#[f5]">&gt;&gt;</a>&nbsp;&nbsp;&nbsp;ke_msg_send
<LI><a href="#[f4]">&gt;&gt;</a>&nbsp;&nbsp;&nbsp;ke_msg_alloc
</UL>
<BR>[Called By]<UL><LI><a href="#[44]">&gt;&gt;</a>&nbsp;&nbsp;&nbsp;gapm_cmp_evt_handler
</UL>

<P><STRONG><a name="[106]"></a>appm_create_ext_advertising</STRONG> (Thumb, 82 bytes, Stack size 0 bytes, app.o(.text), UNUSED)
<BR><BR>[Calls]<UL><LI><a href="#[12]">&gt;&gt;</a>&nbsp;&nbsp;&nbsp;uart2_printf
<LI><a href="#[f5]">&gt;&gt;</a>&nbsp;&nbsp;&nbsp;ke_msg_send
<LI><a href="#[f4]">&gt;&gt;</a>&nbsp;&nbsp;&nbsp;ke_msg_alloc
</UL>

<P><STRONG><a name="[107]"></a>appm_delete_advertising</STRONG> (Thumb, 30 bytes, Stack size 0 bytes, app.o(.text), UNUSED)
<BR><BR>[Calls]<UL><LI><a href="#[f5]">&gt;&gt;</a>&nbsp;&nbsp;&nbsp;ke_msg_send
<LI><a href="#[f4]">&gt;&gt;</a>&nbsp;&nbsp;&nbsp;ke_msg_alloc
</UL>

<P><STRONG><a name="[108]"></a>appm_update_param</STRONG> (Thumb, 68 bytes, Stack size 0 bytes, app.o(.text))
<BR><BR>[Calls]<UL><LI><a href="#[12]">&gt;&gt;</a>&nbsp;&nbsp;&nbsp;uart2_printf
<LI><a href="#[f5]">&gt;&gt;</a>&nbsp;&nbsp;&nbsp;ke_msg_send
<LI><a href="#[f4]">&gt;&gt;</a>&nbsp;&nbsp;&nbsp;ke_msg_alloc
</UL>
<BR>[Called By]<UL><LI><a href="#[4e]">&gt;&gt;</a>&nbsp;&nbsp;&nbsp;app_update_conn_param_req_ind_handler
<LI><a href="#[10e]">&gt;&gt;</a>&nbsp;&nbsp;&nbsp;oadImgIdentifyWrite
</UL>

<P><STRONG><a name="[11c]"></a>appm_update_phy_param</STRONG> (Thumb, 2 bytes, Stack size 0 bytes, app.o(.text))
<BR><BR>[Called By]<UL><LI><a href="#[4d]">&gt;&gt;</a>&nbsp;&nbsp;&nbsp;gattc_mtu_changed_ind_handler
</UL>

<P><STRONG><a name="[109]"></a>appm_get_dev_name</STRONG> (Thumb, 18 bytes, Stack size 0 bytes, app.o(.text))
<BR><BR>[Calls]<UL><LI><a href="#[d3]">&gt;&gt;</a>&nbsp;&nbsp;&nbsp;__aeabi_memcpy
</UL>
<BR>[Called By]<UL><LI><a href="#[46]">&gt;&gt;</a>&nbsp;&nbsp;&nbsp;gapc_get_dev_info_req_ind_handler
</UL>

<P><STRONG><a name="[100]"></a>app_batt_init</STRONG> (Thumb, 12 bytes, Stack size 0 bytes, app_batt.o(.text))
<BR><BR>[Called By]<UL><LI><a href="#[fa]">&gt;&gt;</a>&nbsp;&nbsp;&nbsp;appm_init
</UL>

<P><STRONG><a name="[2e]"></a>app_batt_add_bas</STRONG> (Thumb, 44 bytes, Stack size 0 bytes, app_batt.o(.text))
<BR><BR>[Calls]<UL><LI><a href="#[f5]">&gt;&gt;</a>&nbsp;&nbsp;&nbsp;ke_msg_send
<LI><a href="#[f4]">&gt;&gt;</a>&nbsp;&nbsp;&nbsp;ke_msg_alloc
</UL>
<BR>[Address Reference Count : 1]<UL><LI> app.o(.constdata)
</UL>
<P><STRONG><a name="[10a]"></a>app_batt_enable_prf</STRONG> (Thumb, 44 bytes, Stack size 0 bytes, app_batt.o(.text))
<BR><BR>[Calls]<UL><LI><a href="#[a]">&gt;&gt;</a>&nbsp;&nbsp;&nbsp;prf_get_task_from_id
<LI><a href="#[f5]">&gt;&gt;</a>&nbsp;&nbsp;&nbsp;ke_msg_send
<LI><a href="#[f4]">&gt;&gt;</a>&nbsp;&nbsp;&nbsp;ke_msg_alloc
</UL>
<BR>[Called By]<UL><LI><a href="#[48]">&gt;&gt;</a>&nbsp;&nbsp;&nbsp;gapc_connection_req_ind_handler
</UL>

<P><STRONG><a name="[10b]"></a>app_batt_send_lvl</STRONG> (Thumb, 34 bytes, Stack size 0 bytes, app_batt.o(.text), UNUSED)
<BR><BR>[Calls]<UL><LI><a href="#[a]">&gt;&gt;</a>&nbsp;&nbsp;&nbsp;prf_get_task_from_id
<LI><a href="#[f5]">&gt;&gt;</a>&nbsp;&nbsp;&nbsp;ke_msg_send
<LI><a href="#[f4]">&gt;&gt;</a>&nbsp;&nbsp;&nbsp;ke_msg_alloc
</UL>

<P><STRONG><a name="[ff]"></a>app_dis_init</STRONG> (Thumb, 2 bytes, Stack size 0 bytes, app_dis.o(.text))
<BR><BR>[Called By]<UL><LI><a href="#[fa]">&gt;&gt;</a>&nbsp;&nbsp;&nbsp;appm_init
</UL>

<P><STRONG><a name="[2d]"></a>app_dis_add_dis</STRONG> (Thumb, 42 bytes, Stack size 0 bytes, app_dis.o(.text))
<BR><BR>[Calls]<UL><LI><a href="#[f5]">&gt;&gt;</a>&nbsp;&nbsp;&nbsp;ke_msg_send
<LI><a href="#[f4]">&gt;&gt;</a>&nbsp;&nbsp;&nbsp;ke_msg_alloc
</UL>
<BR>[Address Reference Count : 1]<UL><LI> app.o(.constdata)
</UL>
<P><STRONG><a name="[101]"></a>app_oads_init</STRONG> (Thumb, 8 bytes, Stack size 0 bytes, app_oads.o(.text))
<BR><BR>[Called By]<UL><LI><a href="#[fa]">&gt;&gt;</a>&nbsp;&nbsp;&nbsp;appm_init
</UL>

<P><STRONG><a name="[2f]"></a>app_oad_add_oads</STRONG> (Thumb, 62 bytes, Stack size 0 bytes, app_oads.o(.text))
<BR><BR>[Calls]<UL><LI><a href="#[12]">&gt;&gt;</a>&nbsp;&nbsp;&nbsp;uart2_printf
<LI><a href="#[f5]">&gt;&gt;</a>&nbsp;&nbsp;&nbsp;ke_msg_send
<LI><a href="#[f4]">&gt;&gt;</a>&nbsp;&nbsp;&nbsp;ke_msg_alloc
</UL>
<BR>[Address Reference Count : 1]<UL><LI> app.o(.constdata)
</UL>
[...]
<LI><a href="#[1c5]">&gt;&gt;</a>&nbsp;&nbsp;&nbsp;f020s_notify_f024_val
</UL>
<BR>[Address Reference Count : 1]<UL><LI> f020s_task.o(.constdata)
</UL>
<P><STRONG><a name="[9e]"></a>f020s_f026_val_upd_req_handler</STRONG> (Thumb, 88 bytes, Stack size 0 bytes, f020s_task.o(.text))
<BR><BR>[Calls]<UL><LI><a href="#[196]">&gt;&gt;</a>&nbsp;&nbsp;&nbsp;prf_env_get
<LI><a href="#[12]">&gt;&gt;</a>&nbsp;&nbsp;&nbsp;uart2_printf
<LI><a href="#[117]">&gt;&gt;</a>&nbsp;&nbsp;&nbsp;ke_state_get
<LI><a href="#[fd]">&gt;&gt;</a>&nbsp;&nbsp;&nbsp;ke_state_set
<LI><a href="#[1c6]">&gt;&gt;</a>&nbsp;&nbsp;&nbsp;f020s_indicate_f026_val
</UL>
<BR>[Address Reference Count : 1]<UL><LI> f020s_task.o(.constdata)
</UL>
<P><STRONG><a name="[9f]"></a>gattc_att_info_req_ind_handler</STRONG> (Thumb, 100 bytes, Stack size 0 bytes, f020s_task.o(.text))
<BR><BR>[Calls]<UL><LI><a href="#[12]">&gt;&gt;</a>&nbsp;&nbsp;&nbsp;uart2_printf
<LI><a href="#[f5]">&gt;&gt;</a>&nbsp;&nbsp;&nbsp;ke_msg_send
<LI><a href="#[f4]">&gt;&gt;</a>&nbsp;&nbsp;&nbsp;ke_msg_alloc
<LI><a href="#[1c7]">&gt;&gt;</a>&nbsp;&nbsp;&nbsp;f020s_get_att_idx
</UL>
<BR>[Address Reference Count : 1]<UL><LI> f020s_task.o(.constdata)
</UL>
<P><STRONG><a name="[a0]"></a>gattc_write_req_ind_handler</STRONG> (Thumb, 300 bytes, Stack size 0 bytes, f020s_task.o(.text))
<BR><BR>[Calls]<UL><LI><a href="#[19c]">&gt;&gt;</a>&nbsp;&nbsp;&nbsp;prf_dst_task_get
<LI><a href="#[196]">&gt;&gt;</a>&nbsp;&nbsp;&nbsp;prf_env_get
<LI><a href="#[12]">&gt;&gt;</a>&nbsp;&nbsp;&nbsp;uart2_printf
<LI><a href="#[f5]">&gt;&gt;</a>&nbsp;&nbsp;&nbsp;ke_msg_send
<LI><a href="#[f4]">&gt;&gt;</a>&nbsp;&nbsp;&nbsp;ke_msg_alloc
<LI><a href="#[1cc]">&gt;&gt;</a>&nbsp;&nbsp;&nbsp;f026_0x2a9f_cb
<LI><a href="#[1cb]">&gt;&gt;</a>&nbsp;&nbsp;&nbsp;f024_0x2a99_cb
<LI><a href="#[1ca]">&gt;&gt;</a>&nbsp;&nbsp;&nbsp;f023_0x2a8e_cb
<LI><a href="#[1c9]">&gt;&gt;</a>&nbsp;&nbsp;&nbsp;f022_0x2a8c_cb
<LI><a href="#[1c8]">&gt;&gt;</a>&nbsp;&nbsp;&nbsp;f021_0x2a85_cb
<LI><a href="#[1c7]">&gt;&gt;</a>&nbsp;&nbsp;&nbsp;f020s_get_att_idx
</UL>
<BR>[Address Reference Count : 1]<UL><LI> f020s_task.o(.constdata)
</UL>
<P><STRONG><a name="[a1]"></a>gattc_read_req_ind_handler</STRONG> (Thumb, 276 bytes, Stack size 0 bytes, f020s_task.o(.text))
<BR><BR>[Calls]<UL><LI><a href="#[196]">&gt;&gt;</a>&nbsp;&nbsp;&nbsp;prf_env_get
<LI><a href="#[12]">&gt;&gt;</a>&nbsp;&nbsp;&nbsp;uart2_printf
<LI><a href="#[d3]">&gt;&gt;</a>&nbsp;&nbsp;&nbsp;__aeabi_memcpy
<LI><a href="#[f5]">&gt;&gt;</a>&nbsp;&nbsp;&nbsp;ke_msg_send
<LI><a href="#[f4]">&gt;&gt;</a>&nbsp;&nbsp;&nbsp;ke_msg_alloc
<LI><a href="#[1c7]">&gt;&gt;</a>&nbsp;&nbsp;&nbsp;f020s_get_att_idx
</UL>
<BR>[Address Reference Count : 1]<UL><LI> f020s_task.o(.constdata)
</UL>
<P><STRONG><a name="[a2]"></a>gattc_cmp_evt_handler</STRONG> (Thumb, 112 bytes, Stack size 0 bytes, f020s_task.o(.text))
<BR><BR>[Calls]<UL><LI><a href="#[19c]">&gt;&gt;</a>&nbsp;&nbsp;&nbsp;prf_dst_task_get
<LI><a href="#[196]">&gt;&gt;</a>&nbsp;&nbsp;&nbsp;prf_env_get
<LI><a href="#[12]">&gt;&gt;</a>&nbsp;&nbsp;&nbsp;uart2_printf
<LI><a href="#[117]">&gt;&gt;</a>&nbsp;&nbsp;&nbsp;ke_state_get
<LI><a href="#[fd]">&gt;&gt;</a>&nbsp;&nbsp;&nbsp;ke_state_set
<LI><a href="#[f5]">&gt;&gt;</a>&nbsp;&nbsp;&nbsp;ke_msg_send
<LI><a href="#[f4]">&gt;&gt;</a>&nbsp;&nbsp;&nbsp;ke_msg_alloc
</UL>
<BR>[Address Reference Count : 1]<UL><LI> f020s_task.o(.constdata)
</UL>
<P><STRONG><a name="[a4]"></a>f030s_f032_val_ntf_cfg_ind_handler</STRONG> (Thumb, 14 bytes, Stack size 0 bytes, app_f030.o(.text))
<BR><BR>[Calls]<UL><LI><a href="#[12]">&gt;&gt;</a>&nbsp;&nbsp;&nbsp;uart2_printf
</UL>
<BR>[Address Reference Count : 1]<UL><LI> app_f030.o(.constdata)
</UL>
<P><STRONG><a name="[a5]"></a>f030s_f034_val_ind_cfg_ind_handler</STRONG> (Thumb, 14 bytes, Stack size 0 bytes, app_f030.o(.text))
<BR><BR>[Calls]<UL><LI><a href="#[12]">&gt;&gt;</a>&nbsp;&nbsp;&nbsp;uart2_printf
</UL>
<BR>[Address Reference Count : 1]<UL><LI> app_f030.o(.constdata)
</UL>
<P><STRONG><a name="[a6]"></a>f032_val_upd_rsp_handler</STRONG> (Thumb, 16 bytes, Stack size 0 bytes, app_f030.o(.text))
<BR><BR>[Calls]<UL><LI><a href="#[12]">&gt;&gt;</a>&nbsp;&nbsp;&nbsp;uart2_printf
</UL>
<BR>[Address Reference Count : 1]<UL><LI> app_f030.o(.constdata)
</UL>
<P><STRONG><a name="[a7]"></a>f034_val_upd_rsp_handler</STRONG> (Thumb, 18 bytes, Stack size 0 bytes, app_f030.o(.text))
<BR><BR>[Calls]<UL><LI><a href="#[12]">&gt;&gt;</a>&nbsp;&nbsp;&nbsp;uart2_printf
</UL>
<BR>[Address Reference Count : 1]<UL><LI> app_f030.o(.constdata)
</UL>
<P><STRONG><a name="[a3]"></a>app_f030_msg_dflt_handler</STRONG> (Thumb, 16 bytes, Stack size 0 bytes, app_f030.o(.text))
<BR><BR>[Calls]<UL><LI><a href="#[12]">&gt;&gt;</a>&nbsp;&nbsp;&nbsp;uart2_printf
</UL>
<BR>[Address Reference Count : 1]<UL><LI> app_f030.o(.constdata)
</UL>
<P><STRONG><a name="[a8]"></a>f035_writer_cmd_handler</STRONG> (Thumb, 102 bytes, Stack size 0 bytes, app_f030.o(.text))
<BR><BR>[Calls]<UL><LI><a href="#[12]">&gt;&gt;</a>&nbsp;&nbsp;&nbsp;uart2_printf
<LI><a href="#[1cf]">&gt;&gt;</a>&nbsp;&nbsp;&nbsp;app_f034_send_ntf
<LI><a href="#[1ce]">&gt;&gt;</a>&nbsp;&nbsp;&nbsp;app_f032_send_ntf
</UL>
<BR>[Address Reference Count : 1]<UL><LI> app_f030.o(.constdata)
</UL>
<P><STRONG><a name="[a9]"></a>f033_writer_req_handler</STRONG> (Thumb, 50 bytes, Stack size 0 bytes, app_f030.o(.text))
<BR><BR>[Calls]<UL><LI><a href="#[12]">&gt;&gt;</a>&nbsp;&nbsp;&nbsp;uart2_printf
</UL>
<BR>[Address Reference Count : 1]<UL><LI> app_f030.o(.constdata)
</UL>
<P><STRONG><a name="[aa]"></a>f030s_init</STRONG> (Thumb, 186 bytes, Stack size 0 bytes, f030s.o(.text))
<BR><BR>[Calls]<UL><LI><a href="#[f2]">&gt;&gt;</a>&nbsp;&nbsp;&nbsp;__aeabi_memclr4
<LI><a href="#[d3]">&gt;&gt;</a>&nbsp;&nbsp;&nbsp;__aeabi_memcpy
<LI><a href="#[190]">&gt;&gt;</a>&nbsp;&nbsp;&nbsp;attm_svc_create_db
<LI><a href="#[193]">&gt;&gt;</a>&nbsp;&nbsp;&nbsp;co_list_init
<LI><a href="#[fd]">&gt;&gt;</a>&nbsp;&nbsp;&nbsp;ke_state_set
<LI><a href="#[195]">&gt;&gt;</a>&nbsp;&nbsp;&nbsp;ke_free
<LI><a href="#[191]">&gt;&gt;</a>&nbsp;&nbsp;&nbsp;ke_malloc
<LI><a href="#[1d0]">&gt;&gt;</a>&nbsp;&nbsp;&nbsp;f030s_task_init
</UL>
<BR>[Address Reference Count : 1]<UL><LI> f030s.o(.constdata)
</UL>
<P><STRONG><a name="[ab]"></a>f030s_destroy</STRONG> (Thumb, 28 bytes, Stack size 0 bytes, f030s.o(.text))
<BR><BR>[Calls]<UL><LI><a href="#[195]">&gt;&gt;</a>&nbsp;&nbsp;&nbsp;ke_free
</UL>
<BR>[Address Reference Count : 1]<UL><LI> f030s.o(.constdata)
</UL>
<P><STRONG><a name="[ac]"></a>f030s_create</STRONG> (Thumb, 14 bytes, Stack size 0 bytes, f030s.o(.text))
<BR>[Address Reference Count : 1]<UL><LI> f030s.o(.constdata)
</UL>
<P><STRONG><a name="[ad]"></a>f030s_cleanup</STRONG> (Thumb, 14 bytes, Stack size 0 bytes, f030s.o(.text))
<BR>[Address Reference Count : 1]<UL><LI> f030s.o(.constdata)
</UL>
<P><STRONG><a name="[ae]"></a>f030s_f032_val_upd_req_handler</STRONG> (Thumb, 88 bytes, Stack size 0 bytes, f030s_task.o(.text))
<BR><BR>[Calls]<UL><LI><a href="#[196]">&gt;&gt;</a>&nbsp;&nbsp;&nbsp;prf_env_get
<LI><a href="#[12]">&gt;&gt;</a>&nbsp;&nbsp;&nbsp;uart2_printf
<LI><a href="#[117]">&gt;&gt;</a>&nbsp;&nbsp;&nbsp;ke_state_get
<LI><a href="#[fd]">&gt;&gt;</a>&nbsp;&nbsp;&nbsp;ke_state_set
<LI><a href="#[1d2]">&gt;&gt;</a>&nbsp;&nbsp;&nbsp;f030s_notify_f032_val
</UL>
<BR>[Address Reference Count : 1]<UL><LI> f030s_task.o(.constdata)
</UL>
<P><STRONG><a name="[af]"></a>f030s_f034_val_upd_req_handler</STRONG> (Thumb, 88 bytes, Stack size 0 bytes, f030s_task.o(.text))
<BR><BR>[Calls]<UL><LI><a href="#[196]">&gt;&gt;</a>&nbsp;&nbsp;&nbsp;prf_env_get
<LI><a href="#[12]">&gt;&gt;</a>&nbsp;&nbsp;&nbsp;uart2_printf
<LI><a href="#[117]">&gt;&gt;</a>&nbsp;&nbsp;&nbsp;ke_state_get
<LI><a href="#[fd]">&gt;&gt;</a>&nbsp;&nbsp;&nbsp;ke_state_set
<LI><a href="#[1d3]">&gt;&gt;</a>&nbsp;&nbsp;&nbsp;f030s_notify_f034_val
</UL>
<BR>[Address Reference Count : 1]<UL><LI> f030s_task.o(.constdata)
</UL>
<P><STRONG><a name="[b0]"></a>gattc_att_info_req_ind_handler</STRONG> (Thumb, 100 bytes, Stack size 0 bytes, f030s_task.o(.text))
<BR><BR>[Calls]<UL><LI><a href="#[12]">&gt;&gt;</a>&nbsp;&nbsp;&nbsp;uart2_printf
<LI><a href="#[f5]">&gt;&gt;</a>&nbsp;&nbsp;&nbsp;ke_msg_send
<LI><a href="#[f4]">&gt;&gt;</a>&nbsp;&nbsp;&nbsp;ke_msg_alloc
<LI><a href="#[1d4]">&gt;&gt;</a>&nbsp;&nbsp;&nbsp;f030s_get_att_idx
</UL>
<BR>[Address Reference Count : 1]<UL><LI> f030s_task.o(.constdata)
</UL>
<P><STRONG><a name="[b1]"></a>gattc_write_req_ind_handler</STRONG> (Thumb, 298 bytes, Stack size 0 bytes, f030s_task.o(.text))
<BR><BR>[Calls]<UL><LI><a href="#[19c]">&gt;&gt;</a>&nbsp;&nbsp;&nbsp;prf_dst_task_get
<LI><a href="#[196]">&gt;&gt;</a>&nbsp;&nbsp;&nbsp;prf_env_get
<LI><a href="#[12]">&gt;&gt;</a>&nbsp;&nbsp;&nbsp;uart2_printf
<LI><a href="#[f5]">&gt;&gt;</a>&nbsp;&nbsp;&nbsp;ke_msg_send
<LI><a href="#[f4]">&gt;&gt;</a>&nbsp;&nbsp;&nbsp;ke_msg_alloc
<LI><a href="#[1d9]">&gt;&gt;</a>&nbsp;&nbsp;&nbsp;f035_0xfff5_cb
<LI><a href="#[1d7]">&gt;&gt;</a>&nbsp;&nbsp;&nbsp;f034_0xfff4_cb
<LI><a href="#[1d8]">&gt;&gt;</a>&nbsp;&nbsp;&nbsp;f033_0xfff3_cb
<LI><a href="#[1d5]">&gt;&gt;</a>&nbsp;&nbsp;&nbsp;f032_0xfff2_cb
<LI><a href="#[1d6]">&gt;&gt;</a>&nbsp;&nbsp;&nbsp;f031_0xfff1_cb
<LI><a href="#[1d4]">&gt;&gt;</a>&nbsp;&nbsp;&nbsp;f030s_get_att_idx
</UL>
<BR>[Address Reference Count : 1]<UL><LI> f030s_task.o(.constdata)
</UL>
<P><STRONG><a name="[b2]"></a>gattc_read_req_ind_handler</STRONG> (Thumb, 264 bytes, Stack size 0 bytes, f030s_task.o(.text))
<BR><BR>[Calls]<UL><LI><a href="#[196]">&gt;&gt;</a>&nbsp;&nbsp;&nbsp;prf_env_get
<LI><a href="#[12]">&gt;&gt;</a>&nbsp;&nbsp;&nbsp;uart2_printf
<LI><a href="#[d3]">&gt;&gt;</a>&nbsp;&nbsp;&nbsp;__aeabi_memcpy
<LI><a href="#[f5]">&gt;&gt;</a>&nbsp;&nbsp;&nbsp;ke_msg_send
<LI><a href="#[f4]">&gt;&gt;</a>&nbsp;&nbsp;&nbsp;ke_msg_alloc
<LI><a href="#[1d4]">&gt;&gt;</a>&nbsp;&nbsp;&nbsp;f030s_get_att_idx
</UL>
<BR>[Address Reference Count : 1]<UL><LI> f030s_task.o(.constdata)
</UL>
<P><STRONG><a name="[b3]"></a>gattc_cmp_evt_handler</STRONG> (Thumb, 112 bytes, Stack size 0 bytes, f030s_task.o(.text))
<BR><BR>[Calls]<UL><LI><a href="#[19c]">&gt;&gt;</a>&nbsp;&nbsp;&nbsp;prf_dst_task_get
<LI><a href="#[196]">&gt;&gt;</a>&nbsp;&nbsp;&nbsp;prf_env_get
<LI><a href="#[12]">&gt;&gt;</a>&nbsp;&nbsp;&nbsp;uart2_printf
<LI><a href="#[117]">&gt;&gt;</a>&nbsp;&nbsp;&nbsp;ke_state_get
<LI><a href="#[fd]">&gt;&gt;</a>&nbsp;&nbsp;&nbsp;ke_state_set
<LI><a href="#[f5]">&gt;&gt;</a>&nbsp;&nbsp;&nbsp;ke_msg_send
<LI><a href="#[f4]">&gt;&gt;</a>&nbsp;&nbsp;&nbsp;ke_msg_alloc
</UL>
<BR>[Address Reference Count : 1]<UL><LI> f030s_task.o(.constdata)
</UL>
<P><STRONG><a name="[b5]"></a>f040s_f044_val_ntf_cfg_ind_handler</STRONG> (Thumb, 14 bytes, Stack size 0 bytes, app_f040.o(.text))
<BR><BR>[Calls]<UL><LI><a href="#[12]">&gt;&gt;</a>&nbsp;&nbsp;&nbsp;uart2_printf
</UL>
<BR>[Address Reference Count : 1]<UL><LI> app_f040.o(.constdata)
</UL>
<P><STRONG><a name="[b6]"></a>f040s_f041_val_ind_cfg_ind_handler</STRONG> (Thumb, 14 bytes, Stack size 0 bytes, app_f040.o(.text))
<BR><BR>[Calls]<UL><LI><a href="#[12]">&gt;&gt;</a>&nbsp;&nbsp;&nbsp;uart2_printf
</UL>
<BR>[Address Reference Count : 1]<UL><LI> app_f040.o(.constdata)
</UL>
<P><STRONG><a name="[b7]"></a>f044_val_upd_rsp_handler</STRONG> (Thumb, 16 bytes, Stack size 0 bytes, app_f040.o(.text))
<BR><BR>[Calls]<UL><LI><a href="#[12]">&gt;&gt;</a>&nbsp;&nbsp;&nbsp;uart2_printf
</UL>
<BR>[Address Reference Count : 1]<UL><LI> app_f040.o(.constdata)
</UL>
<P><STRONG><a name="[b8]"></a>f041_val_upd_rsp_handler</STRONG> (Thumb, 18 bytes, Stack size 0 bytes, app_f040.o(.text))
<BR><BR>[Calls]<UL><LI><a href="#[12]">&gt;&gt;</a>&nbsp;&nbsp;&nbsp;uart2_printf
</UL>
<BR>[Address Reference Count : 1]<UL><LI> app_f040.o(.constdata)
</UL>
<P><STRONG><a name="[b4]"></a>app_f040_msg_dflt_handler</STRONG> (Thumb, 16 bytes, Stack size 0 bytes, app_f040.o(.text))
<BR><BR>[Calls]<UL><LI><a href="#[12]">&gt;&gt;</a>&nbsp;&nbsp;&nbsp;uart2_printf
</UL>
<BR>[Address Reference Count : 1]<UL><LI> app_f040.o(.constdata)
</UL>
<P><STRONG><a name="[b9]"></a>f042_writer_cmd_handler</STRONG> (Thumb, 102 bytes, Stack size 0 bytes, app_f040.o(.text))
<BR><BR>[Calls]<UL><LI><a href="#[12]">&gt;&gt;</a>&nbsp;&nbsp;&nbsp;uart2_printf
<LI><a href="#[1dc]">&gt;&gt;</a>&nbsp;&nbsp;&nbsp;app_f041_send_ntf
<LI><a href="#[1db]">&gt;&gt;</a>&nbsp;&nbsp;&nbsp;app_f044_send_ntf
</UL>
<BR>[Address Reference Count : 1]<UL><LI> app_f040.o(.constdata)
</UL>
<P><STRONG><a name="[ba]"></a>f043_writer_req_handler</STRONG> (Thumb, 50 bytes, Stack size 0 bytes, app_f040.o(.text))
<BR><BR>[Calls]<UL><LI><a href="#[12]">&gt;&gt;</a>&nbsp;&nbsp;&nbsp;uart2_printf
</UL>
<BR>[Address Reference Count : 1]<UL><LI> app_f040.o(.constdata)
</UL>
<P><STRONG><a name="[bb]"></a>f040s_init</STRONG> (Thumb, 190 bytes, Stack size 0 bytes, f040s.o(.text))
<BR><BR>[Calls]<UL><LI><a href="#[f2]">&gt;&gt;</a>&nbsp;&nbsp;&nbsp;__aeabi_memclr4
<LI><a href="#[d3]">&gt;&gt;</a>&nbsp;&nbsp;&nbsp;__aeabi_memcpy
<LI><a href="#[190]">&gt;&gt;</a>&nbsp;&nbsp;&nbsp;attm_svc_create_db
<LI><a href="#[193]">&gt;&gt;</a>&nbsp;&nbsp;&nbsp;co_list_init
<LI><a href="#[fd]">&gt;&gt;</a>&nbsp;&nbsp;&nbsp;ke_state_set
<LI><a href="#[195]">&gt;&gt;</a>&nbsp;&nbsp;&nbsp;ke_free
<LI><a href="#[191]">&gt;&gt;</a>&nbsp;&nbsp;&nbsp;ke_malloc
<LI><a href="#[1dd]">&gt;&gt;</a>&nbsp;&nbsp;&nbsp;f040s_task_init
</UL>
<BR>[Address Reference Count : 1]<UL><LI> f040s.o(.constdata)
</UL>
<P><STRONG><a name="[bc]"></a>f040s_destroy</STRONG> (Thumb, 28 bytes, Stack size 0 bytes, f040s.o(.text))
<BR><BR>[Calls]<UL><LI><a href="#[195]">&gt;&gt;</a>&nbsp;&nbsp;&nbsp;ke_free
</UL>
<BR>[Address Reference Count : 1]<UL><LI> f040s.o(.constdata)
</UL>
<P><STRONG><a name="[bd]"></a>f040s_create</STRONG> (Thumb, 14 bytes, Stack size 0 bytes, f040s.o(.text))
<BR>[Address Reference Count : 1]<UL><LI> f040s.o(.constdata)
</UL>
<P><STRONG><a name="[be]"></a>f040s_cleanup</STRONG> (Thumb, 14 bytes, Stack size 0 bytes, f040s.o(.text))
<BR>[Address Reference Count : 1]<UL><LI> f040s.o(.constdata)
</UL>
<P><STRONG><a name="[bf]"></a>f040s_f044_val_upd_req_handler</STRONG> (Thumb, 88 bytes, Stack size 0 bytes, f040s_task.o(.text))
<BR><BR>[Calls]<UL><LI><a href="#[196]">&gt;&gt;</a>&nbsp;&nbsp;&nbsp;prf_env_get
<LI><a href="#[12]">&gt;&gt;</a>&nbsp;&nbsp;&nbsp;uart2_printf
<LI><a href="#[117]">&gt;&gt;</a>&nbsp;&nbsp;&nbsp;ke_state_get
<LI><a href="#[fd]">&gt;&gt;</a>&nbsp;&nbsp;&nbsp;ke_state_set
<LI><a href="#[1de]">&gt;&gt;</a>&nbsp;&nbsp;&nbsp;f040s_notify_f044_val
</UL>
<BR>[Address Reference Count : 1]<UL><LI> f040s_task.o(.constdata)
</UL>
<P><STRONG><a name="[c0]"></a>f040s_f041_val_upd_req_handler</STRONG> (Thumb, 88 bytes, Stack size 0 bytes, f040s_task.o(.text))
<BR><BR>[Calls]<UL><LI><a href="#[196]">&gt;&gt;</a>&nbsp;&nbsp;&nbsp;prf_env_get
<LI><a href="#[12]">&gt;&gt;</a>&nbsp;&nbsp;&nbsp;uart2_printf
<LI><a href="#[117]">&gt;&gt;</a>&nbsp;&nbsp;&nbsp;ke_state_get
<LI><a href="#[fd]">&gt;&gt;</a>&nbsp;&nbsp;&nbsp;ke_state_set
<LI><a href="#[1e0]">&gt;&gt;</a>&nbsp;&nbsp;&nbsp;f040s_indicate_f041_val
</UL>
<BR>[Address Reference Count : 1]<UL><LI> f040s_task.o(.constdata)
</UL>
<P><STRONG><a name="[c1]"></a>gattc_att_info_req_ind_handler</STRONG> (Thumb, 94 bytes, Stack size 0 bytes, f040s_task.o(.text))
<BR><BR>[Calls]<UL><LI><a href="#[12]">&gt;&gt;</a>&nbsp;&nbsp;&nbsp;uart2_printf
<LI><a href="#[f5]">&gt;&gt;</a>&nbsp;&nbsp;&nbsp;ke_msg_send
<LI><a href="#[f4]">&gt;&gt;</a>&nbsp;&nbsp;&nbsp;ke_msg_alloc
<LI><a href="#[1e1]">&gt;&gt;</a>&nbsp;&nbsp;&nbsp;f040s_get_att_idx
</UL>
<BR>[Address Reference Count : 1]<UL><LI> f040s_task.o(.constdata)
</UL>
<P><STRONG><a name="[c2]"></a>gattc_write_req_ind_handler</STRONG> (Thumb, 188 bytes, Stack size 0 bytes, f040s_task.o(.text))
<BR><BR>[Calls]<UL><LI><a href="#[19c]">&gt;&gt;</a>&nbsp;&nbsp;&nbsp;prf_dst_task_get
<LI><a href="#[196]">&gt;&gt;</a>&nbsp;&nbsp;&nbsp;prf_env_get
<LI><a href="#[12]">&gt;&gt;</a>&nbsp;&nbsp;&nbsp;uart2_printf
<LI><a href="#[f5]">&gt;&gt;</a>&nbsp;&nbsp;&nbsp;ke_msg_send
<LI><a href="#[f4]">&gt;&gt;</a>&nbsp;&nbsp;&nbsp;ke_msg_alloc
<LI><a href="#[1e2]">&gt;&gt;</a>&nbsp;&nbsp;&nbsp;f041_0x2a2b_cb
<LI><a href="#[1e1]">&gt;&gt;</a>&nbsp;&nbsp;&nbsp;f040s_get_att_idx
</UL>
<BR>[Address Reference Count : 1]<UL><LI> f040s_task.o(.constdata)
</UL>
<P><STRONG><a name="[c3]"></a>gattc_read_req_ind_handler</STRONG> (Thumb, 172 bytes, Stack size 0 bytes, f040s_task.o(.text))
<BR><BR>[Calls]<UL><LI><a href="#[196]">&gt;&gt;</a>&nbsp;&nbsp;&nbsp;prf_env_get
<LI><a href="#[12]">&gt;&gt;</a>&nbsp;&nbsp;&nbsp;uart2_printf
<LI><a href="#[d3]">&gt;&gt;</a>&nbsp;&nbsp;&nbsp;__aeabi_memcpy
<LI><a href="#[f5]">&gt;&gt;</a>&nbsp;&nbsp;&nbsp;ke_msg_send
<LI><a href="#[f4]">&gt;&gt;</a>&nbsp;&nbsp;&nbsp;ke_msg_alloc
<LI><a href="#[1e1]">&gt;&gt;</a>&nbsp;&nbsp;&nbsp;f040s_get_att_idx
</UL>
<BR>[Address Reference Count : 1]<UL><LI> f040s_task.o(.constdata)
</UL>
<P><STRONG><a name="[c4]"></a>gattc_cmp_evt_handler</STRONG> (Thumb, 112 bytes, Stack size 0 bytes, f040s_task.o(.text))
<BR><BR>[Calls]<UL><LI><a href="#[19c]">&gt;&gt;</a>&nbsp;&nbsp;&nbsp;prf_dst_task_get
<LI><a href="#[196]">&gt;&gt;</a>&nbsp;&nbsp;&nbsp;prf_env_get
<LI><a href="#[12]">&gt;&gt;</a>&nbsp;&nbsp;&nbsp;uart2_printf
<LI><a href="#[117]">&gt;&gt;</a>&nbsp;&nbsp;&nbsp;ke_state_get
<LI><a href="#[fd]">&gt;&gt;</a>&nbsp;&nbsp;&nbsp;ke_state_set
<LI><a href="#[f5]">&gt;&gt;</a>&nbsp;&nbsp;&nbsp;ke_msg_send
<LI><a href="#[f4]">&gt;&gt;</a>&nbsp;&nbsp;&nbsp;ke_msg_alloc
</UL>
<BR>[Address Reference Count : 1]<UL><LI> f040s_task.o(.constdata)
</UL>
<P><STRONG><a name="[21e]"></a>_fp_digits</STRONG> (Thumb, 344 bytes, Stack size 0 bytes, printfa.o(i._fp_digits), UNUSED)
<BR><BR>[Calls]<UL><LI><a href="#[20e]">&gt;&gt;</a>&nbsp;&nbsp;&nbsp;__aeabi_uldivmod
<LI><a href="#[217]">&gt;&gt;</a>&nbsp;&nbsp;&nbsp;__aeabi_dmul
<LI><a href="#[218]">&gt;&gt;</a>&nbsp;&nbsp;&nbsp;__aeabi_ddiv
<LI><a href="#[211]">&gt;&gt;</a>&nbsp;&nbsp;&nbsp;__aeabi_dadd
<LI><a href="#[219]">&gt;&gt;</a>&nbsp;&nbsp;&nbsp;__aeabi_d2ulz
<LI><a href="#[21f]">&gt;&gt;</a>&nbsp;&nbsp;&nbsp;__aeabi_cdrcmple
</UL>
<BR>[Called By]<UL><LI><a href="#[21d]">&gt;&gt;</a>&nbsp;&nbsp;&nbsp;_printf_core
</UL>

<P><STRONG><a name="[21d]"></a>_printf_core</STRONG> (Thumb, 1764 bytes, Stack size 0 bytes, printfa.o(i._printf_core), UNUSED)
<BR><BR>[Calls]<UL><LI><a href="#[145]">&gt;&gt;</a>&nbsp;&nbsp;&nbsp;__aeabi_uidivmod
<LI><a href="#[20e]">&gt;&gt;</a>&nbsp;&nbsp;&nbsp;__aeabi_uldivmod
<LI><a href="#[220]">&gt;&gt;</a>&nbsp;&nbsp;&nbsp;_printf_pre_padding
<LI><a href="#[221]">&gt;&gt;</a>&nbsp;&nbsp;&nbsp;_printf_post_padding
<LI><a href="#[21e]">&gt;&gt;</a>&nbsp;&nbsp;&nbsp;_fp_digits
</UL>
<BR>[Called By]<UL><LI><a href="#[21c]">&gt;&gt;</a>&nbsp;&nbsp;&nbsp;__0vsprintf
</UL>

<P><STRONG><a name="[221]"></a>_printf_post_padding</STRONG> (Thumb, 32 bytes, Stack size 0 bytes, printfa.o(i._printf_post_padding), UNUSED)
<BR><BR>[Called By]<UL><LI><a href="#[21d]">&gt;&gt;</a>&nbsp;&nbsp;&nbsp;_printf_core
</UL>

<P><STRONG><a name="[220]"></a>_printf_pre_padding</STRONG> (Thumb, 44 bytes, Stack size 0 bytes, printfa.o(i._printf_pre_padding), UNUSED)
<BR><BR>[Called By]<UL><LI><a href="#[21d]">&gt;&gt;</a>&nbsp;&nbsp;&nbsp;_printf_core
</UL>

<P><STRONG><a name="[23]"></a>_sputc</STRONG> (Thumb, 10 bytes, Stack size 0 bytes, printfa.o(i._sputc))
<BR><BR>[Called By]<UL><LI><a href="#[21c]">&gt;&gt;</a>&nbsp;&nbsp;&nbsp;__0vsprintf
</UL>
<BR>[Address Reference Count : 1]<UL><LI> printfa.o(i.__0vsprintf)
</UL><P>
<H3>
Undefined Global Symbols
</H3><HR></body></html>
